Archive member included to satisfy reference by file (symbol)

c:/program files (x86)/atmel/studio/7.0/toolchain/avr8/avr8-gnu-toolchain/bin/../lib/gcc/avr/4.9.2/../../../../avr/lib/avr51\libm.a(addsf3.o)
                              Display.o (__subsf3)
c:/program files (x86)/atmel/studio/7.0/toolchain/avr8/avr8-gnu-toolchain/bin/../lib/gcc/avr/4.9.2/../../../../avr/lib/avr51\libm.a(addsf3x.o)
                              c:/program files (x86)/atmel/studio/7.0/toolchain/avr8/avr8-gnu-toolchain/bin/../lib/gcc/avr/4.9.2/../../../../avr/lib/avr51\libm.a(addsf3.o) (__addsf3x)
c:/program files (x86)/atmel/studio/7.0/toolchain/avr8/avr8-gnu-toolchain/bin/../lib/gcc/avr/4.9.2/../../../../avr/lib/avr51\libm.a(atan2.o)
                              Kompass.o (atan2)
c:/program files (x86)/atmel/studio/7.0/toolchain/avr8/avr8-gnu-toolchain/bin/../lib/gcc/avr/4.9.2/../../../../avr/lib/avr51\libm.a(atan.o)
                              c:/program files (x86)/atmel/studio/7.0/toolchain/avr8/avr8-gnu-toolchain/bin/../lib/gcc/avr/4.9.2/../../../../avr/lib/avr51\libm.a(atan2.o) (atan)
c:/program files (x86)/atmel/studio/7.0/toolchain/avr8/avr8-gnu-toolchain/bin/../lib/gcc/avr/4.9.2/../../../../avr/lib/avr51\libm.a(cmpsf2.o)
                              Kompass.o (__ltsf2)
c:/program files (x86)/atmel/studio/7.0/toolchain/avr8/avr8-gnu-toolchain/bin/../lib/gcc/avr/4.9.2/../../../../avr/lib/avr51\libm.a(cos.o)
                              Display.o (cos)
c:/program files (x86)/atmel/studio/7.0/toolchain/avr8/avr8-gnu-toolchain/bin/../lib/gcc/avr/4.9.2/../../../../avr/lib/avr51\libm.a(divsf3.o)
                              Display.o (__divsf3)
c:/program files (x86)/atmel/studio/7.0/toolchain/avr8/avr8-gnu-toolchain/bin/../lib/gcc/avr/4.9.2/../../../../avr/lib/avr51\libm.a(divsf3x.o)
                              c:/program files (x86)/atmel/studio/7.0/toolchain/avr8/avr8-gnu-toolchain/bin/../lib/gcc/avr/4.9.2/../../../../avr/lib/avr51\libm.a(divsf3.o) (__divsf3x)
c:/program files (x86)/atmel/studio/7.0/toolchain/avr8/avr8-gnu-toolchain/bin/../lib/gcc/avr/4.9.2/../../../../avr/lib/avr51\libm.a(fixsfsi.o)
                              Kompass.o (__fixsfsi)
c:/program files (x86)/atmel/studio/7.0/toolchain/avr8/avr8-gnu-toolchain/bin/../lib/gcc/avr/4.9.2/../../../../avr/lib/avr51\libm.a(fixunssfsi.o)
                              Display.o (__fixunssfsi)
c:/program files (x86)/atmel/studio/7.0/toolchain/avr8/avr8-gnu-toolchain/bin/../lib/gcc/avr/4.9.2/../../../../avr/lib/avr51\libm.a(floatsisf.o)
                              LSM303D.o (__floatunsisf)
c:/program files (x86)/atmel/studio/7.0/toolchain/avr8/avr8-gnu-toolchain/bin/../lib/gcc/avr/4.9.2/../../../../avr/lib/avr51\libm.a(fp_cmp.o)
                              c:/program files (x86)/atmel/studio/7.0/toolchain/avr8/avr8-gnu-toolchain/bin/../lib/gcc/avr/4.9.2/../../../../avr/lib/avr51\libm.a(cmpsf2.o) (__fp_cmp)
c:/program files (x86)/atmel/studio/7.0/toolchain/avr8/avr8-gnu-toolchain/bin/../lib/gcc/avr/4.9.2/../../../../avr/lib/avr51\libm.a(fp_inf.o)
                              c:/program files (x86)/atmel/studio/7.0/toolchain/avr8/avr8-gnu-toolchain/bin/../lib/gcc/avr/4.9.2/../../../../avr/lib/avr51\libm.a(addsf3x.o) (__fp_inf)
c:/program files (x86)/atmel/studio/7.0/toolchain/avr8/avr8-gnu-toolchain/bin/../lib/gcc/avr/4.9.2/../../../../avr/lib/avr51\libm.a(fp_nan.o)
                              c:/program files (x86)/atmel/studio/7.0/toolchain/avr8/avr8-gnu-toolchain/bin/../lib/gcc/avr/4.9.2/../../../../avr/lib/avr51\libm.a(addsf3x.o) (__fp_nan)
c:/program files (x86)/atmel/studio/7.0/toolchain/avr8/avr8-gnu-toolchain/bin/../lib/gcc/avr/4.9.2/../../../../avr/lib/avr51\libm.a(fp_powser.o)
                              c:/program files (x86)/atmel/studio/7.0/toolchain/avr8/avr8-gnu-toolchain/bin/../lib/gcc/avr/4.9.2/../../../../avr/lib/avr51\libm.a(atan.o) (__fp_powser)
c:/program files (x86)/atmel/studio/7.0/toolchain/avr8/avr8-gnu-toolchain/bin/../lib/gcc/avr/4.9.2/../../../../avr/lib/avr51\libm.a(fp_pscA.o)
                              c:/program files (x86)/atmel/studio/7.0/toolchain/avr8/avr8-gnu-toolchain/bin/../lib/gcc/avr/4.9.2/../../../../avr/lib/avr51\libm.a(addsf3x.o) (__fp_pscA)
c:/program files (x86)/atmel/studio/7.0/toolchain/avr8/avr8-gnu-toolchain/bin/../lib/gcc/avr/4.9.2/../../../../avr/lib/avr51\libm.a(fp_pscB.o)
                              c:/program files (x86)/atmel/studio/7.0/toolchain/avr8/avr8-gnu-toolchain/bin/../lib/gcc/avr/4.9.2/../../../../avr/lib/avr51\libm.a(addsf3x.o) (__fp_pscB)
c:/program files (x86)/atmel/studio/7.0/toolchain/avr8/avr8-gnu-toolchain/bin/../lib/gcc/avr/4.9.2/../../../../avr/lib/avr51\libm.a(fp_rempio2.o)
                              c:/program files (x86)/atmel/studio/7.0/toolchain/avr8/avr8-gnu-toolchain/bin/../lib/gcc/avr/4.9.2/../../../../avr/lib/avr51\libm.a(cos.o) (__fp_rempio2)
[...]
Memory Configuration

Name             Origin             Length             Attributes
text             0x00000000         0x00020000         xr
data             0x00800100         0x0000ff00         rw !x
eeprom           0x00810000         0x00010000         rw !x
fuse             0x00820000         0x00000400         rw !x
lock             0x00830000         0x00000400         rw !x
signature        0x00840000         0x00000400         rw !x
user_signatures  0x00850000         0x00000400         rw !x
*default*        0x00000000         0xffffffff

Linker script and memory map

Address of section .data set to 0x800100
LOAD C:/Program Files (x86)/Atmel/Studio/7.0/Packs/atmel/ATmega_DFP/1.0.90/gcc/dev/atmega1284p/avr51/crtatmega1284p.o
LOAD diskio.o
LOAD Display.o
LOAD ff.o
LOAD I2C.o
LOAD Interface.o
LOAD Kompass.o
LOAD LSM303D.o
LOAD main.o
LOAD Output.o
LOAD RTC.o
LOAD SOUND.o
START GROUP
LOAD c:/program files (x86)/atmel/studio/7.0/toolchain/avr8/avr8-gnu-toolchain/bin/../lib/gcc/avr/4.9.2/../../../../avr/lib/avr51\libm.a
LOAD c:/program files (x86)/atmel/studio/7.0/toolchain/avr8/avr8-gnu-toolchain/bin/../lib/gcc/avr/4.9.2/../../../../avr/lib/avr51\libprintf_flt.a
END GROUP
LOAD c:/program files (x86)/atmel/studio/7.0/toolchain/avr8/avr8-gnu-toolchain/bin/../lib/gcc/avr/4.9.2/avr51\libgcc.a
LOAD c:/program files (x86)/atmel/studio/7.0/toolchain/avr8/avr8-gnu-toolchain/bin/../lib/gcc/avr/4.9.2/../../../../avr/lib/avr51\libm.a
START GROUP
LOAD c:/program files (x86)/atmel/studio/7.0/toolchain/avr8/avr8-gnu-toolchain/bin/../lib/gcc/avr/4.9.2/avr51\libgcc.a
LOAD c:/program files (x86)/atmel/studio/7.0/toolchain/avr8/avr8-gnu-toolchain/bin/../lib/gcc/avr/4.9.2/../../../../avr/lib/avr51\libm.a
LOAD c:/program files (x86)/atmel/studio/7.0/toolchain/avr8/avr8-gnu-toolchain/bin/../lib/gcc/avr/4.9.2/../../../../avr/lib/avr51\libc.a
LOAD C:/Program Files (x86)/Atmel/Studio/7.0/Packs/atmel/ATmega_DFP/1.0.90/gcc/dev/atmega1284p/avr51\libatmega1284p.a
END GROUP

.hash
 *(.hash)

.dynsym
 *(.dynsym)

.dynstr
 *(.dynstr)

.gnu.version
 *(.gnu.version)

.gnu.version_d
 *(.gnu.version_d)

.gnu.version_r
 *(.gnu.version_r)

.rel.init
 *(.rel.init)

.rela.init
 *(.rela.init)

.rel.text
 *(.rel.text)
 *(.rel.text.*)
 *(.rel.gnu.linkonce.t*)

.rela.text
 *(.rela.text)
 *(.rela.text.*)
 *(.rela.gnu.linkonce.t*)

.rel.fini
 *(.rel.fini)

.rela.fini
 *(.rela.fini)

.rel.rodata
 *(.rel.rodata)
 *(.rel.rodata.*)
 *(.rel.gnu.linkonce.r*)

.rela.rodata
 *(.rela.rodata)
 *(.rela.rodata.*)
 *(.rela.gnu.linkonce.r*)

.rel.data
 *(.rel.data)
 *(.rel.data.*)
 *(.rel.gnu.linkonce.d*)

.rela.data
 *(.rela.data)
 *(.rela.data.*)
 *(.rela.gnu.linkonce.d*)

.rel.ctors
 *(.rel.ctors)

.rela.ctors
 *(.rela.ctors)

.rel.dtors
 *(.rel.dtors)

.rela.dtors
 *(.rela.dtors)

.rel.got
 *(.rel.got)

.rela.got
 *(.rela.got)

.rel.bss
 *(.rel.bss)

.rela.bss
 *(.rela.bss)

.rel.plt
 *(.rel.plt)

.rela.plt
 *(.rela.plt)

.text           0x00000000     0x8a40
 *(.vectors)
 .vectors       0x00000000       0x8c C:/Program Files (x86)/Atmel/Studio/7.0/Packs/atmel/ATmega_DFP/1.0.90/gcc/dev/atmega1284p/avr51/crtatmega1284p.o
                0x00000000                __vector_default
                0x00000000                __vectors
 *(.vectors)
 *(.progmem.gcc*)
 .progmem.gcc_sw_table.disk_ioctl
                0x0000008c       0x6e diskio.o
 .progmem.gcc_sw_table.f_printf
                0x000000fa       0x2e ff.o
 .progmem.gcc_sw_table._ZN9Interface7unifiedEv
                0x00000128       0x2e Interface.o
 .progmem.gcc_sw_table._Z19maininterupthandlerP7monitorh
                0x00000156       0x8c main.o
 .progmem.gcc_sw_table._Z13uhreinstellenv
                0x000001e2       0x14 main.o
 .progmem.gcc_fplib
                0x000001f6       0x1e c:/program files (x86)/atmel/studio/7.0/toolchain/avr8/avr8-gnu-toolchain/bin/../lib/gcc/avr/4.9.2/../../../../avr/lib/avr51\libm.a(fp_sinus.o)
 .progmem.gcc_fplib
                0x00000214       0x28 c:/program files (x86)/atmel/studio/7.0/toolchain/avr8/avr8-gnu-toolchain/bin/../lib/gcc/avr/4.9.2/../../../../avr/lib/avr51\libm.a(exp.o)
 .progmem.gcc_fplib
                0x0000023c       0x5a c:/program files (x86)/atmel/studio/7.0/toolchain/avr8/avr8-gnu-toolchain/bin/../lib/gcc/avr/4.9.2/../../../../avr/lib/avr51\libm.a(log.o)
                0x00000296                . = ALIGN (0x2)
                0x00000296                __trampolines_start = .
 *(.trampolines)
 .trampolines   0x00000296        0x0 linker stubs
 *(.trampolines*)
                0x00000296                __trampolines_end = .
 *(.progmem*)
 .progmem.data._ZL11digits16x16
                0x00000296      0x140 Display.o
 .progmem.data._ZL7font5x8
                0x000003d6      0x1d6 Display.o
 .progmem.data  0x000005ac        0x8 c:/program files (x86)/atmel/studio/7.0/toolchain/avr8/avr8-gnu-toolchain/bin/../lib/gcc/avr/4.9.2/../../../../avr/lib/avr51\libprintf_flt.a(vfprintf_flt.o)
 .progmem.data  0x000005b4       0xfa c:/program files (x86)/atmel/studio/7.0/toolchain/avr8/avr8-gnu-toolchain/bin/../lib/gcc/avr/4.9.2/../../../../avr/lib/avr51\libc.a(ftoa_engine.o)
                0x000006ae                . = ALIGN (0x2)
 *(.jumptables)
 *(.jumptables*)
 *(.lowtext)
 *(.lowtext*)
                0x000006ae                __ctors_start = .
 *(.ctors)
 .ctors         0x000006ae        0x2 main.o
                0x000006b0                __ctors_end = .
                0x000006b0                __dtors_start = .
 *(.dtors)
 .dtors         0x000006b0        0x2 main.o
                0x000006b2                __dtors_end = .
 SORT(*)(.ctors)
 SORT(*)(.dtors)
 *(.init0)
 .init0         0x000006b2        0x0 C:/Program Files (x86)/Atmel/Studio/7.0/Packs/atmel/ATmega_DFP/1.0.90/gcc/dev/atmega1284p/avr51/crtatmega1284p.o
                0x000006b2                __init
 *(.init0)
 *(.init1)
 *(.init1)
 *(.init2)
 .init2         0x000006b2        0xc C:/Program Files (x86)/Atmel/Studio/7.0/Packs/atmel/ATmega_DFP/1.0.90/gcc/dev/atmega1284p/avr51/crtatmega1284p.o
 *(.init2)
 *(.init3)
 *(.init3)
 *(.init4)
 .init4         0x000006be       0x1a c:/program files (x86)/atmel/studio/7.0/toolchain/avr8/avr8-gnu-toolchain/bin/../lib/gcc/avr/4.9.2/avr51\libgcc.a(_copy_data.o)
                0x000006be                __do_copy_data
 .init4         0x000006d8       0x10 c:/program files (x86)/atmel/studio/7.0/toolchain/avr8/avr8-gnu-toolchain/bin/../lib/gcc/avr/4.9.2/avr51\libgcc.a(_clear_bss.o)
                0x000006d8                __do_clear_bss
 *(.init4)
 *(.init5)
 *(.init5)
 *(.init6)
 .init6         0x000006e8       0x16 c:/program files (x86)/atmel/studio/7.0/toolchain/avr8/avr8-gnu-toolchain/bin/../lib/gcc/avr/4.9.2/avr51\libgcc.a(_ctors.o)
                0x000006e8                __do_global_ctors
 *(.init6)
 *(.init7)
 *(.init7)
 *(.init8)
 *(.init8)
 *(.init9)
 .init9         0x000006fe        0x8 C:/Program Files (x86)/Atmel/Studio/7.0/Packs/atmel/ATmega_DFP/1.0.90/gcc/dev/atmega1284p/avr51/crtatmega1284p.o
 *(.init9)
 *(.text)
 .text          0x00000706        0x2 C:/Program Files (x86)/Atmel/Studio/7.0/Packs/atmel/ATmega_DFP/1.0.90/gcc/dev/atmega1284p/avr51/crtatmega1284p.o
                0x00000706                __vector_22
                0x00000706                __vector_28
                0x00000706                __vector_1
                0x00000706                __vector_32
                0x00000706                __vector_34
                0x00000706                __vector_24
                0x00000706                __vector_12
                0x00000706                __bad_interrupt
                0x00000706                __vector_6
                0x00000706                __vector_31
                0x00000706                __vector_3
                0x00000706                __vector_23
                0x00000706                __vector_30
                0x00000706                __vector_25
                0x00000706                __vector_17
                0x00000706                __vector_19
                0x00000706                __vector_7
                0x00000706                __vector_27
                0x00000706                __vector_5
                0x00000706                __vector_33
                0x00000706                __vector_4
                0x00000706                __vector_9
                0x00000706                __vector_2
                0x00000706                __vector_21
                0x00000706                __vector_15
                0x00000706                __vector_29
                0x00000706                __vector_8
                0x00000706                __vector_26
                0x00000706                __vector_14
                0x00000706                __vector_10
                0x00000706                __vector_18
                0x00000708                . = ALIGN (0x2)
 *(.text.*)
 .text.power_off
                0x00000708        0xc diskio.o
 .text.xchg_spi
                0x00000714        0xc diskio.o
 .text.deselect
                0x00000720        0x8 diskio.o
 .text.select   0x00000728       0x2a diskio.o
 .text.rcvr_datablock
                0x00000752       0x72 diskio.o
 .text.send_cmd
                0x000007c4       0xac diskio.o
 .text.xmit_datablock
                0x00000870       0x7c diskio.o
 .text.disk_initialize
                0x000008ec      0x182 diskio.o
                0x000008ec                disk_initialize
 .text.disk_status
                0x00000a6e        0xe diskio.o
                0x00000a6e                disk_status
 .text.disk_read
                0x00000a7c       0xa4 diskio.o
                0x00000a7c                disk_read
 .text.disk_write
                0x00000b20       0xdc diskio.o
                0x00000b20                disk_write
 .text.disk_ioctl
                0x00000bfc      0x338 diskio.o
                0x00000bfc                disk_ioctl
 .text.disk_timerproc
                0x00000f34       0x26 diskio.o
                0x00000f34                disk_timerproc
 .text._ZN7DisplayD2Ev
                0x00000f5a        0x8 Display.o
                0x00000f5a                _ZN7DisplayD2Ev
                0x00000f5a                _ZN7DisplayD1Ev
 .text._ZN7Display10clearFrameEv
                0x00000f62        0xe Display.o
                0x00000f62                _ZN7Display10clearFrameEv
 .text._ZN7Display15ssd1306_commandEh
                0x00000f70       0x38 Display.o
                0x00000f70                _ZN7Display15ssd1306_commandEh
 .text._ZN7Display17InitializeDisplayEv
                0x00000fa8       0xa0 Display.o
                0x00000fa8                _ZN7Display17InitializeDisplayEv
 .text._ZN7DisplayC2Ev
                0x00001048       0x1a Display.o
                0x00001048                _ZN7DisplayC2Ev
                0x00001048                _ZN7DisplayC1Ev
 .text._ZN7Display9sendFrameEv
                0x00001062       0x6e Display.o
                0x00001062                _ZN7Display9sendFrameEv
 .text._ZN7Display9drawPixelEhhh
                0x000010d0       0x70 Display.o
                0x000010d0                _ZN7Display9drawPixelEhhh
 .text._ZN7Display9drawVLineEhhh
                0x00001140       0x34 Display.o
                0x00001140                _ZN7Display9drawVLineEhhh
 .text._ZN7Display9drawHLineEhhh
                0x00001174       0x34 Display.o
                0x00001174                _ZN7Display9drawHLineEhhh
 .text._ZN7Display9draw_ASCIEhhh
                0x000011a8       0x94 Display.o
                0x000011a8                _ZN7Display9draw_ASCIEhhh
 .text._ZN7Display16draw_number16x16Ehhh
                0x0000123c       0xf4 Display.o
                0x0000123c                _ZN7Display16draw_number16x16Ehhh
 .text._ZN7Display6analogEhhhh
                0x00001330      0x4f2 Display.o
                0x00001330                _ZN7Display6analogEhhhh
 .text.mem_cpy  0x00001822       0x1c ff.o
 .text.ld_clust
                0x0000183e       0x44 ff.o
 .text.get_ldnumber
                0x00001882       0x6e ff.o
 .text.sync_window
                0x000018f0       0xd2 ff.o
 .text.move_window
                0x000019c2       0x78 ff.o
 .text.check_fs
                0x00001a3a       0xd0 ff.o
 .text.validate
                0x00001b0a       0x4a ff.o
 .text.find_volume
                0x00001b54      0x784 ff.o
 .text.clust2sect
                0x000022d8       0x5c ff.o
                0x000022d8                clust2sect
 .text.get_fat  0x00002334      0x1fe ff.o
                0x00002334                get_fat
 .text.dir_sdi  0x00002532      0x176 ff.o
 .text.put_fat  0x000026a8      0x24e ff.o
                0x000026a8                put_fat
 .text.create_chain
                0x000028f6      0x21e ff.o
 .text.dir_next
                0x00002b14      0x276 ff.o
 .text.f_mount  0x00002d8a       0xa6 ff.o
                0x00002d8a                f_mount
 .text.f_open   0x00002e30      0x694 ff.o
                0x00002e30                f_open
 .text.f_write  0x000034c4      0x3f4 ff.o
                0x000034c4                f_write
 .text.putc_bfd
                0x000038b8       0x88 ff.o
 .text.f_sync   0x00003940      0x19a ff.o
                0x00003940                f_sync
 .text.f_close  0x00003ada       0x20 ff.o
                0x00003ada                f_close
 .text.f_printf
                0x00003afa      0x494 ff.o
                0x00003afa                f_printf
 .text._ZN3I2CC2Ev
                0x00003f8e        0x8 I2C.o
                0x00003f8e                _ZN3I2CC2Ev
                0x00003f8e                _ZN3I2CC1Ev
 .text._ZN3I2CD2Ev
                0x00003f96        0x2 I2C.o
                0x00003f96                _ZN3I2CD1Ev
                0x00003f96                _ZN3I2CD2Ev
 .text._ZN3I2C9twi_startEv
                0x00003f98        0x8 I2C.o
                0x00003f98                _ZN3I2C9twi_startEv
 .text._ZN3I2C8twi_stopEv
                0x00003fa0        0x8 I2C.o
                0x00003fa0                _ZN3I2C8twi_stopEv
 .text._ZN3I2C9twi_writeEh
                0x00003fa8       0x20 I2C.o
                0x00003fa8                _ZN3I2C9twi_writeEh
 .text._ZN9InterfaceC2Ev
                0x00003fc8       0x26 Interface.o
                0x00003fc8                _ZN9InterfaceC1Ev
                0x00003fc8                _ZN9InterfaceC2Ev
 .text._ZN9InterfaceD2Ev
                0x00003fee        0x2 Interface.o
                0x00003fee                _ZN9InterfaceD1Ev
                0x00003fee                _ZN9InterfaceD2Ev
 .text._ZN9Interface7paradebEPVhhPh
                0x00003ff0       0x4c Interface.o
                0x00003ff0                _ZN9Interface7paradebEPVhhPh
 .text._ZN9Interface6TasterEv
                0x0000403c      0x15a Interface.o
                0x0000403c                _ZN9Interface6TasterEv
 .text._ZN9Interface7unifiedEv
                0x00004196       0x48 Interface.o
                0x00004196                _ZN9Interface7unifiedEv
 .text._ZN9Interface17ZahlenausTastaturEv
                0x000041de       0x16 Interface.o
                0x000041de                _ZN9Interface17ZahlenausTastaturEv
 .text._ZN7LSM303DD2Ev
                0x000041f4        0x6 LSM303D.o
                0x000041f4                _ZN7LSM303DD1Ev
                0x000041f4                _ZN7LSM303DD2Ev
 .text._ZN7LSM303D14LSM303_commandEhh
                0x000041fa       0x34 LSM303D.o
                0x000041fa                _ZN7LSM303D14LSM303_commandEhh
 .text._ZN7LSM303D13ACCBypassmodeEv
                0x0000422e        0x8 LSM303D.o
                0x0000422e                _ZN7LSM303D13ACCBypassmodeEv
 .text._ZN7LSM303D9acce_initEv
                0x00004236       0x26 LSM303D.o
                0x00004236                _ZN7LSM303D9acce_initEv
 .text._ZN7LSM303DC2Ev
                0x0000425c       0x7c LSM303D.o
                0x0000425c                _ZN7LSM303DC2Ev
                0x0000425c                _ZN7LSM303DC1Ev
 .text._ZN7monitor11tastendruckEPh
                0x000042d8        0x4 main.o
                0x000042d8                _ZN7monitor11tastendruckEPh
 .text._ZN3uhr11tastendruckEPh
                0x000042dc       0x1c main.o
                0x000042dc                _ZN3uhr11tastendruckEPh
 .text._ZN13einstellungen11tastendruckEPh
                0x000042f8        0x4 main.o
                0x000042f8                _ZN13einstellungen11tastendruckEPh
 .text._ZN5menue11tastendruckEPh
                0x000042fc        0x4 main.o
                0x000042fc                _ZN5menue11tastendruckEPh
 .text._ZN9offscreen4drawEv
                0x00004300       0x1c main.o
                0x00004300                _ZN9offscreen4drawEv
 .text._ZN9wilkommen4drawEv
                0x0000431c       0xfa main.o
                0x0000431c                _ZN9wilkommen4drawEv
 .text._Z8ADC_Readh
                0x00004416       0x28 main.o
                0x00004416                _Z8ADC_Readh
 .text._Z14Batteriestatusv
                0x0000443e       0xe0 main.o
                0x0000443e                _Z14Batteriestatusv
 .text._ZN5menue4drawEv
                0x0000451e      0x218 main.o
                0x0000451e                _ZN5menue4drawEv
 .text._ZN5tacho4drawEv
                0x00004736      0x424 main.o
                0x00004736                _ZN5tacho4drawEv
 .text._ZN3uhr4drawEv
                0x00004b5a      0x14c main.o
                0x00004b5a                _ZN3uhr4drawEv
 .text._ZN7wandern4drawEv
                0x00004ca6      0x294 main.o
                0x00004ca6                _ZN7wandern4drawEv
 .text._Z12EEPROM_Writejh
                0x00004f3a       0x14 main.o
                0x00004f3a                _Z12EEPROM_Writejh
 .text._ZN7wandern11tastendruckEPh
                0x00004f4e       0x98 main.o
                0x00004f4e                _ZN7wandern11tastendruckEPh
 .text._Z11EEPROM_Readj
                0x00004fe6       0x12 main.o
                0x00004fe6                _Z11EEPROM_Readj
 .text.__vector_16
                0x00004ff8       0x50 main.o
                0x00004ff8                __vector_16
 .text.__vector_11
                0x00005048       0x38 main.o
                0x00005048                __vector_11
 .text.__vector_13
                0x00005080       0x22 main.o
                0x00005080                __vector_13
 .text.__vector_20
                0x000050a2       0xcc main.o
                0x000050a2                __vector_20
 .text._Z6nullenv
                0x0000516e       0x42 main.o
                0x0000516e                _Z6nullenv
 .text._ZN5tacho11tastendruckEPh
                0x000051b0        0xe main.o
                0x000051b0                _ZN5tacho11tastendruckEPh
 .text._Z13reed_debouncePVhh
                0x000051be       0x4a main.o
                0x000051be                _Z13reed_debouncePVhh
 .text._Z15geschwindigkeitf
                0x00005208       0xd2 main.o
                0x00005208                _Z15geschwindigkeitf
 .text.get_fattime
                0x000052da       0xce main.o
                0x000052da                get_fattime
 .text._Z15initialisierungv
                0x000053a8      0x29c main.o
                0x000053a8                _Z15initialisierungv
 .text._Z19maininterupthandlerP7monitorh
                0x00005644      0x4ea main.o
                0x00005644                _Z19maininterupthandlerP7monitorh
 .text._Z10gpshandlerv
                0x00005b2e      0x760 main.o
                0x00005b2e                _Z10gpshandlerv
 .text.main     0x0000628e      0x2e4 main.o
                0x0000628e                main
 .text._Z13uhreinstellenv
                0x00006572      0x734 main.o
                0x00006572                _Z13uhreinstellenv
 .text._ZN13einstellungen4drawEv
                0x00006ca6      0x39c main.o
                0x00006ca6                _ZN13einstellungen4drawEv
 .text._GLOBAL__sub_I__Znwj
                0x00007042       0x3e main.o
 .text._GLOBAL__sub_D__Znwj
                0x00007080       0x32 main.o
 .text._ZN6OutputC2Ehh
                0x000070b2       0x74 Output.o
                0x000070b2                _ZN6OutputC2Ehh
                0x000070b2                _ZN6OutputC1Ehh
 .text._ZN6OutputD2Ev
                0x00007126        0x2 Output.o
                0x00007126                _ZN6OutputD1Ev
                0x00007126                _ZN6OutputD2Ev
 .text._ZN6Output2onEv
                0x00007128       0x7a Output.o
                0x00007128                _ZN6Output2onEv
 .text._ZN6Output4isonEv
                0x000071a2       0x76 Output.o
                0x000071a2                _ZN6Output4isonEv
 .text._ZN6Output3offEv
                0x00007218       0x82 Output.o
                0x00007218                _ZN6Output3offEv
 .text._ZN3RTCD2Ev
                0x0000729a        0x2 RTC.o
                0x0000729a                _ZN3RTCD2Ev
                0x0000729a                _ZN3RTCD1Ev
 .text._ZN3RTC6WeckerEv
                0x0000729c       0x22 RTC.o
                0x0000729c                _ZN3RTC6WeckerEv
 .text._ZN3RTC14ausgabezeitneuEv
                0x000072be       0x72 RTC.o
                0x000072be                _ZN3RTC14ausgabezeitneuEv
 .text._ZN3RTC15ausgabedatumneuEv
                0x00007330       0x72 RTC.o
                0x00007330                _ZN3RTC15ausgabedatumneuEv
 .text._ZN3RTCC2Ev
                0x000073a2       0x52 RTC.o
                0x000073a2                _ZN3RTCC2Ev
                0x000073a2                _ZN3RTCC1Ev
 .text._ZN3RTC8kalenderEv
                0x000073f4       0x88 RTC.o
                0x000073f4                _ZN3RTC8kalenderEv
 .text._ZN3RTC4zeitEv
                0x0000747c       0x76 RTC.o
                0x0000747c                _ZN3RTC4zeitEv
 .text._ZN3RTC8RTCstartEv
                0x000074f2       0x34 RTC.o
                0x000074f2                _ZN3RTC8RTCstartEv
 .text._ZN3RTC7RTCstopEv
                0x00007526        0xc RTC.o
                0x00007526                _ZN3RTC7RTCstopEv
 .text.avr-libc.fplib
                0x00007532        0xa c:/program files (x86)/atmel/studio/7.0/toolchain/avr8/avr8-gnu-toolchain/bin/../lib/gcc/avr/4.9.2/../../../../avr/lib/avr51\libm.a(addsf3.o)
                0x00007532                __subsf3
                0x00007534                __addsf3
 .text.avr-libc.fplib
                0x0000753c       0xc0 c:/program files (x86)/atmel/studio/7.0/toolchain/avr8/avr8-gnu-toolchain/bin/../lib/gcc/avr/4.9.2/../../../../avr/lib/avr51\libm.a(addsf3x.o)
                0x00007556                __addsf3x
 .text.avr-libc.fplib
                0x000075fc        0x6 c:/program files (x86)/atmel/studio/7.0/toolchain/avr8/avr8-gnu-toolchain/bin/../lib/gcc/avr/4.9.2/../../../../avr/lib/avr51\libm.a(cos.o)
                0x000075fc                cos
 .text.avr-libc.fplib
                0x00007602        0x4 c:/program files (x86)/atmel/studio/7.0/toolchain/avr8/avr8-gnu-toolchain/bin/../lib/gcc/avr/4.9.2/../../../../avr/lib/avr51\libm.a(divsf3.o)
                0x00007602                __divsf3
 .text.avr-libc.fplib
                0x00007606       0xcc c:/program files (x86)/atmel/studio/7.0/toolchain/avr8/avr8-gnu-toolchain/bin/../lib/gcc/avr/4.9.2/../../../../avr/lib/avr51\libm.a(divsf3x.o)
                0x0000761c                __divsf3x
                0x00007620                __divsf3_pse
 .text.avr-libc.fplib
                0x000076d2        0xa c:/program files (x86)/atmel/studio/7.0/toolchain/avr8/avr8-gnu-toolchain/bin/../lib/gcc/avr/4.9.2/../../../../avr/lib/avr51\libm.a(fixsfsi.o)
                0x000076d2                __fixsfsi
 .text.avr-libc.fplib
                0x000076dc       0x58 c:/program files (x86)/atmel/studio/7.0/toolchain/avr8/avr8-gnu-toolchain/bin/../lib/gcc/avr/4.9.2/../../../../avr/lib/avr51\libm.a(fixunssfsi.o)
                0x000076dc                __fixunssfsi
 .text.avr-libc.fplib
                0x00007734       0x7a c:/program files (x86)/atmel/studio/7.0/toolchain/avr8/avr8-gnu-toolchain/bin/../lib/gcc/avr/4.9.2/../../../../avr/lib/avr51\libm.a(floatsisf.o)
                0x00007734                __floatunsisf
                0x00007738                __floatsisf
 .text.avr-libc.fplib
                0x000077ae       0x48 c:/program files (x86)/atmel/studio/7.0/toolchain/avr8/avr8-gnu-toolchain/bin/../lib/gcc/avr/4.9.2/../../../../avr/lib/avr51\libm.a(fp_cmp.o)
                0x000077ae                __fp_cmp
 .text.avr-libc.fplib
                0x000077f6        0xc c:/program files (x86)/atmel/studio/7.0/toolchain/avr8/avr8-gnu-toolchain/bin/../lib/gcc/avr/4.9.2/../../../../avr/lib/avr51\libm.a(fp_inf.o)
                0x000077f6                __fp_inf
 .text.avr-libc.fplib
                0x00007802        0x6 c:/program files (x86)/atmel/studio/7.0/toolchain/avr8/avr8-gnu-toolchain/bin/../lib/gcc/avr/4.9.2/../../../../avr/lib/avr51\libm.a(fp_nan.o)
                0x00007802                __fp_nan
 .text.avr-libc.fplib
                0x00007808       0x4a c:/program files (x86)/atmel/studio/7.0/toolchain/avr8/avr8-gnu-toolchain/bin/../lib/gcc/avr/4.9.2/../../../../avr/lib/avr51\libm.a(fp_powser.o)
                0x00007808                __fp_powser
 .text.avr-libc.fplib
                0x00007852        0xe c:/program files (x86)/atmel/studio/7.0/toolchain/avr8/avr8-gnu-toolchain/bin/../lib/gcc/avr/4.9.2/../../../../avr/lib/avr51\libm.a(fp_pscA.o)
                0x00007852                __fp_pscA
 .text.avr-libc.fplib
                0x00007860        0xe c:/program files (x86)/atmel/studio/7.0/toolchain/avr8/avr8-gnu-toolchain/bin/../lib/gcc/avr/4.9.2/../../../../avr/lib/avr51\libm.a(fp_pscB.o)
                0x00007860                __fp_pscB
 .text.avr-libc.fplib
                0x0000786e       0x50 c:/program files (x86)/atmel/studio/7.0/toolchain/avr8/avr8-gnu-toolchain/bin/../lib/gcc/avr/4.9.2/../../../../avr/lib/avr51\libm.a(fp_rempio2.o)
                0x00007870                __fp_rempio2
 .text.avr-libc.fplib
                0x000078be       0x22 c:/program files (x86)/atmel/studio/7.0/toolchain/avr8/avr8-gnu-toolchain/bin/../lib/gcc/avr/4.9.2/../../../../avr/lib/avr51\libm.a(fp_round.o)
                0x000078be                __fp_round
 .text.avr-libc.fplib
                0x000078e0       0x22 c:/program files (x86)/atmel/studio/7.0/toolchain/avr8/avr8-gnu-toolchain/bin/../lib/gcc/avr/4.9.2/../../../../avr/lib/avr51\libm.a(fp_sinus.o)
                0x000078e0                __fp_sinus
 .text.avr-libc.fplib
                0x00007902       0x44 c:/program files (x86)/atmel/studio/7.0/toolchain/avr8/avr8-gnu-toolchain/bin/../lib/gcc/avr/4.9.2/../../../../avr/lib/avr51\libm.a(fp_split3.o)
                0x00007902                __fp_split3
                0x00007912                __fp_splitA
 .text.avr-libc.fplib
                0x00007946        0xe c:/program files (x86)/atmel/studio/7.0/toolchain/avr8/avr8-gnu-toolchain/bin/../lib/gcc/avr/4.9.2/../../../../avr/lib/avr51\libm.a(fp_zero.o)
                0x00007946                __fp_zero
                0x00007948                __fp_szero
 .text.avr-libc.fplib
                0x00007954        0x8 c:/program files (x86)/atmel/studio/7.0/toolchain/avr8/avr8-gnu-toolchain/bin/../lib/gcc/avr/4.9.2/../../../../avr/lib/avr51\libm.a(gesf2.o)
                0x00007954                __gesf2
                0x00007954                __gtsf2
 .text.avr-libc.fplib
                0x0000795c        0xe c:/program files (x86)/atmel/studio/7.0/toolchain/avr8/avr8-gnu-toolchain/bin/../lib/gcc/avr/4.9.2/../../../../avr/lib/avr51\libm.a(inverse.o)
                0x0000795c                inverse
 .text.avr-libc.fplib
                0x0000796a        0x4 c:/program files (x86)/atmel/studio/7.0/toolchain/avr8/avr8-gnu-toolchain/bin/../lib/gcc/avr/4.9.2/../../../../avr/lib/avr51\libm.a(mulsf3.o)
                0x0000796a                __mulsf3
 .text.avr-libc.fplib
                0x0000796e       0xc2 c:/program files (x86)/atmel/studio/7.0/toolchain/avr8/avr8-gnu-toolchain/bin/../lib/gcc/avr/4.9.2/../../../../avr/lib/avr51\libm.a(mulsf3x.o)
                0x00007982                __mulsf3x
                0x00007986                __mulsf3_pse
 .text.avr-libc.fplib
                0x00007a30       0x98 c:/program files (x86)/atmel/studio/7.0/toolchain/avr8/avr8-gnu-toolchain/bin/../lib/gcc/avr/4.9.2/../../../../avr/lib/avr51\libm.a(pow.o)
                0x00007a30                pow
 .text.avr-libc.fplib
                0x00007ac8        0xc c:/program files (x86)/atmel/studio/7.0/toolchain/avr8/avr8-gnu-toolchain/bin/../lib/gcc/avr/4.9.2/../../../../avr/lib/avr51\libm.a(sin.o)
                0x00007ac8                sin
 .text.avr-libc.fplib
                0x00007ad4       0x62 c:/program files (x86)/atmel/studio/7.0/toolchain/avr8/avr8-gnu-toolchain/bin/../lib/gcc/avr/4.9.2/../../../../avr/lib/avr51\libm.a(exp.o)
                0x00007ade                exp
 .text.avr-libc.fplib
                0x00007b36       0x1c c:/program files (x86)/atmel/studio/7.0/toolchain/avr8/avr8-gnu-toolchain/bin/../lib/gcc/avr/4.9.2/../../../../avr/lib/avr51\libm.a(fp_mpack.o)
                0x00007b36                __fp_mpack
                0x00007b3a                __fp_mpack_finite
 .text.avr-libc.fplib
                0x00007b52       0x22 c:/program files (x86)/atmel/studio/7.0/toolchain/avr8/avr8-gnu-toolchain/bin/../lib/gcc/avr/4.9.2/../../../../avr/lib/avr51\libm.a(fp_powsodd.o)
                0x00007b52                __fp_powsodd
 .text.avr-libc.fplib
                0x00007b74       0x6c c:/program files (x86)/atmel/studio/7.0/toolchain/avr8/avr8-gnu-toolchain/bin/../lib/gcc/avr/4.9.2/../../../../avr/lib/avr51\libm.a(ldexp.o)
                0x00007b78                ldexp
 .text.avr-libc.fplib
                0x00007be0       0x8a c:/program files (x86)/atmel/studio/7.0/toolchain/avr8/avr8-gnu-toolchain/bin/../lib/gcc/avr/4.9.2/../../../../avr/lib/avr51\libm.a(log.o)
                0x00007bea                log
 .text.avr-libc.fplib
                0x00007c6a       0x66 c:/program files (x86)/atmel/studio/7.0/toolchain/avr8/avr8-gnu-toolchain/bin/../lib/gcc/avr/4.9.2/../../../../avr/lib/avr51\libm.a(modf.o)
                0x00007c6a                modf
                0x00007c6a                modff
 .text.avr-libc
                0x00007cd0      0x710 c:/program files (x86)/atmel/studio/7.0/toolchain/avr8/avr8-gnu-toolchain/bin/../lib/gcc/avr/4.9.2/../../../../avr/lib/avr51\libprintf_flt.a(vfprintf_flt.o)
                0x00007cd0                vfprintf
 .text.libgcc.div
                0x000083e0       0x44 c:/program files (x86)/atmel/studio/7.0/toolchain/avr8/avr8-gnu-toolchain/bin/../lib/gcc/avr/4.9.2/avr51\libgcc.a(_udivmodsi4.o)
                0x000083e0                __udivmodsi4
 .text.libgcc   0x00008424       0x12 c:/program files (x86)/atmel/studio/7.0/toolchain/avr8/avr8-gnu-toolchain/bin/../lib/gcc/avr/4.9.2/avr51\libgcc.a(_tablejump2.o)
                0x00008424                __tablejump2__
 .text.libgcc.mul
                0x00008436       0x1e c:/program files (x86)/atmel/studio/7.0/toolchain/avr8/avr8-gnu-toolchain/bin/../lib/gcc/avr/4.9.2/avr51\libgcc.a(_umulhisi3.o)
                0x00008436                __umulhisi3
 .text.libgcc.mul
                0x00008454       0x14 c:/program files (x86)/atmel/studio/7.0/toolchain/avr8/avr8-gnu-toolchain/bin/../lib/gcc/avr/4.9.2/avr51\libgcc.a(_muluhisi3.o)
                0x00008454                __muluhisi3
 .text.avr-libc
                0x00008468      0x25a c:/program files (x86)/atmel/studio/7.0/toolchain/avr8/avr8-gnu-toolchain/bin/../lib/gcc/avr/4.9.2/../../../../avr/lib/avr51\libc.a(malloc.o)
                0x00008468                malloc
                0x00008592                free
 .text.avr-libc
                0x000086c2      0x1b0 c:/program files (x86)/atmel/studio/7.0/toolchain/avr8/avr8-gnu-toolchain/bin/../lib/gcc/avr/4.9.2/../../../../avr/lib/avr51\libc.a(ftoa_engine.o)
                0x000086c2                __ftoa_engine
 .text.avr-libc
                0x00008872       0x16 c:/program files (x86)/atmel/studio/7.0/toolchain/avr8/avr8-gnu-toolchain/bin/../lib/gcc/avr/4.9.2/../../../../avr/lib/avr51\libc.a(strnlen_P.o)
                0x00008872                strnlen_P
 .text.avr-libc
                0x00008888       0x16 c:/program files (x86)/atmel/studio/7.0/toolchain/avr8/avr8-gnu-toolchain/bin/../lib/gcc/avr/4.9.2/../../../../avr/lib/avr51\libc.a(strnlen.o)
                0x00008888                strnlen
 .text.avr-libc
                0x0000889e       0x70 c:/program files (x86)/atmel/studio/7.0/toolchain/avr8/avr8-gnu-toolchain/bin/../lib/gcc/avr/4.9.2/../../../../avr/lib/avr51\libc.a(fputc.o)
                0x0000889e                fputc
 .text.avr-libc
                0x0000890e       0x5e c:/program files (x86)/atmel/studio/7.0/toolchain/avr8/avr8-gnu-toolchain/bin/../lib/gcc/avr/4.9.2/../../../../avr/lib/avr51\libc.a(sprintf.o)
                0x0000890e                sprintf
 .text.avr-libc
                0x0000896c       0xbc c:/program files (x86)/atmel/studio/7.0/toolchain/avr8/avr8-gnu-toolchain/bin/../lib/gcc/avr/4.9.2/../../../../avr/lib/avr51\libc.a(ultoa_invert.o)
                0x0000896c                __ultoa_invert
                0x00008a28                . = ALIGN (0x2)
 *(.fini9)
 .fini9         0x00008a28        0x0 c:/program files (x86)/atmel/studio/7.0/toolchain/avr8/avr8-gnu-toolchain/bin/../lib/gcc/avr/4.9.2/avr51\libgcc.a(_exit.o)
                0x00008a28                _exit
                0x00008a28                exit
 *(.fini9)
 *(.fini8)
 *(.fini8)
 *(.fini7)
 *(.fini7)
 *(.fini6)
 .fini6         0x00008a28       0x14 c:/program files (x86)/atmel/studio/7.0/toolchain/avr8/avr8-gnu-toolchain/bin/../lib/gcc/avr/4.9.2/avr51\libgcc.a(_dtors.o)
                0x00008a28                __do_global_dtors
 *(.fini6)
 *(.fini5)
 *(.fini5)
 *(.fini4)
 *(.fini4)
 *(.fini3)
 *(.fini3)
 *(.fini2)
 *(.fini2)
 *(.fini1)
 *(.fini1)
 *(.fini0)
 .fini0         0x00008a3c        0x4 c:/program files (x86)/atmel/studio/7.0/toolchain/avr8/avr8-gnu-toolchain/bin/../lib/gcc/avr/4.9.2/avr51\libgcc.a(_exit.o)
 *(.fini0)
                0x00008a40                _etext = .

.data           0x00800100      0x29a load address 0x00008a40
                0x00800100                PROVIDE (__data_start, .)
 *(.data)
 .data          0x00800100        0x6 c:/program files (x86)/atmel/studio/7.0/toolchain/avr8/avr8-gnu-toolchain/bin/../lib/gcc/avr/4.9.2/../../../../avr/lib/avr51\libc.a(malloc.o)
                0x00800100                __malloc_heap_end
                0x00800102                __malloc_heap_start
                0x00800104                __malloc_margin
 *(.data*)
 .data.Stat     0x00800106        0x1 diskio.o
 *(.rodata)
 *(.rodata*)
 .rodata.str1.1
                0x00800107        0xf ff.o
 .rodata.ExCvt  0x00800116       0x80 ff.o
 .rodata.str1.1
                0x00800196      0x1cb main.o
                                0x1d1 (size before relaxing)
 .rodata._ZTV3uhr
                0x00800361        0x8 main.o
                0x00800361                _ZTV3uhr
 .rodata._ZTV5tacho
                0x00800369        0x8 main.o
                0x00800369                _ZTV5tacho
 .rodata._ZTV7wandern
                0x00800371        0x8 main.o
                0x00800371                _ZTV7wandern
 .rodata._ZTV13einstellungen
                0x00800379        0x8 main.o
                0x00800379                _ZTV13einstellungen
 .rodata._ZTV9wilkommen
                0x00800381        0x8 main.o
                0x00800381                _ZTV9wilkommen
 .rodata._ZTV5menue
                0x00800389        0x8 main.o
                0x00800389                _ZTV5menue
 .rodata._ZTV9offscreen
                0x00800391        0x8 main.o
                0x00800391                _ZTV9offscreen
 *(.gnu.linkonce.d*)
                0x0080039a                . = ALIGN (0x2)
 *fill*         0x00800399        0x1 
                0x0080039a                _edata = .
                0x0080039a                PROVIDE (__data_end, .)

.bss            0x0080039a      0x9e8
                0x0080039a                PROVIDE (__bss_start, .)
 *(.bss)
 *(.bss*)
 .bss.CardType  0x0080039a        0x1 diskio.o
 .bss.Timer2    0x0080039b        0x1 diskio.o
 .bss.Timer1    0x0080039c        0x1 diskio.o
 .bss.Fsid      0x0080039d        0x2 ff.o
 .bss.FatFs     0x0080039f        0x2 ff.o
 .bss.logger    0x008003a1      0x220 main.o
                0x008003a1                logger
 .bss.FATFS_Obj
                0x008005c1      0x22e main.o
                0x008005c1                FATFS_Obj
 .bss.Fahrtzeit
                0x008007ef        0x4 main.o
                0x008007ef                Fahrtzeit
 .bss.maxgeschw
                0x008007f3        0x4 main.o
                0x008007f3                maxgeschw
 .bss.strecke   0x008007f7        0x4 main.o
                0x008007f7                strecke
 .bss.geschw    0x008007fb        0x4 main.o
                0x008007fb                geschw
 .bss.gpsJahr   0x008007ff        0x1 main.o
                0x008007ff                gpsJahr
 .bss.gpsMonat  0x00800800        0x1 main.o
                0x00800800                gpsMonat
 .bss.gpsTag    0x00800801        0x1 main.o
                0x00800801                gpsTag
 .bss.gpssekunde
                0x00800802        0x1 main.o
                0x00800802                gpssekunde
 .bss.gpsminute
                0x00800803        0x1 main.o
                0x00800803                gpsminute
 .bss.gpsstunde
                0x00800804        0x1 main.o
                0x00800804                gpsstunde
 .bss.gpsspeed  0x00800805        0x4 main.o
                0x00800805                gpsspeed
 .bss.lon       0x00800809        0x4 main.o
                0x00800809                lon
 .bss.lat       0x0080080d        0x4 main.o
                0x0080080d                lat
 .bss.gpscounter
                0x00800811        0x1 main.o
                0x00800811                gpscounter
 .bss.gpsdata   0x00800812       0x48 main.o
                0x00800812                gpsdata
 .bss.gpsstatus
                0x0080085a        0x1 main.o
                0x0080085a                gpsstatus
 .bss.FPS       0x0080085b        0x1 main.o
                0x0080085b                FPS
 .bss.position  0x0080085c        0x1 main.o
                0x0080085c                position
 .bss.statusreg
                0x0080085d        0x1 main.o
                0x0080085d                statusreg
 .bss.anzeige   0x0080085e        0x1 main.o
                0x0080085e                anzeige
 .bss.IRLED     0x0080085f        0x2 main.o
                0x0080085f                IRLED
 .bss.Vibrationsmotor
                0x00800861        0x2 main.o
                0x00800861                Vibrationsmotor
 .bss.LED       0x00800863        0x2 main.o
                0x00800863                LED
 .bss.batterie  0x00800865        0x4 main.o
                0x00800865                batterie
 .bss.Accelerometer
                0x00800869       0xe9 main.o
                0x00800869                Accelerometer
 .bss.Tastatur  0x00800952        0xc main.o
                0x00800952                Tastatur
 .bss.oled      0x0080095e      0x401 main.o
                0x0080095e                oled
 .bss.rtc       0x00800d5f       0x1f main.o
                0x00800d5f                rtc
 *(COMMON)
 COMMON         0x00800d7e        0x4 c:/program files (x86)/atmel/studio/7.0/toolchain/avr8/avr8-gnu-toolchain/bin/../lib/gcc/avr/4.9.2/../../../../avr/lib/avr51\libc.a(malloc.o)
                0x00800d7e                __brkval
                0x00800d80                __flp
                0x00800d82                PROVIDE (__bss_end, .)
                0x00008a40                __data_load_start = LOADADDR (.data)
                0x00008cda                __data_load_end = (__data_load_start + SIZEOF (.data))

.noinit         0x00800d82        0x0
                0x00800d82                PROVIDE (__noinit_start, .)
 *(.noinit*)
                0x00800d82                PROVIDE (__noinit_end, .)
                0x00800d82                _end = .
                0x00800d82                PROVIDE (__heap_start, .)

.eeprom         0x00810000        0x0
 *(.eeprom*)
                0x00810000                __eeprom_end = .

.fuse
 *(.fuse)
 *(.lfuse)
 *(.hfuse)
 *(.efuse)

.lock
 *(.lock*)

.signature
 *(.signature*)

.user_signatures
 *(.user_signatures*)

.stab
 *(.stab)

.stabstr
 *(.stabstr)

.stab.excl
 *(.stab.excl)

.stab.exclstr
 *(.stab.exclstr)

.stab.index
 *(.stab.index)

.stab.indexstr
 *(.stab.indexstr)

.comment        0x00000000       0x5c
 *(.comment)
 .comment       0x00000000       0x30 diskio.o
                                 0x31 (size before relaxing)
 .comment       0x00000030       0x31 Display.o
 .comment       0x00000030       0x31 ff.o
 .comment       0x00000030       0x31 I2C.o
 .comment       0x00000030       0x31 Interface.o
 .comment       0x00000030       0x31 LSM303D.o
 .comment       0x00000030       0x31 main.o
 .comment       0x00000030       0x31 Output.o
 .comment       0x00000030       0x31 RTC.o
 .comment       0x00000030       0x2c c:/program files (x86)/atmel/studio/7.0/toolchain/avr8/avr8-gnu-toolchain/bin/../lib/gcc/avr/4.9.2/../../../../avr/lib/avr51\libprintf_flt.a(vfprintf_flt.o)
                                 0x2d (size before relaxing)
 .comment       0x0000005c       0x31 c:/program files (x86)/atmel/studio/7.0/toolchain/avr8/avr8-gnu-toolchain/bin/../lib/gcc/avr/4.9.2/../../../../avr/lib/avr51\libc.a(malloc.o)
 .comment       0x0000005c       0x31 c:/program files (x86)/atmel/studio/7.0/toolchain/avr8/avr8-gnu-toolchain/bin/../lib/gcc/avr/4.9.2/../../../../avr/lib/avr51\libc.a(fputc.o)
 .comment       0x0000005c       0x31 c:/program files (x86)/atmel/studio/7.0/toolchain/avr8/avr8-gnu-toolchain/bin/../lib/gcc/avr/4.9.2/../../../../avr/lib/avr51\libc.a(sprintf.o)

.note.gnu.avr.deviceinfo
                0x00000000       0x40
 .note.gnu.avr.deviceinfo
                0x00000000       0x40 C:/Program Files (x86)/Atmel/Studio/7.0/Packs/atmel/ATmega_DFP/1.0.90/gcc/dev/atmega1284p/avr51/crtatmega1284p.o

.note.gnu.build-id
 *(.note.gnu.build-id)

.debug
 *(.debug)

.line
 *(.line)

.debug_srcinfo
 *(.debug_srcinfo)

.debug_sfnames
 *(.debug_sfnames)

.debug_aranges  0x00000000      0x528
 *(.debug_aranges)
 .debug_aranges
                0x00000000       0x80 diskio.o
 .debug_aranges
                0x00000080       0xb0 Display.o
 .debug_aranges
                0x00000130       0xe8 ff.o
 .debug_aranges
                0x00000218       0x58 I2C.o
 .debug_aranges
                0x00000270       0x58 Interface.o
 .debug_aranges
                0x000002c8       0x70 LSM303D.o
 .debug_aranges
                0x00000338      0x138 main.o
 .debug_aranges
                0x00000470       0x48 Output.o
 .debug_aranges
                0x000004b8       0x70 RTC.o

.debug_pubnames
 *(.debug_pubnames)

.debug_info     0x00000000     0xcb1d
 *(.debug_info .gnu.linkonce.wi.*)
 .debug_info    0x00000000      0xd52 diskio.o
 .debug_info    0x00000d52     0x1c41 Display.o
 .debug_info    0x00002993     0x24b1 ff.o
 .debug_info    0x00004e44      0x372 I2C.o
 .debug_info    0x000051b6      0xd25 Interface.o
 .debug_info    0x00005edb      0xd77 LSM303D.o
 .debug_info    0x00006c52     0x54a6 main.o
 .debug_info    0x0000c0f8      0x3f7 Output.o
 .debug_info    0x0000c4ef      0x62e RTC.o

.debug_abbrev   0x00000000     0x1d68
 *(.debug_abbrev)
 .debug_abbrev  0x00000000      0x27a diskio.o
 .debug_abbrev  0x0000027a      0x34e Display.o
 .debug_abbrev  0x000005c8      0x310 ff.o
 .debug_abbrev  0x000008d8      0x190 I2C.o
 .debug_abbrev  0x00000a68      0x2b6 Interface.o
 .debug_abbrev  0x00000d1e      0x338 LSM303D.o
 .debug_abbrev  0x00001056      0x8dc main.o
 .debug_abbrev  0x00001932      0x1e0 Output.o
 .debug_abbrev  0x00001b12      0x256 RTC.o

.debug_line     0x00000000     0x55e1
 *(.debug_line .debug_line.* .debug_line_end)
 .debug_line    0x00000000      0x77d diskio.o
 .debug_line    0x0000077d      0x839 Display.o
 .debug_line    0x00000fb6     0x19ab ff.o
 .debug_line    0x00002961      0x197 I2C.o
 .debug_line    0x00002af8      0x551 Interface.o
 .debug_line    0x00003049      0x55b LSM303D.o
 .debug_line    0x000035a4     0x19d9 main.o
 .debug_line    0x00004f7d      0x217 Output.o
 .debug_line    0x00005194      0x44d RTC.o

.debug_frame    0x00000000     0x186c
 *(.debug_frame)
 .debug_frame   0x00000000      0x1bc diskio.o
 .debug_frame   0x000001bc      0x3a0 Display.o
 .debug_frame   0x0000055c      0x6b8 ff.o
 .debug_frame   0x00000c14       0x94 I2C.o
 .debug_frame   0x00000ca8       0xb0 Interface.o
 .debug_frame   0x00000d58      0x238 LSM303D.o
 .debug_frame   0x00000f90      0x774 main.o
 .debug_frame   0x00001704       0x74 Output.o
 .debug_frame   0x00001778       0xf4 RTC.o

.debug_str      0x00000000     0x1903
 *(.debug_str)
 .debug_str     0x00000000      0x2b5 diskio.o
                                0x2fa (size before relaxing)
 .debug_str     0x000002b5      0x5a8 Display.o
                                0x690 (size before relaxing)
 .debug_str     0x0000085d      0x3ce ff.o
                                0x60e (size before relaxing)
 .debug_str     0x00000c2b       0x25 I2C.o
                                0x290 (size before relaxing)
 .debug_str     0x00000c50      0x19d Interface.o
                                0x36d (size before relaxing)
 .debug_str     0x00000ded      0x224 LSM303D.o
                                0x4d7 (size before relaxing)
 .debug_str     0x00001011      0x87c main.o
                               0x143e (size before relaxing)
 .debug_str     0x0000188d       0x51 Output.o
                                0x277 (size before relaxing)
 .debug_str     0x000018de       0x25 RTC.o
                                0x37d (size before relaxing)

.debug_loc      0x00000000     0xc6ab
 *(.debug_loc)
 .debug_loc     0x00000000      0xd1e diskio.o
 .debug_loc     0x00000d1e     0x1bcd Display.o
 .debug_loc     0x000028eb     0x4f59 ff.o
 .debug_loc     0x00007844      0x128 I2C.o
 .debug_loc     0x0000796c      0xac7 Interface.o
 .debug_loc     0x00008433      0xf76 LSM303D.o
 .debug_loc     0x000093a9     0x2c98 main.o
 .debug_loc     0x0000c041      0x397 Output.o
 .debug_loc     0x0000c3d8      0x2d3 RTC.o

.debug_macinfo
 *(.debug_macinfo)

.debug_weaknames
 *(.debug_weaknames)

.debug_funcnames
 *(.debug_funcnames)

.debug_typenames
 *(.debug_typenames)

.debug_varnames
 *(.debug_varnames)

.debug_pubtypes
 *(.debug_pubtypes)

.debug_ranges   0x00000000      0x668
 *(.debug_ranges)
 .debug_ranges  0x00000000       0x70 diskio.o
 .debug_ranges  0x00000070      0x100 Display.o
 .debug_ranges  0x00000170      0x1d0 ff.o
 .debug_ranges  0x00000340       0x48 I2C.o
 .debug_ranges  0x00000388       0x48 Interface.o
 .debug_ranges  0x000003d0       0x60 LSM303D.o
 .debug_ranges  0x00000430      0x1a0 main.o
 .debug_ranges  0x000005d0       0x38 Output.o
 .debug_ranges  0x00000608       0x60 RTC.o

.debug_macro
 *(.debug_macro)
OUTPUT(FWCP_MK3.elf elf32-avr)
LOAD linker stubs
