Archive member included to satisfy reference by file (symbol)

c:/program files/atmel/studio/7.0/toolchain/avr8/avr8-gnu-toolchain/bin/../lib/gcc/avr/4.9.2/../../../../avr/lib/avr51\libm.a(addsf3.o)
                              BMP180.o (__subsf3)
c:/program files/atmel/studio/7.0/toolchain/avr8/avr8-gnu-toolchain/bin/../lib/gcc/avr/4.9.2/../../../../avr/lib/avr51\libm.a(addsf3x.o)
                              c:/program files/atmel/studio/7.0/toolchain/avr8/avr8-gnu-toolchain/bin/../lib/gcc/avr/4.9.2/../../../../avr/lib/avr51\libm.a(addsf3.o) (__addsf3x)
c:/program files/atmel/studio/7.0/toolchain/avr8/avr8-gnu-toolchain/bin/../lib/gcc/avr/4.9.2/../../../../avr/lib/avr51\libm.a(atan2.o)
                              Kompass.o (atan2)
c:/program files/atmel/studio/7.0/toolchain/avr8/avr8-gnu-toolchain/bin/../lib/gcc/avr/4.9.2/../../../../avr/lib/avr51\libm.a(atan.o)
                              c:/program files/atmel/studio/7.0/toolchain/avr8/avr8-gnu-toolchain/bin/../lib/gcc/avr/4.9.2/../../../../avr/lib/avr51\libm.a(atan2.o) (atan)
c:/program files/atmel/studio/7.0/toolchain/avr8/avr8-gnu-toolchain/bin/../lib/gcc/avr/4.9.2/../../../../avr/lib/avr51\libm.a(cmpsf2.o)
                              Kompass.o (__ltsf2)
c:/program files/atmel/studio/7.0/toolchain/avr8/avr8-gnu-toolchain/bin/../lib/gcc/avr/4.9.2/../../../../avr/lib/avr51\libm.a(cos.o)
                              Display.o (cos)
c:/program files/atmel/studio/7.0/toolchain/avr8/avr8-gnu-toolchain/bin/../lib/gcc/avr/4.9.2/../../../../avr/lib/avr51\libm.a(divsf3.o)
                              BMP180.o (__divsf3)
c:/program files/atmel/studio/7.0/toolchain/avr8/avr8-gnu-toolchain/bin/../lib/gcc/avr/4.9.2/../../../../avr/lib/avr51\libm.a(divsf3x.o)
                              c:/program files/atmel/studio/7.0/toolchain/avr8/avr8-gnu-toolchain/bin/../lib/gcc/avr/4.9.2/../../../../avr/lib/avr51\libm.a(divsf3.o) (__divsf3x)
c:/program files/atmel/studio/7.0/toolchain/avr8/avr8-gnu-toolchain/bin/../lib/gcc/avr/4.9.2/../../../../avr/lib/avr51\libm.a(fixsfsi.o)
                              Kompass.o (__fixsfsi)
c:/program files/atmel/studio/7.0/toolchain/avr8/avr8-gnu-toolchain/bin/../lib/gcc/avr/4.9.2/../../../../avr/lib/avr51\libm.a(fixunssfsi.o)
                              Display.o (__fixunssfsi)
c:/program files/atmel/studio/7.0/toolchain/avr8/avr8-gnu-toolchain/bin/../lib/gcc/avr/4.9.2/../../../../avr/lib/avr51\libm.a(floatsisf.o)
                              LSM303D.o (__floatunsisf)
c:/program files/atmel/studio/7.0/toolchain/avr8/avr8-gnu-toolchain/bin/../lib/gcc/avr/4.9.2/../../../../avr/lib/avr51\libm.a(fp_cmp.o)
                              c:/program files/atmel/studio/7.0/toolchain/avr8/avr8-gnu-toolchain/bin/../lib/gcc/avr/4.9.2/../../../../avr/lib/avr51\libm.a(cmpsf2.o) (__fp_cmp)
c:/program files/atmel/studio/7.0/toolchain/avr8/avr8-gnu-toolchain/bin/../lib/gcc/avr/4.9.2/../../../../avr/lib/avr51\libm.a(fp_inf.o)
                              c:/program files/atmel/studio/7.0/toolchain/avr8/avr8-gnu-toolchain/bin/../lib/gcc/avr/4.9.2/../../../../avr/lib/avr51\libm.a(addsf3x.o) (__fp_inf)
c:/program files/atmel/studio/7.0/toolchain/avr8/avr8-gnu-toolchain/bin/../lib/gcc/avr/4.9.2/../../../../avr/lib/avr51\libm.a(fp_nan.o)
                              c:/program files/atmel/studio/7.0/toolchain/avr8/avr8-gnu-toolchain/bin/../lib/gcc/avr/4.9.2/../../../../avr/lib/avr51\libm.a(addsf3x.o) (__fp_nan)
c:/program files/atmel/studio/7.0/toolchain/avr8/avr8-gnu-toolchain/bin/../lib/gcc/avr/4.9.2/../../../../avr/lib/avr51\libm.a(fp_powser.o)
                              c:/program files/atmel/studio/7.0/toolchain/avr8/avr8-gnu-toolchain/bin/../lib/gcc/avr/4.9.2/../../../../avr/lib/avr51\libm.a(atan.o) (__fp_powser)
c:/program files/atmel/studio/7.0/toolchain/avr8/avr8-gnu-toolchain/bin/../lib/gcc/avr/4.9.2/../../../../avr/lib/avr51\libm.a(fp_pscA.o)
                              c:/program files/atmel/studio/7.0/toolchain/avr8/avr8-gnu-toolchain/bin/../lib/gcc/avr/4.9.2/../../../../avr/lib/avr51\libm.a(addsf3x.o) (__fp_pscA)
c:/program files/atmel/studio/7.0/toolchain/avr8/avr8-gnu-toolchain/bin/../lib/gcc/avr/4.9.2/../../../../avr/lib/avr51\libm.a(fp_pscB.o)
                              c:/program files/atmel/studio/7.0/toolchain/avr8/avr8-gnu-toolchain/bin/../lib/gcc/avr/4.9.2/../../../../avr/lib/avr51\libm.a(addsf3x.o) (__fp_pscB)
c:/program files/atmel/studio/7.0/toolchain/avr8/avr8-gnu-toolchain/bin/../lib/gcc/avr/4.9.2/../../../../avr/lib/avr51\libm.a(fp_rempio2.o)
                              c:/program files/atmel/studio/7.0/toolchain/avr8/avr8-gnu-toolchain/bin/../lib/gcc/avr/4.9.2/../../../../avr/lib/avr51\libm.a(cos.o) (__fp_rempio2)
c:/program files/atmel/studio/7.0/toolchain/avr8/avr8-gnu-toolchain/bin/../lib/gcc/avr/4.9.2/../../../../avr/lib/avr51\libm.a(fp_round.o)
[...]
Memory Configuration

Name             Origin             Length             Attributes
text             0x00000000         0x00020000         xr
data             0x00800100         0x0000ff00         rw !x
eeprom           0x00810000         0x00010000         rw !x
fuse             0x00820000         0x00000400         rw !x
lock             0x00830000         0x00000400         rw !x
signature        0x00840000         0x00000400         rw !x
user_signatures  0x00850000         0x00000400         rw !x
*default*        0x00000000         0xffffffff

Linker script and memory map

Address of section .data set to 0x800100
LOAD C:/Program Files/Atmel/Studio/7.0/Packs/atmel/ATmega_DFP/1.0.98/gcc/dev/atmega1284p/avr51/crtatmega1284p.o
LOAD BMP180.o
LOAD diskio.o
LOAD Display.o
LOAD ff.o
LOAD I2C.o
LOAD Interface.o
LOAD Kompass.o
LOAD LSM303D.o
LOAD main.o
LOAD Output.o
LOAD RTC.o
LOAD SOUND.o
START GROUP
LOAD c:/program files/atmel/studio/7.0/toolchain/avr8/avr8-gnu-toolchain/bin/../lib/gcc/avr/4.9.2/../../../../avr/lib/avr51\libm.a
LOAD c:/program files/atmel/studio/7.0/toolchain/avr8/avr8-gnu-toolchain/bin/../lib/gcc/avr/4.9.2/../../../../avr/lib/avr51\libprintf_flt.a
END GROUP
LOAD c:/program files/atmel/studio/7.0/toolchain/avr8/avr8-gnu-toolchain/bin/../lib/gcc/avr/4.9.2/avr51\libgcc.a
LOAD c:/program files/atmel/studio/7.0/toolchain/avr8/avr8-gnu-toolchain/bin/../lib/gcc/avr/4.9.2/../../../../avr/lib/avr51\libm.a
START GROUP
LOAD c:/program files/atmel/studio/7.0/toolchain/avr8/avr8-gnu-toolchain/bin/../lib/gcc/avr/4.9.2/avr51\libgcc.a
LOAD c:/program files/atmel/studio/7.0/toolchain/avr8/avr8-gnu-toolchain/bin/../lib/gcc/avr/4.9.2/../../../../avr/lib/avr51\libm.a
LOAD c:/program files/atmel/studio/7.0/toolchain/avr8/avr8-gnu-toolchain/bin/../lib/gcc/avr/4.9.2/../../../../avr/lib/avr51\libc.a
LOAD C:/Program Files/Atmel/Studio/7.0/Packs/atmel/ATmega_DFP/1.0.98/gcc/dev/atmega1284p/avr51\libatmega1284p.a
END GROUP

.hash
 *(.hash)

.dynsym
 *(.dynsym)

.dynstr
 *(.dynstr)

.gnu.version
 *(.gnu.version)

.gnu.version_d
 *(.gnu.version_d)

.gnu.version_r
 *(.gnu.version_r)

.rel.init
 *(.rel.init)

.rela.init
 *(.rela.init)

.rel.text
 *(.rel.text)
 *(.rel.text.*)
 *(.rel.gnu.linkonce.t*)

.rela.text
 *(.rela.text)
 *(.rela.text.*)
 *(.rela.gnu.linkonce.t*)

.rel.fini
 *(.rel.fini)

.rela.fini
 *(.rela.fini)

.rel.rodata
 *(.rel.rodata)
 *(.rel.rodata.*)
 *(.rel.gnu.linkonce.r*)

.rela.rodata
 *(.rela.rodata)
 *(.rela.rodata.*)
 *(.rela.gnu.linkonce.r*)

.rel.data
 *(.rel.data)
 *(.rel.data.*)
 *(.rel.gnu.linkonce.d*)

.rela.data
 *(.rela.data)
 *(.rela.data.*)
 *(.rela.gnu.linkonce.d*)

.rel.ctors
 *(.rel.ctors)

.rela.ctors
 *(.rela.ctors)

.rel.dtors
 *(.rel.dtors)

.rela.dtors
 *(.rela.dtors)

.rel.got
 *(.rel.got)

.rela.got
 *(.rela.got)

.rel.bss
 *(.rel.bss)

.rela.bss
 *(.rela.bss)

.rel.plt
 *(.rel.plt)

.rela.plt
 *(.rela.plt)

.text           0x00000000     0x9db4
 *(.vectors)
 .vectors       0x00000000       0x8c C:/Program Files/Atmel/Studio/7.0/Packs/atmel/ATmega_DFP/1.0.98/gcc/dev/atmega1284p/avr51/crtatmega1284p.o
                0x00000000                __vector_default
                0x00000000                __vectors
 *(.vectors)
 *(.progmem.gcc*)
 .progmem.gcc_sw_table.disk_ioctl
                0x0000008c       0x6e diskio.o
 .progmem.gcc_sw_table.f_printf
                0x000000fa       0x2e ff.o
 .progmem.gcc_sw_table._ZN9Interface7unifiedEv
                0x00000128       0x2e Interface.o
 .progmem.gcc_sw_table._Z15tastaturhandlerP7monitorh
                0x00000156       0x8c main.o
 .progmem.gcc_sw_table._Z13uhreinstellenv
                0x000001e2       0x14 main.o
 .progmem.gcc_fplib
                0x000001f6       0x1e c:/program files/atmel/studio/7.0/toolchain/avr8/avr8-gnu-toolchain/bin/../lib/gcc/avr/4.9.2/../../../../avr/lib/avr51\libm.a(fp_sinus.o)
 .progmem.gcc_fplib
                0x00000214       0x28 c:/program files/atmel/studio/7.0/toolchain/avr8/avr8-gnu-toolchain/bin/../lib/gcc/avr/4.9.2/../../../../avr/lib/avr51\libm.a(exp.o)
 .progmem.gcc_fplib
                0x0000023c       0x5a c:/program files/atmel/studio/7.0/toolchain/avr8/avr8-gnu-toolchain/bin/../lib/gcc/avr/4.9.2/../../../../avr/lib/avr51\libm.a(log.o)
                0x00000296                . = ALIGN (0x2)
                0x00000296                __trampolines_start = .
 *(.trampolines)
 .trampolines   0x00000296        0x0 linker stubs
 *(.trampolines*)
                0x00000296                __trampolines_end = .
 *(.progmem*)
 .progmem.data._ZL11digits16x16
                0x00000296      0x140 Display.o
 .progmem.data._ZL7font5x8
                0x000003d6      0x1d6 Display.o
 .progmem.data  0x000005ac        0x8 c:/program files/atmel/studio/7.0/toolchain/avr8/avr8-gnu-toolchain/bin/../lib/gcc/avr/4.9.2/../../../../avr/lib/avr51\libprintf_flt.a(vfprintf_flt.o)
 .progmem.data  0x000005b4       0xfa c:/program files/atmel/studio/7.0/toolchain/avr8/avr8-gnu-toolchain/bin/../lib/gcc/avr/4.9.2/../../../../avr/lib/avr51\libc.a(ftoa_engine.o)
                0x000006ae                . = ALIGN (0x2)
 *(.jumptables)
 *(.jumptables*)
 *(.lowtext)
 *(.lowtext*)
                0x000006ae                __ctors_start = .
 *(.ctors)
 .ctors         0x000006ae        0x2 main.o
                0x000006b0                __ctors_end = .
                0x000006b0                __dtors_start = .
 *(.dtors)
 .dtors         0x000006b0        0x2 main.o
                0x000006b2                __dtors_end = .
 SORT(*)(.ctors)
 SORT(*)(.dtors)
 *(.init0)
 .init0         0x000006b2        0x0 C:/Program Files/Atmel/Studio/7.0/Packs/atmel/ATmega_DFP/1.0.98/gcc/dev/atmega1284p/avr51/crtatmega1284p.o
                0x000006b2                __init
 *(.init0)
 *(.init1)
 *(.init1)
 *(.init2)
 .init2         0x000006b2        0xc C:/Program Files/Atmel/Studio/7.0/Packs/atmel/ATmega_DFP/1.0.98/gcc/dev/atmega1284p/avr51/crtatmega1284p.o
 *(.init2)
 *(.init3)
 *(.init3)
 *(.init4)
 .init4         0x000006be       0x1a c:/program files/atmel/studio/7.0/toolchain/avr8/avr8-gnu-toolchain/bin/../lib/gcc/avr/4.9.2/avr51\libgcc.a(_copy_data.o)
                0x000006be                __do_copy_data
 .init4         0x000006d8       0x10 c:/program files/atmel/studio/7.0/toolchain/avr8/avr8-gnu-toolchain/bin/../lib/gcc/avr/4.9.2/avr51\libgcc.a(_clear_bss.o)
                0x000006d8                __do_clear_bss
 *(.init4)
 *(.init5)
 *(.init5)
 *(.init6)
 .init6         0x000006e8       0x16 c:/program files/atmel/studio/7.0/toolchain/avr8/avr8-gnu-toolchain/bin/../lib/gcc/avr/4.9.2/avr51\libgcc.a(_ctors.o)
                0x000006e8                __do_global_ctors
 *(.init6)
 *(.init7)
 *(.init7)
 *(.init8)
 *(.init8)
 *(.init9)
 .init9         0x000006fe        0x8 C:/Program Files/Atmel/Studio/7.0/Packs/atmel/ATmega_DFP/1.0.98/gcc/dev/atmega1284p/avr51/crtatmega1284p.o
 *(.init9)
 *(.text)
 .text          0x00000706        0x2 C:/Program Files/Atmel/Studio/7.0/Packs/atmel/ATmega_DFP/1.0.98/gcc/dev/atmega1284p/avr51/crtatmega1284p.o
                0x00000706                __vector_22
                0x00000706                __vector_28
                0x00000706                __vector_1
                0x00000706                __vector_32
                0x00000706                __vector_34
                0x00000706                __vector_24
                0x00000706                __vector_12
                0x00000706                __bad_interrupt
                0x00000706                __vector_6
                0x00000706                __vector_31
                0x00000706                __vector_3
                0x00000706                __vector_23
                0x00000706                __vector_30
                0x00000706                __vector_25
                0x00000706                __vector_17
                0x00000706                __vector_19
                0x00000706                __vector_7
                0x00000706                __vector_27
                0x00000706                __vector_5
                0x00000706                __vector_33
                0x00000706                __vector_4
                0x00000706                __vector_9
                0x00000706                __vector_2
                0x00000706                __vector_21
                0x00000706                __vector_15
                0x00000706                __vector_29
                0x00000706                __vector_8
                0x00000706                __vector_26
                0x00000706                __vector_14
                0x00000706                __vector_10
                0x00000706                __vector_18
                0x00000708                . = ALIGN (0x2)
 *(.text.*)
 .text._ZN6BMP180D2Ev
                0x00000708        0x8 BMP180.o
                0x00000708                _ZN6BMP180D1Ev
                0x00000708                _ZN6BMP180D2Ev
 .text._ZN6BMP18015bmp180_writememEhh
                0x00000710       0x3e BMP180.o
                0x00000710                _ZN6BMP18015bmp180_writememEhh
 .text._ZN6BMP1806readS8Eh
                0x0000074e       0x4a BMP180.o
                0x0000074e                _ZN6BMP1806readS8Eh
 .text._ZN6BMP1806readU8Eh
                0x00000798       0x4a BMP180.o
                0x00000798                _ZN6BMP1806readU8Eh
 .text._ZN6BMP1807readS16Eh
                0x000007e2       0x34 BMP180.o
                0x000007e2                _ZN6BMP1807readS16Eh
 .text._ZN6BMP1807readU16Eh
                0x00000816       0x32 BMP180.o
                0x00000816                _ZN6BMP1807readU16Eh
 .text._ZN6BMP1807readU32Eh
                0x00000848       0x6a BMP180.o
                0x00000848                _ZN6BMP1807readU32Eh
 .text._ZN6BMP18021bmp180_getcalibrationEv
                0x000008b2       0x78 BMP180.o
                0x000008b2                _ZN6BMP18021bmp180_getcalibrationEv
 .text._ZN6BMP180C2Ev
                0x0000092a       0x36 BMP180.o
                0x0000092a                _ZN6BMP180C1Ev
                0x0000092a                _ZN6BMP180C2Ev
 .text._ZN6BMP18021bmp180_gettemperatureEv
                0x00000960      0x196 BMP180.o
                0x00000960                _ZN6BMP18021bmp180_gettemperatureEv
 .text._ZN6BMP18018bmp180_getpressureEv
                0x00000af6      0x67a BMP180.o
                0x00000af6                _ZN6BMP18018bmp180_getpressureEv
 .text._ZN6BMP18018bmp180_getaltitudeEv
                0x00001170       0x52 BMP180.o
                0x00001170                _ZN6BMP18018bmp180_getaltitudeEv
 .text.power_off
                0x000011c2        0xc diskio.o
 .text.xchg_spi
                0x000011ce        0xc diskio.o
 .text.deselect
                0x000011da        0x8 diskio.o
 .text.select   0x000011e2       0x2a diskio.o
 .text.rcvr_datablock
                0x0000120c       0x72 diskio.o
 .text.send_cmd
                0x0000127e       0xac diskio.o
 .text.xmit_datablock
                0x0000132a       0x7c diskio.o
 .text.disk_initialize
                0x000013a6      0x182 diskio.o
                0x000013a6                disk_initialize
 .text.disk_status
                0x00001528        0xe diskio.o
                0x00001528                disk_status
 .text.disk_read
                0x00001536       0xa4 diskio.o
                0x00001536                disk_read
 .text.disk_write
                0x000015da       0xdc diskio.o
                0x000015da                disk_write
 .text.disk_ioctl
                0x000016b6      0x338 diskio.o
                0x000016b6                disk_ioctl
 .text.disk_timerproc
                0x000019ee       0x26 diskio.o
                0x000019ee                disk_timerproc
 .text._ZN7DisplayD2Ev
                0x00001a14        0x8 Display.o
                0x00001a14                _ZN7DisplayD2Ev
                0x00001a14                _ZN7DisplayD1Ev
 .text._ZN7Display10clearFrameEv
                0x00001a1c        0xe Display.o
                0x00001a1c                _ZN7Display10clearFrameEv
 .text._ZN7Display15ssd1306_commandEh
                0x00001a2a       0x38 Display.o
                0x00001a2a                _ZN7Display15ssd1306_commandEh
 .text._ZN7Display17InitializeDisplayEv
                0x00001a62       0xa0 Display.o
                0x00001a62                _ZN7Display17InitializeDisplayEv
 .text._ZN7DisplayC2Ev
                0x00001b02       0x1a Display.o
                0x00001b02                _ZN7DisplayC2Ev
                0x00001b02                _ZN7DisplayC1Ev
 .text._ZN7Display9sendFrameEv
                0x00001b1c       0x6e Display.o
                0x00001b1c                _ZN7Display9sendFrameEv
 .text._ZN7Display9drawPixelEhhh
                0x00001b8a       0x70 Display.o
                0x00001b8a                _ZN7Display9drawPixelEhhh
 .text._ZN7Display9drawVLineEhhh
                0x00001bfa       0x34 Display.o
                0x00001bfa                _ZN7Display9drawVLineEhhh
 .text._ZN7Display9drawHLineEhhh
                0x00001c2e       0x34 Display.o
                0x00001c2e                _ZN7Display9drawHLineEhhh
 .text._ZN7Display13drawRectangleEhhhhh
                0x00001c62       0xba Display.o
                0x00001c62                _ZN7Display13drawRectangleEhhhhh
 .text._ZN7Display9draw_ASCIEhhh
                0x00001d1c       0x94 Display.o
                0x00001d1c                _ZN7Display9draw_ASCIEhhh
 .text._ZN7Display16draw_number16x16Ehhh
                0x00001db0       0xf4 Display.o
                0x00001db0                _ZN7Display16draw_number16x16Ehhh
 .text._ZN7Display6analogEhhhh
                0x00001ea4      0x4f2 Display.o
                0x00001ea4                _ZN7Display6analogEhhhh
 .text._ZN7Display8drawBATTEahh
                0x00002396      0x108 Display.o
                0x00002396                _ZN7Display8drawBATTEahh
 .text._ZN7Display7drawGPSEhhh
                0x0000249e       0x70 Display.o
                0x0000249e                _ZN7Display7drawGPSEhhh
 .text.mem_cpy  0x0000250e       0x1c ff.o
 .text.ld_clust
                0x0000252a       0x44 ff.o
 .text.get_ldnumber
                0x0000256e       0x6e ff.o
 .text.sync_window
                0x000025dc       0xd6 ff.o
 .text.move_window
                0x000026b2       0x7a ff.o
 .text.check_fs
                0x0000272c       0xd0 ff.o
 .text.validate
                0x000027fc       0x4a ff.o
 .text.find_volume
                0x00002846      0x784 ff.o
 .text.clust2sect
                0x00002fca       0x5c ff.o
                0x00002fca                clust2sect
 .text.get_fat  0x00003026      0x1fe ff.o
                0x00003026                get_fat
 .text.dir_sdi  0x00003224      0x176 ff.o
 .text.put_fat  0x0000339a      0x24e ff.o
                0x0000339a                put_fat
 .text.create_chain
                0x000035e8      0x21e ff.o
 .text.dir_next
                0x00003806      0x276 ff.o
 .text.f_mount  0x00003a7c       0xa6 ff.o
                0x00003a7c                f_mount
 .text.f_open   0x00003b22      0x694 ff.o
                0x00003b22                f_open
 .text.f_write  0x000041b6      0x3f4 ff.o
                0x000041b6                f_write
 .text.putc_bfd
                0x000045aa       0x88 ff.o
 .text.f_sync   0x00004632      0x19a ff.o
                0x00004632                f_sync
 .text.f_close  0x000047cc       0x20 ff.o
                0x000047cc                f_close
 .text.f_printf
                0x000047ec      0x494 ff.o
                0x000047ec                f_printf
 .text._ZN3I2CC2Ev
                0x00004c80        0x8 I2C.o
                0x00004c80                _ZN3I2CC2Ev
                0x00004c80                _ZN3I2CC1Ev
 .text._ZN3I2CD2Ev
                0x00004c88        0x2 I2C.o
                0x00004c88                _ZN3I2CD1Ev
                0x00004c88                _ZN3I2CD2Ev
 .text._ZN3I2C9twi_startEv
                0x00004c8a        0x8 I2C.o
                0x00004c8a                _ZN3I2C9twi_startEv
 .text._ZN3I2C8twi_stopEv
                0x00004c92        0x8 I2C.o
                0x00004c92                _ZN3I2C8twi_stopEv
 .text._ZN3I2C9twi_writeEh
                0x00004c9a       0x20 I2C.o
                0x00004c9a                _ZN3I2C9twi_writeEh
 .text._ZN3I2C8twi_readEh
                0x00004cba       0x22 I2C.o
                0x00004cba                _ZN3I2C8twi_readEh
 .text._ZN9InterfaceC2Ev
                0x00004cdc       0x26 Interface.o
                0x00004cdc                _ZN9InterfaceC1Ev
                0x00004cdc                _ZN9InterfaceC2Ev
 .text._ZN9InterfaceD2Ev
                0x00004d02        0x2 Interface.o
                0x00004d02                _ZN9InterfaceD1Ev
                0x00004d02                _ZN9InterfaceD2Ev
 .text._ZN9Interface7paradebEPVhhPh
                0x00004d04       0x4c Interface.o
                0x00004d04                _ZN9Interface7paradebEPVhhPh
 .text._ZN9Interface6TasterEv
                0x00004d50      0x15a Interface.o
                0x00004d50                _ZN9Interface6TasterEv
 .text._ZN9Interface7unifiedEv
                0x00004eaa       0x48 Interface.o
                0x00004eaa                _ZN9Interface7unifiedEv
 .text._ZN9Interface17ZahlenausTastaturEv
                0x00004ef2       0x16 Interface.o
                0x00004ef2                _ZN9Interface17ZahlenausTastaturEv
 .text._ZN7LSM303DD2Ev
                0x00004f08        0x6 LSM303D.o
                0x00004f08                _ZN7LSM303DD1Ev
                0x00004f08                _ZN7LSM303DD2Ev
 .text._ZN7LSM303D14LSM303_commandEhh
                0x00004f0e       0x34 LSM303D.o
                0x00004f0e                _ZN7LSM303D14LSM303_commandEhh
 .text._ZN7LSM303D13ACCBypassmodeEv
                0x00004f42        0x8 LSM303D.o
                0x00004f42                _ZN7LSM303D13ACCBypassmodeEv
 .text._ZN7LSM303D9acce_initEv
                0x00004f4a       0x26 LSM303D.o
                0x00004f4a                _ZN7LSM303D9acce_initEv
 .text._ZN7LSM303DC2Ev
                0x00004f70       0x7c LSM303D.o
                0x00004f70                _ZN7LSM303DC2Ev
                0x00004f70                _ZN7LSM303DC1Ev
 .text._ZN7monitor11tastendruckEPh
                0x00004fec        0x4 main.o
                0x00004fec                _ZN7monitor11tastendruckEPh
 .text._ZN3uhr11tastendruckEPh
                0x00004ff0       0x1c main.o
                0x00004ff0                _ZN3uhr11tastendruckEPh
 .text._ZN13einstellungen11tastendruckEPh
                0x0000500c        0x4 main.o
                0x0000500c                _ZN13einstellungen11tastendruckEPh
 .text._ZN5menue11tastendruckEPh
                0x00005010        0x4 main.o
                0x00005010                _ZN5menue11tastendruckEPh
 .text._ZN3uhr4drawEv
                0x00005014       0xa0 main.o
                0x00005014                _ZN3uhr4drawEv
 .text._ZN9offscreen4drawEv
                0x000050b4       0x1c main.o
                0x000050b4                _ZN9offscreen4drawEv
 .text._ZN3uhr6bottomEv
                0x000050d0       0x48 main.o
                0x000050d0                _ZN3uhr6bottomEv
 .text._ZN7monitor6bottomEv
                0x00005118       0x48 main.o
                0x00005118                _ZN7monitor6bottomEv
 .text._ZN5tacho4drawEv
                0x00005160      0x3aa main.o
                0x00005160                _ZN5tacho4drawEv
 .text._ZN7wandern4drawEv
                0x0000550a      0x466 main.o
                0x0000550a                _ZN7wandern4drawEv
 .text._ZN5menue4drawEv
                0x00005970      0x174 main.o
                0x00005970                _ZN5menue4drawEv
 .text._ZN9wilkommen4drawEv
                0x00005ae4       0xfa main.o
                0x00005ae4                _ZN9wilkommen4drawEv
 .text._Z8ADC_Readh
                0x00005bde       0x28 main.o
                0x00005bde                _Z8ADC_Readh
 .text._Z14Batteriestatusv
                0x00005c06       0xe0 main.o
                0x00005c06                _Z14Batteriestatusv
 .text._ZN3uhr6headerEv
                0x00005ce6       0x78 main.o
                0x00005ce6                _ZN3uhr6headerEv
 .text._ZN7monitor6headerEv
                0x00005d5e       0x78 main.o
                0x00005d5e                _ZN7monitor6headerEv
 .text._ZN5tacho6headerEv
                0x00005dd6       0x34 main.o
                0x00005dd6                _ZN5tacho6headerEv
 .text._Z12EEPROM_Writejh
                0x00005e0a       0x14 main.o
                0x00005e0a                _Z12EEPROM_Writejh
 .text._Z11EEPROM_Readj
                0x00005e1e       0x12 main.o
                0x00005e1e                _Z11EEPROM_Readj
 .text.__vector_16
                0x00005e30       0x50 main.o
                0x00005e30                __vector_16
 .text.__vector_11
                0x00005e80       0x38 main.o
                0x00005e80                __vector_11
 .text.__vector_13
                0x00005eb8       0x22 main.o
                0x00005eb8                __vector_13
 .text._Z9GPSENABLEv
                0x00005eda        0xe main.o
                0x00005eda                _Z9GPSENABLEv
 .text._Z10GPSDISABLEv
                0x00005ee8        0xe main.o
                0x00005ee8                _Z10GPSDISABLEv
 .text._ZN7wandern11tastendruckEPh
                0x00005ef6       0xc2 main.o
                0x00005ef6                _ZN7wandern11tastendruckEPh
 .text.__vector_20
                0x00005fb8       0xcc main.o
                0x00005fb8                __vector_20
 .text._Z6nullenv
                0x00006084       0x42 main.o
                0x00006084                _Z6nullenv
 .text._ZN5tacho11tastendruckEPh
                0x000060c6        0xe main.o
                0x000060c6                _ZN5tacho11tastendruckEPh
 .text._Z13reed_debouncePVhh
                0x000060d4       0x4a main.o
                0x000060d4                _Z13reed_debouncePVhh
 .text._Z15geschwindigkeitf
                0x0000611e       0xd2 main.o
                0x0000611e                _Z15geschwindigkeitf
 .text.get_fattime
                0x000061f0       0xce main.o
                0x000061f0                get_fattime
 .text._Z15initialisierungv
                0x000062be      0x2a0 main.o
                0x000062be                _Z15initialisierungv
 .text._Z15tastaturhandlerP7monitorh
                0x0000655e      0x136 main.o
                0x0000655e                _Z15tastaturhandlerP7monitorh
 .text._Z19maininterupthandlerP7monitor
                0x00006694      0x4b2 main.o
                0x00006694                _Z19maininterupthandlerP7monitor
 .text._Z12gpsmovingavvdd
                0x00006b46      0x12a main.o
                0x00006b46                _Z12gpsmovingavvdd
 .text._Z10gpshandlerv
                0x00006c70      0x708 main.o
                0x00006c70                _Z10gpshandlerv
 .text.main     0x00007378      0x30c main.o
                0x00007378                main
 .text._Z13uhreinstellenv
                0x00007684      0x734 main.o
                0x00007684                _Z13uhreinstellenv
 .text._ZN13einstellungen4drawEv
                0x00007db8      0x302 main.o
                0x00007db8                _ZN13einstellungen4drawEv
 .text._GLOBAL__sub_I__Znwj
                0x000080ba       0x46 main.o
 .text._GLOBAL__sub_D__Znwj
                0x00008100       0x3a main.o
 .text._ZN6OutputC2Ehh
                0x0000813a       0x74 Output.o
                0x0000813a                _ZN6OutputC2Ehh
                0x0000813a                _ZN6OutputC1Ehh
 .text._ZN6OutputD2Ev
                0x000081ae        0x2 Output.o
                0x000081ae                _ZN6OutputD1Ev
                0x000081ae                _ZN6OutputD2Ev
 .text._ZN6Output2onEv
                0x000081b0       0x7a Output.o
                0x000081b0                _ZN6Output2onEv
 .text._ZN6Output4isonEv
                0x0000822a       0x76 Output.o
                0x0000822a                _ZN6Output4isonEv
 .text._ZN6Output3offEv
                0x000082a0       0x82 Output.o
                0x000082a0                _ZN6Output3offEv
 .text._ZN3RTCD2Ev
                0x00008322        0x2 RTC.o
                0x00008322                _ZN3RTCD2Ev
                0x00008322                _ZN3RTCD1Ev
 .text._ZN3RTC6WeckerEv
                0x00008324       0x22 RTC.o
                0x00008324                _ZN3RTC6WeckerEv
 .text._ZN3RTC14ausgabezeitneuEv
                0x00008346       0x72 RTC.o
                0x00008346                _ZN3RTC14ausgabezeitneuEv
 .text._ZN3RTC15ausgabedatumneuEv
                0x000083b8       0x72 RTC.o
                0x000083b8                _ZN3RTC15ausgabedatumneuEv
 .text._ZN3RTCC2Ev
                0x0000842a       0x52 RTC.o
                0x0000842a                _ZN3RTCC2Ev
                0x0000842a                _ZN3RTCC1Ev
 .text._ZN3RTC8kalenderEv
                0x0000847c       0x88 RTC.o
                0x0000847c                _ZN3RTC8kalenderEv
 .text._ZN3RTC4zeitEv
                0x00008504       0x76 RTC.o
                0x00008504                _ZN3RTC4zeitEv
 .text._ZN3RTC8RTCstartEv
                0x0000857a       0x34 RTC.o
                0x0000857a                _ZN3RTC8RTCstartEv
 .text._ZN3RTC7RTCstopEv
                0x000085ae        0xc RTC.o
                0x000085ae                _ZN3RTC7RTCstopEv
 .text.avr-libc.fplib
                0x000085ba        0xa c:/program files/atmel/studio/7.0/toolchain/avr8/avr8-gnu-toolchain/bin/../lib/gcc/avr/4.9.2/../../../../avr/lib/avr51\libm.a(addsf3.o)
                0x000085ba                __subsf3
                0x000085bc                __addsf3
 .text.avr-libc.fplib
                0x000085c4       0xc0 c:/program files/atmel/studio/7.0/toolchain/avr8/avr8-gnu-toolchain/bin/../lib/gcc/avr/4.9.2/../../../../avr/lib/avr51\libm.a(addsf3x.o)
                0x000085de                __addsf3x
 .text.avr-libc.fplib
                0x00008684        0x6 c:/program files/atmel/studio/7.0/toolchain/avr8/avr8-gnu-toolchain/bin/../lib/gcc/avr/4.9.2/../../../../avr/lib/avr51\libm.a(cos.o)
                0x00008684                cos
 .text.avr-libc.fplib
                0x0000868a        0x4 c:/program files/atmel/studio/7.0/toolchain/avr8/avr8-gnu-toolchain/bin/../lib/gcc/avr/4.9.2/../../../../avr/lib/avr51\libm.a(divsf3.o)
                0x0000868a                __divsf3
 .text.avr-libc.fplib
                0x0000868e       0xcc c:/program files/atmel/studio/7.0/toolchain/avr8/avr8-gnu-toolchain/bin/../lib/gcc/avr/4.9.2/../../../../avr/lib/avr51\libm.a(divsf3x.o)
                0x000086a4                __divsf3x
                0x000086a8                __divsf3_pse
 .text.avr-libc.fplib
                0x0000875a        0xa c:/program files/atmel/studio/7.0/toolchain/avr8/avr8-gnu-toolchain/bin/../lib/gcc/avr/4.9.2/../../../../avr/lib/avr51\libm.a(fixsfsi.o)
                0x0000875a                __fixsfsi
 .text.avr-libc.fplib
                0x00008764       0x58 c:/program files/atmel/studio/7.0/toolchain/avr8/avr8-gnu-toolchain/bin/../lib/gcc/avr/4.9.2/../../../../avr/lib/avr51\libm.a(fixunssfsi.o)
                0x00008764                __fixunssfsi
 .text.avr-libc.fplib
                0x000087bc       0x7a c:/program files/atmel/studio/7.0/toolchain/avr8/avr8-gnu-toolchain/bin/../lib/gcc/avr/4.9.2/../../../../avr/lib/avr51\libm.a(floatsisf.o)
                0x000087bc                __floatunsisf
                0x000087c0                __floatsisf
 .text.avr-libc.fplib
                0x00008836       0x48 c:/program files/atmel/studio/7.0/toolchain/avr8/avr8-gnu-toolchain/bin/../lib/gcc/avr/4.9.2/../../../../avr/lib/avr51\libm.a(fp_cmp.o)
                0x00008836                __fp_cmp
 .text.avr-libc.fplib
                0x0000887e        0xc c:/program files/atmel/studio/7.0/toolchain/avr8/avr8-gnu-toolchain/bin/../lib/gcc/avr/4.9.2/../../../../avr/lib/avr51\libm.a(fp_inf.o)
                0x0000887e                __fp_inf
 .text.avr-libc.fplib
                0x0000888a        0x6 c:/program files/atmel/studio/7.0/toolchain/avr8/avr8-gnu-toolchain/bin/../lib/gcc/avr/4.9.2/../../../../avr/lib/avr51\libm.a(fp_nan.o)
                0x0000888a                __fp_nan
 .text.avr-libc.fplib
                0x00008890       0x4a c:/program files/atmel/studio/7.0/toolchain/avr8/avr8-gnu-toolchain/bin/../lib/gcc/avr/4.9.2/../../../../avr/lib/avr51\libm.a(fp_powser.o)
                0x00008890                __fp_powser
 .text.avr-libc.fplib
                0x000088da        0xe c:/program files/atmel/studio/7.0/toolchain/avr8/avr8-gnu-toolchain/bin/../lib/gcc/avr/4.9.2/../../../../avr/lib/avr51\libm.a(fp_pscA.o)
                0x000088da                __fp_pscA
 .text.avr-libc.fplib
                0x000088e8        0xe c:/program files/atmel/studio/7.0/toolchain/avr8/avr8-gnu-toolchain/bin/../lib/gcc/avr/4.9.2/../../../../avr/lib/avr51\libm.a(fp_pscB.o)
                0x000088e8                __fp_pscB
 .text.avr-libc.fplib
                0x000088f6       0x50 c:/program files/atmel/studio/7.0/toolchain/avr8/avr8-gnu-toolchain/bin/../lib/gcc/avr/4.9.2/../../../../avr/lib/avr51\libm.a(fp_rempio2.o)
                0x000088f8                __fp_rempio2
 .text.avr-libc.fplib
                0x00008946       0x22 c:/program files/atmel/studio/7.0/toolchain/avr8/avr8-gnu-toolchain/bin/../lib/gcc/avr/4.9.2/../../../../avr/lib/avr51\libm.a(fp_round.o)
                0x00008946                __fp_round
 .text.avr-libc.fplib
                0x00008968       0x22 c:/program files/atmel/studio/7.0/toolchain/avr8/avr8-gnu-toolchain/bin/../lib/gcc/avr/4.9.2/../../../../avr/lib/avr51\libm.a(fp_sinus.o)
                0x00008968                __fp_sinus
 .text.avr-libc.fplib
                0x0000898a       0x44 c:/program files/atmel/studio/7.0/toolchain/avr8/avr8-gnu-toolchain/bin/../lib/gcc/avr/4.9.2/../../../../avr/lib/avr51\libm.a(fp_split3.o)
                0x0000898a                __fp_split3
                0x0000899a                __fp_splitA
 .text.avr-libc.fplib
                0x000089ce        0xe c:/program files/atmel/studio/7.0/toolchain/avr8/avr8-gnu-toolchain/bin/../lib/gcc/avr/4.9.2/../../../../avr/lib/avr51\libm.a(fp_zero.o)
                0x000089ce                __fp_zero
                0x000089d0                __fp_szero
 .text.avr-libc.fplib
                0x000089dc        0x8 c:/program files/atmel/studio/7.0/toolchain/avr8/avr8-gnu-toolchain/bin/../lib/gcc/avr/4.9.2/../../../../avr/lib/avr51\libm.a(gesf2.o)
                0x000089dc                __gesf2
                0x000089dc                __gtsf2
 .text.avr-libc.fplib
                0x000089e4        0xe c:/program files/atmel/studio/7.0/toolchain/avr8/avr8-gnu-toolchain/bin/../lib/gcc/avr/4.9.2/../../../../avr/lib/avr51\libm.a(inverse.o)
                0x000089e4                inverse
 .text.avr-libc.fplib
                0x000089f2        0x4 c:/program files/atmel/studio/7.0/toolchain/avr8/avr8-gnu-toolchain/bin/../lib/gcc/avr/4.9.2/../../../../avr/lib/avr51\libm.a(mulsf3.o)
                0x000089f2                __mulsf3
 .text.avr-libc.fplib
                0x000089f6       0xc2 c:/program files/atmel/studio/7.0/toolchain/avr8/avr8-gnu-toolchain/bin/../lib/gcc/avr/4.9.2/../../../../avr/lib/avr51\libm.a(mulsf3x.o)
                0x00008a0a                __mulsf3x
                0x00008a0e                __mulsf3_pse
 .text.avr-libc.fplib
                0x00008ab8       0x98 c:/program files/atmel/studio/7.0/toolchain/avr8/avr8-gnu-toolchain/bin/../lib/gcc/avr/4.9.2/../../../../avr/lib/avr51\libm.a(pow.o)
                0x00008ab8                pow
 .text.avr-libc.fplib
                0x00008b50        0xc c:/program files/atmel/studio/7.0/toolchain/avr8/avr8-gnu-toolchain/bin/../lib/gcc/avr/4.9.2/../../../../avr/lib/avr51\libm.a(sin.o)
                0x00008b50                sin
 .text.avr-libc.fplib
                0x00008b5c       0x62 c:/program files/atmel/studio/7.0/toolchain/avr8/avr8-gnu-toolchain/bin/../lib/gcc/avr/4.9.2/../../../../avr/lib/avr51\libm.a(exp.o)
                0x00008b66                exp
 .text.avr-libc.fplib
                0x00008bbe       0x1c c:/program files/atmel/studio/7.0/toolchain/avr8/avr8-gnu-toolchain/bin/../lib/gcc/avr/4.9.2/../../../../avr/lib/avr51\libm.a(fp_mpack.o)
                0x00008bbe                __fp_mpack
                0x00008bc2                __fp_mpack_finite
 .text.avr-libc.fplib
                0x00008bda       0x22 c:/program files/atmel/studio/7.0/toolchain/avr8/avr8-gnu-toolchain/bin/../lib/gcc/avr/4.9.2/../../../../avr/lib/avr51\libm.a(fp_powsodd.o)
                0x00008bda                __fp_powsodd
 .text.avr-libc.fplib
                0x00008bfc       0x6c c:/program files/atmel/studio/7.0/toolchain/avr8/avr8-gnu-toolchain/bin/../lib/gcc/avr/4.9.2/../../../../avr/lib/avr51\libm.a(ldexp.o)
                0x00008c00                ldexp
 .text.avr-libc.fplib
                0x00008c68       0x8a c:/program files/atmel/studio/7.0/toolchain/avr8/avr8-gnu-toolchain/bin/../lib/gcc/avr/4.9.2/../../../../avr/lib/avr51\libm.a(log.o)
                0x00008c72                log
 .text.avr-libc.fplib
                0x00008cf2       0x66 c:/program files/atmel/studio/7.0/toolchain/avr8/avr8-gnu-toolchain/bin/../lib/gcc/avr/4.9.2/../../../../avr/lib/avr51\libm.a(modf.o)
                0x00008cf2                modf
                0x00008cf2                modff
 .text.avr-libc
                0x00008d58      0x710 c:/program files/atmel/studio/7.0/toolchain/avr8/avr8-gnu-toolchain/bin/../lib/gcc/avr/4.9.2/../../../../avr/lib/avr51\libprintf_flt.a(vfprintf_flt.o)
                0x00008d58                vfprintf
 .text.libgcc.div
                0x00009468       0x44 c:/program files/atmel/studio/7.0/toolchain/avr8/avr8-gnu-toolchain/bin/../lib/gcc/avr/4.9.2/avr51\libgcc.a(_udivmodsi4.o)
                0x00009468                __udivmodsi4
 .text.libgcc   0x000094ac       0x12 c:/program files/atmel/studio/7.0/toolchain/avr8/avr8-gnu-toolchain/bin/../lib/gcc/avr/4.9.2/avr51\libgcc.a(_tablejump2.o)
                0x000094ac                __tablejump2__
 .text.libgcc.mul
                0x000094be       0x1e c:/program files/atmel/studio/7.0/toolchain/avr8/avr8-gnu-toolchain/bin/../lib/gcc/avr/4.9.2/avr51\libgcc.a(_umulhisi3.o)
                0x000094be                __umulhisi3
 .text.libgcc.mul
                0x000094dc       0x14 c:/program files/atmel/studio/7.0/toolchain/avr8/avr8-gnu-toolchain/bin/../lib/gcc/avr/4.9.2/avr51\libgcc.a(_muluhisi3.o)
                0x000094dc                __muluhisi3
 .text.libgcc.mul
                0x000094f0       0x92 c:/program files/atmel/studio/7.0/toolchain/avr8/avr8-gnu-toolchain/bin/../lib/gcc/avr/4.9.2/avr51\libgcc.a(_muldi3.o)
                0x000094f0                __muldi3
 .text.libgcc.mul
                0x00009582       0x10 c:/program files/atmel/studio/7.0/toolchain/avr8/avr8-gnu-toolchain/bin/../lib/gcc/avr/4.9.2/avr51\libgcc.a(_muldi3_6.o)
                0x00009582                __muldi3_6
 .text.libgcc.div
                0x00009592       0x56 c:/program files/atmel/studio/7.0/toolchain/avr8/avr8-gnu-toolchain/bin/../lib/gcc/avr/4.9.2/avr51\libgcc.a(_divdi3.o)
                0x00009592                __moddi3
                0x00009596                __divdi3
                0x00009598                __divdi3_moddi3
 .text.libgcc.div
                0x000095e8       0x1a c:/program files/atmel/studio/7.0/toolchain/avr8/avr8-gnu-toolchain/bin/../lib/gcc/avr/4.9.2/avr51\libgcc.a(_udivdi3.o)
                0x000095e8                __umoddi3
                0x000095ec                __udivdi3
                0x000095ee                __udivdi3_umoddi3
 .text.libgcc.div
                0x00009602       0xa2 c:/program files/atmel/studio/7.0/toolchain/avr8/avr8-gnu-toolchain/bin/../lib/gcc/avr/4.9.2/avr51\libgcc.a(_udivmod64.o)
                0x00009602                __udivmod64
 .text.libgcc   0x000096a4       0x20 c:/program files/atmel/studio/7.0/toolchain/avr8/avr8-gnu-toolchain/bin/../lib/gcc/avr/4.9.2/avr51\libgcc.a(_negdi2.o)
                0x000096a4                __negdi2
 .text.libgcc.prologue
                0x000096c4       0x38 c:/program files/atmel/studio/7.0/toolchain/avr8/avr8-gnu-toolchain/bin/../lib/gcc/avr/4.9.2/avr51\libgcc.a(_prologue.o)
                0x000096c4                __prologue_saves__
 .text.libgcc.prologue
                0x000096fc       0x36 c:/program files/atmel/studio/7.0/toolchain/avr8/avr8-gnu-toolchain/bin/../lib/gcc/avr/4.9.2/avr51\libgcc.a(_epilogue.o)
                0x000096fc                __epilogue_restores__
 .text.libgcc.builtins
                0x00009732       0x32 c:/program files/atmel/studio/7.0/toolchain/avr8/avr8-gnu-toolchain/bin/../lib/gcc/avr/4.9.2/avr51\libgcc.a(_ashldi3.o)
                0x00009732                __ashldi3
 .text.libgcc.builtins
                0x00009764       0x3c c:/program files/atmel/studio/7.0/toolchain/avr8/avr8-gnu-toolchain/bin/../lib/gcc/avr/4.9.2/avr51\libgcc.a(_ashrdi3.o)
                0x00009764                __ashrdi3
                0x00009768                __lshrdi3
 .text.libgcc   0x000097a0       0x12 c:/program files/atmel/studio/7.0/toolchain/avr8/avr8-gnu-toolchain/bin/../lib/gcc/avr/4.9.2/avr51\libgcc.a(_adddi3.o)
                0x000097a0                __adddi3
 .text.libgcc   0x000097b2       0x18 c:/program files/atmel/studio/7.0/toolchain/avr8/avr8-gnu-toolchain/bin/../lib/gcc/avr/4.9.2/avr51\libgcc.a(_adddi3_s8.o)
                0x000097b2                __adddi3_s8
 .text.libgcc   0x000097ca       0x12 c:/program files/atmel/studio/7.0/toolchain/avr8/avr8-gnu-toolchain/bin/../lib/gcc/avr/4.9.2/avr51\libgcc.a(_subdi3.o)
                0x000097ca                __subdi3
 .text.avr-libc
                0x000097dc      0x25a c:/program files/atmel/studio/7.0/toolchain/avr8/avr8-gnu-toolchain/bin/../lib/gcc/avr/4.9.2/../../../../avr/lib/avr51\libc.a(malloc.o)
                0x000097dc                malloc
                0x00009906                free
 .text.avr-libc
                0x00009a36      0x1b0 c:/program files/atmel/studio/7.0/toolchain/avr8/avr8-gnu-toolchain/bin/../lib/gcc/avr/4.9.2/../../../../avr/lib/avr51\libc.a(ftoa_engine.o)
                0x00009a36                __ftoa_engine
 .text.avr-libc
                0x00009be6       0x16 c:/program files/atmel/studio/7.0/toolchain/avr8/avr8-gnu-toolchain/bin/../lib/gcc/avr/4.9.2/../../../../avr/lib/avr51\libc.a(strnlen_P.o)
                0x00009be6                strnlen_P
 .text.avr-libc
                0x00009bfc       0x16 c:/program files/atmel/studio/7.0/toolchain/avr8/avr8-gnu-toolchain/bin/../lib/gcc/avr/4.9.2/../../../../avr/lib/avr51\libc.a(strnlen.o)
                0x00009bfc                strnlen
 .text.avr-libc
                0x00009c12       0x70 c:/program files/atmel/studio/7.0/toolchain/avr8/avr8-gnu-toolchain/bin/../lib/gcc/avr/4.9.2/../../../../avr/lib/avr51\libc.a(fputc.o)
                0x00009c12                fputc
 .text.avr-libc
                0x00009c82       0x5e c:/program files/atmel/studio/7.0/toolchain/avr8/avr8-gnu-toolchain/bin/../lib/gcc/avr/4.9.2/../../../../avr/lib/avr51\libc.a(sprintf.o)
                0x00009c82                sprintf
 .text.avr-libc
                0x00009ce0       0xbc c:/program files/atmel/studio/7.0/toolchain/avr8/avr8-gnu-toolchain/bin/../lib/gcc/avr/4.9.2/../../../../avr/lib/avr51\libc.a(ultoa_invert.o)
                0x00009ce0                __ultoa_invert
                0x00009d9c                . = ALIGN (0x2)
 *(.fini9)
 .fini9         0x00009d9c        0x0 c:/program files/atmel/studio/7.0/toolchain/avr8/avr8-gnu-toolchain/bin/../lib/gcc/avr/4.9.2/avr51\libgcc.a(_exit.o)
                0x00009d9c                _exit
                0x00009d9c                exit
 *(.fini9)
 *(.fini8)
 *(.fini8)
 *(.fini7)
 *(.fini7)
 *(.fini6)
 .fini6         0x00009d9c       0x14 c:/program files/atmel/studio/7.0/toolchain/avr8/avr8-gnu-toolchain/bin/../lib/gcc/avr/4.9.2/avr51\libgcc.a(_dtors.o)
                0x00009d9c                __do_global_dtors
 *(.fini6)
 *(.fini5)
 *(.fini5)
 *(.fini4)
 *(.fini4)
 *(.fini3)
 *(.fini3)
 *(.fini2)
 *(.fini2)
 *(.fini1)
 *(.fini1)
 *(.fini0)
 .fini0         0x00009db0        0x4 c:/program files/atmel/studio/7.0/toolchain/avr8/avr8-gnu-toolchain/bin/../lib/gcc/avr/4.9.2/avr51\libgcc.a(_exit.o)
 *(.fini0)
                0x00009db4                _etext = .

.data           0x00800100      0x34e load address 0x00009db4
                0x00800100                PROVIDE (__data_start, .)
 *(.data)
 .data          0x00800100        0x6 c:/program files/atmel/studio/7.0/toolchain/avr8/avr8-gnu-toolchain/bin/../lib/gcc/avr/4.9.2/../../../../avr/lib/avr51\libc.a(malloc.o)
                0x00800100                __malloc_heap_end
                0x00800102                __malloc_heap_start
                0x00800104                __malloc_margin
 *(.data*)
 .data.Stat     0x00800106        0x1 diskio.o
 *(.rodata)
 *(.rodata*)
 .rodata.str1.1
                0x00800107        0xf ff.o
 .rodata.ExCvt  0x00800116       0x80 ff.o
 .rodata.str1.1
                0x00800196      0x263 main.o
                                0x26f (size before relaxing)
 .rodata._ZTV3uhr
                0x008003f9        0xc main.o
                0x008003f9                _ZTV3uhr
 .rodata._ZTV5tacho
                0x00800405        0xc main.o
                0x00800405                _ZTV5tacho
 .rodata._ZTV7wandern
                0x00800411        0xc main.o
                0x00800411                _ZTV7wandern
 .rodata._ZTV13einstellungen
                0x0080041d        0xc main.o
                0x0080041d                _ZTV13einstellungen
 .rodata._ZTV9wilkommen
                0x00800429        0xc main.o
                0x00800429                _ZTV9wilkommen
 .rodata._ZTV5menue
                0x00800435        0xc main.o
                0x00800435                _ZTV5menue
 .rodata._ZTV9offscreen
                0x00800441        0xc main.o
                0x00800441                _ZTV9offscreen
 *(.gnu.linkonce.d*)
                0x0080044e                . = ALIGN (0x2)
 *fill*         0x0080044d        0x1 
                0x0080044e                _edata = .
                0x0080044e                PROVIDE (__data_end, .)

.bss            0x0080044e      0xa37
                0x0080044e                PROVIDE (__bss_start, .)
 *(.bss)
 *(.bss*)
 .bss.CardType  0x0080044e        0x1 diskio.o
 .bss.Timer2    0x0080044f        0x1 diskio.o
 .bss.Timer1    0x00800450        0x1 diskio.o
 .bss.Fsid      0x00800451        0x2 ff.o
 .bss.FatFs     0x00800453        0x2 ff.o
 .bss.logger    0x00800455      0x220 main.o
                0x00800455                logger
 .bss.FATFS_Obj
                0x00800675      0x22e main.o
                0x00800675                FATFS_Obj
 .bss.Fahrtzeit
                0x008008a3        0x4 main.o
                0x008008a3                Fahrtzeit
 .bss.maxgeschw
                0x008008a7        0x4 main.o
                0x008008a7                maxgeschw
 .bss.strecke   0x008008ab        0x4 main.o
                0x008008ab                strecke
 .bss.geschw    0x008008af        0x4 main.o
                0x008008af                geschw
 .bss.gpsJahr   0x008008b3        0x1 main.o
                0x008008b3                gpsJahr
 .bss.gpsMonat  0x008008b4        0x1 main.o
                0x008008b4                gpsMonat
 .bss.gpsTag    0x008008b5        0x1 main.o
                0x008008b5                gpsTag
 .bss.gpssekunde
                0x008008b6        0x1 main.o
                0x008008b6                gpssekunde
 .bss.gpsminute
                0x008008b7        0x1 main.o
                0x008008b7                gpsminute
 .bss.gpsstunde
                0x008008b8        0x1 main.o
                0x008008b8                gpsstunde
 .bss.gpsspeed  0x008008b9        0x4 main.o
                0x008008b9                gpsspeed
 .bss.lonavv    0x008008bd       0x10 main.o
                0x008008bd                lonavv
 .bss.lon       0x008008cd        0x4 main.o
                0x008008cd                lon
 .bss.latavv    0x008008d1       0x10 main.o
                0x008008d1                latavv
 .bss.lat       0x008008e1        0x4 main.o
                0x008008e1                lat
 .bss.gpscounter
                0x008008e5        0x1 main.o
                0x008008e5                gpscounter
 .bss.gpsdata   0x008008e6       0x48 main.o
                0x008008e6                gpsdata
 .bss.gpsstatus
                0x0080092e        0x1 main.o
                0x0080092e                gpsstatus
 .bss.FPS       0x0080092f        0x1 main.o
                0x0080092f                FPS
 .bss.position  0x00800930        0x1 main.o
                0x00800930                position
 .bss.statusreg
                0x00800931        0x1 main.o
                0x00800931                statusreg
 .bss.anzeige   0x00800932        0x1 main.o
                0x00800932                anzeige
 .bss.IRLED     0x00800933        0x2 main.o
                0x00800933                IRLED
 .bss.Vibrationsmotor
                0x00800935        0x2 main.o
                0x00800935                Vibrationsmotor
 .bss.LED       0x00800937        0x2 main.o
                0x00800937                LED
 .bss.batterie  0x00800939        0x4 main.o
                0x00800939                batterie
 .bss.druck     0x0080093d       0x2f main.o
                0x0080093d                druck
 .bss.Accelerometer
                0x0080096c       0xe9 main.o
                0x0080096c                Accelerometer
 .bss.Tastatur  0x00800a55        0xc main.o
                0x00800a55                Tastatur
 .bss.oled      0x00800a61      0x401 main.o
                0x00800a61                oled
 .bss.rtc       0x00800e62       0x1f main.o
                0x00800e62                rtc
 *(COMMON)
 COMMON         0x00800e81        0x4 c:/program files/atmel/studio/7.0/toolchain/avr8/avr8-gnu-toolchain/bin/../lib/gcc/avr/4.9.2/../../../../avr/lib/avr51\libc.a(malloc.o)
                0x00800e81                __brkval
                0x00800e83                __flp
                0x00800e85                PROVIDE (__bss_end, .)
                0x00009db4                __data_load_start = LOADADDR (.data)
                0x0000a102                __data_load_end = (__data_load_start + SIZEOF (.data))

.noinit         0x00800e85        0x0
                0x00800e85                PROVIDE (__noinit_start, .)
 *(.noinit*)
                0x00800e85                PROVIDE (__noinit_end, .)
                0x00800e85                _end = .
                0x00800e85                PROVIDE (__heap_start, .)

.eeprom         0x00810000        0x0
 *(.eeprom*)
                0x00810000                __eeprom_end = .

.fuse
 *(.fuse)
 *(.lfuse)
 *(.hfuse)
 *(.efuse)

.lock
 *(.lock*)

.signature
 *(.signature*)

.user_signatures
 *(.user_signatures*)

.stab
 *(.stab)

.stabstr
 *(.stabstr)

.stab.excl
 *(.stab.excl)

.stab.exclstr
 *(.stab.exclstr)

.stab.index
 *(.stab.index)

.stab.indexstr
 *(.stab.indexstr)

.comment        0x00000000       0x5c
 *(.comment)
 .comment       0x00000000       0x30 BMP180.o
                                 0x31 (size before relaxing)
 .comment       0x00000030       0x31 diskio.o
 .comment       0x00000030       0x31 Display.o
 .comment       0x00000030       0x31 ff.o
 .comment       0x00000030       0x31 I2C.o
 .comment       0x00000030       0x31 Interface.o
 .comment       0x00000030       0x31 LSM303D.o
 .comment       0x00000030       0x31 main.o
 .comment       0x00000030       0x31 Output.o
 .comment       0x00000030       0x31 RTC.o
 .comment       0x00000030       0x2c c:/program files/atmel/studio/7.0/toolchain/avr8/avr8-gnu-toolchain/bin/../lib/gcc/avr/4.9.2/../../../../avr/lib/avr51\libprintf_flt.a(vfprintf_flt.o)
                                 0x2d (size before relaxing)
 .comment       0x0000005c       0x31 c:/program files/atmel/studio/7.0/toolchain/avr8/avr8-gnu-toolchain/bin/../lib/gcc/avr/4.9.2/../../../../avr/lib/avr51\libc.a(malloc.o)
 .comment       0x0000005c       0x31 c:/program files/atmel/studio/7.0/toolchain/avr8/avr8-gnu-toolchain/bin/../lib/gcc/avr/4.9.2/../../../../avr/lib/avr51\libc.a(fputc.o)
 .comment       0x0000005c       0x31 c:/program files/atmel/studio/7.0/toolchain/avr8/avr8-gnu-toolchain/bin/../lib/gcc/avr/4.9.2/../../../../avr/lib/avr51\libc.a(sprintf.o)

.note.gnu.avr.deviceinfo
                0x00000000       0x40
 .note.gnu.avr.deviceinfo
                0x00000000       0x40 C:/Program Files/Atmel/Studio/7.0/Packs/atmel/ATmega_DFP/1.0.98/gcc/dev/atmega1284p/avr51/crtatmega1284p.o

.note.gnu.build-id
 *(.note.gnu.build-id)

.debug
 *(.debug)

.line
 *(.line)

.debug_srcinfo
 *(.debug_srcinfo)

.debug_sfnames
 *(.debug_sfnames)

.debug_aranges  0x00000000      0x5f0
 *(.debug_aranges)
 .debug_aranges
                0x00000000       0x78 BMP180.o
 .debug_aranges
                0x00000078       0x80 diskio.o
 .debug_aranges
                0x000000f8       0xb8 Display.o
 .debug_aranges
                0x000001b0       0xe8 ff.o
 .debug_aranges
                0x00000298       0x58 I2C.o
 .debug_aranges
                0x000002f0       0x58 Interface.o
 .debug_aranges
                0x00000348       0x70 LSM303D.o
 .debug_aranges
                0x000003b8      0x180 main.o
 .debug_aranges
                0x00000538       0x48 Output.o
 .debug_aranges
                0x00000580       0x70 RTC.o

.debug_pubnames
 *(.debug_pubnames)

.debug_info     0x00000000     0xe791
 *(.debug_info .gnu.linkonce.wi.*)
 .debug_info    0x00000000      0xf3c BMP180.o
 .debug_info    0x00000f3c      0xd52 diskio.o
 .debug_info    0x00001c8e     0x2490 Display.o
 .debug_info    0x0000411e     0x24b1 ff.o
 .debug_info    0x000065cf      0x371 I2C.o
 .debug_info    0x00006940      0xd25 Interface.o
 .debug_info    0x00007665      0xd77 LSM303D.o
 .debug_info    0x000083dc     0x5990 main.o
 .debug_info    0x0000dd6c      0x3f7 Output.o
 .debug_info    0x0000e163      0x62e RTC.o

.debug_abbrev   0x00000000     0x2066
 *(.debug_abbrev)
 .debug_abbrev  0x00000000      0x303 BMP180.o
 .debug_abbrev  0x00000303      0x27a diskio.o
 .debug_abbrev  0x0000057d      0x379 Display.o
 .debug_abbrev  0x000008f6      0x310 ff.o
 .debug_abbrev  0x00000c06      0x1a6 I2C.o
 .debug_abbrev  0x00000dac      0x2b6 Interface.o
 .debug_abbrev  0x00001062      0x338 LSM303D.o
 .debug_abbrev  0x0000139a      0x896 main.o
 .debug_abbrev  0x00001c30      0x1e0 Output.o
 .debug_abbrev  0x00001e10      0x256 RTC.o

.debug_line     0x00000000     0x5cd5
 *(.debug_line .debug_line.* .debug_line_end)
 .debug_line    0x00000000      0x4a5 BMP180.o
 .debug_line    0x000004a5      0x777 diskio.o
 .debug_line    0x00000c1c      0x90c Display.o
 .debug_line    0x00001528     0x19a5 ff.o
 .debug_line    0x00002ecd      0x191 I2C.o
 .debug_line    0x0000305e      0x545 Interface.o
 .debug_line    0x000035a3      0x555 LSM303D.o
 .debug_line    0x00003af8     0x1b85 main.o
 .debug_line    0x0000567d      0x211 Output.o
 .debug_line    0x0000588e      0x447 RTC.o

.debug_frame    0x00000000     0x1b80
 *(.debug_frame)
 .debug_frame   0x00000000      0x234 BMP180.o
 .debug_frame   0x00000234      0x1bc diskio.o
 .debug_frame   0x000003f0      0x3ec Display.o
 .debug_frame   0x000007dc      0x6b8 ff.o
 .debug_frame   0x00000e94       0x94 I2C.o
 .debug_frame   0x00000f28       0xb0 Interface.o
 .debug_frame   0x00000fd8      0x238 LSM303D.o
 .debug_frame   0x00001210      0x808 main.o
 .debug_frame   0x00001a18       0x74 Output.o
 .debug_frame   0x00001a8c       0xf4 RTC.o

.debug_str      0x00000000     0x1cca
 *(.debug_str)
 .debug_str     0x00000000      0x54a BMP180.o
                                0x5c2 (size before relaxing)
 .debug_str     0x0000054a      0x236 diskio.o
                                0x2fb (size before relaxing)
 .debug_str     0x00000780      0x40c Display.o
                                0x6cc (size before relaxing)
 .debug_str     0x00000b8c      0x3ce ff.o
                                0x60f (size before relaxing)
 .debug_str     0x00000f5a       0x25 I2C.o
                                0x291 (size before relaxing)
 .debug_str     0x00000f7f      0x159 Interface.o
                                0x36e (size before relaxing)
 .debug_str     0x000010d8      0x224 LSM303D.o
                                0x4d8 (size before relaxing)
 .debug_str     0x000012fc      0x958 main.o
                               0x17dc (size before relaxing)
 .debug_str     0x00001c54       0x51 Output.o
                                0x278 (size before relaxing)
 .debug_str     0x00001ca5       0x25 RTC.o
                                0x37e (size before relaxing)

.debug_loc      0x00000000     0xdad2
 *(.debug_loc)
 .debug_loc     0x00000000     0x1046 BMP180.o
 .debug_loc     0x00001046      0xd1e diskio.o
 .debug_loc     0x00001d64     0x1f36 Display.o
 .debug_loc     0x00003c9a     0x4f59 ff.o
 .debug_loc     0x00008bf3      0x128 I2C.o
 .debug_loc     0x00008d1b      0xac7 Interface.o
 .debug_loc     0x000097e2      0xf76 LSM303D.o
 .debug_loc     0x0000a758     0x2d10 main.o
 .debug_loc     0x0000d468      0x397 Output.o
 .debug_loc     0x0000d7ff      0x2d3 RTC.o

.debug_macinfo
 *(.debug_macinfo)

.debug_weaknames
 *(.debug_weaknames)

.debug_funcnames
 *(.debug_funcnames)

.debug_typenames
 *(.debug_typenames)

.debug_varnames
 *(.debug_varnames)

.debug_pubtypes
 *(.debug_pubtypes)

.debug_ranges   0x00000000      0x6c0
 *(.debug_ranges)
 .debug_ranges  0x00000000       0x68 BMP180.o
 .debug_ranges  0x00000068       0x70 diskio.o
 .debug_ranges  0x000000d8      0x108 Display.o
 .debug_ranges  0x000001e0      0x1d0 ff.o
 .debug_ranges  0x000003b0       0x48 I2C.o
 .debug_ranges  0x000003f8       0x48 Interface.o
 .debug_ranges  0x00000440       0x60 LSM303D.o
 .debug_ranges  0x000004a0      0x188 main.o
 .debug_ranges  0x00000628       0x38 Output.o
 .debug_ranges  0x00000660       0x60 RTC.o

.debug_macro
 *(.debug_macro)
OUTPUT(FWCP_MK3.elf elf32-avr)
LOAD linker stubs
