Archive member included to satisfy reference by file (symbol)

c:/program files (x86)/atmel/studio/7.0/toolchain/avr8/avr8-gnu-toolchain/bin/../lib/gcc/avr/4.9.2/../../../../avr/lib/avr51\libm.a(addsf3.o)
                              Display.o (__subsf3)
c:/program files (x86)/atmel/studio/7.0/toolchain/avr8/avr8-gnu-toolchain/bin/../lib/gcc/avr/4.9.2/../../../../avr/lib/avr51\libm.a(addsf3x.o)
                              c:/program files (x86)/atmel/studio/7.0/toolchain/avr8/avr8-gnu-toolchain/bin/../lib/gcc/avr/4.9.2/../../../../avr/lib/avr51\libm.a(addsf3.o) (__addsf3x)
c:/program files (x86)/atmel/studio/7.0/toolchain/avr8/avr8-gnu-toolchain/bin/../lib/gcc/avr/4.9.2/../../../../avr/lib/avr51\libm.a(atan2.o)
                              Kompass.o (atan2)
c:/program files (x86)/atmel/studio/7.0/toolchain/avr8/avr8-gnu-toolchain/bin/../lib/gcc/avr/4.9.2/../../../../avr/lib/avr51\libm.a(atan.o)
                              c:/program files (x86)/atmel/studio/7.0/toolchain/avr8/avr8-gnu-toolchain/bin/../lib/gcc/avr/4.9.2/../../../../avr/lib/avr51\libm.a(atan2.o) (atan)
c:/program files (x86)/atmel/studio/7.0/toolchain/avr8/avr8-gnu-toolchain/bin/../lib/gcc/avr/4.9.2/../../../../avr/lib/avr51\libm.a(cmpsf2.o)
                              Kompass.o (__ltsf2)
c:/program files (x86)/atmel/studio/7.0/toolchain/avr8/avr8-gnu-toolchain/bin/../lib/gcc/avr/4.9.2/../../../../avr/lib/avr51\libm.a(cos.o)
                              Display.o (cos)
c:/program files (x86)/atmel/studio/7.0/toolchain/avr8/avr8-gnu-toolchain/bin/../lib/gcc/avr/4.9.2/../../../../avr/lib/avr51\libm.a(divsf3.o)
                              BMP180.o (__divsf3)
c:/program files (x86)/atmel/studio/7.0/toolchain/avr8/avr8-gnu-toolchain/bin/../lib/gcc/avr/4.9.2/../../../../avr/lib/avr51\libm.a(divsf3x.o)
                              c:/program files (x86)/atmel/studio/7.0/toolchain/avr8/avr8-gnu-toolchain/bin/../lib/gcc/avr/4.9.2/../../../../avr/lib/avr51\libm.a(divsf3.o) (__divsf3x)
c:/program files (x86)/atmel/studio/7.0/toolchain/avr8/avr8-gnu-toolchain/bin/../lib/gcc/avr/4.9.2/../../../../avr/lib/avr51\libm.a(fixsfsi.o)
                              Kompass.o (__fixsfsi)
c:/program files (x86)/atmel/studio/7.0/toolchain/avr8/avr8-gnu-toolchain/bin/../lib/gcc/avr/4.9.2/../../../../avr/lib/avr51\libm.a(fixunssfsi.o)
                              Display.o (__fixunssfsi)
c:/program files (x86)/atmel/studio/7.0/toolchain/avr8/avr8-gnu-toolchain/bin/../lib/gcc/avr/4.9.2/../../../../avr/lib/avr51\libm.a(floatsisf.o)
                              BMP180.o (__floatunsisf)
c:/program files (x86)/atmel/studio/7.0/toolchain/avr8/avr8-gnu-toolchain/bin/../lib/gcc/avr/4.9.2/../../../../avr/lib/avr51\libm.a(fp_cmp.o)
                              c:/program files (x86)/atmel/studio/7.0/toolchain/avr8/avr8-gnu-toolchain/bin/../lib/gcc/avr/4.9.2/../../../../avr/lib/avr51\libm.a(cmpsf2.o) (__fp_cmp)
c:/program files (x86)/atmel/studio/7.0/toolchain/avr8/avr8-gnu-toolchain/bin/../lib/gcc/avr/4.9.2/../../../../avr/lib/avr51\libm.a(fp_inf.o)
                              c:/program files (x86)/atmel/studio/7.0/toolchain/avr8/avr8-gnu-toolchain/bin/../lib/gcc/avr/4.9.2/../../../../avr/lib/avr51\libm.a(addsf3x.o) (__fp_inf)
c:/program files (x86)/atmel/studio/7.0/toolchain/avr8/avr8-gnu-toolchain/bin/../lib/gcc/avr/4.9.2/../../../../avr/lib/avr51\libm.a(fp_nan.o)
                              c:/program files (x86)/atmel/studio/7.0/toolchain/avr8/avr8-gnu-toolchain/bin/../lib/gcc/avr/4.9.2/../../../../avr/lib/avr51\libm.a(addsf3x.o) (__fp_nan)
c:/program files (x86)/atmel/studio/7.0/toolchain/avr8/avr8-gnu-toolchain/bin/../lib/gcc/avr/4.9.2/../../../../avr/lib/avr51\libm.a(fp_powser.o)
                              c:/program files (x86)/atmel/studio/7.0/toolchain/avr8/avr8-gnu-toolchain/bin/../lib/gcc/avr/4.9.2/../../../../avr/lib/avr51\libm.a(atan.o) (__fp_powser)
c:/program files (x86)/atmel/studio/7.0/toolchain/avr8/avr8-gnu-toolchain/bin/../lib/gcc/avr/4.9.2/../../../../avr/lib/avr51\libm.a(fp_pscA.o)
                              c:/program files (x86)/atmel/studio/7.0/toolchain/avr8/avr8-gnu-toolchain/bin/../lib/gcc/avr/4.9.2/../../../../avr/lib/avr51\libm.a(addsf3x.o) (__fp_pscA)
c:/program files (x86)/atmel/studio/7.0/toolchain/avr8/avr8-gnu-toolchain/bin/../lib/gcc/avr/4.9.2/../../../../avr/lib/avr51\libm.a(fp_pscB.o)
                              c:/program files (x86)/atmel/studio/7.0/toolchain/avr8/avr8-gnu-toolchain/bin/../lib/gcc/avr/4.9.2/../../../../avr/lib/avr51\libm.a(addsf3x.o) (__fp_pscB)
c:/program files (x86)/atmel/studio/7.0/toolchain/avr8/avr8-gnu-toolchain/bin/../lib/gcc/avr/4.9.2/../../../../avr/lib/avr51\libm.a(fp_rempio2.o)
                              c:/program files (x86)/atmel/studio/7.0/toolchain/avr8/avr8-gnu-toolchain/bin/../lib/gcc/avr/4.9.2/../../../../avr/lib/avr51\libm.a(cos.o) (__fp_rempio2)
[...]
Memory Configuration

Name             Origin             Length             Attributes
text             0x00000000         0x00020000         xr
data             0x00800100         0x0000ff00         rw !x
eeprom           0x00810000         0x00010000         rw !x
fuse             0x00820000         0x00000400         rw !x
lock             0x00830000         0x00000400         rw !x
signature        0x00840000         0x00000400         rw !x
user_signatures  0x00850000         0x00000400         rw !x
*default*        0x00000000         0xffffffff

Linker script and memory map

Address of section .data set to 0x800100
LOAD C:/Program Files (x86)/Atmel/Studio/7.0/Packs/atmel/ATmega_DFP/1.0.90/gcc/dev/atmega1284p/avr51/crtatmega1284p.o
LOAD BMP180.o
LOAD diskio.o
LOAD Display.o
LOAD ff.o
LOAD I2C.o
LOAD Interface.o
LOAD Kompass.o
LOAD LSM303D.o
LOAD main.o
LOAD Output.o
LOAD RTC.o
LOAD SOUND.o
START GROUP
LOAD c:/program files (x86)/atmel/studio/7.0/toolchain/avr8/avr8-gnu-toolchain/bin/../lib/gcc/avr/4.9.2/../../../../avr/lib/avr51\libm.a
LOAD c:/program files (x86)/atmel/studio/7.0/toolchain/avr8/avr8-gnu-toolchain/bin/../lib/gcc/avr/4.9.2/../../../../avr/lib/avr51\libprintf_flt.a
END GROUP
LOAD c:/program files (x86)/atmel/studio/7.0/toolchain/avr8/avr8-gnu-toolchain/bin/../lib/gcc/avr/4.9.2/avr51\libgcc.a
LOAD c:/program files (x86)/atmel/studio/7.0/toolchain/avr8/avr8-gnu-toolchain/bin/../lib/gcc/avr/4.9.2/../../../../avr/lib/avr51\libm.a
START GROUP
LOAD c:/program files (x86)/atmel/studio/7.0/toolchain/avr8/avr8-gnu-toolchain/bin/../lib/gcc/avr/4.9.2/avr51\libgcc.a
LOAD c:/program files (x86)/atmel/studio/7.0/toolchain/avr8/avr8-gnu-toolchain/bin/../lib/gcc/avr/4.9.2/../../../../avr/lib/avr51\libm.a
LOAD c:/program files (x86)/atmel/studio/7.0/toolchain/avr8/avr8-gnu-toolchain/bin/../lib/gcc/avr/4.9.2/../../../../avr/lib/avr51\libc.a
LOAD C:/Program Files (x86)/Atmel/Studio/7.0/Packs/atmel/ATmega_DFP/1.0.90/gcc/dev/atmega1284p/avr51\libatmega1284p.a
END GROUP

.hash
 *(.hash)

.dynsym
 *(.dynsym)

.dynstr
 *(.dynstr)

.gnu.version
 *(.gnu.version)

.gnu.version_d
 *(.gnu.version_d)

.gnu.version_r
 *(.gnu.version_r)

.rel.init
 *(.rel.init)

.rela.init
 *(.rela.init)

.rel.text
 *(.rel.text)
 *(.rel.text.*)
 *(.rel.gnu.linkonce.t*)

.rela.text
 *(.rela.text)
 *(.rela.text.*)
 *(.rela.gnu.linkonce.t*)

.rel.fini
 *(.rel.fini)

.rela.fini
 *(.rela.fini)

.rel.rodata
 *(.rel.rodata)
 *(.rel.rodata.*)
 *(.rel.gnu.linkonce.r*)

.rela.rodata
 *(.rela.rodata)
 *(.rela.rodata.*)
 *(.rela.gnu.linkonce.r*)

.rel.data
 *(.rel.data)
 *(.rel.data.*)
 *(.rel.gnu.linkonce.d*)

.rela.data
 *(.rela.data)
 *(.rela.data.*)
 *(.rela.gnu.linkonce.d*)

.rel.ctors
 *(.rel.ctors)

.rela.ctors
 *(.rela.ctors)

.rel.dtors
 *(.rel.dtors)

.rela.dtors
 *(.rela.dtors)

.rel.got
 *(.rel.got)

.rela.got
 *(.rela.got)

.rel.bss
 *(.rel.bss)

.rela.bss
 *(.rela.bss)

.rel.plt
 *(.rel.plt)

.rela.plt
 *(.rela.plt)

.text           0x00000000     0x9252
 *(.vectors)
 .vectors       0x00000000       0x8c C:/Program Files (x86)/Atmel/Studio/7.0/Packs/atmel/ATmega_DFP/1.0.90/gcc/dev/atmega1284p/avr51/crtatmega1284p.o
                0x00000000                __vector_default
                0x00000000                __vectors
 *(.vectors)
 *(.progmem.gcc*)
 .progmem.gcc_sw_table.disk_ioctl
                0x0000008c       0x6e diskio.o
 .progmem.gcc_sw_table.f_printf
                0x000000fa       0x2e ff.o
 .progmem.gcc_sw_table._ZN9Interface7unifiedEv
                0x00000128       0x2e Interface.o
 .progmem.gcc_sw_table._Z19maininterupthandlerP7monitorh
                0x00000156       0x8c main.o
 .progmem.gcc_sw_table._Z13uhreinstellenv
                0x000001e2       0x14 main.o
 .progmem.gcc_fplib
                0x000001f6       0x1e c:/program files (x86)/atmel/studio/7.0/toolchain/avr8/avr8-gnu-toolchain/bin/../lib/gcc/avr/4.9.2/../../../../avr/lib/avr51\libm.a(fp_sinus.o)
 .progmem.gcc_fplib
                0x00000214       0x28 c:/program files (x86)/atmel/studio/7.0/toolchain/avr8/avr8-gnu-toolchain/bin/../lib/gcc/avr/4.9.2/../../../../avr/lib/avr51\libm.a(exp.o)
 .progmem.gcc_fplib
                0x0000023c       0x5a c:/program files (x86)/atmel/studio/7.0/toolchain/avr8/avr8-gnu-toolchain/bin/../lib/gcc/avr/4.9.2/../../../../avr/lib/avr51\libm.a(log.o)
                0x00000296                . = ALIGN (0x2)
                0x00000296                __trampolines_start = .
 *(.trampolines)
 .trampolines   0x00000296        0x0 linker stubs
 *(.trampolines*)
                0x00000296                __trampolines_end = .
 *(.progmem*)
 .progmem.data._ZL11digits16x16
                0x00000296      0x140 Display.o
 .progmem.data._ZL7font5x8
                0x000003d6      0x1d6 Display.o
 .progmem.data  0x000005ac        0x8 c:/program files (x86)/atmel/studio/7.0/toolchain/avr8/avr8-gnu-toolchain/bin/../lib/gcc/avr/4.9.2/../../../../avr/lib/avr51\libprintf_flt.a(vfprintf_flt.o)
 .progmem.data  0x000005b4       0xfa c:/program files (x86)/atmel/studio/7.0/toolchain/avr8/avr8-gnu-toolchain/bin/../lib/gcc/avr/4.9.2/../../../../avr/lib/avr51\libc.a(ftoa_engine.o)
                0x000006ae                . = ALIGN (0x2)
 *(.jumptables)
 *(.jumptables*)
 *(.lowtext)
 *(.lowtext*)
                0x000006ae                __ctors_start = .
 *(.ctors)
 .ctors         0x000006ae        0x2 main.o
                0x000006b0                __ctors_end = .
                0x000006b0                __dtors_start = .
 *(.dtors)
 .dtors         0x000006b0        0x2 main.o
                0x000006b2                __dtors_end = .
 SORT(*)(.ctors)
 SORT(*)(.dtors)
 *(.init0)
 .init0         0x000006b2        0x0 C:/Program Files (x86)/Atmel/Studio/7.0/Packs/atmel/ATmega_DFP/1.0.90/gcc/dev/atmega1284p/avr51/crtatmega1284p.o
                0x000006b2                __init
 *(.init0)
 *(.init1)
 *(.init1)
 *(.init2)
 .init2         0x000006b2        0xc C:/Program Files (x86)/Atmel/Studio/7.0/Packs/atmel/ATmega_DFP/1.0.90/gcc/dev/atmega1284p/avr51/crtatmega1284p.o
 *(.init2)
 *(.init3)
 *(.init3)
 *(.init4)
 .init4         0x000006be       0x1a c:/program files (x86)/atmel/studio/7.0/toolchain/avr8/avr8-gnu-toolchain/bin/../lib/gcc/avr/4.9.2/avr51\libgcc.a(_copy_data.o)
                0x000006be                __do_copy_data
 .init4         0x000006d8       0x10 c:/program files (x86)/atmel/studio/7.0/toolchain/avr8/avr8-gnu-toolchain/bin/../lib/gcc/avr/4.9.2/avr51\libgcc.a(_clear_bss.o)
                0x000006d8                __do_clear_bss
 *(.init4)
 *(.init5)
 *(.init5)
 *(.init6)
 .init6         0x000006e8       0x16 c:/program files (x86)/atmel/studio/7.0/toolchain/avr8/avr8-gnu-toolchain/bin/../lib/gcc/avr/4.9.2/avr51\libgcc.a(_ctors.o)
                0x000006e8                __do_global_ctors
 *(.init6)
 *(.init7)
 *(.init7)
 *(.init8)
 *(.init8)
 *(.init9)
 .init9         0x000006fe        0x8 C:/Program Files (x86)/Atmel/Studio/7.0/Packs/atmel/ATmega_DFP/1.0.90/gcc/dev/atmega1284p/avr51/crtatmega1284p.o
 *(.init9)
 *(.text)
 .text          0x00000706        0x2 C:/Program Files (x86)/Atmel/Studio/7.0/Packs/atmel/ATmega_DFP/1.0.90/gcc/dev/atmega1284p/avr51/crtatmega1284p.o
                0x00000706                __vector_22
                0x00000706                __vector_28
                0x00000706                __vector_1
                0x00000706                __vector_32
                0x00000706                __vector_34
                0x00000706                __vector_24
                0x00000706                __vector_12
                0x00000706                __bad_interrupt
                0x00000706                __vector_6
                0x00000706                __vector_31
                0x00000706                __vector_3
                0x00000706                __vector_23
                0x00000706                __vector_30
                0x00000706                __vector_25
                0x00000706                __vector_17
                0x00000706                __vector_19
                0x00000706                __vector_7
                0x00000706                __vector_27
                0x00000706                __vector_5
                0x00000706                __vector_33
                0x00000706                __vector_4
                0x00000706                __vector_9
                0x00000706                __vector_2
                0x00000706                __vector_21
                0x00000706                __vector_15
                0x00000706                __vector_29
                0x00000706                __vector_8
                0x00000706                __vector_26
                0x00000706                __vector_14
                0x00000706                __vector_10
                0x00000706                __vector_18
                0x00000708                . = ALIGN (0x2)
 *(.text.*)
 .text._ZN6BMP180D2Ev
                0x00000708        0x8 BMP180.o
                0x00000708                _ZN6BMP180D1Ev
                0x00000708                _ZN6BMP180D2Ev
 .text._ZN6BMP18015bmp180_writememEhh
                0x00000710       0x3e BMP180.o
                0x00000710                _ZN6BMP18015bmp180_writememEhh
 .text._ZN6BMP18014bmp180_readmemEhPhh
                0x0000074e       0xac BMP180.o
                0x0000074e                _ZN6BMP18014bmp180_readmemEhPhh
 .text._ZN6BMP18021bmp180_getcalibrationEv
                0x000007fa      0x1a4 BMP180.o
                0x000007fa                _ZN6BMP18021bmp180_getcalibrationEv
 .text._ZN6BMP180C2Ev
                0x0000099e       0x26 BMP180.o
                0x0000099e                _ZN6BMP180C1Ev
                0x0000099e                _ZN6BMP180C2Ev
 .text._ZN6BMP18021bmp180_gettemperatureEv
                0x000009c4      0x148 BMP180.o
                0x000009c4                _ZN6BMP18021bmp180_gettemperatureEv
 .text._ZN6BMP18018bmp180_getpressureEv
                0x00000b0c      0x2de BMP180.o
                0x00000b0c                _ZN6BMP18018bmp180_getpressureEv
 .text._ZN6BMP18018bmp180_getaltitudeEv
                0x00000dea        0x4 BMP180.o
                0x00000dea                _ZN6BMP18018bmp180_getaltitudeEv
 .text.power_off
                0x00000dee        0xc diskio.o
 .text.xchg_spi
                0x00000dfa        0xc diskio.o
 .text.deselect
                0x00000e06        0x8 diskio.o
 .text.select   0x00000e0e       0x2a diskio.o
 .text.rcvr_datablock
                0x00000e38       0x72 diskio.o
 .text.send_cmd
                0x00000eaa       0xac diskio.o
 .text.xmit_datablock
                0x00000f56       0x7c diskio.o
 .text.disk_initialize
                0x00000fd2      0x182 diskio.o
                0x00000fd2                disk_initialize
 .text.disk_status
                0x00001154        0xe diskio.o
                0x00001154                disk_status
 .text.disk_read
                0x00001162       0xa4 diskio.o
                0x00001162                disk_read
 .text.disk_write
                0x00001206       0xdc diskio.o
                0x00001206                disk_write
 .text.disk_ioctl
                0x000012e2      0x338 diskio.o
                0x000012e2                disk_ioctl
 .text.disk_timerproc
                0x0000161a       0x26 diskio.o
                0x0000161a                disk_timerproc
 .text._ZN7DisplayD2Ev
                0x00001640        0x8 Display.o
                0x00001640                _ZN7DisplayD2Ev
                0x00001640                _ZN7DisplayD1Ev
 .text._ZN7Display10clearFrameEv
                0x00001648        0xe Display.o
                0x00001648                _ZN7Display10clearFrameEv
 .text._ZN7Display15ssd1306_commandEh
                0x00001656       0x38 Display.o
                0x00001656                _ZN7Display15ssd1306_commandEh
 .text._ZN7Display17InitializeDisplayEv
                0x0000168e       0xa0 Display.o
                0x0000168e                _ZN7Display17InitializeDisplayEv
 .text._ZN7DisplayC2Ev
                0x0000172e       0x1a Display.o
                0x0000172e                _ZN7DisplayC2Ev
                0x0000172e                _ZN7DisplayC1Ev
 .text._ZN7Display9sendFrameEv
                0x00001748       0x6e Display.o
                0x00001748                _ZN7Display9sendFrameEv
 .text._ZN7Display9drawPixelEhhh
                0x000017b6       0x70 Display.o
                0x000017b6                _ZN7Display9drawPixelEhhh
 .text._ZN7Display9drawVLineEhhh
                0x00001826       0x34 Display.o
                0x00001826                _ZN7Display9drawVLineEhhh
 .text._ZN7Display9drawHLineEhhh
                0x0000185a       0x34 Display.o
                0x0000185a                _ZN7Display9drawHLineEhhh
 .text._ZN7Display9draw_ASCIEhhh
                0x0000188e       0x94 Display.o
                0x0000188e                _ZN7Display9draw_ASCIEhhh
 .text._ZN7Display16draw_number16x16Ehhh
                0x00001922       0xf4 Display.o
                0x00001922                _ZN7Display16draw_number16x16Ehhh
 .text._ZN7Display6analogEhhhh
                0x00001a16      0x4f2 Display.o
                0x00001a16                _ZN7Display6analogEhhhh
 .text.mem_cpy  0x00001f08       0x1c ff.o
 .text.ld_clust
                0x00001f24       0x44 ff.o
 .text.get_ldnumber
                0x00001f68       0x6e ff.o
 .text.sync_window
                0x00001fd6       0xd2 ff.o
 .text.move_window
                0x000020a8       0x78 ff.o
 .text.check_fs
                0x00002120       0xd0 ff.o
 .text.validate
                0x000021f0       0x4a ff.o
 .text.find_volume
                0x0000223a      0x784 ff.o
 .text.clust2sect
                0x000029be       0x5c ff.o
                0x000029be                clust2sect
 .text.get_fat  0x00002a1a      0x1fe ff.o
                0x00002a1a                get_fat
 .text.dir_sdi  0x00002c18      0x176 ff.o
 .text.put_fat  0x00002d8e      0x24e ff.o
                0x00002d8e                put_fat
 .text.create_chain
                0x00002fdc      0x21e ff.o
 .text.dir_next
                0x000031fa      0x276 ff.o
 .text.f_mount  0x00003470       0xa6 ff.o
                0x00003470                f_mount
 .text.f_open   0x00003516      0x694 ff.o
                0x00003516                f_open
 .text.f_write  0x00003baa      0x3f4 ff.o
                0x00003baa                f_write
 .text.putc_bfd
                0x00003f9e       0x88 ff.o
 .text.f_sync   0x00004026      0x19a ff.o
                0x00004026                f_sync
 .text.f_close  0x000041c0       0x20 ff.o
                0x000041c0                f_close
 .text.f_printf
                0x000041e0      0x494 ff.o
                0x000041e0                f_printf
 .text._ZN3I2CC2Ev
                0x00004674        0x8 I2C.o
                0x00004674                _ZN3I2CC2Ev
                0x00004674                _ZN3I2CC1Ev
 .text._ZN3I2CD2Ev
                0x0000467c        0x2 I2C.o
                0x0000467c                _ZN3I2CD1Ev
                0x0000467c                _ZN3I2CD2Ev
 .text._ZN3I2C9twi_startEv
                0x0000467e        0x8 I2C.o
                0x0000467e                _ZN3I2C9twi_startEv
 .text._ZN3I2C8twi_stopEv
                0x00004686        0x8 I2C.o
                0x00004686                _ZN3I2C8twi_stopEv
 .text._ZN3I2C9twi_writeEh
                0x0000468e       0x20 I2C.o
                0x0000468e                _ZN3I2C9twi_writeEh
 .text._ZN3I2C8twi_readEh
                0x000046ae       0x22 I2C.o
                0x000046ae                _ZN3I2C8twi_readEh
 .text._ZN9InterfaceC2Ev
                0x000046d0       0x26 Interface.o
                0x000046d0                _ZN9InterfaceC1Ev
                0x000046d0                _ZN9InterfaceC2Ev
 .text._ZN9InterfaceD2Ev
                0x000046f6        0x2 Interface.o
                0x000046f6                _ZN9InterfaceD1Ev
                0x000046f6                _ZN9InterfaceD2Ev
 .text._ZN9Interface7paradebEPVhhPh
                0x000046f8       0x4c Interface.o
                0x000046f8                _ZN9Interface7paradebEPVhhPh
 .text._ZN9Interface6TasterEv
                0x00004744      0x15a Interface.o
                0x00004744                _ZN9Interface6TasterEv
 .text._ZN9Interface7unifiedEv
                0x0000489e       0x48 Interface.o
                0x0000489e                _ZN9Interface7unifiedEv
 .text._ZN9Interface17ZahlenausTastaturEv
                0x000048e6       0x16 Interface.o
                0x000048e6                _ZN9Interface17ZahlenausTastaturEv
 .text._ZN7LSM303DD2Ev
                0x000048fc        0x6 LSM303D.o
                0x000048fc                _ZN7LSM303DD1Ev
                0x000048fc                _ZN7LSM303DD2Ev
 .text._ZN7LSM303D14LSM303_commandEhh
                0x00004902       0x34 LSM303D.o
                0x00004902                _ZN7LSM303D14LSM303_commandEhh
 .text._ZN7LSM303D13ACCBypassmodeEv
                0x00004936        0x8 LSM303D.o
                0x00004936                _ZN7LSM303D13ACCBypassmodeEv
 .text._ZN7LSM303D9acce_initEv
                0x0000493e       0x26 LSM303D.o
                0x0000493e                _ZN7LSM303D9acce_initEv
 .text._ZN7LSM303DC2Ev
                0x00004964       0x7c LSM303D.o
                0x00004964                _ZN7LSM303DC2Ev
                0x00004964                _ZN7LSM303DC1Ev
 .text._ZN7monitor11tastendruckEPh
                0x000049e0        0x4 main.o
                0x000049e0                _ZN7monitor11tastendruckEPh
 .text._ZN3uhr11tastendruckEPh
                0x000049e4       0x1c main.o
                0x000049e4                _ZN3uhr11tastendruckEPh
 .text._ZN13einstellungen11tastendruckEPh
                0x00004a00        0x4 main.o
                0x00004a00                _ZN13einstellungen11tastendruckEPh
 .text._ZN5menue11tastendruckEPh
                0x00004a04        0x4 main.o
                0x00004a04                _ZN5menue11tastendruckEPh
 .text._ZN9offscreen4drawEv
                0x00004a08       0x1c main.o
                0x00004a08                _ZN9offscreen4drawEv
 .text._ZN9wilkommen4drawEv
                0x00004a24       0xfa main.o
                0x00004a24                _ZN9wilkommen4drawEv
 .text._Z8ADC_Readh
                0x00004b1e       0x28 main.o
                0x00004b1e                _Z8ADC_Readh
 .text._Z14Batteriestatusv
                0x00004b46       0xe0 main.o
                0x00004b46                _Z14Batteriestatusv
 .text._ZN5menue4drawEv
                0x00004c26      0x218 main.o
                0x00004c26                _ZN5menue4drawEv
 .text._ZN5tacho4drawEv
                0x00004e3e      0x424 main.o
                0x00004e3e                _ZN5tacho4drawEv
 .text._ZN3uhr4drawEv
                0x00005262      0x14c main.o
                0x00005262                _ZN3uhr4drawEv
 .text._ZN7wandern4drawEv
                0x000053ae      0x294 main.o
                0x000053ae                _ZN7wandern4drawEv
 .text._Z12EEPROM_Writejh
                0x00005642       0x14 main.o
                0x00005642                _Z12EEPROM_Writejh
 .text._ZN7wandern11tastendruckEPh
                0x00005656       0x98 main.o
                0x00005656                _ZN7wandern11tastendruckEPh
 .text._Z11EEPROM_Readj
                0x000056ee       0x12 main.o
                0x000056ee                _Z11EEPROM_Readj
 .text.__vector_16
                0x00005700       0x50 main.o
                0x00005700                __vector_16
 .text.__vector_11
                0x00005750       0x38 main.o
                0x00005750                __vector_11
 .text.__vector_13
                0x00005788       0x22 main.o
                0x00005788                __vector_13
 .text.__vector_20
                0x000057aa       0xcc main.o
                0x000057aa                __vector_20
 .text._Z6nullenv
                0x00005876       0x42 main.o
                0x00005876                _Z6nullenv
 .text._ZN5tacho11tastendruckEPh
                0x000058b8        0xe main.o
                0x000058b8                _ZN5tacho11tastendruckEPh
 .text._Z13reed_debouncePVhh
                0x000058c6       0x4a main.o
                0x000058c6                _Z13reed_debouncePVhh
 .text._Z15geschwindigkeitf
                0x00005910       0xd2 main.o
                0x00005910                _Z15geschwindigkeitf
 .text.get_fattime
                0x000059e2       0xce main.o
                0x000059e2                get_fattime
 .text._Z15initialisierungv
                0x00005ab0      0x29c main.o
                0x00005ab0                _Z15initialisierungv
 .text._Z19maininterupthandlerP7monitorh
                0x00005d4c      0x57a main.o
                0x00005d4c                _Z19maininterupthandlerP7monitorh
 .text._Z10gpshandlerv
                0x000062c6      0x760 main.o
                0x000062c6                _Z10gpshandlerv
 .text.main     0x00006a26      0x2ec main.o
                0x00006a26                main
 .text._Z13uhreinstellenv
                0x00006d12      0x734 main.o
                0x00006d12                _Z13uhreinstellenv
 .text._ZN13einstellungen4drawEv
                0x00007446      0x39c main.o
                0x00007446                _ZN13einstellungen4drawEv
 .text._GLOBAL__sub_I__Znwj
                0x000077e2       0x46 main.o
 .text._GLOBAL__sub_D__Znwj
                0x00007828       0x3a main.o
 .text._ZN6OutputC2Ehh
                0x00007862       0x74 Output.o
                0x00007862                _ZN6OutputC2Ehh
                0x00007862                _ZN6OutputC1Ehh
 .text._ZN6OutputD2Ev
                0x000078d6        0x2 Output.o
                0x000078d6                _ZN6OutputD1Ev
                0x000078d6                _ZN6OutputD2Ev
 .text._ZN6Output2onEv
                0x000078d8       0x7a Output.o
                0x000078d8                _ZN6Output2onEv
 .text._ZN6Output4isonEv
                0x00007952       0x76 Output.o
                0x00007952                _ZN6Output4isonEv
 .text._ZN6Output3offEv
                0x000079c8       0x82 Output.o
                0x000079c8                _ZN6Output3offEv
 .text._ZN3RTCD2Ev
                0x00007a4a        0x2 RTC.o
                0x00007a4a                _ZN3RTCD2Ev
                0x00007a4a                _ZN3RTCD1Ev
 .text._ZN3RTC6WeckerEv
                0x00007a4c       0x22 RTC.o
                0x00007a4c                _ZN3RTC6WeckerEv
 .text._ZN3RTC14ausgabezeitneuEv
                0x00007a6e       0x72 RTC.o
                0x00007a6e                _ZN3RTC14ausgabezeitneuEv
 .text._ZN3RTC15ausgabedatumneuEv
                0x00007ae0       0x72 RTC.o
                0x00007ae0                _ZN3RTC15ausgabedatumneuEv
 .text._ZN3RTCC2Ev
                0x00007b52       0x52 RTC.o
                0x00007b52                _ZN3RTCC2Ev
                0x00007b52                _ZN3RTCC1Ev
 .text._ZN3RTC8kalenderEv
                0x00007ba4       0x88 RTC.o
                0x00007ba4                _ZN3RTC8kalenderEv
 .text._ZN3RTC4zeitEv
                0x00007c2c       0x76 RTC.o
                0x00007c2c                _ZN3RTC4zeitEv
 .text._ZN3RTC8RTCstartEv
                0x00007ca2       0x34 RTC.o
                0x00007ca2                _ZN3RTC8RTCstartEv
 .text._ZN3RTC7RTCstopEv
                0x00007cd6        0xc RTC.o
                0x00007cd6                _ZN3RTC7RTCstopEv
 .text.avr-libc.fplib
                0x00007ce2        0xa c:/program files (x86)/atmel/studio/7.0/toolchain/avr8/avr8-gnu-toolchain/bin/../lib/gcc/avr/4.9.2/../../../../avr/lib/avr51\libm.a(addsf3.o)
                0x00007ce2                __subsf3
                0x00007ce4                __addsf3
 .text.avr-libc.fplib
                0x00007cec       0xc0 c:/program files (x86)/atmel/studio/7.0/toolchain/avr8/avr8-gnu-toolchain/bin/../lib/gcc/avr/4.9.2/../../../../avr/lib/avr51\libm.a(addsf3x.o)
                0x00007d06                __addsf3x
 .text.avr-libc.fplib
                0x00007dac        0x6 c:/program files (x86)/atmel/studio/7.0/toolchain/avr8/avr8-gnu-toolchain/bin/../lib/gcc/avr/4.9.2/../../../../avr/lib/avr51\libm.a(cos.o)
                0x00007dac                cos
 .text.avr-libc.fplib
                0x00007db2        0x4 c:/program files (x86)/atmel/studio/7.0/toolchain/avr8/avr8-gnu-toolchain/bin/../lib/gcc/avr/4.9.2/../../../../avr/lib/avr51\libm.a(divsf3.o)
                0x00007db2                __divsf3
 .text.avr-libc.fplib
                0x00007db6       0xcc c:/program files (x86)/atmel/studio/7.0/toolchain/avr8/avr8-gnu-toolchain/bin/../lib/gcc/avr/4.9.2/../../../../avr/lib/avr51\libm.a(divsf3x.o)
                0x00007dcc                __divsf3x
                0x00007dd0                __divsf3_pse
 .text.avr-libc.fplib
                0x00007e82        0xa c:/program files (x86)/atmel/studio/7.0/toolchain/avr8/avr8-gnu-toolchain/bin/../lib/gcc/avr/4.9.2/../../../../avr/lib/avr51\libm.a(fixsfsi.o)
                0x00007e82                __fixsfsi
 .text.avr-libc.fplib
                0x00007e8c       0x58 c:/program files (x86)/atmel/studio/7.0/toolchain/avr8/avr8-gnu-toolchain/bin/../lib/gcc/avr/4.9.2/../../../../avr/lib/avr51\libm.a(fixunssfsi.o)
                0x00007e8c                __fixunssfsi
 .text.avr-libc.fplib
                0x00007ee4       0x7a c:/program files (x86)/atmel/studio/7.0/toolchain/avr8/avr8-gnu-toolchain/bin/../lib/gcc/avr/4.9.2/../../../../avr/lib/avr51\libm.a(floatsisf.o)
                0x00007ee4                __floatunsisf
                0x00007ee8                __floatsisf
 .text.avr-libc.fplib
                0x00007f5e       0x48 c:/program files (x86)/atmel/studio/7.0/toolchain/avr8/avr8-gnu-toolchain/bin/../lib/gcc/avr/4.9.2/../../../../avr/lib/avr51\libm.a(fp_cmp.o)
                0x00007f5e                __fp_cmp
 .text.avr-libc.fplib
                0x00007fa6        0xc c:/program files (x86)/atmel/studio/7.0/toolchain/avr8/avr8-gnu-toolchain/bin/../lib/gcc/avr/4.9.2/../../../../avr/lib/avr51\libm.a(fp_inf.o)
                0x00007fa6                __fp_inf
 .text.avr-libc.fplib
                0x00007fb2        0x6 c:/program files (x86)/atmel/studio/7.0/toolchain/avr8/avr8-gnu-toolchain/bin/../lib/gcc/avr/4.9.2/../../../../avr/lib/avr51\libm.a(fp_nan.o)
                0x00007fb2                __fp_nan
 .text.avr-libc.fplib
                0x00007fb8       0x4a c:/program files (x86)/atmel/studio/7.0/toolchain/avr8/avr8-gnu-toolchain/bin/../lib/gcc/avr/4.9.2/../../../../avr/lib/avr51\libm.a(fp_powser.o)
                0x00007fb8                __fp_powser
 .text.avr-libc.fplib
                0x00008002        0xe c:/program files (x86)/atmel/studio/7.0/toolchain/avr8/avr8-gnu-toolchain/bin/../lib/gcc/avr/4.9.2/../../../../avr/lib/avr51\libm.a(fp_pscA.o)
                0x00008002                __fp_pscA
 .text.avr-libc.fplib
                0x00008010        0xe c:/program files (x86)/atmel/studio/7.0/toolchain/avr8/avr8-gnu-toolchain/bin/../lib/gcc/avr/4.9.2/../../../../avr/lib/avr51\libm.a(fp_pscB.o)
                0x00008010                __fp_pscB
 .text.avr-libc.fplib
                0x0000801e       0x50 c:/program files (x86)/atmel/studio/7.0/toolchain/avr8/avr8-gnu-toolchain/bin/../lib/gcc/avr/4.9.2/../../../../avr/lib/avr51\libm.a(fp_rempio2.o)
                0x00008020                __fp_rempio2
 .text.avr-libc.fplib
                0x0000806e       0x22 c:/program files (x86)/atmel/studio/7.0/toolchain/avr8/avr8-gnu-toolchain/bin/../lib/gcc/avr/4.9.2/../../../../avr/lib/avr51\libm.a(fp_round.o)
                0x0000806e                __fp_round
 .text.avr-libc.fplib
                0x00008090       0x22 c:/program files (x86)/atmel/studio/7.0/toolchain/avr8/avr8-gnu-toolchain/bin/../lib/gcc/avr/4.9.2/../../../../avr/lib/avr51\libm.a(fp_sinus.o)
                0x00008090                __fp_sinus
 .text.avr-libc.fplib
                0x000080b2       0x44 c:/program files (x86)/atmel/studio/7.0/toolchain/avr8/avr8-gnu-toolchain/bin/../lib/gcc/avr/4.9.2/../../../../avr/lib/avr51\libm.a(fp_split3.o)
                0x000080b2                __fp_split3
                0x000080c2                __fp_splitA
 .text.avr-libc.fplib
                0x000080f6        0xe c:/program files (x86)/atmel/studio/7.0/toolchain/avr8/avr8-gnu-toolchain/bin/../lib/gcc/avr/4.9.2/../../../../avr/lib/avr51\libm.a(fp_zero.o)
                0x000080f6                __fp_zero
                0x000080f8                __fp_szero
 .text.avr-libc.fplib
                0x00008104        0x8 c:/program files (x86)/atmel/studio/7.0/toolchain/avr8/avr8-gnu-toolchain/bin/../lib/gcc/avr/4.9.2/../../../../avr/lib/avr51\libm.a(gesf2.o)
                0x00008104                __gesf2
                0x00008104                __gtsf2
 .text.avr-libc.fplib
                0x0000810c        0xe c:/program files (x86)/atmel/studio/7.0/toolchain/avr8/avr8-gnu-toolchain/bin/../lib/gcc/avr/4.9.2/../../../../avr/lib/avr51\libm.a(inverse.o)
                0x0000810c                inverse
 .text.avr-libc.fplib
                0x0000811a        0x4 c:/program files (x86)/atmel/studio/7.0/toolchain/avr8/avr8-gnu-toolchain/bin/../lib/gcc/avr/4.9.2/../../../../avr/lib/avr51\libm.a(mulsf3.o)
                0x0000811a                __mulsf3
 .text.avr-libc.fplib
                0x0000811e       0xc2 c:/program files (x86)/atmel/studio/7.0/toolchain/avr8/avr8-gnu-toolchain/bin/../lib/gcc/avr/4.9.2/../../../../avr/lib/avr51\libm.a(mulsf3x.o)
                0x00008132                __mulsf3x
                0x00008136                __mulsf3_pse
 .text.avr-libc.fplib
                0x000081e0       0x98 c:/program files (x86)/atmel/studio/7.0/toolchain/avr8/avr8-gnu-toolchain/bin/../lib/gcc/avr/4.9.2/../../../../avr/lib/avr51\libm.a(pow.o)
                0x000081e0                pow
 .text.avr-libc.fplib
                0x00008278        0xc c:/program files (x86)/atmel/studio/7.0/toolchain/avr8/avr8-gnu-toolchain/bin/../lib/gcc/avr/4.9.2/../../../../avr/lib/avr51\libm.a(sin.o)
                0x00008278                sin
 .text.avr-libc.fplib
                0x00008284       0x62 c:/program files (x86)/atmel/studio/7.0/toolchain/avr8/avr8-gnu-toolchain/bin/../lib/gcc/avr/4.9.2/../../../../avr/lib/avr51\libm.a(exp.o)
                0x0000828e                exp
 .text.avr-libc.fplib
                0x000082e6       0x1c c:/program files (x86)/atmel/studio/7.0/toolchain/avr8/avr8-gnu-toolchain/bin/../lib/gcc/avr/4.9.2/../../../../avr/lib/avr51\libm.a(fp_mpack.o)
                0x000082e6                __fp_mpack
                0x000082ea                __fp_mpack_finite
 .text.avr-libc.fplib
                0x00008302       0x22 c:/program files (x86)/atmel/studio/7.0/toolchain/avr8/avr8-gnu-toolchain/bin/../lib/gcc/avr/4.9.2/../../../../avr/lib/avr51\libm.a(fp_powsodd.o)
                0x00008302                __fp_powsodd
 .text.avr-libc.fplib
                0x00008324       0x6c c:/program files (x86)/atmel/studio/7.0/toolchain/avr8/avr8-gnu-toolchain/bin/../lib/gcc/avr/4.9.2/../../../../avr/lib/avr51\libm.a(ldexp.o)
                0x00008328                ldexp
 .text.avr-libc.fplib
                0x00008390       0x8a c:/program files (x86)/atmel/studio/7.0/toolchain/avr8/avr8-gnu-toolchain/bin/../lib/gcc/avr/4.9.2/../../../../avr/lib/avr51\libm.a(log.o)
                0x0000839a                log
 .text.avr-libc.fplib
                0x0000841a       0x66 c:/program files (x86)/atmel/studio/7.0/toolchain/avr8/avr8-gnu-toolchain/bin/../lib/gcc/avr/4.9.2/../../../../avr/lib/avr51\libm.a(modf.o)
                0x0000841a                modf
                0x0000841a                modff
 .text.avr-libc
                0x00008480      0x710 c:/program files (x86)/atmel/studio/7.0/toolchain/avr8/avr8-gnu-toolchain/bin/../lib/gcc/avr/4.9.2/../../../../avr/lib/avr51\libprintf_flt.a(vfprintf_flt.o)
                0x00008480                vfprintf
 .text.libgcc.mul
                0x00008b90       0x1e c:/program files (x86)/atmel/studio/7.0/toolchain/avr8/avr8-gnu-toolchain/bin/../lib/gcc/avr/4.9.2/avr51\libgcc.a(_mulsi3.o)
                0x00008b90                __mulsi3
 .text.libgcc.div
                0x00008bae       0x44 c:/program files (x86)/atmel/studio/7.0/toolchain/avr8/avr8-gnu-toolchain/bin/../lib/gcc/avr/4.9.2/avr51\libgcc.a(_udivmodsi4.o)
                0x00008bae                __udivmodsi4
 .text.libgcc.div
                0x00008bf2       0x28 c:/program files (x86)/atmel/studio/7.0/toolchain/avr8/avr8-gnu-toolchain/bin/../lib/gcc/avr/4.9.2/avr51\libgcc.a(_divmodsi4.o)
                0x00008bf2                __divmodsi4
 .text.libgcc.div
                0x00008c1a       0x10 c:/program files (x86)/atmel/studio/7.0/toolchain/avr8/avr8-gnu-toolchain/bin/../lib/gcc/avr/4.9.2/avr51\libgcc.a(_negsi2.o)
                0x00008c1a                __negsi2
 .text.libgcc   0x00008c2a       0x12 c:/program files (x86)/atmel/studio/7.0/toolchain/avr8/avr8-gnu-toolchain/bin/../lib/gcc/avr/4.9.2/avr51\libgcc.a(_tablejump2.o)
                0x00008c2a                __tablejump2__
 .text.libgcc.mul
                0x00008c3c       0x1e c:/program files (x86)/atmel/studio/7.0/toolchain/avr8/avr8-gnu-toolchain/bin/../lib/gcc/avr/4.9.2/avr51\libgcc.a(_umulhisi3.o)
                0x00008c3c                __umulhisi3
 .text.libgcc.mul
                0x00008c5a       0x14 c:/program files (x86)/atmel/studio/7.0/toolchain/avr8/avr8-gnu-toolchain/bin/../lib/gcc/avr/4.9.2/avr51\libgcc.a(_muluhisi3.o)
                0x00008c5a                __muluhisi3
 .text.libgcc.mul
                0x00008c6e        0xc c:/program files (x86)/atmel/studio/7.0/toolchain/avr8/avr8-gnu-toolchain/bin/../lib/gcc/avr/4.9.2/avr51\libgcc.a(_mulshisi3.o)
                0x00008c6e                __mulshisi3
                0x00008c72                __mulohisi3
 .text.avr-libc
                0x00008c7a      0x25a c:/program files (x86)/atmel/studio/7.0/toolchain/avr8/avr8-gnu-toolchain/bin/../lib/gcc/avr/4.9.2/../../../../avr/lib/avr51\libc.a(malloc.o)
                0x00008c7a                malloc
                0x00008da4                free
 .text.avr-libc
                0x00008ed4      0x1b0 c:/program files (x86)/atmel/studio/7.0/toolchain/avr8/avr8-gnu-toolchain/bin/../lib/gcc/avr/4.9.2/../../../../avr/lib/avr51\libc.a(ftoa_engine.o)
                0x00008ed4                __ftoa_engine
 .text.avr-libc
                0x00009084       0x16 c:/program files (x86)/atmel/studio/7.0/toolchain/avr8/avr8-gnu-toolchain/bin/../lib/gcc/avr/4.9.2/../../../../avr/lib/avr51\libc.a(strnlen_P.o)
                0x00009084                strnlen_P
 .text.avr-libc
                0x0000909a       0x16 c:/program files (x86)/atmel/studio/7.0/toolchain/avr8/avr8-gnu-toolchain/bin/../lib/gcc/avr/4.9.2/../../../../avr/lib/avr51\libc.a(strnlen.o)
                0x0000909a                strnlen
 .text.avr-libc
                0x000090b0       0x70 c:/program files (x86)/atmel/studio/7.0/toolchain/avr8/avr8-gnu-toolchain/bin/../lib/gcc/avr/4.9.2/../../../../avr/lib/avr51\libc.a(fputc.o)
                0x000090b0                fputc
 .text.avr-libc
                0x00009120       0x5e c:/program files (x86)/atmel/studio/7.0/toolchain/avr8/avr8-gnu-toolchain/bin/../lib/gcc/avr/4.9.2/../../../../avr/lib/avr51\libc.a(sprintf.o)
                0x00009120                sprintf
 .text.avr-libc
                0x0000917e       0xbc c:/program files (x86)/atmel/studio/7.0/toolchain/avr8/avr8-gnu-toolchain/bin/../lib/gcc/avr/4.9.2/../../../../avr/lib/avr51\libc.a(ultoa_invert.o)
                0x0000917e                __ultoa_invert
                0x0000923a                . = ALIGN (0x2)
 *(.fini9)
 .fini9         0x0000923a        0x0 c:/program files (x86)/atmel/studio/7.0/toolchain/avr8/avr8-gnu-toolchain/bin/../lib/gcc/avr/4.9.2/avr51\libgcc.a(_exit.o)
                0x0000923a                _exit
                0x0000923a                exit
 *(.fini9)
 *(.fini8)
 *(.fini8)
 *(.fini7)
 *(.fini7)
 *(.fini6)
 .fini6         0x0000923a       0x14 c:/program files (x86)/atmel/studio/7.0/toolchain/avr8/avr8-gnu-toolchain/bin/../lib/gcc/avr/4.9.2/avr51\libgcc.a(_dtors.o)
                0x0000923a                __do_global_dtors
 *(.fini6)
 *(.fini5)
 *(.fini5)
 *(.fini4)
 *(.fini4)
 *(.fini3)
 *(.fini3)
 *(.fini2)
 *(.fini2)
 *(.fini1)
 *(.fini1)
 *(.fini0)
 .fini0         0x0000924e        0x4 c:/program files (x86)/atmel/studio/7.0/toolchain/avr8/avr8-gnu-toolchain/bin/../lib/gcc/avr/4.9.2/avr51\libgcc.a(_exit.o)
 *(.fini0)
                0x00009252                _etext = .

.data           0x00800100      0x322 load address 0x00009252
                0x00800100                PROVIDE (__data_start, .)
 *(.data)
 .data          0x00800100        0x6 c:/program files (x86)/atmel/studio/7.0/toolchain/avr8/avr8-gnu-toolchain/bin/../lib/gcc/avr/4.9.2/../../../../avr/lib/avr51\libc.a(malloc.o)
                0x00800100                __malloc_heap_end
                0x00800102                __malloc_heap_start
                0x00800104                __malloc_margin
 *(.data*)
 .data.Stat     0x00800106        0x1 diskio.o
 *(.rodata)
 *(.rodata*)
 .rodata.str1.1
                0x00800107        0xf ff.o
 .rodata.ExCvt  0x00800116       0x80 ff.o
 .rodata.str1.1
                0x00800196      0x254 main.o
                                0x25a (size before relaxing)
 .rodata._ZTV3uhr
                0x008003ea        0x8 main.o
                0x008003ea                _ZTV3uhr
 .rodata._ZTV5tacho
                0x008003f2        0x8 main.o
                0x008003f2                _ZTV5tacho
 .rodata._ZTV7wandern
                0x008003fa        0x8 main.o
                0x008003fa                _ZTV7wandern
 .rodata._ZTV13einstellungen
                0x00800402        0x8 main.o
                0x00800402                _ZTV13einstellungen
 .rodata._ZTV9wilkommen
                0x0080040a        0x8 main.o
                0x0080040a                _ZTV9wilkommen
 .rodata._ZTV5menue
                0x00800412        0x8 main.o
                0x00800412                _ZTV5menue
 .rodata._ZTV9offscreen
                0x0080041a        0x8 main.o
                0x0080041a                _ZTV9offscreen
 *(.gnu.linkonce.d*)
                0x00800422                . = ALIGN (0x2)
                0x00800422                _edata = .
                0x00800422                PROVIDE (__data_end, .)

.bss            0x00800422      0xa13
                0x00800422                PROVIDE (__bss_start, .)
 *(.bss)
 *(.bss*)
 .bss.CardType  0x00800422        0x1 diskio.o
 .bss.Timer2    0x00800423        0x1 diskio.o
 .bss.Timer1    0x00800424        0x1 diskio.o
 .bss.Fsid      0x00800425        0x2 ff.o
 .bss.FatFs     0x00800427        0x2 ff.o
 .bss.logger    0x00800429      0x220 main.o
                0x00800429                logger
 .bss.FATFS_Obj
                0x00800649      0x22e main.o
                0x00800649                FATFS_Obj
 .bss.Fahrtzeit
                0x00800877        0x4 main.o
                0x00800877                Fahrtzeit
 .bss.maxgeschw
                0x0080087b        0x4 main.o
                0x0080087b                maxgeschw
 .bss.strecke   0x0080087f        0x4 main.o
                0x0080087f                strecke
 .bss.geschw    0x00800883        0x4 main.o
                0x00800883                geschw
 .bss.gpsJahr   0x00800887        0x1 main.o
                0x00800887                gpsJahr
 .bss.gpsMonat  0x00800888        0x1 main.o
                0x00800888                gpsMonat
 .bss.gpsTag    0x00800889        0x1 main.o
                0x00800889                gpsTag
 .bss.gpssekunde
                0x0080088a        0x1 main.o
                0x0080088a                gpssekunde
 .bss.gpsminute
                0x0080088b        0x1 main.o
                0x0080088b                gpsminute
 .bss.gpsstunde
                0x0080088c        0x1 main.o
                0x0080088c                gpsstunde
 .bss.gpsspeed  0x0080088d        0x4 main.o
                0x0080088d                gpsspeed
 .bss.lon       0x00800891        0x4 main.o
                0x00800891                lon
 .bss.lat       0x00800895        0x4 main.o
                0x00800895                lat
 .bss.gpscounter
                0x00800899        0x1 main.o
                0x00800899                gpscounter
 .bss.gpsdata   0x0080089a       0x48 main.o
                0x0080089a                gpsdata
 .bss.gpsstatus
                0x008008e2        0x1 main.o
                0x008008e2                gpsstatus
 .bss.FPS       0x008008e3        0x1 main.o
                0x008008e3                FPS
 .bss.position  0x008008e4        0x1 main.o
                0x008008e4                position
 .bss.statusreg
                0x008008e5        0x1 main.o
                0x008008e5                statusreg
 .bss.anzeige   0x008008e6        0x1 main.o
                0x008008e6                anzeige
 .bss.IRLED     0x008008e7        0x2 main.o
                0x008008e7                IRLED
 .bss.Vibrationsmotor
                0x008008e9        0x2 main.o
                0x008008e9                Vibrationsmotor
 .bss.LED       0x008008eb        0x2 main.o
                0x008008eb                LED
 .bss.batterie  0x008008ed        0x4 main.o
                0x008008ed                batterie
 .bss.druck     0x008008f1       0x2b main.o
                0x008008f1                druck
 .bss.Accelerometer
                0x0080091c       0xe9 main.o
                0x0080091c                Accelerometer
 .bss.Tastatur  0x00800a05        0xc main.o
                0x00800a05                Tastatur
 .bss.oled      0x00800a11      0x401 main.o
                0x00800a11                oled
 .bss.rtc       0x00800e12       0x1f main.o
                0x00800e12                rtc
 *(COMMON)
 COMMON         0x00800e31        0x4 c:/program files (x86)/atmel/studio/7.0/toolchain/avr8/avr8-gnu-toolchain/bin/../lib/gcc/avr/4.9.2/../../../../avr/lib/avr51\libc.a(malloc.o)
                0x00800e31                __brkval
                0x00800e33                __flp
                0x00800e35                PROVIDE (__bss_end, .)
                0x00009252                __data_load_start = LOADADDR (.data)
                0x00009574                __data_load_end = (__data_load_start + SIZEOF (.data))

.noinit         0x00800e35        0x0
                0x00800e35                PROVIDE (__noinit_start, .)
 *(.noinit*)
                0x00800e35                PROVIDE (__noinit_end, .)
                0x00800e35                _end = .
                0x00800e35                PROVIDE (__heap_start, .)

.eeprom         0x00810000        0x0
 *(.eeprom*)
                0x00810000                __eeprom_end = .

.fuse
 *(.fuse)
 *(.lfuse)
 *(.hfuse)
 *(.efuse)

.lock
 *(.lock*)

.signature
 *(.signature*)

.user_signatures
 *(.user_signatures*)

.stab
 *(.stab)

.stabstr
 *(.stabstr)

.stab.excl
 *(.stab.excl)

.stab.exclstr
 *(.stab.exclstr)

.stab.index
 *(.stab.index)

.stab.indexstr
 *(.stab.indexstr)

.comment        0x00000000       0x5c
 *(.comment)
 .comment       0x00000000       0x30 BMP180.o
                                 0x31 (size before relaxing)
 .comment       0x00000030       0x31 diskio.o
 .comment       0x00000030       0x31 Display.o
 .comment       0x00000030       0x31 ff.o
 .comment       0x00000030       0x31 I2C.o
 .comment       0x00000030       0x31 Interface.o
 .comment       0x00000030       0x31 LSM303D.o
 .comment       0x00000030       0x31 main.o
 .comment       0x00000030       0x31 Output.o
 .comment       0x00000030       0x31 RTC.o
 .comment       0x00000030       0x2c c:/program files (x86)/atmel/studio/7.0/toolchain/avr8/avr8-gnu-toolchain/bin/../lib/gcc/avr/4.9.2/../../../../avr/lib/avr51\libprintf_flt.a(vfprintf_flt.o)
                                 0x2d (size before relaxing)
 .comment       0x0000005c       0x31 c:/program files (x86)/atmel/studio/7.0/toolchain/avr8/avr8-gnu-toolchain/bin/../lib/gcc/avr/4.9.2/../../../../avr/lib/avr51\libc.a(malloc.o)
 .comment       0x0000005c       0x31 c:/program files (x86)/atmel/studio/7.0/toolchain/avr8/avr8-gnu-toolchain/bin/../lib/gcc/avr/4.9.2/../../../../avr/lib/avr51\libc.a(fputc.o)
 .comment       0x0000005c       0x31 c:/program files (x86)/atmel/studio/7.0/toolchain/avr8/avr8-gnu-toolchain/bin/../lib/gcc/avr/4.9.2/../../../../avr/lib/avr51\libc.a(sprintf.o)

.note.gnu.avr.deviceinfo
                0x00000000       0x40
 .note.gnu.avr.deviceinfo
                0x00000000       0x40 C:/Program Files (x86)/Atmel/Studio/7.0/Packs/atmel/ATmega_DFP/1.0.90/gcc/dev/atmega1284p/avr51/crtatmega1284p.o

.note.gnu.build-id
 *(.note.gnu.build-id)

.debug
 *(.debug)

.line
 *(.line)

.debug_srcinfo
 *(.debug_srcinfo)

.debug_sfnames
 *(.debug_sfnames)

.debug_aranges  0x00000000      0x580
 *(.debug_aranges)
 .debug_aranges
                0x00000000       0x58 BMP180.o
 .debug_aranges
                0x00000058       0x80 diskio.o
 .debug_aranges
                0x000000d8       0xb0 Display.o
 .debug_aranges
                0x00000188       0xe8 ff.o
 .debug_aranges
                0x00000270       0x58 I2C.o
 .debug_aranges
                0x000002c8       0x58 Interface.o
 .debug_aranges
                0x00000320       0x70 LSM303D.o
 .debug_aranges
                0x00000390      0x138 main.o
 .debug_aranges
                0x000004c8       0x48 Output.o
 .debug_aranges
                0x00000510       0x70 RTC.o

.debug_pubnames
 *(.debug_pubnames)

.debug_info     0x00000000     0xdc36
 *(.debug_info .gnu.linkonce.wi.*)
 .debug_info    0x00000000      0xe46 BMP180.o
 .debug_info    0x00000e46      0xd52 diskio.o
 .debug_info    0x00001b98     0x1c41 Display.o
 .debug_info    0x000037d9     0x24b1 ff.o
 .debug_info    0x00005c8a      0x371 I2C.o
 .debug_info    0x00005ffb      0xd25 Interface.o
 .debug_info    0x00006d20      0xd77 LSM303D.o
 .debug_info    0x00007a97     0x577a main.o
 .debug_info    0x0000d211      0x3f7 Output.o
 .debug_info    0x0000d608      0x62e RTC.o

.debug_abbrev   0x00000000     0x209d
 *(.debug_abbrev)
 .debug_abbrev  0x00000000      0x33b BMP180.o
 .debug_abbrev  0x0000033b      0x27a diskio.o
 .debug_abbrev  0x000005b5      0x34e Display.o
 .debug_abbrev  0x00000903      0x310 ff.o
 .debug_abbrev  0x00000c13      0x1a6 I2C.o
 .debug_abbrev  0x00000db9      0x2b6 Interface.o
 .debug_abbrev  0x0000106f      0x338 LSM303D.o
 .debug_abbrev  0x000013a7      0x8c0 main.o
 .debug_abbrev  0x00001c67      0x1e0 Output.o
 .debug_abbrev  0x00001e47      0x256 RTC.o

.debug_line     0x00000000     0x5a06
 *(.debug_line .debug_line.* .debug_line_end)
 .debug_line    0x00000000      0x3fb BMP180.o
 .debug_line    0x000003fb      0x77d diskio.o
 .debug_line    0x00000b78      0x839 Display.o
 .debug_line    0x000013b1     0x19ab ff.o
 .debug_line    0x00002d5c      0x197 I2C.o
 .debug_line    0x00002ef3      0x551 Interface.o
 .debug_line    0x00003444      0x55b LSM303D.o
 .debug_line    0x0000399f     0x1a03 main.o
 .debug_line    0x000053a2      0x217 Output.o
 .debug_line    0x000055b9      0x44d RTC.o

.debug_frame    0x00000000     0x1a04
 *(.debug_frame)
 .debug_frame   0x00000000      0x190 BMP180.o
 .debug_frame   0x00000190      0x1bc diskio.o
 .debug_frame   0x0000034c      0x3a0 Display.o
 .debug_frame   0x000006ec      0x6b8 ff.o
 .debug_frame   0x00000da4       0x94 I2C.o
 .debug_frame   0x00000e38       0xb0 Interface.o
 .debug_frame   0x00000ee8      0x238 LSM303D.o
 .debug_frame   0x00001120      0x77c main.o
 .debug_frame   0x0000189c       0x74 Output.o
 .debug_frame   0x00001910       0xf4 RTC.o

.debug_str      0x00000000     0x1b4f
 *(.debug_str)
 .debug_str     0x00000000      0x4db BMP180.o
                                0x549 (size before relaxing)
 .debug_str     0x000004db      0x22d diskio.o
                                0x2fa (size before relaxing)
 .debug_str     0x00000708      0x3e5 Display.o
                                0x690 (size before relaxing)
 .debug_str     0x00000aed      0x3ce ff.o
                                0x60e (size before relaxing)
 .debug_str     0x00000ebb       0x25 I2C.o
                                0x290 (size before relaxing)
 .debug_str     0x00000ee0      0x159 Interface.o
                                0x36d (size before relaxing)
 .debug_str     0x00001039      0x224 LSM303D.o
                                0x4d7 (size before relaxing)
 .debug_str     0x0000125d      0x87c main.o
                               0x167b (size before relaxing)
 .debug_str     0x00001ad9       0x51 Output.o
                                0x277 (size before relaxing)
 .debug_str     0x00001b2a       0x25 RTC.o
                                0x37d (size before relaxing)

.debug_loc      0x00000000     0xd24e
 *(.debug_loc)
 .debug_loc     0x00000000      0xb89 BMP180.o
 .debug_loc     0x00000b89      0xd1e diskio.o
 .debug_loc     0x000018a7     0x1bcd Display.o
 .debug_loc     0x00003474     0x4f59 ff.o
 .debug_loc     0x000083cd      0x128 I2C.o
 .debug_loc     0x000084f5      0xac7 Interface.o
 .debug_loc     0x00008fbc      0xf76 LSM303D.o
 .debug_loc     0x00009f32     0x2cb2 main.o
 .debug_loc     0x0000cbe4      0x397 Output.o
 .debug_loc     0x0000cf7b      0x2d3 RTC.o

.debug_macinfo
 *(.debug_macinfo)

.debug_weaknames
 *(.debug_weaknames)

.debug_funcnames
 *(.debug_funcnames)

.debug_typenames
 *(.debug_typenames)

.debug_varnames
 *(.debug_varnames)

.debug_pubtypes
 *(.debug_pubtypes)

.debug_ranges   0x00000000      0x6b0
 *(.debug_ranges)
 .debug_ranges  0x00000000       0x48 BMP180.o
 .debug_ranges  0x00000048       0x70 diskio.o
 .debug_ranges  0x000000b8      0x100 Display.o
 .debug_ranges  0x000001b8      0x1d0 ff.o
 .debug_ranges  0x00000388       0x48 I2C.o
 .debug_ranges  0x000003d0       0x48 Interface.o
 .debug_ranges  0x00000418       0x60 LSM303D.o
 .debug_ranges  0x00000478      0x1a0 main.o
 .debug_ranges  0x00000618       0x38 Output.o
 .debug_ranges  0x00000650       0x60 RTC.o

.debug_macro
 *(.debug_macro)
OUTPUT(FWCP_MK3.elf elf32-avr)
LOAD linker stubs
