Archive member included to satisfy reference by file (symbol)

c:/program files (x86)/atmel/studio/7.0/toolchain/avr8/avr8-gnu-toolchain/bin/../lib/gcc/avr/4.9.2/../../../../avr/lib/avr51\libm.a(addsf3.o)
                              BMP180.o (__subsf3)
c:/program files (x86)/atmel/studio/7.0/toolchain/avr8/avr8-gnu-toolchain/bin/../lib/gcc/avr/4.9.2/../../../../avr/lib/avr51\libm.a(addsf3x.o)
                              c:/program files (x86)/atmel/studio/7.0/toolchain/avr8/avr8-gnu-toolchain/bin/../lib/gcc/avr/4.9.2/../../../../avr/lib/avr51\libm.a(addsf3.o) (__addsf3x)
c:/program files (x86)/atmel/studio/7.0/toolchain/avr8/avr8-gnu-toolchain/bin/../lib/gcc/avr/4.9.2/../../../../avr/lib/avr51\libm.a(atan2.o)
                              Kompass.o (atan2)
c:/program files (x86)/atmel/studio/7.0/toolchain/avr8/avr8-gnu-toolchain/bin/../lib/gcc/avr/4.9.2/../../../../avr/lib/avr51\libm.a(atan.o)
                              c:/program files (x86)/atmel/studio/7.0/toolchain/avr8/avr8-gnu-toolchain/bin/../lib/gcc/avr/4.9.2/../../../../avr/lib/avr51\libm.a(atan2.o) (atan)
c:/program files (x86)/atmel/studio/7.0/toolchain/avr8/avr8-gnu-toolchain/bin/../lib/gcc/avr/4.9.2/../../../../avr/lib/avr51\libm.a(cmpsf2.o)
                              Kompass.o (__ltsf2)
c:/program files (x86)/atmel/studio/7.0/toolchain/avr8/avr8-gnu-toolchain/bin/../lib/gcc/avr/4.9.2/../../../../avr/lib/avr51\libm.a(cos.o)
                              Display.o (cos)
c:/program files (x86)/atmel/studio/7.0/toolchain/avr8/avr8-gnu-toolchain/bin/../lib/gcc/avr/4.9.2/../../../../avr/lib/avr51\libm.a(divsf3.o)
                              BMP180.o (__divsf3)
c:/program files (x86)/atmel/studio/7.0/toolchain/avr8/avr8-gnu-toolchain/bin/../lib/gcc/avr/4.9.2/../../../../avr/lib/avr51\libm.a(divsf3x.o)
                              c:/program files (x86)/atmel/studio/7.0/toolchain/avr8/avr8-gnu-toolchain/bin/../lib/gcc/avr/4.9.2/../../../../avr/lib/avr51\libm.a(divsf3.o) (__divsf3x)
c:/program files (x86)/atmel/studio/7.0/toolchain/avr8/avr8-gnu-toolchain/bin/../lib/gcc/avr/4.9.2/../../../../avr/lib/avr51\libm.a(fixsfsi.o)
                              Kompass.o (__fixsfsi)
c:/program files (x86)/atmel/studio/7.0/toolchain/avr8/avr8-gnu-toolchain/bin/../lib/gcc/avr/4.9.2/../../../../avr/lib/avr51\libm.a(fixunssfsi.o)
                              Display.o (__fixunssfsi)
c:/program files (x86)/atmel/studio/7.0/toolchain/avr8/avr8-gnu-toolchain/bin/../lib/gcc/avr/4.9.2/../../../../avr/lib/avr51\libm.a(floatsisf.o)
                              LSM303D.o (__floatunsisf)
c:/program files (x86)/atmel/studio/7.0/toolchain/avr8/avr8-gnu-toolchain/bin/../lib/gcc/avr/4.9.2/../../../../avr/lib/avr51\libm.a(fp_cmp.o)
                              c:/program files (x86)/atmel/studio/7.0/toolchain/avr8/avr8-gnu-toolchain/bin/../lib/gcc/avr/4.9.2/../../../../avr/lib/avr51\libm.a(cmpsf2.o) (__fp_cmp)
c:/program files (x86)/atmel/studio/7.0/toolchain/avr8/avr8-gnu-toolchain/bin/../lib/gcc/avr/4.9.2/../../../../avr/lib/avr51\libm.a(fp_inf.o)
                              c:/program files (x86)/atmel/studio/7.0/toolchain/avr8/avr8-gnu-toolchain/bin/../lib/gcc/avr/4.9.2/../../../../avr/lib/avr51\libm.a(addsf3x.o) (__fp_inf)
c:/program files (x86)/atmel/studio/7.0/toolchain/avr8/avr8-gnu-toolchain/bin/../lib/gcc/avr/4.9.2/../../../../avr/lib/avr51\libm.a(fp_nan.o)
                              c:/program files (x86)/atmel/studio/7.0/toolchain/avr8/avr8-gnu-toolchain/bin/../lib/gcc/avr/4.9.2/../../../../avr/lib/avr51\libm.a(addsf3x.o) (__fp_nan)
c:/program files (x86)/atmel/studio/7.0/toolchain/avr8/avr8-gnu-toolchain/bin/../lib/gcc/avr/4.9.2/../../../../avr/lib/avr51\libm.a(fp_powser.o)
                              c:/program files (x86)/atmel/studio/7.0/toolchain/avr8/avr8-gnu-toolchain/bin/../lib/gcc/avr/4.9.2/../../../../avr/lib/avr51\libm.a(atan.o) (__fp_powser)
c:/program files (x86)/atmel/studio/7.0/toolchain/avr8/avr8-gnu-toolchain/bin/../lib/gcc/avr/4.9.2/../../../../avr/lib/avr51\libm.a(fp_pscA.o)
                              c:/program files (x86)/atmel/studio/7.0/toolchain/avr8/avr8-gnu-toolchain/bin/../lib/gcc/avr/4.9.2/../../../../avr/lib/avr51\libm.a(addsf3x.o) (__fp_pscA)
c:/program files (x86)/atmel/studio/7.0/toolchain/avr8/avr8-gnu-toolchain/bin/../lib/gcc/avr/4.9.2/../../../../avr/lib/avr51\libm.a(fp_pscB.o)
                              c:/program files (x86)/atmel/studio/7.0/toolchain/avr8/avr8-gnu-toolchain/bin/../lib/gcc/avr/4.9.2/../../../../avr/lib/avr51\libm.a(addsf3x.o) (__fp_pscB)
c:/program files (x86)/atmel/studio/7.0/toolchain/avr8/avr8-gnu-toolchain/bin/../lib/gcc/avr/4.9.2/../../../../avr/lib/avr51\libm.a(fp_rempio2.o)
                              c:/program files (x86)/atmel/studio/7.0/toolchain/avr8/avr8-gnu-toolchain/bin/../lib/gcc/avr/4.9.2/../../../../avr/lib/avr51\libm.a(cos.o) (__fp_rempio2)
[...]
Memory Configuration

Name             Origin             Length             Attributes
text             0x00000000         0x00020000         xr
data             0x00800100         0x0000ff00         rw !x
eeprom           0x00810000         0x00010000         rw !x
fuse             0x00820000         0x00000400         rw !x
lock             0x00830000         0x00000400         rw !x
signature        0x00840000         0x00000400         rw !x
user_signatures  0x00850000         0x00000400         rw !x
*default*        0x00000000         0xffffffff

Linker script and memory map

Address of section .data set to 0x800100
LOAD C:/Program Files (x86)/Atmel/Studio/7.0/Packs/atmel/ATmega_DFP/1.0.90/gcc/dev/atmega1284p/avr51/crtatmega1284p.o
LOAD BMP180.o
LOAD diskio.o
LOAD Display.o
LOAD ff.o
LOAD I2C.o
LOAD Interface.o
LOAD Kompass.o
LOAD LSM303D.o
LOAD main.o
LOAD Output.o
LOAD RTC.o
LOAD SOUND.o
START GROUP
LOAD c:/program files (x86)/atmel/studio/7.0/toolchain/avr8/avr8-gnu-toolchain/bin/../lib/gcc/avr/4.9.2/../../../../avr/lib/avr51\libm.a
LOAD c:/program files (x86)/atmel/studio/7.0/toolchain/avr8/avr8-gnu-toolchain/bin/../lib/gcc/avr/4.9.2/../../../../avr/lib/avr51\libprintf_flt.a
END GROUP
LOAD c:/program files (x86)/atmel/studio/7.0/toolchain/avr8/avr8-gnu-toolchain/bin/../lib/gcc/avr/4.9.2/avr51\libgcc.a
LOAD c:/program files (x86)/atmel/studio/7.0/toolchain/avr8/avr8-gnu-toolchain/bin/../lib/gcc/avr/4.9.2/../../../../avr/lib/avr51\libm.a
START GROUP
LOAD c:/program files (x86)/atmel/studio/7.0/toolchain/avr8/avr8-gnu-toolchain/bin/../lib/gcc/avr/4.9.2/avr51\libgcc.a
LOAD c:/program files (x86)/atmel/studio/7.0/toolchain/avr8/avr8-gnu-toolchain/bin/../lib/gcc/avr/4.9.2/../../../../avr/lib/avr51\libm.a
LOAD c:/program files (x86)/atmel/studio/7.0/toolchain/avr8/avr8-gnu-toolchain/bin/../lib/gcc/avr/4.9.2/../../../../avr/lib/avr51\libc.a
LOAD C:/Program Files (x86)/Atmel/Studio/7.0/Packs/atmel/ATmega_DFP/1.0.90/gcc/dev/atmega1284p/avr51\libatmega1284p.a
END GROUP

.hash
 *(.hash)

.dynsym
 *(.dynsym)

.dynstr
 *(.dynstr)

.gnu.version
 *(.gnu.version)

.gnu.version_d
 *(.gnu.version_d)

.gnu.version_r
 *(.gnu.version_r)

.rel.init
 *(.rel.init)

.rela.init
 *(.rela.init)

.rel.text
 *(.rel.text)
 *(.rel.text.*)
 *(.rel.gnu.linkonce.t*)

.rela.text
 *(.rela.text)
 *(.rela.text.*)
 *(.rela.gnu.linkonce.t*)

.rel.fini
 *(.rel.fini)

.rela.fini
 *(.rela.fini)

.rel.rodata
 *(.rel.rodata)
 *(.rel.rodata.*)
 *(.rel.gnu.linkonce.r*)

.rela.rodata
 *(.rela.rodata)
 *(.rela.rodata.*)
 *(.rela.gnu.linkonce.r*)

.rel.data
 *(.rel.data)
 *(.rel.data.*)
 *(.rel.gnu.linkonce.d*)

.rela.data
 *(.rela.data)
 *(.rela.data.*)
 *(.rela.gnu.linkonce.d*)

.rel.ctors
 *(.rel.ctors)

.rela.ctors
 *(.rela.ctors)

.rel.dtors
 *(.rel.dtors)

.rela.dtors
 *(.rela.dtors)

.rel.got
 *(.rel.got)

.rela.got
 *(.rela.got)

.rel.bss
 *(.rel.bss)

.rela.bss
 *(.rela.bss)

.rel.plt
 *(.rel.plt)

.rela.plt
 *(.rela.plt)

.text           0x00000000     0x9b04
 *(.vectors)
 .vectors       0x00000000       0x8c C:/Program Files (x86)/Atmel/Studio/7.0/Packs/atmel/ATmega_DFP/1.0.90/gcc/dev/atmega1284p/avr51/crtatmega1284p.o
                0x00000000                __vector_default
                0x00000000                __vectors
 *(.vectors)
 *(.progmem.gcc*)
 .progmem.gcc_sw_table.disk_ioctl
                0x0000008c       0x6e diskio.o
 .progmem.gcc_sw_table.f_printf
                0x000000fa       0x2e ff.o
 .progmem.gcc_sw_table._ZN9Interface7unifiedEv
                0x00000128       0x2e Interface.o
 .progmem.gcc_sw_table._Z15tastaturhandlerP7monitorh
                0x00000156       0x8c main.o
 .progmem.gcc_sw_table._Z13uhreinstellenv
                0x000001e2       0x14 main.o
 .progmem.gcc_fplib
                0x000001f6       0x1e c:/program files (x86)/atmel/studio/7.0/toolchain/avr8/avr8-gnu-toolchain/bin/../lib/gcc/avr/4.9.2/../../../../avr/lib/avr51\libm.a(fp_sinus.o)
 .progmem.gcc_fplib
                0x00000214       0x28 c:/program files (x86)/atmel/studio/7.0/toolchain/avr8/avr8-gnu-toolchain/bin/../lib/gcc/avr/4.9.2/../../../../avr/lib/avr51\libm.a(exp.o)
 .progmem.gcc_fplib
                0x0000023c       0x5a c:/program files (x86)/atmel/studio/7.0/toolchain/avr8/avr8-gnu-toolchain/bin/../lib/gcc/avr/4.9.2/../../../../avr/lib/avr51\libm.a(log.o)
                0x00000296                . = ALIGN (0x2)
                0x00000296                __trampolines_start = .
 *(.trampolines)
 .trampolines   0x00000296        0x0 linker stubs
 *(.trampolines*)
                0x00000296                __trampolines_end = .
 *(.progmem*)
 .progmem.data._ZL11digits16x16
                0x00000296      0x140 Display.o
 .progmem.data._ZL7font5x8
                0x000003d6      0x1d6 Display.o
 .progmem.data  0x000005ac        0x8 c:/program files (x86)/atmel/studio/7.0/toolchain/avr8/avr8-gnu-toolchain/bin/../lib/gcc/avr/4.9.2/../../../../avr/lib/avr51\libprintf_flt.a(vfprintf_flt.o)
 .progmem.data  0x000005b4       0xfa c:/program files (x86)/atmel/studio/7.0/toolchain/avr8/avr8-gnu-toolchain/bin/../lib/gcc/avr/4.9.2/../../../../avr/lib/avr51\libc.a(ftoa_engine.o)
                0x000006ae                . = ALIGN (0x2)
 *(.jumptables)
 *(.jumptables*)
 *(.lowtext)
 *(.lowtext*)
                0x000006ae                __ctors_start = .
 *(.ctors)
 .ctors         0x000006ae        0x2 main.o
                0x000006b0                __ctors_end = .
                0x000006b0                __dtors_start = .
 *(.dtors)
 .dtors         0x000006b0        0x2 main.o
                0x000006b2                __dtors_end = .
 SORT(*)(.ctors)
 SORT(*)(.dtors)
 *(.init0)
 .init0         0x000006b2        0x0 C:/Program Files (x86)/Atmel/Studio/7.0/Packs/atmel/ATmega_DFP/1.0.90/gcc/dev/atmega1284p/avr51/crtatmega1284p.o
                0x000006b2                __init
 *(.init0)
 *(.init1)
 *(.init1)
 *(.init2)
 .init2         0x000006b2        0xc C:/Program Files (x86)/Atmel/Studio/7.0/Packs/atmel/ATmega_DFP/1.0.90/gcc/dev/atmega1284p/avr51/crtatmega1284p.o
 *(.init2)
 *(.init3)
 *(.init3)
 *(.init4)
 .init4         0x000006be       0x1a c:/program files (x86)/atmel/studio/7.0/toolchain/avr8/avr8-gnu-toolchain/bin/../lib/gcc/avr/4.9.2/avr51\libgcc.a(_copy_data.o)
                0x000006be                __do_copy_data
 .init4         0x000006d8       0x10 c:/program files (x86)/atmel/studio/7.0/toolchain/avr8/avr8-gnu-toolchain/bin/../lib/gcc/avr/4.9.2/avr51\libgcc.a(_clear_bss.o)
                0x000006d8                __do_clear_bss
 *(.init4)
 *(.init5)
 *(.init5)
 *(.init6)
 .init6         0x000006e8       0x16 c:/program files (x86)/atmel/studio/7.0/toolchain/avr8/avr8-gnu-toolchain/bin/../lib/gcc/avr/4.9.2/avr51\libgcc.a(_ctors.o)
                0x000006e8                __do_global_ctors
 *(.init6)
 *(.init7)
 *(.init7)
 *(.init8)
 *(.init8)
 *(.init9)
 .init9         0x000006fe        0x8 C:/Program Files (x86)/Atmel/Studio/7.0/Packs/atmel/ATmega_DFP/1.0.90/gcc/dev/atmega1284p/avr51/crtatmega1284p.o
 *(.init9)
 *(.text)
 .text          0x00000706        0x2 C:/Program Files (x86)/Atmel/Studio/7.0/Packs/atmel/ATmega_DFP/1.0.90/gcc/dev/atmega1284p/avr51/crtatmega1284p.o
                0x00000706                __vector_22
                0x00000706                __vector_28
                0x00000706                __vector_1
                0x00000706                __vector_32
                0x00000706                __vector_34
                0x00000706                __vector_24
                0x00000706                __vector_12
                0x00000706                __bad_interrupt
                0x00000706                __vector_6
                0x00000706                __vector_31
                0x00000706                __vector_3
                0x00000706                __vector_23
                0x00000706                __vector_30
                0x00000706                __vector_25
                0x00000706                __vector_17
                0x00000706                __vector_19
                0x00000706                __vector_7
                0x00000706                __vector_27
                0x00000706                __vector_5
                0x00000706                __vector_33
                0x00000706                __vector_4
                0x00000706                __vector_9
                0x00000706                __vector_2
                0x00000706                __vector_21
                0x00000706                __vector_15
                0x00000706                __vector_29
                0x00000706                __vector_8
                0x00000706                __vector_26
                0x00000706                __vector_14
                0x00000706                __vector_10
                0x00000706                __vector_18
                0x00000708                . = ALIGN (0x2)
 *(.text.*)
 .text._ZN6BMP180D2Ev
                0x00000708        0x8 BMP180.o
                0x00000708                _ZN6BMP180D1Ev
                0x00000708                _ZN6BMP180D2Ev
 .text._ZN6BMP18015bmp180_writememEhh
                0x00000710       0x3e BMP180.o
                0x00000710                _ZN6BMP18015bmp180_writememEhh
 .text._ZN6BMP1806readS8Eh
                0x0000074e       0x4a BMP180.o
                0x0000074e                _ZN6BMP1806readS8Eh
 .text._ZN6BMP1806readU8Eh
                0x00000798       0x4a BMP180.o
                0x00000798                _ZN6BMP1806readU8Eh
 .text._ZN6BMP1807readS16Eh
                0x000007e2       0x34 BMP180.o
                0x000007e2                _ZN6BMP1807readS16Eh
 .text._ZN6BMP1807readU16Eh
                0x00000816       0x32 BMP180.o
                0x00000816                _ZN6BMP1807readU16Eh
 .text._ZN6BMP1807readU32Eh
                0x00000848       0x6a BMP180.o
                0x00000848                _ZN6BMP1807readU32Eh
 .text._ZN6BMP18021bmp180_getcalibrationEv
                0x000008b2       0x78 BMP180.o
                0x000008b2                _ZN6BMP18021bmp180_getcalibrationEv
 .text._ZN6BMP180C2Ev
                0x0000092a       0x36 BMP180.o
                0x0000092a                _ZN6BMP180C1Ev
                0x0000092a                _ZN6BMP180C2Ev
 .text._ZN6BMP18021bmp180_gettemperatureEv
                0x00000960      0x196 BMP180.o
                0x00000960                _ZN6BMP18021bmp180_gettemperatureEv
 .text._ZN6BMP18018bmp180_getpressureEv
                0x00000af6      0x67a BMP180.o
                0x00000af6                _ZN6BMP18018bmp180_getpressureEv
 .text._ZN6BMP18018bmp180_getaltitudeEv
                0x00001170       0x52 BMP180.o
                0x00001170                _ZN6BMP18018bmp180_getaltitudeEv
 .text.power_off
                0x000011c2        0xc diskio.o
 .text.xchg_spi
                0x000011ce        0xc diskio.o
 .text.deselect
                0x000011da        0x8 diskio.o
 .text.select   0x000011e2       0x2a diskio.o
 .text.rcvr_datablock
                0x0000120c       0x72 diskio.o
 .text.send_cmd
                0x0000127e       0xac diskio.o
 .text.xmit_datablock
                0x0000132a       0x7c diskio.o
 .text.disk_initialize
                0x000013a6      0x182 diskio.o
                0x000013a6                disk_initialize
 .text.disk_status
                0x00001528        0xe diskio.o
                0x00001528                disk_status
 .text.disk_read
                0x00001536       0xa4 diskio.o
                0x00001536                disk_read
 .text.disk_write
                0x000015da       0xdc diskio.o
                0x000015da                disk_write
 .text.disk_ioctl
                0x000016b6      0x338 diskio.o
                0x000016b6                disk_ioctl
 .text.disk_timerproc
                0x000019ee       0x26 diskio.o
                0x000019ee                disk_timerproc
 .text._ZN7DisplayD2Ev
                0x00001a14        0x8 Display.o
                0x00001a14                _ZN7DisplayD2Ev
                0x00001a14                _ZN7DisplayD1Ev
 .text._ZN7Display10clearFrameEv
                0x00001a1c        0xe Display.o
                0x00001a1c                _ZN7Display10clearFrameEv
 .text._ZN7Display15ssd1306_commandEh
                0x00001a2a       0x38 Display.o
                0x00001a2a                _ZN7Display15ssd1306_commandEh
 .text._ZN7Display17InitializeDisplayEv
                0x00001a62       0xa0 Display.o
                0x00001a62                _ZN7Display17InitializeDisplayEv
 .text._ZN7DisplayC2Ev
                0x00001b02       0x1a Display.o
                0x00001b02                _ZN7DisplayC2Ev
                0x00001b02                _ZN7DisplayC1Ev
 .text._ZN7Display9sendFrameEv
                0x00001b1c       0x6e Display.o
                0x00001b1c                _ZN7Display9sendFrameEv
 .text._ZN7Display9drawPixelEhhh
                0x00001b8a       0x70 Display.o
                0x00001b8a                _ZN7Display9drawPixelEhhh
 .text._ZN7Display9drawVLineEhhh
                0x00001bfa       0x34 Display.o
                0x00001bfa                _ZN7Display9drawVLineEhhh
 .text._ZN7Display9drawHLineEhhh
                0x00001c2e       0x34 Display.o
                0x00001c2e                _ZN7Display9drawHLineEhhh
 .text._ZN7Display9draw_ASCIEhhh
                0x00001c62       0x94 Display.o
                0x00001c62                _ZN7Display9draw_ASCIEhhh
 .text._ZN7Display16draw_number16x16Ehhh
                0x00001cf6       0xf4 Display.o
                0x00001cf6                _ZN7Display16draw_number16x16Ehhh
 .text._ZN7Display6analogEhhhh
                0x00001dea      0x4f2 Display.o
                0x00001dea                _ZN7Display6analogEhhhh
 .text.mem_cpy  0x000022dc       0x1c ff.o
 .text.ld_clust
                0x000022f8       0x44 ff.o
 .text.get_ldnumber
                0x0000233c       0x6e ff.o
 .text.sync_window
                0x000023aa       0xd2 ff.o
 .text.move_window
                0x0000247c       0x78 ff.o
 .text.check_fs
                0x000024f4       0xd0 ff.o
 .text.validate
                0x000025c4       0x4a ff.o
 .text.find_volume
                0x0000260e      0x784 ff.o
 .text.clust2sect
                0x00002d92       0x5c ff.o
                0x00002d92                clust2sect
 .text.get_fat  0x00002dee      0x1fe ff.o
                0x00002dee                get_fat
 .text.dir_sdi  0x00002fec      0x176 ff.o
 .text.put_fat  0x00003162      0x24e ff.o
                0x00003162                put_fat
 .text.create_chain
                0x000033b0      0x21e ff.o
 .text.dir_next
                0x000035ce      0x276 ff.o
 .text.f_mount  0x00003844       0xa6 ff.o
                0x00003844                f_mount
 .text.f_open   0x000038ea      0x694 ff.o
                0x000038ea                f_open
 .text.f_write  0x00003f7e      0x3f4 ff.o
                0x00003f7e                f_write
 .text.putc_bfd
                0x00004372       0x88 ff.o
 .text.f_sync   0x000043fa      0x19a ff.o
                0x000043fa                f_sync
 .text.f_close  0x00004594       0x20 ff.o
                0x00004594                f_close
 .text.f_printf
                0x000045b4      0x494 ff.o
                0x000045b4                f_printf
 .text._ZN3I2CC2Ev
                0x00004a48        0x8 I2C.o
                0x00004a48                _ZN3I2CC2Ev
                0x00004a48                _ZN3I2CC1Ev
 .text._ZN3I2CD2Ev
                0x00004a50        0x2 I2C.o
                0x00004a50                _ZN3I2CD1Ev
                0x00004a50                _ZN3I2CD2Ev
 .text._ZN3I2C9twi_startEv
                0x00004a52        0x8 I2C.o
                0x00004a52                _ZN3I2C9twi_startEv
 .text._ZN3I2C8twi_stopEv
                0x00004a5a        0x8 I2C.o
                0x00004a5a                _ZN3I2C8twi_stopEv
 .text._ZN3I2C9twi_writeEh
                0x00004a62       0x20 I2C.o
                0x00004a62                _ZN3I2C9twi_writeEh
 .text._ZN3I2C8twi_readEh
                0x00004a82       0x22 I2C.o
                0x00004a82                _ZN3I2C8twi_readEh
 .text._ZN9InterfaceC2Ev
                0x00004aa4       0x26 Interface.o
                0x00004aa4                _ZN9InterfaceC1Ev
                0x00004aa4                _ZN9InterfaceC2Ev
 .text._ZN9InterfaceD2Ev
                0x00004aca        0x2 Interface.o
                0x00004aca                _ZN9InterfaceD1Ev
                0x00004aca                _ZN9InterfaceD2Ev
 .text._ZN9Interface7paradebEPVhhPh
                0x00004acc       0x4c Interface.o
                0x00004acc                _ZN9Interface7paradebEPVhhPh
 .text._ZN9Interface6TasterEv
                0x00004b18      0x15a Interface.o
                0x00004b18                _ZN9Interface6TasterEv
 .text._ZN9Interface7unifiedEv
                0x00004c72       0x48 Interface.o
                0x00004c72                _ZN9Interface7unifiedEv
 .text._ZN9Interface17ZahlenausTastaturEv
                0x00004cba       0x16 Interface.o
                0x00004cba                _ZN9Interface17ZahlenausTastaturEv
 .text._ZN7LSM303DD2Ev
                0x00004cd0        0x6 LSM303D.o
                0x00004cd0                _ZN7LSM303DD1Ev
                0x00004cd0                _ZN7LSM303DD2Ev
 .text._ZN7LSM303D14LSM303_commandEhh
                0x00004cd6       0x34 LSM303D.o
                0x00004cd6                _ZN7LSM303D14LSM303_commandEhh
 .text._ZN7LSM303D13ACCBypassmodeEv
                0x00004d0a        0x8 LSM303D.o
                0x00004d0a                _ZN7LSM303D13ACCBypassmodeEv
 .text._ZN7LSM303D9acce_initEv
                0x00004d12       0x26 LSM303D.o
                0x00004d12                _ZN7LSM303D9acce_initEv
 .text._ZN7LSM303DC2Ev
                0x00004d38       0x7c LSM303D.o
                0x00004d38                _ZN7LSM303DC2Ev
                0x00004d38                _ZN7LSM303DC1Ev
 .text._ZN7monitor11tastendruckEPh
                0x00004db4        0x4 main.o
                0x00004db4                _ZN7monitor11tastendruckEPh
 .text._ZN3uhr11tastendruckEPh
                0x00004db8       0x1c main.o
                0x00004db8                _ZN3uhr11tastendruckEPh
 .text._ZN13einstellungen11tastendruckEPh
                0x00004dd4        0x4 main.o
                0x00004dd4                _ZN13einstellungen11tastendruckEPh
 .text._ZN5menue11tastendruckEPh
                0x00004dd8        0x4 main.o
                0x00004dd8                _ZN5menue11tastendruckEPh
 .text._ZN9offscreen4drawEv
                0x00004ddc       0x1c main.o
                0x00004ddc                _ZN9offscreen4drawEv
 .text._ZN9wilkommen4drawEv
                0x00004df8       0xfa main.o
                0x00004df8                _ZN9wilkommen4drawEv
 .text._Z8ADC_Readh
                0x00004ef2       0x28 main.o
                0x00004ef2                _Z8ADC_Readh
 .text._Z14Batteriestatusv
                0x00004f1a       0xe0 main.o
                0x00004f1a                _Z14Batteriestatusv
 .text._ZN7wandern4drawEv
                0x00004ffa      0x360 main.o
                0x00004ffa                _ZN7wandern4drawEv
 .text._ZN5tacho4drawEv
                0x0000535a      0x424 main.o
                0x0000535a                _ZN5tacho4drawEv
 .text._ZN3uhr4drawEv
                0x0000577e      0x14c main.o
                0x0000577e                _ZN3uhr4drawEv
 .text._ZN5menue4drawEv
                0x000058ca      0x218 main.o
                0x000058ca                _ZN5menue4drawEv
 .text._Z12EEPROM_Writejh
                0x00005ae2       0x14 main.o
                0x00005ae2                _Z12EEPROM_Writejh
 .text._ZN7wandern11tastendruckEPh
                0x00005af6       0xc2 main.o
                0x00005af6                _ZN7wandern11tastendruckEPh
 .text._Z11EEPROM_Readj
                0x00005bb8       0x12 main.o
                0x00005bb8                _Z11EEPROM_Readj
 .text.__vector_16
                0x00005bca       0x50 main.o
                0x00005bca                __vector_16
 .text.__vector_11
                0x00005c1a       0x38 main.o
                0x00005c1a                __vector_11
 .text.__vector_13
                0x00005c52       0x22 main.o
                0x00005c52                __vector_13
 .text.__vector_20
                0x00005c74       0xcc main.o
                0x00005c74                __vector_20
 .text._Z6nullenv
                0x00005d40       0x42 main.o
                0x00005d40                _Z6nullenv
 .text._ZN5tacho11tastendruckEPh
                0x00005d82        0xe main.o
                0x00005d82                _ZN5tacho11tastendruckEPh
 .text._Z13reed_debouncePVhh
                0x00005d90       0x4a main.o
                0x00005d90                _Z13reed_debouncePVhh
 .text._Z15geschwindigkeitf
                0x00005dda       0xd2 main.o
                0x00005dda                _Z15geschwindigkeitf
 .text.get_fattime
                0x00005eac       0xce main.o
                0x00005eac                get_fattime
 .text._Z15initialisierungv
                0x00005f7a      0x2a0 main.o
                0x00005f7a                _Z15initialisierungv
 .text._Z15tastaturhandlerP7monitorh
                0x0000621a      0x136 main.o
                0x0000621a                _Z15tastaturhandlerP7monitorh
 .text._Z19maininterupthandlerP7monitor
                0x00006350      0x4b2 main.o
                0x00006350                _Z19maininterupthandlerP7monitor
 .text._Z12gpsmovingavvdd
                0x00006802      0x12a main.o
                0x00006802                _Z12gpsmovingavvdd
 .text._Z10gpshandlerv
                0x0000692c      0x702 main.o
                0x0000692c                _Z10gpshandlerv
 .text.main     0x0000702e      0x30c main.o
                0x0000702e                main
 .text._Z13uhreinstellenv
                0x0000733a      0x734 main.o
                0x0000733a                _Z13uhreinstellenv
 .text._ZN13einstellungen4drawEv
                0x00007a6e      0x39c main.o
                0x00007a6e                _ZN13einstellungen4drawEv
 .text._GLOBAL__sub_I__Znwj
                0x00007e0a       0x46 main.o
 .text._GLOBAL__sub_D__Znwj
                0x00007e50       0x3a main.o
 .text._ZN6OutputC2Ehh
                0x00007e8a       0x74 Output.o
                0x00007e8a                _ZN6OutputC2Ehh
                0x00007e8a                _ZN6OutputC1Ehh
 .text._ZN6OutputD2Ev
                0x00007efe        0x2 Output.o
                0x00007efe                _ZN6OutputD1Ev
                0x00007efe                _ZN6OutputD2Ev
 .text._ZN6Output2onEv
                0x00007f00       0x7a Output.o
                0x00007f00                _ZN6Output2onEv
 .text._ZN6Output4isonEv
                0x00007f7a       0x76 Output.o
                0x00007f7a                _ZN6Output4isonEv
 .text._ZN6Output3offEv
                0x00007ff0       0x82 Output.o
                0x00007ff0                _ZN6Output3offEv
 .text._ZN3RTCD2Ev
                0x00008072        0x2 RTC.o
                0x00008072                _ZN3RTCD2Ev
                0x00008072                _ZN3RTCD1Ev
 .text._ZN3RTC6WeckerEv
                0x00008074       0x22 RTC.o
                0x00008074                _ZN3RTC6WeckerEv
 .text._ZN3RTC14ausgabezeitneuEv
                0x00008096       0x72 RTC.o
                0x00008096                _ZN3RTC14ausgabezeitneuEv
 .text._ZN3RTC15ausgabedatumneuEv
                0x00008108       0x72 RTC.o
                0x00008108                _ZN3RTC15ausgabedatumneuEv
 .text._ZN3RTCC2Ev
                0x0000817a       0x52 RTC.o
                0x0000817a                _ZN3RTCC2Ev
                0x0000817a                _ZN3RTCC1Ev
 .text._ZN3RTC8kalenderEv
                0x000081cc       0x88 RTC.o
                0x000081cc                _ZN3RTC8kalenderEv
 .text._ZN3RTC4zeitEv
                0x00008254       0x76 RTC.o
                0x00008254                _ZN3RTC4zeitEv
 .text._ZN3RTC8RTCstartEv
                0x000082ca       0x34 RTC.o
                0x000082ca                _ZN3RTC8RTCstartEv
 .text._ZN3RTC7RTCstopEv
                0x000082fe        0xc RTC.o
                0x000082fe                _ZN3RTC7RTCstopEv
 .text.avr-libc.fplib
                0x0000830a        0xa c:/program files (x86)/atmel/studio/7.0/toolchain/avr8/avr8-gnu-toolchain/bin/../lib/gcc/avr/4.9.2/../../../../avr/lib/avr51\libm.a(addsf3.o)
                0x0000830a                __subsf3
                0x0000830c                __addsf3
 .text.avr-libc.fplib
                0x00008314       0xc0 c:/program files (x86)/atmel/studio/7.0/toolchain/avr8/avr8-gnu-toolchain/bin/../lib/gcc/avr/4.9.2/../../../../avr/lib/avr51\libm.a(addsf3x.o)
                0x0000832e                __addsf3x
 .text.avr-libc.fplib
                0x000083d4        0x6 c:/program files (x86)/atmel/studio/7.0/toolchain/avr8/avr8-gnu-toolchain/bin/../lib/gcc/avr/4.9.2/../../../../avr/lib/avr51\libm.a(cos.o)
                0x000083d4                cos
 .text.avr-libc.fplib
                0x000083da        0x4 c:/program files (x86)/atmel/studio/7.0/toolchain/avr8/avr8-gnu-toolchain/bin/../lib/gcc/avr/4.9.2/../../../../avr/lib/avr51\libm.a(divsf3.o)
                0x000083da                __divsf3
 .text.avr-libc.fplib
                0x000083de       0xcc c:/program files (x86)/atmel/studio/7.0/toolchain/avr8/avr8-gnu-toolchain/bin/../lib/gcc/avr/4.9.2/../../../../avr/lib/avr51\libm.a(divsf3x.o)
                0x000083f4                __divsf3x
                0x000083f8                __divsf3_pse
 .text.avr-libc.fplib
                0x000084aa        0xa c:/program files (x86)/atmel/studio/7.0/toolchain/avr8/avr8-gnu-toolchain/bin/../lib/gcc/avr/4.9.2/../../../../avr/lib/avr51\libm.a(fixsfsi.o)
                0x000084aa                __fixsfsi
 .text.avr-libc.fplib
                0x000084b4       0x58 c:/program files (x86)/atmel/studio/7.0/toolchain/avr8/avr8-gnu-toolchain/bin/../lib/gcc/avr/4.9.2/../../../../avr/lib/avr51\libm.a(fixunssfsi.o)
                0x000084b4                __fixunssfsi
 .text.avr-libc.fplib
                0x0000850c       0x7a c:/program files (x86)/atmel/studio/7.0/toolchain/avr8/avr8-gnu-toolchain/bin/../lib/gcc/avr/4.9.2/../../../../avr/lib/avr51\libm.a(floatsisf.o)
                0x0000850c                __floatunsisf
                0x00008510                __floatsisf
 .text.avr-libc.fplib
                0x00008586       0x48 c:/program files (x86)/atmel/studio/7.0/toolchain/avr8/avr8-gnu-toolchain/bin/../lib/gcc/avr/4.9.2/../../../../avr/lib/avr51\libm.a(fp_cmp.o)
                0x00008586                __fp_cmp
 .text.avr-libc.fplib
                0x000085ce        0xc c:/program files (x86)/atmel/studio/7.0/toolchain/avr8/avr8-gnu-toolchain/bin/../lib/gcc/avr/4.9.2/../../../../avr/lib/avr51\libm.a(fp_inf.o)
                0x000085ce                __fp_inf
 .text.avr-libc.fplib
                0x000085da        0x6 c:/program files (x86)/atmel/studio/7.0/toolchain/avr8/avr8-gnu-toolchain/bin/../lib/gcc/avr/4.9.2/../../../../avr/lib/avr51\libm.a(fp_nan.o)
                0x000085da                __fp_nan
 .text.avr-libc.fplib
                0x000085e0       0x4a c:/program files (x86)/atmel/studio/7.0/toolchain/avr8/avr8-gnu-toolchain/bin/../lib/gcc/avr/4.9.2/../../../../avr/lib/avr51\libm.a(fp_powser.o)
                0x000085e0                __fp_powser
 .text.avr-libc.fplib
                0x0000862a        0xe c:/program files (x86)/atmel/studio/7.0/toolchain/avr8/avr8-gnu-toolchain/bin/../lib/gcc/avr/4.9.2/../../../../avr/lib/avr51\libm.a(fp_pscA.o)
                0x0000862a                __fp_pscA
 .text.avr-libc.fplib
                0x00008638        0xe c:/program files (x86)/atmel/studio/7.0/toolchain/avr8/avr8-gnu-toolchain/bin/../lib/gcc/avr/4.9.2/../../../../avr/lib/avr51\libm.a(fp_pscB.o)
                0x00008638                __fp_pscB
 .text.avr-libc.fplib
                0x00008646       0x50 c:/program files (x86)/atmel/studio/7.0/toolchain/avr8/avr8-gnu-toolchain/bin/../lib/gcc/avr/4.9.2/../../../../avr/lib/avr51\libm.a(fp_rempio2.o)
                0x00008648                __fp_rempio2
 .text.avr-libc.fplib
                0x00008696       0x22 c:/program files (x86)/atmel/studio/7.0/toolchain/avr8/avr8-gnu-toolchain/bin/../lib/gcc/avr/4.9.2/../../../../avr/lib/avr51\libm.a(fp_round.o)
                0x00008696                __fp_round
 .text.avr-libc.fplib
                0x000086b8       0x22 c:/program files (x86)/atmel/studio/7.0/toolchain/avr8/avr8-gnu-toolchain/bin/../lib/gcc/avr/4.9.2/../../../../avr/lib/avr51\libm.a(fp_sinus.o)
                0x000086b8                __fp_sinus
 .text.avr-libc.fplib
                0x000086da       0x44 c:/program files (x86)/atmel/studio/7.0/toolchain/avr8/avr8-gnu-toolchain/bin/../lib/gcc/avr/4.9.2/../../../../avr/lib/avr51\libm.a(fp_split3.o)
                0x000086da                __fp_split3
                0x000086ea                __fp_splitA
 .text.avr-libc.fplib
                0x0000871e        0xe c:/program files (x86)/atmel/studio/7.0/toolchain/avr8/avr8-gnu-toolchain/bin/../lib/gcc/avr/4.9.2/../../../../avr/lib/avr51\libm.a(fp_zero.o)
                0x0000871e                __fp_zero
                0x00008720                __fp_szero
 .text.avr-libc.fplib
                0x0000872c        0x8 c:/program files (x86)/atmel/studio/7.0/toolchain/avr8/avr8-gnu-toolchain/bin/../lib/gcc/avr/4.9.2/../../../../avr/lib/avr51\libm.a(gesf2.o)
                0x0000872c                __gesf2
                0x0000872c                __gtsf2
 .text.avr-libc.fplib
                0x00008734        0xe c:/program files (x86)/atmel/studio/7.0/toolchain/avr8/avr8-gnu-toolchain/bin/../lib/gcc/avr/4.9.2/../../../../avr/lib/avr51\libm.a(inverse.o)
                0x00008734                inverse
 .text.avr-libc.fplib
                0x00008742        0x4 c:/program files (x86)/atmel/studio/7.0/toolchain/avr8/avr8-gnu-toolchain/bin/../lib/gcc/avr/4.9.2/../../../../avr/lib/avr51\libm.a(mulsf3.o)
                0x00008742                __mulsf3
 .text.avr-libc.fplib
                0x00008746       0xc2 c:/program files (x86)/atmel/studio/7.0/toolchain/avr8/avr8-gnu-toolchain/bin/../lib/gcc/avr/4.9.2/../../../../avr/lib/avr51\libm.a(mulsf3x.o)
                0x0000875a                __mulsf3x
                0x0000875e                __mulsf3_pse
 .text.avr-libc.fplib
                0x00008808       0x98 c:/program files (x86)/atmel/studio/7.0/toolchain/avr8/avr8-gnu-toolchain/bin/../lib/gcc/avr/4.9.2/../../../../avr/lib/avr51\libm.a(pow.o)
                0x00008808                pow
 .text.avr-libc.fplib
                0x000088a0        0xc c:/program files (x86)/atmel/studio/7.0/toolchain/avr8/avr8-gnu-toolchain/bin/../lib/gcc/avr/4.9.2/../../../../avr/lib/avr51\libm.a(sin.o)
                0x000088a0                sin
 .text.avr-libc.fplib
                0x000088ac       0x62 c:/program files (x86)/atmel/studio/7.0/toolchain/avr8/avr8-gnu-toolchain/bin/../lib/gcc/avr/4.9.2/../../../../avr/lib/avr51\libm.a(exp.o)
                0x000088b6                exp
 .text.avr-libc.fplib
                0x0000890e       0x1c c:/program files (x86)/atmel/studio/7.0/toolchain/avr8/avr8-gnu-toolchain/bin/../lib/gcc/avr/4.9.2/../../../../avr/lib/avr51\libm.a(fp_mpack.o)
                0x0000890e                __fp_mpack
                0x00008912                __fp_mpack_finite
 .text.avr-libc.fplib
                0x0000892a       0x22 c:/program files (x86)/atmel/studio/7.0/toolchain/avr8/avr8-gnu-toolchain/bin/../lib/gcc/avr/4.9.2/../../../../avr/lib/avr51\libm.a(fp_powsodd.o)
                0x0000892a                __fp_powsodd
 .text.avr-libc.fplib
                0x0000894c       0x6c c:/program files (x86)/atmel/studio/7.0/toolchain/avr8/avr8-gnu-toolchain/bin/../lib/gcc/avr/4.9.2/../../../../avr/lib/avr51\libm.a(ldexp.o)
                0x00008950                ldexp
 .text.avr-libc.fplib
                0x000089b8       0x8a c:/program files (x86)/atmel/studio/7.0/toolchain/avr8/avr8-gnu-toolchain/bin/../lib/gcc/avr/4.9.2/../../../../avr/lib/avr51\libm.a(log.o)
                0x000089c2                log
 .text.avr-libc.fplib
                0x00008a42       0x66 c:/program files (x86)/atmel/studio/7.0/toolchain/avr8/avr8-gnu-toolchain/bin/../lib/gcc/avr/4.9.2/../../../../avr/lib/avr51\libm.a(modf.o)
                0x00008a42                modf
                0x00008a42                modff
 .text.avr-libc
                0x00008aa8      0x710 c:/program files (x86)/atmel/studio/7.0/toolchain/avr8/avr8-gnu-toolchain/bin/../lib/gcc/avr/4.9.2/../../../../avr/lib/avr51\libprintf_flt.a(vfprintf_flt.o)
                0x00008aa8                vfprintf
 .text.libgcc.div
                0x000091b8       0x44 c:/program files (x86)/atmel/studio/7.0/toolchain/avr8/avr8-gnu-toolchain/bin/../lib/gcc/avr/4.9.2/avr51\libgcc.a(_udivmodsi4.o)
                0x000091b8                __udivmodsi4
 .text.libgcc   0x000091fc       0x12 c:/program files (x86)/atmel/studio/7.0/toolchain/avr8/avr8-gnu-toolchain/bin/../lib/gcc/avr/4.9.2/avr51\libgcc.a(_tablejump2.o)
                0x000091fc                __tablejump2__
 .text.libgcc.mul
                0x0000920e       0x1e c:/program files (x86)/atmel/studio/7.0/toolchain/avr8/avr8-gnu-toolchain/bin/../lib/gcc/avr/4.9.2/avr51\libgcc.a(_umulhisi3.o)
                0x0000920e                __umulhisi3
 .text.libgcc.mul
                0x0000922c       0x14 c:/program files (x86)/atmel/studio/7.0/toolchain/avr8/avr8-gnu-toolchain/bin/../lib/gcc/avr/4.9.2/avr51\libgcc.a(_muluhisi3.o)
                0x0000922c                __muluhisi3
 .text.libgcc.mul
                0x00009240       0x92 c:/program files (x86)/atmel/studio/7.0/toolchain/avr8/avr8-gnu-toolchain/bin/../lib/gcc/avr/4.9.2/avr51\libgcc.a(_muldi3.o)
                0x00009240                __muldi3
 .text.libgcc.mul
                0x000092d2       0x10 c:/program files (x86)/atmel/studio/7.0/toolchain/avr8/avr8-gnu-toolchain/bin/../lib/gcc/avr/4.9.2/avr51\libgcc.a(_muldi3_6.o)
                0x000092d2                __muldi3_6
 .text.libgcc.div
                0x000092e2       0x56 c:/program files (x86)/atmel/studio/7.0/toolchain/avr8/avr8-gnu-toolchain/bin/../lib/gcc/avr/4.9.2/avr51\libgcc.a(_divdi3.o)
                0x000092e2                __moddi3
                0x000092e6                __divdi3
                0x000092e8                __divdi3_moddi3
 .text.libgcc.div
                0x00009338       0x1a c:/program files (x86)/atmel/studio/7.0/toolchain/avr8/avr8-gnu-toolchain/bin/../lib/gcc/avr/4.9.2/avr51\libgcc.a(_udivdi3.o)
                0x00009338                __umoddi3
                0x0000933c                __udivdi3
                0x0000933e                __udivdi3_umoddi3
 .text.libgcc.div
                0x00009352       0xa2 c:/program files (x86)/atmel/studio/7.0/toolchain/avr8/avr8-gnu-toolchain/bin/../lib/gcc/avr/4.9.2/avr51\libgcc.a(_udivmod64.o)
                0x00009352                __udivmod64
 .text.libgcc   0x000093f4       0x20 c:/program files (x86)/atmel/studio/7.0/toolchain/avr8/avr8-gnu-toolchain/bin/../lib/gcc/avr/4.9.2/avr51\libgcc.a(_negdi2.o)
                0x000093f4                __negdi2
 .text.libgcc.prologue
                0x00009414       0x38 c:/program files (x86)/atmel/studio/7.0/toolchain/avr8/avr8-gnu-toolchain/bin/../lib/gcc/avr/4.9.2/avr51\libgcc.a(_prologue.o)
                0x00009414                __prologue_saves__
 .text.libgcc.prologue
                0x0000944c       0x36 c:/program files (x86)/atmel/studio/7.0/toolchain/avr8/avr8-gnu-toolchain/bin/../lib/gcc/avr/4.9.2/avr51\libgcc.a(_epilogue.o)
                0x0000944c                __epilogue_restores__
 .text.libgcc.builtins
                0x00009482       0x32 c:/program files (x86)/atmel/studio/7.0/toolchain/avr8/avr8-gnu-toolchain/bin/../lib/gcc/avr/4.9.2/avr51\libgcc.a(_ashldi3.o)
                0x00009482                __ashldi3
 .text.libgcc.builtins
                0x000094b4       0x3c c:/program files (x86)/atmel/studio/7.0/toolchain/avr8/avr8-gnu-toolchain/bin/../lib/gcc/avr/4.9.2/avr51\libgcc.a(_ashrdi3.o)
                0x000094b4                __ashrdi3
                0x000094b8                __lshrdi3
 .text.libgcc   0x000094f0       0x12 c:/program files (x86)/atmel/studio/7.0/toolchain/avr8/avr8-gnu-toolchain/bin/../lib/gcc/avr/4.9.2/avr51\libgcc.a(_adddi3.o)
                0x000094f0                __adddi3
 .text.libgcc   0x00009502       0x18 c:/program files (x86)/atmel/studio/7.0/toolchain/avr8/avr8-gnu-toolchain/bin/../lib/gcc/avr/4.9.2/avr51\libgcc.a(_adddi3_s8.o)
                0x00009502                __adddi3_s8
 .text.libgcc   0x0000951a       0x12 c:/program files (x86)/atmel/studio/7.0/toolchain/avr8/avr8-gnu-toolchain/bin/../lib/gcc/avr/4.9.2/avr51\libgcc.a(_subdi3.o)
                0x0000951a                __subdi3
 .text.avr-libc
                0x0000952c      0x25a c:/program files (x86)/atmel/studio/7.0/toolchain/avr8/avr8-gnu-toolchain/bin/../lib/gcc/avr/4.9.2/../../../../avr/lib/avr51\libc.a(malloc.o)
                0x0000952c                malloc
                0x00009656                free
 .text.avr-libc
                0x00009786      0x1b0 c:/program files (x86)/atmel/studio/7.0/toolchain/avr8/avr8-gnu-toolchain/bin/../lib/gcc/avr/4.9.2/../../../../avr/lib/avr51\libc.a(ftoa_engine.o)
                0x00009786                __ftoa_engine
 .text.avr-libc
                0x00009936       0x16 c:/program files (x86)/atmel/studio/7.0/toolchain/avr8/avr8-gnu-toolchain/bin/../lib/gcc/avr/4.9.2/../../../../avr/lib/avr51\libc.a(strnlen_P.o)
                0x00009936                strnlen_P
 .text.avr-libc
                0x0000994c       0x16 c:/program files (x86)/atmel/studio/7.0/toolchain/avr8/avr8-gnu-toolchain/bin/../lib/gcc/avr/4.9.2/../../../../avr/lib/avr51\libc.a(strnlen.o)
                0x0000994c                strnlen
 .text.avr-libc
                0x00009962       0x70 c:/program files (x86)/atmel/studio/7.0/toolchain/avr8/avr8-gnu-toolchain/bin/../lib/gcc/avr/4.9.2/../../../../avr/lib/avr51\libc.a(fputc.o)
                0x00009962                fputc
 .text.avr-libc
                0x000099d2       0x5e c:/program files (x86)/atmel/studio/7.0/toolchain/avr8/avr8-gnu-toolchain/bin/../lib/gcc/avr/4.9.2/../../../../avr/lib/avr51\libc.a(sprintf.o)
                0x000099d2                sprintf
 .text.avr-libc
                0x00009a30       0xbc c:/program files (x86)/atmel/studio/7.0/toolchain/avr8/avr8-gnu-toolchain/bin/../lib/gcc/avr/4.9.2/../../../../avr/lib/avr51\libc.a(ultoa_invert.o)
                0x00009a30                __ultoa_invert
                0x00009aec                . = ALIGN (0x2)
 *(.fini9)
 .fini9         0x00009aec        0x0 c:/program files (x86)/atmel/studio/7.0/toolchain/avr8/avr8-gnu-toolchain/bin/../lib/gcc/avr/4.9.2/avr51\libgcc.a(_exit.o)
                0x00009aec                _exit
                0x00009aec                exit
 *(.fini9)
 *(.fini8)
 *(.fini8)
 *(.fini7)
 *(.fini7)
 *(.fini6)
 .fini6         0x00009aec       0x14 c:/program files (x86)/atmel/studio/7.0/toolchain/avr8/avr8-gnu-toolchain/bin/../lib/gcc/avr/4.9.2/avr51\libgcc.a(_dtors.o)
                0x00009aec                __do_global_dtors
 *(.fini6)
 *(.fini5)
 *(.fini5)
 *(.fini4)
 *(.fini4)
 *(.fini3)
 *(.fini3)
 *(.fini2)
 *(.fini2)
 *(.fini1)
 *(.fini1)
 *(.fini0)
 .fini0         0x00009b00        0x4 c:/program files (x86)/atmel/studio/7.0/toolchain/avr8/avr8-gnu-toolchain/bin/../lib/gcc/avr/4.9.2/avr51\libgcc.a(_exit.o)
 *(.fini0)
                0x00009b04                _etext = .

.data           0x00800100      0x330 load address 0x00009b04
                0x00800100                PROVIDE (__data_start, .)
 *(.data)
 .data          0x00800100        0x6 c:/program files (x86)/atmel/studio/7.0/toolchain/avr8/avr8-gnu-toolchain/bin/../lib/gcc/avr/4.9.2/../../../../avr/lib/avr51\libc.a(malloc.o)
                0x00800100                __malloc_heap_end
                0x00800102                __malloc_heap_start
                0x00800104                __malloc_margin
 *(.data*)
 .data.Stat     0x00800106        0x1 diskio.o
 *(.rodata)
 *(.rodata*)
 .rodata.str1.1
                0x00800107        0xf ff.o
 .rodata.ExCvt  0x00800116       0x80 ff.o
 .rodata.str1.1
                0x00800196      0x261 main.o
                                0x272 (size before relaxing)
 .rodata._ZTV3uhr
                0x008003f7        0x8 main.o
                0x008003f7                _ZTV3uhr
 .rodata._ZTV5tacho
                0x008003ff        0x8 main.o
                0x008003ff                _ZTV5tacho
 .rodata._ZTV7wandern
                0x00800407        0x8 main.o
                0x00800407                _ZTV7wandern
 .rodata._ZTV13einstellungen
                0x0080040f        0x8 main.o
                0x0080040f                _ZTV13einstellungen
 .rodata._ZTV9wilkommen
                0x00800417        0x8 main.o
                0x00800417                _ZTV9wilkommen
 .rodata._ZTV5menue
                0x0080041f        0x8 main.o
                0x0080041f                _ZTV5menue
 .rodata._ZTV9offscreen
                0x00800427        0x8 main.o
                0x00800427                _ZTV9offscreen
 *(.gnu.linkonce.d*)
                0x00800430                . = ALIGN (0x2)
 *fill*         0x0080042f        0x1 
                0x00800430                _edata = .
                0x00800430                PROVIDE (__data_end, .)

.bss            0x00800430      0xa37
                0x00800430                PROVIDE (__bss_start, .)
 *(.bss)
 *(.bss*)
 .bss.CardType  0x00800430        0x1 diskio.o
 .bss.Timer2    0x00800431        0x1 diskio.o
 .bss.Timer1    0x00800432        0x1 diskio.o
 .bss.Fsid      0x00800433        0x2 ff.o
 .bss.FatFs     0x00800435        0x2 ff.o
 .bss.logger    0x00800437      0x220 main.o
                0x00800437                logger
 .bss.FATFS_Obj
                0x00800657      0x22e main.o
                0x00800657                FATFS_Obj
 .bss.Fahrtzeit
                0x00800885        0x4 main.o
                0x00800885                Fahrtzeit
 .bss.maxgeschw
                0x00800889        0x4 main.o
                0x00800889                maxgeschw
 .bss.strecke   0x0080088d        0x4 main.o
                0x0080088d                strecke
 .bss.geschw    0x00800891        0x4 main.o
                0x00800891                geschw
 .bss.gpsJahr   0x00800895        0x1 main.o
                0x00800895                gpsJahr
 .bss.gpsMonat  0x00800896        0x1 main.o
                0x00800896                gpsMonat
 .bss.gpsTag    0x00800897        0x1 main.o
                0x00800897                gpsTag
 .bss.gpssekunde
                0x00800898        0x1 main.o
                0x00800898                gpssekunde
 .bss.gpsminute
                0x00800899        0x1 main.o
                0x00800899                gpsminute
 .bss.gpsstunde
                0x0080089a        0x1 main.o
                0x0080089a                gpsstunde
 .bss.gpsspeed  0x0080089b        0x4 main.o
                0x0080089b                gpsspeed
 .bss.lonavv    0x0080089f       0x10 main.o
                0x0080089f                lonavv
 .bss.lon       0x008008af        0x4 main.o
                0x008008af                lon
 .bss.latavv    0x008008b3       0x10 main.o
                0x008008b3                latavv
 .bss.lat       0x008008c3        0x4 main.o
                0x008008c3                lat
 .bss.gpscounter
                0x008008c7        0x1 main.o
                0x008008c7                gpscounter
 .bss.gpsdata   0x008008c8       0x48 main.o
                0x008008c8                gpsdata
 .bss.gpsstatus
                0x00800910        0x1 main.o
                0x00800910                gpsstatus
 .bss.FPS       0x00800911        0x1 main.o
                0x00800911                FPS
 .bss.position  0x00800912        0x1 main.o
                0x00800912                position
 .bss.statusreg
                0x00800913        0x1 main.o
                0x00800913                statusreg
 .bss.anzeige   0x00800914        0x1 main.o
                0x00800914                anzeige
 .bss.IRLED     0x00800915        0x2 main.o
                0x00800915                IRLED
 .bss.Vibrationsmotor
                0x00800917        0x2 main.o
                0x00800917                Vibrationsmotor
 .bss.LED       0x00800919        0x2 main.o
                0x00800919                LED
 .bss.batterie  0x0080091b        0x4 main.o
                0x0080091b                batterie
 .bss.druck     0x0080091f       0x2f main.o
                0x0080091f                druck
 .bss.Accelerometer
                0x0080094e       0xe9 main.o
                0x0080094e                Accelerometer
 .bss.Tastatur  0x00800a37        0xc main.o
                0x00800a37                Tastatur
 .bss.oled      0x00800a43      0x401 main.o
                0x00800a43                oled
 .bss.rtc       0x00800e44       0x1f main.o
                0x00800e44                rtc
 *(COMMON)
 COMMON         0x00800e63        0x4 c:/program files (x86)/atmel/studio/7.0/toolchain/avr8/avr8-gnu-toolchain/bin/../lib/gcc/avr/4.9.2/../../../../avr/lib/avr51\libc.a(malloc.o)
                0x00800e63                __brkval
                0x00800e65                __flp
                0x00800e67                PROVIDE (__bss_end, .)
                0x00009b04                __data_load_start = LOADADDR (.data)
                0x00009e34                __data_load_end = (__data_load_start + SIZEOF (.data))

.noinit         0x00800e67        0x0
                0x00800e67                PROVIDE (__noinit_start, .)
 *(.noinit*)
                0x00800e67                PROVIDE (__noinit_end, .)
                0x00800e67                _end = .
                0x00800e67                PROVIDE (__heap_start, .)

.eeprom         0x00810000        0x0
 *(.eeprom*)
                0x00810000                __eeprom_end = .

.fuse
 *(.fuse)
 *(.lfuse)
 *(.hfuse)
 *(.efuse)

.lock
 *(.lock*)

.signature
 *(.signature*)

.user_signatures
 *(.user_signatures*)

.stab
 *(.stab)

.stabstr
 *(.stabstr)

.stab.excl
 *(.stab.excl)

.stab.exclstr
 *(.stab.exclstr)

.stab.index
 *(.stab.index)

.stab.indexstr
 *(.stab.indexstr)

.comment        0x00000000       0x5c
 *(.comment)
 .comment       0x00000000       0x30 BMP180.o
                                 0x31 (size before relaxing)
 .comment       0x00000030       0x31 diskio.o
 .comment       0x00000030       0x31 Display.o
 .comment       0x00000030       0x31 ff.o
 .comment       0x00000030       0x31 I2C.o
 .comment       0x00000030       0x31 Interface.o
 .comment       0x00000030       0x31 LSM303D.o
 .comment       0x00000030       0x31 main.o
 .comment       0x00000030       0x31 Output.o
 .comment       0x00000030       0x31 RTC.o
 .comment       0x00000030       0x2c c:/program files (x86)/atmel/studio/7.0/toolchain/avr8/avr8-gnu-toolchain/bin/../lib/gcc/avr/4.9.2/../../../../avr/lib/avr51\libprintf_flt.a(vfprintf_flt.o)
                                 0x2d (size before relaxing)
 .comment       0x0000005c       0x31 c:/program files (x86)/atmel/studio/7.0/toolchain/avr8/avr8-gnu-toolchain/bin/../lib/gcc/avr/4.9.2/../../../../avr/lib/avr51\libc.a(malloc.o)
 .comment       0x0000005c       0x31 c:/program files (x86)/atmel/studio/7.0/toolchain/avr8/avr8-gnu-toolchain/bin/../lib/gcc/avr/4.9.2/../../../../avr/lib/avr51\libc.a(fputc.o)
 .comment       0x0000005c       0x31 c:/program files (x86)/atmel/studio/7.0/toolchain/avr8/avr8-gnu-toolchain/bin/../lib/gcc/avr/4.9.2/../../../../avr/lib/avr51\libc.a(sprintf.o)

.note.gnu.avr.deviceinfo
                0x00000000       0x40
 .note.gnu.avr.deviceinfo
                0x00000000       0x40 C:/Program Files (x86)/Atmel/Studio/7.0/Packs/atmel/ATmega_DFP/1.0.90/gcc/dev/atmega1284p/avr51/crtatmega1284p.o

.note.gnu.build-id
 *(.note.gnu.build-id)

.debug
 *(.debug)

.line
 *(.line)

.debug_srcinfo
 *(.debug_srcinfo)

.debug_sfnames
 *(.debug_sfnames)

.debug_aranges  0x00000000      0x5b0
 *(.debug_aranges)
 .debug_aranges
                0x00000000       0x78 BMP180.o
 .debug_aranges
                0x00000078       0x80 diskio.o
 .debug_aranges
                0x000000f8       0xb0 Display.o
 .debug_aranges
                0x000001a8       0xe8 ff.o
 .debug_aranges
                0x00000290       0x58 I2C.o
 .debug_aranges
                0x000002e8       0x58 Interface.o
 .debug_aranges
                0x00000340       0x70 LSM303D.o
 .debug_aranges
                0x000003b0      0x148 main.o
 .debug_aranges
                0x000004f8       0x48 Output.o
 .debug_aranges
                0x00000540       0x70 RTC.o

.debug_pubnames
 *(.debug_pubnames)

.debug_info     0x00000000     0xdfb8
 *(.debug_info .gnu.linkonce.wi.*)
 .debug_info    0x00000000      0xf3c BMP180.o
 .debug_info    0x00000f3c      0xd52 diskio.o
 .debug_info    0x00001c8e     0x1c41 Display.o
 .debug_info    0x000038cf     0x24b1 ff.o
 .debug_info    0x00005d80      0x371 I2C.o
 .debug_info    0x000060f1      0xd25 Interface.o
 .debug_info    0x00006e16      0xd77 LSM303D.o
 .debug_info    0x00007b8d     0x5a06 main.o
 .debug_info    0x0000d593      0x3f7 Output.o
 .debug_info    0x0000d98a      0x62e RTC.o

.debug_abbrev   0x00000000     0x2067
 *(.debug_abbrev)
 .debug_abbrev  0x00000000      0x303 BMP180.o
 .debug_abbrev  0x00000303      0x27a diskio.o
 .debug_abbrev  0x0000057d      0x34e Display.o
 .debug_abbrev  0x000008cb      0x310 ff.o
 .debug_abbrev  0x00000bdb      0x1a6 I2C.o
 .debug_abbrev  0x00000d81      0x2b6 Interface.o
 .debug_abbrev  0x00001037      0x338 LSM303D.o
 .debug_abbrev  0x0000136f      0x8c2 main.o
 .debug_abbrev  0x00001c31      0x1e0 Output.o
 .debug_abbrev  0x00001e11      0x256 RTC.o

.debug_line     0x00000000     0x5bb8
 *(.debug_line .debug_line.* .debug_line_end)
 .debug_line    0x00000000      0x4b1 BMP180.o
 .debug_line    0x000004b1      0x77d diskio.o
 .debug_line    0x00000c2e      0x839 Display.o
 .debug_line    0x00001467     0x19ab ff.o
 .debug_line    0x00002e12      0x197 I2C.o
 .debug_line    0x00002fa9      0x551 Interface.o
 .debug_line    0x000034fa      0x55b LSM303D.o
 .debug_line    0x00003a55     0x1aff main.o
 .debug_line    0x00005554      0x217 Output.o
 .debug_line    0x0000576b      0x44d RTC.o

.debug_frame    0x00000000     0x1b64
 *(.debug_frame)
 .debug_frame   0x00000000      0x234 BMP180.o
 .debug_frame   0x00000234      0x1bc diskio.o
 .debug_frame   0x000003f0      0x3a0 Display.o
 .debug_frame   0x00000790      0x6b8 ff.o
 .debug_frame   0x00000e48       0x94 I2C.o
 .debug_frame   0x00000edc       0xb0 Interface.o
 .debug_frame   0x00000f8c      0x238 LSM303D.o
 .debug_frame   0x000011c4      0x838 main.o
 .debug_frame   0x000019fc       0x74 Output.o
 .debug_frame   0x00001a70       0xf4 RTC.o

.debug_str      0x00000000     0x1c39
 *(.debug_str)
 .debug_str     0x00000000      0x549 BMP180.o
                                0x5c1 (size before relaxing)
 .debug_str     0x00000549      0x236 diskio.o
                                0x2fa (size before relaxing)
 .debug_str     0x0000077f      0x3df Display.o
                                0x690 (size before relaxing)
 .debug_str     0x00000b5e      0x3ce ff.o
                                0x60e (size before relaxing)
 .debug_str     0x00000f2c       0x25 I2C.o
                                0x290 (size before relaxing)
 .debug_str     0x00000f51      0x159 Interface.o
                                0x36d (size before relaxing)
 .debug_str     0x000010aa      0x224 LSM303D.o
                                0x4d7 (size before relaxing)
 .debug_str     0x000012ce      0x8f5 main.o
                               0x175c (size before relaxing)
 .debug_str     0x00001bc3       0x51 Output.o
                                0x277 (size before relaxing)
 .debug_str     0x00001c14       0x25 RTC.o
                                0x37d (size before relaxing)

.debug_loc      0x00000000     0xdb48
 *(.debug_loc)
 .debug_loc     0x00000000     0x1046 BMP180.o
 .debug_loc     0x00001046      0xd1e diskio.o
 .debug_loc     0x00001d64     0x1bcd Display.o
 .debug_loc     0x00003931     0x4f59 ff.o
 .debug_loc     0x0000888a      0x128 I2C.o
 .debug_loc     0x000089b2      0xac7 Interface.o
 .debug_loc     0x00009479      0xf76 LSM303D.o
 .debug_loc     0x0000a3ef     0x30ef main.o
 .debug_loc     0x0000d4de      0x397 Output.o
 .debug_loc     0x0000d875      0x2d3 RTC.o

.debug_macinfo
 *(.debug_macinfo)

.debug_weaknames
 *(.debug_weaknames)

.debug_funcnames
 *(.debug_funcnames)

.debug_typenames
 *(.debug_typenames)

.debug_varnames
 *(.debug_varnames)

.debug_pubtypes
 *(.debug_pubtypes)

.debug_ranges   0x00000000      0x6e0
 *(.debug_ranges)
 .debug_ranges  0x00000000       0x68 BMP180.o
 .debug_ranges  0x00000068       0x70 diskio.o
 .debug_ranges  0x000000d8      0x100 Display.o
 .debug_ranges  0x000001d8      0x1d0 ff.o
 .debug_ranges  0x000003a8       0x48 I2C.o
 .debug_ranges  0x000003f0       0x48 Interface.o
 .debug_ranges  0x00000438       0x60 LSM303D.o
 .debug_ranges  0x00000498      0x1b0 main.o
 .debug_ranges  0x00000648       0x38 Output.o
 .debug_ranges  0x00000680       0x60 RTC.o

.debug_macro
 *(.debug_macro)
OUTPUT(FWCP_MK3.elf elf32-avr)
LOAD linker stubs
