Archive member included to satisfy reference by file (symbol)

c:/program files (x86)/atmel/studio/7.0/toolchain/avr8/avr8-gnu-toolchain/bin/../lib/gcc/avr/4.9.2/../../../../avr/lib/avr51\libm.a(addsf3.o)
                              BMP180.o (__subsf3)
c:/program files (x86)/atmel/studio/7.0/toolchain/avr8/avr8-gnu-toolchain/bin/../lib/gcc/avr/4.9.2/../../../../avr/lib/avr51\libm.a(addsf3x.o)
                              c:/program files (x86)/atmel/studio/7.0/toolchain/avr8/avr8-gnu-toolchain/bin/../lib/gcc/avr/4.9.2/../../../../avr/lib/avr51\libm.a(addsf3.o) (__addsf3x)
c:/program files (x86)/atmel/studio/7.0/toolchain/avr8/avr8-gnu-toolchain/bin/../lib/gcc/avr/4.9.2/../../../../avr/lib/avr51\libm.a(atan2.o)
                              Kompass.o (atan2)
c:/program files (x86)/atmel/studio/7.0/toolchain/avr8/avr8-gnu-toolchain/bin/../lib/gcc/avr/4.9.2/../../../../avr/lib/avr51\libm.a(atan.o)
                              c:/program files (x86)/atmel/studio/7.0/toolchain/avr8/avr8-gnu-toolchain/bin/../lib/gcc/avr/4.9.2/../../../../avr/lib/avr51\libm.a(atan2.o) (atan)
c:/program files (x86)/atmel/studio/7.0/toolchain/avr8/avr8-gnu-toolchain/bin/../lib/gcc/avr/4.9.2/../../../../avr/lib/avr51\libm.a(cmpsf2.o)
                              Kompass.o (__ltsf2)
c:/program files (x86)/atmel/studio/7.0/toolchain/avr8/avr8-gnu-toolchain/bin/../lib/gcc/avr/4.9.2/../../../../avr/lib/avr51\libm.a(cos.o)
                              Display.o (cos)
c:/program files (x86)/atmel/studio/7.0/toolchain/avr8/avr8-gnu-toolchain/bin/../lib/gcc/avr/4.9.2/../../../../avr/lib/avr51\libm.a(divsf3.o)
                              BMP180.o (__divsf3)
c:/program files (x86)/atmel/studio/7.0/toolchain/avr8/avr8-gnu-toolchain/bin/../lib/gcc/avr/4.9.2/../../../../avr/lib/avr51\libm.a(divsf3x.o)
                              c:/program files (x86)/atmel/studio/7.0/toolchain/avr8/avr8-gnu-toolchain/bin/../lib/gcc/avr/4.9.2/../../../../avr/lib/avr51\libm.a(divsf3.o) (__divsf3x)
c:/program files (x86)/atmel/studio/7.0/toolchain/avr8/avr8-gnu-toolchain/bin/../lib/gcc/avr/4.9.2/../../../../avr/lib/avr51\libm.a(fixsfsi.o)
                              Kompass.o (__fixsfsi)
c:/program files (x86)/atmel/studio/7.0/toolchain/avr8/avr8-gnu-toolchain/bin/../lib/gcc/avr/4.9.2/../../../../avr/lib/avr51\libm.a(fixunssfsi.o)
                              Display.o (__fixunssfsi)
c:/program files (x86)/atmel/studio/7.0/toolchain/avr8/avr8-gnu-toolchain/bin/../lib/gcc/avr/4.9.2/../../../../avr/lib/avr51\libm.a(floatsisf.o)
                              LSM303D.o (__floatunsisf)
c:/program files (x86)/atmel/studio/7.0/toolchain/avr8/avr8-gnu-toolchain/bin/../lib/gcc/avr/4.9.2/../../../../avr/lib/avr51\libm.a(fp_cmp.o)
                              c:/program files (x86)/atmel/studio/7.0/toolchain/avr8/avr8-gnu-toolchain/bin/../lib/gcc/avr/4.9.2/../../../../avr/lib/avr51\libm.a(cmpsf2.o) (__fp_cmp)
c:/program files (x86)/atmel/studio/7.0/toolchain/avr8/avr8-gnu-toolchain/bin/../lib/gcc/avr/4.9.2/../../../../avr/lib/avr51\libm.a(fp_inf.o)
                              c:/program files (x86)/atmel/studio/7.0/toolchain/avr8/avr8-gnu-toolchain/bin/../lib/gcc/avr/4.9.2/../../../../avr/lib/avr51\libm.a(addsf3x.o) (__fp_inf)
c:/program files (x86)/atmel/studio/7.0/toolchain/avr8/avr8-gnu-toolchain/bin/../lib/gcc/avr/4.9.2/../../../../avr/lib/avr51\libm.a(fp_nan.o)
                              c:/program files (x86)/atmel/studio/7.0/toolchain/avr8/avr8-gnu-toolchain/bin/../lib/gcc/avr/4.9.2/../../../../avr/lib/avr51\libm.a(addsf3x.o) (__fp_nan)
c:/program files (x86)/atmel/studio/7.0/toolchain/avr8/avr8-gnu-toolchain/bin/../lib/gcc/avr/4.9.2/../../../../avr/lib/avr51\libm.a(fp_powser.o)
                              c:/program files (x86)/atmel/studio/7.0/toolchain/avr8/avr8-gnu-toolchain/bin/../lib/gcc/avr/4.9.2/../../../../avr/lib/avr51\libm.a(atan.o) (__fp_powser)
c:/program files (x86)/atmel/studio/7.0/toolchain/avr8/avr8-gnu-toolchain/bin/../lib/gcc/avr/4.9.2/../../../../avr/lib/avr51\libm.a(fp_pscA.o)
                              c:/program files (x86)/atmel/studio/7.0/toolchain/avr8/avr8-gnu-toolchain/bin/../lib/gcc/avr/4.9.2/../../../../avr/lib/avr51\libm.a(addsf3x.o) (__fp_pscA)
c:/program files (x86)/atmel/studio/7.0/toolchain/avr8/avr8-gnu-toolchain/bin/../lib/gcc/avr/4.9.2/../../../../avr/lib/avr51\libm.a(fp_pscB.o)
                              c:/program files (x86)/atmel/studio/7.0/toolchain/avr8/avr8-gnu-toolchain/bin/../lib/gcc/avr/4.9.2/../../../../avr/lib/avr51\libm.a(addsf3x.o) (__fp_pscB)
c:/program files (x86)/atmel/studio/7.0/toolchain/avr8/avr8-gnu-toolchain/bin/../lib/gcc/avr/4.9.2/../../../../avr/lib/avr51\libm.a(fp_rempio2.o)
                              c:/program files (x86)/atmel/studio/7.0/toolchain/avr8/avr8-gnu-toolchain/bin/../lib/gcc/avr/4.9.2/../../../../avr/lib/avr51\libm.a(cos.o) (__fp_rempio2)
[...]
Memory Configuration

Name             Origin             Length             Attributes
text             0x00000000         0x00020000         xr
data             0x00800100         0x0000ff00         rw !x
eeprom           0x00810000         0x00010000         rw !x
fuse             0x00820000         0x00000400         rw !x
lock             0x00830000         0x00000400         rw !x
signature        0x00840000         0x00000400         rw !x
user_signatures  0x00850000         0x00000400         rw !x
*default*        0x00000000         0xffffffff

Linker script and memory map

Address of section .data set to 0x800100
LOAD C:/Program Files (x86)/Atmel/Studio/7.0/Packs/atmel/ATmega_DFP/1.0.90/gcc/dev/atmega1284p/avr51/crtatmega1284p.o
LOAD BMP180.o
LOAD diskio.o
LOAD Display.o
LOAD ff.o
LOAD I2C.o
LOAD Interface.o
LOAD Kompass.o
LOAD LSM303D.o
LOAD main.o
LOAD Output.o
LOAD RTC.o
LOAD SOUND.o
START GROUP
LOAD c:/program files (x86)/atmel/studio/7.0/toolchain/avr8/avr8-gnu-toolchain/bin/../lib/gcc/avr/4.9.2/../../../../avr/lib/avr51\libm.a
LOAD c:/program files (x86)/atmel/studio/7.0/toolchain/avr8/avr8-gnu-toolchain/bin/../lib/gcc/avr/4.9.2/../../../../avr/lib/avr51\libprintf_flt.a
END GROUP
LOAD c:/program files (x86)/atmel/studio/7.0/toolchain/avr8/avr8-gnu-toolchain/bin/../lib/gcc/avr/4.9.2/avr51\libgcc.a
LOAD c:/program files (x86)/atmel/studio/7.0/toolchain/avr8/avr8-gnu-toolchain/bin/../lib/gcc/avr/4.9.2/../../../../avr/lib/avr51\libm.a
START GROUP
LOAD c:/program files (x86)/atmel/studio/7.0/toolchain/avr8/avr8-gnu-toolchain/bin/../lib/gcc/avr/4.9.2/avr51\libgcc.a
LOAD c:/program files (x86)/atmel/studio/7.0/toolchain/avr8/avr8-gnu-toolchain/bin/../lib/gcc/avr/4.9.2/../../../../avr/lib/avr51\libm.a
LOAD c:/program files (x86)/atmel/studio/7.0/toolchain/avr8/avr8-gnu-toolchain/bin/../lib/gcc/avr/4.9.2/../../../../avr/lib/avr51\libc.a
LOAD C:/Program Files (x86)/Atmel/Studio/7.0/Packs/atmel/ATmega_DFP/1.0.90/gcc/dev/atmega1284p/avr51\libatmega1284p.a
END GROUP

.hash
 *(.hash)

.dynsym
 *(.dynsym)

.dynstr
 *(.dynstr)

.gnu.version
 *(.gnu.version)

.gnu.version_d
 *(.gnu.version_d)

.gnu.version_r
 *(.gnu.version_r)

.rel.init
 *(.rel.init)

.rela.init
 *(.rela.init)

.rel.text
 *(.rel.text)
 *(.rel.text.*)
 *(.rel.gnu.linkonce.t*)

.rela.text
 *(.rela.text)
 *(.rela.text.*)
 *(.rela.gnu.linkonce.t*)

.rel.fini
 *(.rel.fini)

.rela.fini
 *(.rela.fini)

.rel.rodata
 *(.rel.rodata)
 *(.rel.rodata.*)
 *(.rel.gnu.linkonce.r*)

.rela.rodata
 *(.rela.rodata)
 *(.rela.rodata.*)
 *(.rela.gnu.linkonce.r*)

.rel.data
 *(.rel.data)
 *(.rel.data.*)
 *(.rel.gnu.linkonce.d*)

.rela.data
 *(.rela.data)
 *(.rela.data.*)
 *(.rela.gnu.linkonce.d*)

.rel.ctors
 *(.rel.ctors)

.rela.ctors
 *(.rela.ctors)

.rel.dtors
 *(.rel.dtors)

.rela.dtors
 *(.rela.dtors)

.rel.got
 *(.rel.got)

.rela.got
 *(.rela.got)

.rel.bss
 *(.rel.bss)

.rela.bss
 *(.rela.bss)

.rel.plt
 *(.rel.plt)

.rela.plt
 *(.rela.plt)

.text           0x00000000     0x9eb2
 *(.vectors)
 .vectors       0x00000000       0x8c C:/Program Files (x86)/Atmel/Studio/7.0/Packs/atmel/ATmega_DFP/1.0.90/gcc/dev/atmega1284p/avr51/crtatmega1284p.o
                0x00000000                __vector_default
                0x00000000                __vectors
 *(.vectors)
 *(.progmem.gcc*)
 .progmem.gcc_sw_table.disk_ioctl
                0x0000008c       0x6e diskio.o
 .progmem.gcc_sw_table.f_printf
                0x000000fa       0x2e ff.o
 .progmem.gcc_sw_table._ZN9Interface7unifiedEv
                0x00000128       0x2e Interface.o
 .progmem.gcc_sw_table._Z15tastaturhandlerP7monitorh
                0x00000156       0x8c main.o
 .progmem.gcc_sw_table._Z13uhreinstellenv
                0x000001e2       0x14 main.o
 .progmem.gcc_fplib
                0x000001f6       0x1e c:/program files (x86)/atmel/studio/7.0/toolchain/avr8/avr8-gnu-toolchain/bin/../lib/gcc/avr/4.9.2/../../../../avr/lib/avr51\libm.a(fp_sinus.o)
 .progmem.gcc_fplib
                0x00000214       0x28 c:/program files (x86)/atmel/studio/7.0/toolchain/avr8/avr8-gnu-toolchain/bin/../lib/gcc/avr/4.9.2/../../../../avr/lib/avr51\libm.a(exp.o)
 .progmem.gcc_fplib
                0x0000023c       0x5a c:/program files (x86)/atmel/studio/7.0/toolchain/avr8/avr8-gnu-toolchain/bin/../lib/gcc/avr/4.9.2/../../../../avr/lib/avr51\libm.a(log.o)
                0x00000296                . = ALIGN (0x2)
                0x00000296                __trampolines_start = .
 *(.trampolines)
 .trampolines   0x00000296        0x0 linker stubs
 *(.trampolines*)
                0x00000296                __trampolines_end = .
 *(.progmem*)
 .progmem.data._ZL11digits16x16
                0x00000296      0x140 Display.o
 .progmem.data._ZL7font5x8
                0x000003d6      0x1d6 Display.o
 .progmem.data  0x000005ac        0x8 c:/program files (x86)/atmel/studio/7.0/toolchain/avr8/avr8-gnu-toolchain/bin/../lib/gcc/avr/4.9.2/../../../../avr/lib/avr51\libprintf_flt.a(vfprintf_flt.o)
 .progmem.data  0x000005b4       0xfa c:/program files (x86)/atmel/studio/7.0/toolchain/avr8/avr8-gnu-toolchain/bin/../lib/gcc/avr/4.9.2/../../../../avr/lib/avr51\libc.a(ftoa_engine.o)
                0x000006ae                . = ALIGN (0x2)
 *(.jumptables)
 *(.jumptables*)
 *(.lowtext)
 *(.lowtext*)
                0x000006ae                __ctors_start = .
 *(.ctors)
 .ctors         0x000006ae        0x2 main.o
                0x000006b0                __ctors_end = .
                0x000006b0                __dtors_start = .
 *(.dtors)
 .dtors         0x000006b0        0x2 main.o
                0x000006b2                __dtors_end = .
 SORT(*)(.ctors)
 SORT(*)(.dtors)
 *(.init0)
 .init0         0x000006b2        0x0 C:/Program Files (x86)/Atmel/Studio/7.0/Packs/atmel/ATmega_DFP/1.0.90/gcc/dev/atmega1284p/avr51/crtatmega1284p.o
                0x000006b2                __init
 *(.init0)
 *(.init1)
 *(.init1)
 *(.init2)
 .init2         0x000006b2        0xc C:/Program Files (x86)/Atmel/Studio/7.0/Packs/atmel/ATmega_DFP/1.0.90/gcc/dev/atmega1284p/avr51/crtatmega1284p.o
 *(.init2)
 *(.init3)
 *(.init3)
 *(.init4)
 .init4         0x000006be       0x1a c:/program files (x86)/atmel/studio/7.0/toolchain/avr8/avr8-gnu-toolchain/bin/../lib/gcc/avr/4.9.2/avr51\libgcc.a(_copy_data.o)
                0x000006be                __do_copy_data
 .init4         0x000006d8       0x10 c:/program files (x86)/atmel/studio/7.0/toolchain/avr8/avr8-gnu-toolchain/bin/../lib/gcc/avr/4.9.2/avr51\libgcc.a(_clear_bss.o)
                0x000006d8                __do_clear_bss
 *(.init4)
 *(.init5)
 *(.init5)
 *(.init6)
 .init6         0x000006e8       0x16 c:/program files (x86)/atmel/studio/7.0/toolchain/avr8/avr8-gnu-toolchain/bin/../lib/gcc/avr/4.9.2/avr51\libgcc.a(_ctors.o)
                0x000006e8                __do_global_ctors
 *(.init6)
 *(.init7)
 *(.init7)
 *(.init8)
 *(.init8)
 *(.init9)
 .init9         0x000006fe        0x8 C:/Program Files (x86)/Atmel/Studio/7.0/Packs/atmel/ATmega_DFP/1.0.90/gcc/dev/atmega1284p/avr51/crtatmega1284p.o
 *(.init9)
 *(.text)
 .text          0x00000706        0x2 C:/Program Files (x86)/Atmel/Studio/7.0/Packs/atmel/ATmega_DFP/1.0.90/gcc/dev/atmega1284p/avr51/crtatmega1284p.o
                0x00000706                __vector_22
                0x00000706                __vector_28
                0x00000706                __vector_1
                0x00000706                __vector_32
                0x00000706                __vector_34
                0x00000706                __vector_24
                0x00000706                __vector_12
                0x00000706                __bad_interrupt
                0x00000706                __vector_6
                0x00000706                __vector_31
                0x00000706                __vector_3
                0x00000706                __vector_23
                0x00000706                __vector_30
                0x00000706                __vector_25
                0x00000706                __vector_17
                0x00000706                __vector_19
                0x00000706                __vector_7
                0x00000706                __vector_27
                0x00000706                __vector_5
                0x00000706                __vector_33
                0x00000706                __vector_4
                0x00000706                __vector_9
                0x00000706                __vector_2
                0x00000706                __vector_21
                0x00000706                __vector_15
                0x00000706                __vector_29
                0x00000706                __vector_8
                0x00000706                __vector_26
                0x00000706                __vector_14
                0x00000706                __vector_10
                0x00000706                __vector_18
                0x00000708                . = ALIGN (0x2)
 *(.text.*)
 .text._ZN6BMP180D2Ev
                0x00000708        0x8 BMP180.o
                0x00000708                _ZN6BMP180D1Ev
                0x00000708                _ZN6BMP180D2Ev
 .text._ZN6BMP18015bmp180_writememEhh
                0x00000710       0x3e BMP180.o
                0x00000710                _ZN6BMP18015bmp180_writememEhh
 .text._ZN6BMP1806readS8Eh
                0x0000074e       0x4a BMP180.o
                0x0000074e                _ZN6BMP1806readS8Eh
 .text._ZN6BMP1806readU8Eh
                0x00000798       0x4a BMP180.o
                0x00000798                _ZN6BMP1806readU8Eh
 .text._ZN6BMP1807readS16Eh
                0x000007e2       0x34 BMP180.o
                0x000007e2                _ZN6BMP1807readS16Eh
 .text._ZN6BMP1807readU16Eh
                0x00000816       0x32 BMP180.o
                0x00000816                _ZN6BMP1807readU16Eh
 .text._ZN6BMP1807readU32Eh
                0x00000848       0x6a BMP180.o
                0x00000848                _ZN6BMP1807readU32Eh
 .text._ZN6BMP18021bmp180_getcalibrationEv
                0x000008b2       0x78 BMP180.o
                0x000008b2                _ZN6BMP18021bmp180_getcalibrationEv
 .text._ZN6BMP180C2Ev
                0x0000092a       0x36 BMP180.o
                0x0000092a                _ZN6BMP180C1Ev
                0x0000092a                _ZN6BMP180C2Ev
 .text._ZN6BMP18021bmp180_gettemperatureEv
                0x00000960      0x196 BMP180.o
                0x00000960                _ZN6BMP18021bmp180_gettemperatureEv
 .text._ZN6BMP18018bmp180_getpressureEv
                0x00000af6      0x67a BMP180.o
                0x00000af6                _ZN6BMP18018bmp180_getpressureEv
 .text._ZN6BMP18018bmp180_getaltitudeEv
                0x00001170       0x52 BMP180.o
                0x00001170                _ZN6BMP18018bmp180_getaltitudeEv
 .text.power_off
                0x000011c2        0xc diskio.o
 .text.xchg_spi
                0x000011ce        0xc diskio.o
 .text.deselect
                0x000011da        0x8 diskio.o
 .text.select   0x000011e2       0x2a diskio.o
 .text.rcvr_datablock
                0x0000120c       0x72 diskio.o
 .text.send_cmd
                0x0000127e       0xac diskio.o
 .text.xmit_datablock
                0x0000132a       0x7c diskio.o
 .text.disk_initialize
                0x000013a6      0x182 diskio.o
                0x000013a6                disk_initialize
 .text.disk_status
                0x00001528        0xe diskio.o
                0x00001528                disk_status
 .text.disk_read
                0x00001536       0xa4 diskio.o
                0x00001536                disk_read
 .text.disk_write
                0x000015da       0xdc diskio.o
                0x000015da                disk_write
 .text.disk_ioctl
                0x000016b6      0x338 diskio.o
                0x000016b6                disk_ioctl
 .text.disk_timerproc
                0x000019ee       0x26 diskio.o
                0x000019ee                disk_timerproc
 .text._ZN7DisplayD2Ev
                0x00001a14        0x8 Display.o
                0x00001a14                _ZN7DisplayD2Ev
                0x00001a14                _ZN7DisplayD1Ev
 .text._ZN7Display10clearFrameEv
                0x00001a1c        0xe Display.o
                0x00001a1c                _ZN7Display10clearFrameEv
 .text._ZN7Display15ssd1306_commandEh
                0x00001a2a       0x38 Display.o
                0x00001a2a                _ZN7Display15ssd1306_commandEh
 .text._ZN7Display17InitializeDisplayEv
                0x00001a62       0xa0 Display.o
                0x00001a62                _ZN7Display17InitializeDisplayEv
 .text._ZN7DisplayC2Ev
                0x00001b02       0x1a Display.o
                0x00001b02                _ZN7DisplayC2Ev
                0x00001b02                _ZN7DisplayC1Ev
 .text._ZN7Display9sendFrameEv
                0x00001b1c       0x6e Display.o
                0x00001b1c                _ZN7Display9sendFrameEv
 .text._ZN7Display9drawPixelEhhh
                0x00001b8a       0x70 Display.o
                0x00001b8a                _ZN7Display9drawPixelEhhh
 .text._ZN7Display9drawVLineEhhh
                0x00001bfa       0x34 Display.o
                0x00001bfa                _ZN7Display9drawVLineEhhh
 .text._ZN7Display9drawHLineEhhh
                0x00001c2e       0x34 Display.o
                0x00001c2e                _ZN7Display9drawHLineEhhh
 .text._ZN7Display13drawRectangleEhhhhh
                0x00001c62       0xba Display.o
                0x00001c62                _ZN7Display13drawRectangleEhhhhh
 .text._ZN7Display9draw_ASCIEhhh
                0x00001d1c       0x94 Display.o
                0x00001d1c                _ZN7Display9draw_ASCIEhhh
 .text._ZN7Display16draw_number16x16Ehhh
                0x00001db0       0xf4 Display.o
                0x00001db0                _ZN7Display16draw_number16x16Ehhh
 .text._ZN7Display6analogEhhhh
                0x00001ea4      0x4f2 Display.o
                0x00001ea4                _ZN7Display6analogEhhhh
 .text._ZN7Display8drawBATTEahh
                0x00002396      0x108 Display.o
                0x00002396                _ZN7Display8drawBATTEahh
 .text._ZN7Display7drawGPSEhhh
                0x0000249e       0x70 Display.o
                0x0000249e                _ZN7Display7drawGPSEhhh
 .text.mem_cpy  0x0000250e       0x1c ff.o
 .text.ld_clust
                0x0000252a       0x44 ff.o
 .text.get_ldnumber
                0x0000256e       0x6e ff.o
 .text.sync_window
                0x000025dc       0xd6 ff.o
 .text.move_window
                0x000026b2       0x7a ff.o
 .text.check_fs
                0x0000272c       0xd0 ff.o
 .text.validate
                0x000027fc       0x4a ff.o
 .text.find_volume
                0x00002846      0x784 ff.o
 .text.clust2sect
                0x00002fca       0x5c ff.o
                0x00002fca                clust2sect
 .text.get_fat  0x00003026      0x1fe ff.o
                0x00003026                get_fat
 .text.dir_sdi  0x00003224      0x176 ff.o
 .text.put_fat  0x0000339a      0x24e ff.o
                0x0000339a                put_fat
 .text.create_chain
                0x000035e8      0x21e ff.o
 .text.dir_next
                0x00003806      0x276 ff.o
 .text.f_mount  0x00003a7c       0xa6 ff.o
                0x00003a7c                f_mount
 .text.f_open   0x00003b22      0x694 ff.o
                0x00003b22                f_open
 .text.f_write  0x000041b6      0x3f4 ff.o
                0x000041b6                f_write
 .text.putc_bfd
                0x000045aa       0x88 ff.o
 .text.f_sync   0x00004632      0x19a ff.o
                0x00004632                f_sync
 .text.f_close  0x000047cc       0x20 ff.o
                0x000047cc                f_close
 .text.f_printf
                0x000047ec      0x494 ff.o
                0x000047ec                f_printf
 .text._ZN3I2CC2Ev
                0x00004c80        0x8 I2C.o
                0x00004c80                _ZN3I2CC2Ev
                0x00004c80                _ZN3I2CC1Ev
 .text._ZN3I2CD2Ev
                0x00004c88        0x2 I2C.o
                0x00004c88                _ZN3I2CD1Ev
                0x00004c88                _ZN3I2CD2Ev
 .text._ZN3I2C9twi_startEv
                0x00004c8a        0x8 I2C.o
                0x00004c8a                _ZN3I2C9twi_startEv
 .text._ZN3I2C8twi_stopEv
                0x00004c92        0x8 I2C.o
                0x00004c92                _ZN3I2C8twi_stopEv
 .text._ZN3I2C9twi_writeEh
                0x00004c9a       0x20 I2C.o
                0x00004c9a                _ZN3I2C9twi_writeEh
 .text._ZN3I2C8twi_readEh
                0x00004cba       0x22 I2C.o
                0x00004cba                _ZN3I2C8twi_readEh
 .text._ZN9InterfaceC2Ev
                0x00004cdc       0x26 Interface.o
                0x00004cdc                _ZN9InterfaceC1Ev
                0x00004cdc                _ZN9InterfaceC2Ev
 .text._ZN9InterfaceD2Ev
                0x00004d02        0x2 Interface.o
                0x00004d02                _ZN9InterfaceD1Ev
                0x00004d02                _ZN9InterfaceD2Ev
 .text._ZN9Interface7paradebEPVhhPh
                0x00004d04       0x4c Interface.o
                0x00004d04                _ZN9Interface7paradebEPVhhPh
 .text._ZN9Interface6TasterEv
                0x00004d50      0x15a Interface.o
                0x00004d50                _ZN9Interface6TasterEv
 .text._ZN9Interface7unifiedEv
                0x00004eaa       0x48 Interface.o
                0x00004eaa                _ZN9Interface7unifiedEv
 .text._ZN9Interface17ZahlenausTastaturEv
                0x00004ef2       0x16 Interface.o
                0x00004ef2                _ZN9Interface17ZahlenausTastaturEv
 .text._ZN7LSM303DD2Ev
                0x00004f08        0x6 LSM303D.o
                0x00004f08                _ZN7LSM303DD1Ev
                0x00004f08                _ZN7LSM303DD2Ev
 .text._ZN7LSM303D14LSM303_commandEhh
                0x00004f0e       0x34 LSM303D.o
                0x00004f0e                _ZN7LSM303D14LSM303_commandEhh
 .text._ZN7LSM303D13ACCBypassmodeEv
                0x00004f42        0x8 LSM303D.o
                0x00004f42                _ZN7LSM303D13ACCBypassmodeEv
 .text._ZN7LSM303D8MAGNModeEh
                0x00004f4a       0x20 LSM303D.o
                0x00004f4a                _ZN7LSM303D8MAGNModeEh
 .text._ZN7LSM303D11LSM303_initEv
                0x00004f6a       0x34 LSM303D.o
                0x00004f6a                _ZN7LSM303D11LSM303_initEv
 .text._ZN7LSM303DC2Ev
                0x00004f9e       0x9c LSM303D.o
                0x00004f9e                _ZN7LSM303DC2Ev
                0x00004f9e                _ZN7LSM303DC1Ev
 .text._ZN7monitor11tastendruckEPh
                0x0000503a        0x4 main.o
                0x0000503a                _ZN7monitor11tastendruckEPh
 .text._ZN3uhr11tastendruckEPh
                0x0000503e       0x1c main.o
                0x0000503e                _ZN3uhr11tastendruckEPh
 .text._ZN13einstellungen11tastendruckEPh
                0x0000505a        0x4 main.o
                0x0000505a                _ZN13einstellungen11tastendruckEPh
 .text._ZN5menue11tastendruckEPh
                0x0000505e        0x4 main.o
                0x0000505e                _ZN5menue11tastendruckEPh
 .text._ZN3uhr4drawEv
                0x00005062       0xa0 main.o
                0x00005062                _ZN3uhr4drawEv
 .text._ZN9offscreen4drawEv
                0x00005102       0x1c main.o
                0x00005102                _ZN9offscreen4drawEv
 .text._ZN3uhr6bottomEv
                0x0000511e       0x48 main.o
                0x0000511e                _ZN3uhr6bottomEv
 .text._ZN7monitor6bottomEv
                0x00005166       0x48 main.o
                0x00005166                _ZN7monitor6bottomEv
 .text._ZN5tacho4drawEv
                0x000051ae      0x3aa main.o
                0x000051ae                _ZN5tacho4drawEv
 .text._ZN7wandern4drawEv
                0x00005558      0x466 main.o
                0x00005558                _ZN7wandern4drawEv
 .text._ZN5menue4drawEv
                0x000059be      0x174 main.o
                0x000059be                _ZN5menue4drawEv
 .text._ZN9wilkommen4drawEv
                0x00005b32       0xfa main.o
                0x00005b32                _ZN9wilkommen4drawEv
 .text._Z8ADC_Readh
                0x00005c2c       0x28 main.o
                0x00005c2c                _Z8ADC_Readh
 .text._Z7statavva
                0x00005c54       0x56 main.o
                0x00005c54                _Z7statavva
 .text._Z14Batteriestatusv
                0x00005caa       0xe2 main.o
                0x00005caa                _Z14Batteriestatusv
 .text._ZN3uhr6headerEv
                0x00005d8c       0x78 main.o
                0x00005d8c                _ZN3uhr6headerEv
 .text._ZN7monitor6headerEv
                0x00005e04       0x78 main.o
                0x00005e04                _ZN7monitor6headerEv
 .text._ZN5tacho6headerEv
                0x00005e7c       0x34 main.o
                0x00005e7c                _ZN5tacho6headerEv
 .text._Z12EEPROM_Writejh
                0x00005eb0       0x14 main.o
                0x00005eb0                _Z12EEPROM_Writejh
 .text._Z11EEPROM_Readj
                0x00005ec4       0x12 main.o
                0x00005ec4                _Z11EEPROM_Readj
 .text.__vector_16
                0x00005ed6       0x80 main.o
                0x00005ed6                __vector_16
 .text.__vector_11
                0x00005f56       0x38 main.o
                0x00005f56                __vector_11
 .text.__vector_13
                0x00005f8e       0x22 main.o
                0x00005f8e                __vector_13
 .text._Z9GPSENABLEv
                0x00005fb0        0xe main.o
                0x00005fb0                _Z9GPSENABLEv
 .text._Z10GPSDISABLEv
                0x00005fbe        0xe main.o
                0x00005fbe                _Z10GPSDISABLEv
 .text._ZN7wandern11tastendruckEPh
                0x00005fcc       0xc2 main.o
                0x00005fcc                _ZN7wandern11tastendruckEPh
 .text.__vector_20
                0x0000608e       0xcc main.o
                0x0000608e                __vector_20
 .text._Z6nullenv
                0x0000615a       0x42 main.o
                0x0000615a                _Z6nullenv
 .text._ZN5tacho11tastendruckEPh
                0x0000619c        0xe main.o
                0x0000619c                _ZN5tacho11tastendruckEPh
 .text._Z13reed_debouncePVhh
                0x000061aa       0x4a main.o
                0x000061aa                _Z13reed_debouncePVhh
 .text._Z15geschwindigkeitf
                0x000061f4       0xd2 main.o
                0x000061f4                _Z15geschwindigkeitf
 .text.get_fattime
                0x000062c6       0xce main.o
                0x000062c6                get_fattime
 .text._Z15initialisierungv
                0x00006394      0x2a8 main.o
                0x00006394                _Z15initialisierungv
 .text._Z15tastaturhandlerP7monitorh
                0x0000663c      0x136 main.o
                0x0000663c                _Z15tastaturhandlerP7monitorh
 .text._Z19maininterupthandlerP7monitor
                0x00006772      0x4d0 main.o
                0x00006772                _Z19maininterupthandlerP7monitor
 .text._Z12gpsmovingavvdd
                0x00006c42      0x12a main.o
                0x00006c42                _Z12gpsmovingavvdd
 .text._Z10gpshandlerv
                0x00006d6c      0x708 main.o
                0x00006d6c                _Z10gpshandlerv
 .text.main     0x00007474      0x30e main.o
                0x00007474                main
 .text._Z13uhreinstellenv
                0x00007782      0x734 main.o
                0x00007782                _Z13uhreinstellenv
 .text._ZN13einstellungen4drawEv
                0x00007eb6      0x302 main.o
                0x00007eb6                _ZN13einstellungen4drawEv
 .text._GLOBAL__sub_I__Znwj
                0x000081b8       0x46 main.o
 .text._GLOBAL__sub_D__Znwj
                0x000081fe       0x3a main.o
 .text._ZN6OutputC2Ehh
                0x00008238       0x74 Output.o
                0x00008238                _ZN6OutputC2Ehh
                0x00008238                _ZN6OutputC1Ehh
 .text._ZN6OutputD2Ev
                0x000082ac        0x2 Output.o
                0x000082ac                _ZN6OutputD1Ev
                0x000082ac                _ZN6OutputD2Ev
 .text._ZN6Output2onEv
                0x000082ae       0x7a Output.o
                0x000082ae                _ZN6Output2onEv
 .text._ZN6Output4isonEv
                0x00008328       0x76 Output.o
                0x00008328                _ZN6Output4isonEv
 .text._ZN6Output3offEv
                0x0000839e       0x82 Output.o
                0x0000839e                _ZN6Output3offEv
 .text._ZN3RTCD2Ev
                0x00008420        0x2 RTC.o
                0x00008420                _ZN3RTCD2Ev
                0x00008420                _ZN3RTCD1Ev
 .text._ZN3RTC6WeckerEv
                0x00008422       0x22 RTC.o
                0x00008422                _ZN3RTC6WeckerEv
 .text._ZN3RTC14ausgabezeitneuEv
                0x00008444       0x72 RTC.o
                0x00008444                _ZN3RTC14ausgabezeitneuEv
 .text._ZN3RTC15ausgabedatumneuEv
                0x000084b6       0x72 RTC.o
                0x000084b6                _ZN3RTC15ausgabedatumneuEv
 .text._ZN3RTCC2Ev
                0x00008528       0x52 RTC.o
                0x00008528                _ZN3RTCC2Ev
                0x00008528                _ZN3RTCC1Ev
 .text._ZN3RTC8kalenderEv
                0x0000857a       0x88 RTC.o
                0x0000857a                _ZN3RTC8kalenderEv
 .text._ZN3RTC4zeitEv
                0x00008602       0x76 RTC.o
                0x00008602                _ZN3RTC4zeitEv
 .text._ZN3RTC8RTCstartEv
                0x00008678       0x34 RTC.o
                0x00008678                _ZN3RTC8RTCstartEv
 .text._ZN3RTC7RTCstopEv
                0x000086ac        0xc RTC.o
                0x000086ac                _ZN3RTC7RTCstopEv
 .text.avr-libc.fplib
                0x000086b8        0xa c:/program files (x86)/atmel/studio/7.0/toolchain/avr8/avr8-gnu-toolchain/bin/../lib/gcc/avr/4.9.2/../../../../avr/lib/avr51\libm.a(addsf3.o)
                0x000086b8                __subsf3
                0x000086ba                __addsf3
 .text.avr-libc.fplib
                0x000086c2       0xc0 c:/program files (x86)/atmel/studio/7.0/toolchain/avr8/avr8-gnu-toolchain/bin/../lib/gcc/avr/4.9.2/../../../../avr/lib/avr51\libm.a(addsf3x.o)
                0x000086dc                __addsf3x
 .text.avr-libc.fplib
                0x00008782        0x6 c:/program files (x86)/atmel/studio/7.0/toolchain/avr8/avr8-gnu-toolchain/bin/../lib/gcc/avr/4.9.2/../../../../avr/lib/avr51\libm.a(cos.o)
                0x00008782                cos
 .text.avr-libc.fplib
                0x00008788        0x4 c:/program files (x86)/atmel/studio/7.0/toolchain/avr8/avr8-gnu-toolchain/bin/../lib/gcc/avr/4.9.2/../../../../avr/lib/avr51\libm.a(divsf3.o)
                0x00008788                __divsf3
 .text.avr-libc.fplib
                0x0000878c       0xcc c:/program files (x86)/atmel/studio/7.0/toolchain/avr8/avr8-gnu-toolchain/bin/../lib/gcc/avr/4.9.2/../../../../avr/lib/avr51\libm.a(divsf3x.o)
                0x000087a2                __divsf3x
                0x000087a6                __divsf3_pse
 .text.avr-libc.fplib
                0x00008858        0xa c:/program files (x86)/atmel/studio/7.0/toolchain/avr8/avr8-gnu-toolchain/bin/../lib/gcc/avr/4.9.2/../../../../avr/lib/avr51\libm.a(fixsfsi.o)
                0x00008858                __fixsfsi
 .text.avr-libc.fplib
                0x00008862       0x58 c:/program files (x86)/atmel/studio/7.0/toolchain/avr8/avr8-gnu-toolchain/bin/../lib/gcc/avr/4.9.2/../../../../avr/lib/avr51\libm.a(fixunssfsi.o)
                0x00008862                __fixunssfsi
 .text.avr-libc.fplib
                0x000088ba       0x7a c:/program files (x86)/atmel/studio/7.0/toolchain/avr8/avr8-gnu-toolchain/bin/../lib/gcc/avr/4.9.2/../../../../avr/lib/avr51\libm.a(floatsisf.o)
                0x000088ba                __floatunsisf
                0x000088be                __floatsisf
 .text.avr-libc.fplib
                0x00008934       0x48 c:/program files (x86)/atmel/studio/7.0/toolchain/avr8/avr8-gnu-toolchain/bin/../lib/gcc/avr/4.9.2/../../../../avr/lib/avr51\libm.a(fp_cmp.o)
                0x00008934                __fp_cmp
 .text.avr-libc.fplib
                0x0000897c        0xc c:/program files (x86)/atmel/studio/7.0/toolchain/avr8/avr8-gnu-toolchain/bin/../lib/gcc/avr/4.9.2/../../../../avr/lib/avr51\libm.a(fp_inf.o)
                0x0000897c                __fp_inf
 .text.avr-libc.fplib
                0x00008988        0x6 c:/program files (x86)/atmel/studio/7.0/toolchain/avr8/avr8-gnu-toolchain/bin/../lib/gcc/avr/4.9.2/../../../../avr/lib/avr51\libm.a(fp_nan.o)
                0x00008988                __fp_nan
 .text.avr-libc.fplib
                0x0000898e       0x4a c:/program files (x86)/atmel/studio/7.0/toolchain/avr8/avr8-gnu-toolchain/bin/../lib/gcc/avr/4.9.2/../../../../avr/lib/avr51\libm.a(fp_powser.o)
                0x0000898e                __fp_powser
 .text.avr-libc.fplib
                0x000089d8        0xe c:/program files (x86)/atmel/studio/7.0/toolchain/avr8/avr8-gnu-toolchain/bin/../lib/gcc/avr/4.9.2/../../../../avr/lib/avr51\libm.a(fp_pscA.o)
                0x000089d8                __fp_pscA
 .text.avr-libc.fplib
                0x000089e6        0xe c:/program files (x86)/atmel/studio/7.0/toolchain/avr8/avr8-gnu-toolchain/bin/../lib/gcc/avr/4.9.2/../../../../avr/lib/avr51\libm.a(fp_pscB.o)
                0x000089e6                __fp_pscB
 .text.avr-libc.fplib
                0x000089f4       0x50 c:/program files (x86)/atmel/studio/7.0/toolchain/avr8/avr8-gnu-toolchain/bin/../lib/gcc/avr/4.9.2/../../../../avr/lib/avr51\libm.a(fp_rempio2.o)
                0x000089f6                __fp_rempio2
 .text.avr-libc.fplib
                0x00008a44       0x22 c:/program files (x86)/atmel/studio/7.0/toolchain/avr8/avr8-gnu-toolchain/bin/../lib/gcc/avr/4.9.2/../../../../avr/lib/avr51\libm.a(fp_round.o)
                0x00008a44                __fp_round
 .text.avr-libc.fplib
                0x00008a66       0x22 c:/program files (x86)/atmel/studio/7.0/toolchain/avr8/avr8-gnu-toolchain/bin/../lib/gcc/avr/4.9.2/../../../../avr/lib/avr51\libm.a(fp_sinus.o)
                0x00008a66                __fp_sinus
 .text.avr-libc.fplib
                0x00008a88       0x44 c:/program files (x86)/atmel/studio/7.0/toolchain/avr8/avr8-gnu-toolchain/bin/../lib/gcc/avr/4.9.2/../../../../avr/lib/avr51\libm.a(fp_split3.o)
                0x00008a88                __fp_split3
                0x00008a98                __fp_splitA
 .text.avr-libc.fplib
                0x00008acc        0xe c:/program files (x86)/atmel/studio/7.0/toolchain/avr8/avr8-gnu-toolchain/bin/../lib/gcc/avr/4.9.2/../../../../avr/lib/avr51\libm.a(fp_zero.o)
                0x00008acc                __fp_zero
                0x00008ace                __fp_szero
 .text.avr-libc.fplib
                0x00008ada        0x8 c:/program files (x86)/atmel/studio/7.0/toolchain/avr8/avr8-gnu-toolchain/bin/../lib/gcc/avr/4.9.2/../../../../avr/lib/avr51\libm.a(gesf2.o)
                0x00008ada                __gesf2
                0x00008ada                __gtsf2
 .text.avr-libc.fplib
                0x00008ae2        0xe c:/program files (x86)/atmel/studio/7.0/toolchain/avr8/avr8-gnu-toolchain/bin/../lib/gcc/avr/4.9.2/../../../../avr/lib/avr51\libm.a(inverse.o)
                0x00008ae2                inverse
 .text.avr-libc.fplib
                0x00008af0        0x4 c:/program files (x86)/atmel/studio/7.0/toolchain/avr8/avr8-gnu-toolchain/bin/../lib/gcc/avr/4.9.2/../../../../avr/lib/avr51\libm.a(mulsf3.o)
                0x00008af0                __mulsf3
 .text.avr-libc.fplib
                0x00008af4       0xc2 c:/program files (x86)/atmel/studio/7.0/toolchain/avr8/avr8-gnu-toolchain/bin/../lib/gcc/avr/4.9.2/../../../../avr/lib/avr51\libm.a(mulsf3x.o)
                0x00008b08                __mulsf3x
                0x00008b0c                __mulsf3_pse
 .text.avr-libc.fplib
                0x00008bb6       0x98 c:/program files (x86)/atmel/studio/7.0/toolchain/avr8/avr8-gnu-toolchain/bin/../lib/gcc/avr/4.9.2/../../../../avr/lib/avr51\libm.a(pow.o)
                0x00008bb6                pow
 .text.avr-libc.fplib
                0x00008c4e        0xc c:/program files (x86)/atmel/studio/7.0/toolchain/avr8/avr8-gnu-toolchain/bin/../lib/gcc/avr/4.9.2/../../../../avr/lib/avr51\libm.a(sin.o)
                0x00008c4e                sin
 .text.avr-libc.fplib
                0x00008c5a       0x62 c:/program files (x86)/atmel/studio/7.0/toolchain/avr8/avr8-gnu-toolchain/bin/../lib/gcc/avr/4.9.2/../../../../avr/lib/avr51\libm.a(exp.o)
                0x00008c64                exp
 .text.avr-libc.fplib
                0x00008cbc       0x1c c:/program files (x86)/atmel/studio/7.0/toolchain/avr8/avr8-gnu-toolchain/bin/../lib/gcc/avr/4.9.2/../../../../avr/lib/avr51\libm.a(fp_mpack.o)
                0x00008cbc                __fp_mpack
                0x00008cc0                __fp_mpack_finite
 .text.avr-libc.fplib
                0x00008cd8       0x22 c:/program files (x86)/atmel/studio/7.0/toolchain/avr8/avr8-gnu-toolchain/bin/../lib/gcc/avr/4.9.2/../../../../avr/lib/avr51\libm.a(fp_powsodd.o)
                0x00008cd8                __fp_powsodd
 .text.avr-libc.fplib
                0x00008cfa       0x6c c:/program files (x86)/atmel/studio/7.0/toolchain/avr8/avr8-gnu-toolchain/bin/../lib/gcc/avr/4.9.2/../../../../avr/lib/avr51\libm.a(ldexp.o)
                0x00008cfe                ldexp
 .text.avr-libc.fplib
                0x00008d66       0x8a c:/program files (x86)/atmel/studio/7.0/toolchain/avr8/avr8-gnu-toolchain/bin/../lib/gcc/avr/4.9.2/../../../../avr/lib/avr51\libm.a(log.o)
                0x00008d70                log
 .text.avr-libc.fplib
                0x00008df0       0x66 c:/program files (x86)/atmel/studio/7.0/toolchain/avr8/avr8-gnu-toolchain/bin/../lib/gcc/avr/4.9.2/../../../../avr/lib/avr51\libm.a(modf.o)
                0x00008df0                modf
                0x00008df0                modff
 .text.avr-libc
                0x00008e56      0x710 c:/program files (x86)/atmel/studio/7.0/toolchain/avr8/avr8-gnu-toolchain/bin/../lib/gcc/avr/4.9.2/../../../../avr/lib/avr51\libprintf_flt.a(vfprintf_flt.o)
                0x00008e56                vfprintf
 .text.libgcc.div
                0x00009566       0x44 c:/program files (x86)/atmel/studio/7.0/toolchain/avr8/avr8-gnu-toolchain/bin/../lib/gcc/avr/4.9.2/avr51\libgcc.a(_udivmodsi4.o)
                0x00009566                __udivmodsi4
 .text.libgcc   0x000095aa       0x12 c:/program files (x86)/atmel/studio/7.0/toolchain/avr8/avr8-gnu-toolchain/bin/../lib/gcc/avr/4.9.2/avr51\libgcc.a(_tablejump2.o)
                0x000095aa                __tablejump2__
 .text.libgcc.mul
                0x000095bc       0x1e c:/program files (x86)/atmel/studio/7.0/toolchain/avr8/avr8-gnu-toolchain/bin/../lib/gcc/avr/4.9.2/avr51\libgcc.a(_umulhisi3.o)
                0x000095bc                __umulhisi3
 .text.libgcc.mul
                0x000095da       0x14 c:/program files (x86)/atmel/studio/7.0/toolchain/avr8/avr8-gnu-toolchain/bin/../lib/gcc/avr/4.9.2/avr51\libgcc.a(_muluhisi3.o)
                0x000095da                __muluhisi3
 .text.libgcc.mul
                0x000095ee       0x92 c:/program files (x86)/atmel/studio/7.0/toolchain/avr8/avr8-gnu-toolchain/bin/../lib/gcc/avr/4.9.2/avr51\libgcc.a(_muldi3.o)
                0x000095ee                __muldi3
 .text.libgcc.mul
                0x00009680       0x10 c:/program files (x86)/atmel/studio/7.0/toolchain/avr8/avr8-gnu-toolchain/bin/../lib/gcc/avr/4.9.2/avr51\libgcc.a(_muldi3_6.o)
                0x00009680                __muldi3_6
 .text.libgcc.div
                0x00009690       0x56 c:/program files (x86)/atmel/studio/7.0/toolchain/avr8/avr8-gnu-toolchain/bin/../lib/gcc/avr/4.9.2/avr51\libgcc.a(_divdi3.o)
                0x00009690                __moddi3
                0x00009694                __divdi3
                0x00009696                __divdi3_moddi3
 .text.libgcc.div
                0x000096e6       0x1a c:/program files (x86)/atmel/studio/7.0/toolchain/avr8/avr8-gnu-toolchain/bin/../lib/gcc/avr/4.9.2/avr51\libgcc.a(_udivdi3.o)
                0x000096e6                __umoddi3
                0x000096ea                __udivdi3
                0x000096ec                __udivdi3_umoddi3
 .text.libgcc.div
                0x00009700       0xa2 c:/program files (x86)/atmel/studio/7.0/toolchain/avr8/avr8-gnu-toolchain/bin/../lib/gcc/avr/4.9.2/avr51\libgcc.a(_udivmod64.o)
                0x00009700                __udivmod64
 .text.libgcc   0x000097a2       0x20 c:/program files (x86)/atmel/studio/7.0/toolchain/avr8/avr8-gnu-toolchain/bin/../lib/gcc/avr/4.9.2/avr51\libgcc.a(_negdi2.o)
                0x000097a2                __negdi2
 .text.libgcc.prologue
                0x000097c2       0x38 c:/program files (x86)/atmel/studio/7.0/toolchain/avr8/avr8-gnu-toolchain/bin/../lib/gcc/avr/4.9.2/avr51\libgcc.a(_prologue.o)
                0x000097c2                __prologue_saves__
 .text.libgcc.prologue
                0x000097fa       0x36 c:/program files (x86)/atmel/studio/7.0/toolchain/avr8/avr8-gnu-toolchain/bin/../lib/gcc/avr/4.9.2/avr51\libgcc.a(_epilogue.o)
                0x000097fa                __epilogue_restores__
 .text.libgcc.builtins
                0x00009830       0x32 c:/program files (x86)/atmel/studio/7.0/toolchain/avr8/avr8-gnu-toolchain/bin/../lib/gcc/avr/4.9.2/avr51\libgcc.a(_ashldi3.o)
                0x00009830                __ashldi3
 .text.libgcc.builtins
                0x00009862       0x3c c:/program files (x86)/atmel/studio/7.0/toolchain/avr8/avr8-gnu-toolchain/bin/../lib/gcc/avr/4.9.2/avr51\libgcc.a(_ashrdi3.o)
                0x00009862                __ashrdi3
                0x00009866                __lshrdi3
 .text.libgcc   0x0000989e       0x12 c:/program files (x86)/atmel/studio/7.0/toolchain/avr8/avr8-gnu-toolchain/bin/../lib/gcc/avr/4.9.2/avr51\libgcc.a(_adddi3.o)
                0x0000989e                __adddi3
 .text.libgcc   0x000098b0       0x18 c:/program files (x86)/atmel/studio/7.0/toolchain/avr8/avr8-gnu-toolchain/bin/../lib/gcc/avr/4.9.2/avr51\libgcc.a(_adddi3_s8.o)
                0x000098b0                __adddi3_s8
 .text.libgcc   0x000098c8       0x12 c:/program files (x86)/atmel/studio/7.0/toolchain/avr8/avr8-gnu-toolchain/bin/../lib/gcc/avr/4.9.2/avr51\libgcc.a(_subdi3.o)
                0x000098c8                __subdi3
 .text.avr-libc
                0x000098da      0x25a c:/program files (x86)/atmel/studio/7.0/toolchain/avr8/avr8-gnu-toolchain/bin/../lib/gcc/avr/4.9.2/../../../../avr/lib/avr51\libc.a(malloc.o)
                0x000098da                malloc
                0x00009a04                free
 .text.avr-libc
                0x00009b34      0x1b0 c:/program files (x86)/atmel/studio/7.0/toolchain/avr8/avr8-gnu-toolchain/bin/../lib/gcc/avr/4.9.2/../../../../avr/lib/avr51\libc.a(ftoa_engine.o)
                0x00009b34                __ftoa_engine
 .text.avr-libc
                0x00009ce4       0x16 c:/program files (x86)/atmel/studio/7.0/toolchain/avr8/avr8-gnu-toolchain/bin/../lib/gcc/avr/4.9.2/../../../../avr/lib/avr51\libc.a(strnlen_P.o)
                0x00009ce4                strnlen_P
 .text.avr-libc
                0x00009cfa       0x16 c:/program files (x86)/atmel/studio/7.0/toolchain/avr8/avr8-gnu-toolchain/bin/../lib/gcc/avr/4.9.2/../../../../avr/lib/avr51\libc.a(strnlen.o)
                0x00009cfa                strnlen
 .text.avr-libc
                0x00009d10       0x70 c:/program files (x86)/atmel/studio/7.0/toolchain/avr8/avr8-gnu-toolchain/bin/../lib/gcc/avr/4.9.2/../../../../avr/lib/avr51\libc.a(fputc.o)
                0x00009d10                fputc
 .text.avr-libc
                0x00009d80       0x5e c:/program files (x86)/atmel/studio/7.0/toolchain/avr8/avr8-gnu-toolchain/bin/../lib/gcc/avr/4.9.2/../../../../avr/lib/avr51\libc.a(sprintf.o)
                0x00009d80                sprintf
 .text.avr-libc
                0x00009dde       0xbc c:/program files (x86)/atmel/studio/7.0/toolchain/avr8/avr8-gnu-toolchain/bin/../lib/gcc/avr/4.9.2/../../../../avr/lib/avr51\libc.a(ultoa_invert.o)
                0x00009dde                __ultoa_invert
                0x00009e9a                . = ALIGN (0x2)
 *(.fini9)
 .fini9         0x00009e9a        0x0 c:/program files (x86)/atmel/studio/7.0/toolchain/avr8/avr8-gnu-toolchain/bin/../lib/gcc/avr/4.9.2/avr51\libgcc.a(_exit.o)
                0x00009e9a                _exit
                0x00009e9a                exit
 *(.fini9)
 *(.fini8)
 *(.fini8)
 *(.fini7)
 *(.fini7)
 *(.fini6)
 .fini6         0x00009e9a       0x14 c:/program files (x86)/atmel/studio/7.0/toolchain/avr8/avr8-gnu-toolchain/bin/../lib/gcc/avr/4.9.2/avr51\libgcc.a(_dtors.o)
                0x00009e9a                __do_global_dtors
 *(.fini6)
 *(.fini5)
 *(.fini5)
 *(.fini4)
 *(.fini4)
 *(.fini3)
 *(.fini3)
 *(.fini2)
 *(.fini2)
 *(.fini1)
 *(.fini1)
 *(.fini0)
 .fini0         0x00009eae        0x4 c:/program files (x86)/atmel/studio/7.0/toolchain/avr8/avr8-gnu-toolchain/bin/../lib/gcc/avr/4.9.2/avr51\libgcc.a(_exit.o)
 *(.fini0)
                0x00009eb2                _etext = .

.data           0x00800100      0x34e load address 0x00009eb2
                0x00800100                PROVIDE (__data_start, .)
 *(.data)
 .data          0x00800100        0x6 c:/program files (x86)/atmel/studio/7.0/toolchain/avr8/avr8-gnu-toolchain/bin/../lib/gcc/avr/4.9.2/../../../../avr/lib/avr51\libc.a(malloc.o)
                0x00800100                __malloc_heap_end
                0x00800102                __malloc_heap_start
                0x00800104                __malloc_margin
 *(.data*)
 .data.Stat     0x00800106        0x1 diskio.o
 *(.rodata)
 *(.rodata*)
 .rodata.str1.1
                0x00800107        0xf ff.o
 .rodata.ExCvt  0x00800116       0x80 ff.o
 .rodata.str1.1
                0x00800196      0x263 main.o
                                0x26f (size before relaxing)
 .rodata._ZTV3uhr
                0x008003f9        0xc main.o
                0x008003f9                _ZTV3uhr
 .rodata._ZTV5tacho
                0x00800405        0xc main.o
                0x00800405                _ZTV5tacho
 .rodata._ZTV7wandern
                0x00800411        0xc main.o
                0x00800411                _ZTV7wandern
 .rodata._ZTV13einstellungen
                0x0080041d        0xc main.o
                0x0080041d                _ZTV13einstellungen
 .rodata._ZTV9wilkommen
                0x00800429        0xc main.o
                0x00800429                _ZTV9wilkommen
 .rodata._ZTV5menue
                0x00800435        0xc main.o
                0x00800435                _ZTV5menue
 .rodata._ZTV9offscreen
                0x00800441        0xc main.o
                0x00800441                _ZTV9offscreen
 *(.gnu.linkonce.d*)
                0x0080044e                . = ALIGN (0x2)
 *fill*         0x0080044d        0x1 
                0x0080044e                _edata = .
                0x0080044e                PROVIDE (__data_end, .)

.bss            0x0080044e      0xa62
                0x0080044e                PROVIDE (__bss_start, .)
 *(.bss)
 *(.bss*)
 .bss.CardType  0x0080044e        0x1 diskio.o
 .bss.Timer2    0x0080044f        0x1 diskio.o
 .bss.Timer1    0x00800450        0x1 diskio.o
 .bss.Fsid      0x00800451        0x2 ff.o
 .bss.FatFs     0x00800453        0x2 ff.o
 .bss._ZZ7statavvaE4mavv
                0x00800455        0xd main.o
 .bss.logger    0x00800462      0x220 main.o
                0x00800462                logger
 .bss.FATFS_Obj
                0x00800682      0x22e main.o
                0x00800682                FATFS_Obj
 .bss.Fahrtzeit
                0x008008b0        0x4 main.o
                0x008008b0                Fahrtzeit
 .bss.maxgeschw
                0x008008b4        0x4 main.o
                0x008008b4                maxgeschw
 .bss.strecke   0x008008b8        0x4 main.o
                0x008008b8                strecke
 .bss.geschw    0x008008bc        0x4 main.o
                0x008008bc                geschw
 .bss.gpsJahr   0x008008c0        0x1 main.o
                0x008008c0                gpsJahr
 .bss.gpsMonat  0x008008c1        0x1 main.o
                0x008008c1                gpsMonat
 .bss.gpsTag    0x008008c2        0x1 main.o
                0x008008c2                gpsTag
 .bss.gpssekunde
                0x008008c3        0x1 main.o
                0x008008c3                gpssekunde
 .bss.gpsminute
                0x008008c4        0x1 main.o
                0x008008c4                gpsminute
 .bss.gpsstunde
                0x008008c5        0x1 main.o
                0x008008c5                gpsstunde
 .bss.gpsspeed  0x008008c6        0x4 main.o
                0x008008c6                gpsspeed
 .bss.lonavv    0x008008ca       0x10 main.o
                0x008008ca                lonavv
 .bss.lon       0x008008da        0x4 main.o
                0x008008da                lon
 .bss.latavv    0x008008de       0x10 main.o
                0x008008de                latavv
 .bss.lat       0x008008ee        0x4 main.o
                0x008008ee                lat
 .bss.gpscounter
                0x008008f2        0x1 main.o
                0x008008f2                gpscounter
 .bss.gpsdata   0x008008f3       0x48 main.o
                0x008008f3                gpsdata
 .bss.gpsstatus
                0x0080093b        0x1 main.o
                0x0080093b                gpsstatus
 .bss.time0zahler
                0x0080093c        0x1 main.o
                0x0080093c                time0zahler
 .bss.FPScount  0x0080093d        0x1 main.o
                0x0080093d                FPScount
 .bss.FPS       0x0080093e        0x1 main.o
                0x0080093e                FPS
 .bss.position  0x0080093f        0x1 main.o
                0x0080093f                position
 .bss.statusreg
                0x00800940        0x1 main.o
                0x00800940                statusreg
 .bss.anzeige   0x00800941        0x1 main.o
                0x00800941                anzeige
 .bss.IRLED     0x00800942        0x2 main.o
                0x00800942                IRLED
 .bss.Vibrationsmotor
                0x00800944        0x2 main.o
                0x00800944                Vibrationsmotor
 .bss.LED       0x00800946        0x2 main.o
                0x00800946                LED
 .bss.batterie  0x00800948        0x4 main.o
                0x00800948                batterie
 .bss.druck     0x0080094c       0x2f main.o
                0x0080094c                druck
 .bss.Accelerometer
                0x0080097b      0x105 main.o
                0x0080097b                Accelerometer
 .bss.Tastatur  0x00800a80        0xc main.o
                0x00800a80                Tastatur
 .bss.oled      0x00800a8c      0x401 main.o
                0x00800a8c                oled
 .bss.rtc       0x00800e8d       0x1f main.o
                0x00800e8d                rtc
 *(COMMON)
 COMMON         0x00800eac        0x4 c:/program files (x86)/atmel/studio/7.0/toolchain/avr8/avr8-gnu-toolchain/bin/../lib/gcc/avr/4.9.2/../../../../avr/lib/avr51\libc.a(malloc.o)
                0x00800eac                __brkval
                0x00800eae                __flp
                0x00800eb0                PROVIDE (__bss_end, .)
                0x00009eb2                __data_load_start = LOADADDR (.data)
                0x0000a200                __data_load_end = (__data_load_start + SIZEOF (.data))

.noinit         0x00800eb0        0x0
                0x00800eb0                PROVIDE (__noinit_start, .)
 *(.noinit*)
                0x00800eb0                PROVIDE (__noinit_end, .)
                0x00800eb0                _end = .
                0x00800eb0                PROVIDE (__heap_start, .)

.eeprom         0x00810000        0x0
 *(.eeprom*)
                0x00810000                __eeprom_end = .

.fuse
 *(.fuse)
 *(.lfuse)
 *(.hfuse)
 *(.efuse)

.lock
 *(.lock*)

.signature
 *(.signature*)

.user_signatures
 *(.user_signatures*)

.stab
 *(.stab)

.stabstr
 *(.stabstr)

.stab.excl
 *(.stab.excl)

.stab.exclstr
 *(.stab.exclstr)

.stab.index
 *(.stab.index)

.stab.indexstr
 *(.stab.indexstr)

.comment        0x00000000       0x5c
 *(.comment)
 .comment       0x00000000       0x30 BMP180.o
                                 0x31 (size before relaxing)
 .comment       0x00000030       0x31 diskio.o
 .comment       0x00000030       0x31 Display.o
 .comment       0x00000030       0x31 ff.o
 .comment       0x00000030       0x31 I2C.o
 .comment       0x00000030       0x31 Interface.o
 .comment       0x00000030       0x31 LSM303D.o
 .comment       0x00000030       0x31 main.o
 .comment       0x00000030       0x31 Output.o
 .comment       0x00000030       0x31 RTC.o
 .comment       0x00000030       0x2c c:/program files (x86)/atmel/studio/7.0/toolchain/avr8/avr8-gnu-toolchain/bin/../lib/gcc/avr/4.9.2/../../../../avr/lib/avr51\libprintf_flt.a(vfprintf_flt.o)
                                 0x2d (size before relaxing)
 .comment       0x0000005c       0x31 c:/program files (x86)/atmel/studio/7.0/toolchain/avr8/avr8-gnu-toolchain/bin/../lib/gcc/avr/4.9.2/../../../../avr/lib/avr51\libc.a(malloc.o)
 .comment       0x0000005c       0x31 c:/program files (x86)/atmel/studio/7.0/toolchain/avr8/avr8-gnu-toolchain/bin/../lib/gcc/avr/4.9.2/../../../../avr/lib/avr51\libc.a(fputc.o)
 .comment       0x0000005c       0x31 c:/program files (x86)/atmel/studio/7.0/toolchain/avr8/avr8-gnu-toolchain/bin/../lib/gcc/avr/4.9.2/../../../../avr/lib/avr51\libc.a(sprintf.o)

.note.gnu.avr.deviceinfo
                0x00000000       0x40
 .note.gnu.avr.deviceinfo
                0x00000000       0x40 C:/Program Files (x86)/Atmel/Studio/7.0/Packs/atmel/ATmega_DFP/1.0.90/gcc/dev/atmega1284p/avr51/crtatmega1284p.o

.note.gnu.build-id
 *(.note.gnu.build-id)

.debug
 *(.debug)

.line
 *(.line)

.debug_srcinfo
 *(.debug_srcinfo)

.debug_sfnames
 *(.debug_sfnames)

.debug_aranges  0x00000000      0x610
 *(.debug_aranges)
 .debug_aranges
                0x00000000       0x78 BMP180.o
 .debug_aranges
                0x00000078       0x80 diskio.o
 .debug_aranges
                0x000000f8       0xb8 Display.o
 .debug_aranges
                0x000001b0       0xe8 ff.o
 .debug_aranges
                0x00000298       0x58 I2C.o
 .debug_aranges
                0x000002f0       0x58 Interface.o
 .debug_aranges
                0x00000348       0x88 LSM303D.o
 .debug_aranges
                0x000003d0      0x188 main.o
 .debug_aranges
                0x00000558       0x48 Output.o
 .debug_aranges
                0x000005a0       0x70 RTC.o

.debug_pubnames
 *(.debug_pubnames)

.debug_info     0x00000000     0xec9c
 *(.debug_info .gnu.linkonce.wi.*)
 .debug_info    0x00000000      0xf3c BMP180.o
 .debug_info    0x00000f3c      0xd52 diskio.o
 .debug_info    0x00001c8e     0x2490 Display.o
 .debug_info    0x0000411e     0x24b1 ff.o
 .debug_info    0x000065cf      0x371 I2C.o
 .debug_info    0x00006940      0xd25 Interface.o
 .debug_info    0x00007665     0x10e0 LSM303D.o
 .debug_info    0x00008745     0x5b32 main.o
 .debug_info    0x0000e277      0x3f7 Output.o
 .debug_info    0x0000e66e      0x62e RTC.o

.debug_abbrev   0x00000000     0x217b
 *(.debug_abbrev)
 .debug_abbrev  0x00000000      0x303 BMP180.o
 .debug_abbrev  0x00000303      0x27a diskio.o
 .debug_abbrev  0x0000057d      0x379 Display.o
 .debug_abbrev  0x000008f6      0x310 ff.o
 .debug_abbrev  0x00000c06      0x1a6 I2C.o
 .debug_abbrev  0x00000dac      0x2b6 Interface.o
 .debug_abbrev  0x00001062      0x3ce LSM303D.o
 .debug_abbrev  0x00001430      0x915 main.o
 .debug_abbrev  0x00001d45      0x1e0 Output.o
 .debug_abbrev  0x00001f25      0x256 RTC.o

.debug_line     0x00000000     0x5f7f
 *(.debug_line .debug_line.* .debug_line_end)
 .debug_line    0x00000000      0x4b1 BMP180.o
 .debug_line    0x000004b1      0x77d diskio.o
 .debug_line    0x00000c2e      0x912 Display.o
 .debug_line    0x00001540     0x19ab ff.o
 .debug_line    0x00002eeb      0x197 I2C.o
 .debug_line    0x00003082      0x551 Interface.o
 .debug_line    0x000035d3      0x72f LSM303D.o
 .debug_line    0x00003d02     0x1c19 main.o
 .debug_line    0x0000591b      0x217 Output.o
 .debug_line    0x00005b32      0x44d RTC.o

.debug_frame    0x00000000     0x1bf8
 *(.debug_frame)
 .debug_frame   0x00000000      0x234 BMP180.o
 .debug_frame   0x00000234      0x1bc diskio.o
 .debug_frame   0x000003f0      0x3ec Display.o
 .debug_frame   0x000007dc      0x6b8 ff.o
 .debug_frame   0x00000e94       0x94 I2C.o
 .debug_frame   0x00000f28       0xb0 Interface.o
 .debug_frame   0x00000fd8      0x2a0 LSM303D.o
 .debug_frame   0x00001278      0x818 main.o
 .debug_frame   0x00001a90       0x74 Output.o
 .debug_frame   0x00001b04       0xf4 RTC.o

.debug_str      0x00000000     0x1d8a
 *(.debug_str)
 .debug_str     0x00000000      0x549 BMP180.o
                                0x5c1 (size before relaxing)
 .debug_str     0x00000549      0x230 diskio.o
                                0x2fa (size before relaxing)
 .debug_str     0x00000779      0x40c Display.o
                                0x6cb (size before relaxing)
 .debug_str     0x00000b85      0x3ce ff.o
                                0x60e (size before relaxing)
 .debug_str     0x00000f53       0x25 I2C.o
                                0x290 (size before relaxing)
 .debug_str     0x00000f78      0x159 Interface.o
                                0x36d (size before relaxing)
 .debug_str     0x000010d1      0x2b7 LSM303D.o
                                0x56f (size before relaxing)
 .debug_str     0x00001388      0x98c main.o
                               0x18a2 (size before relaxing)
 .debug_str     0x00001d14       0x51 Output.o
                                0x277 (size before relaxing)
 .debug_str     0x00001d65       0x25 RTC.o
                                0x37d (size before relaxing)

.debug_loc      0x00000000     0xdd95
 *(.debug_loc)
 .debug_loc     0x00000000     0x1046 BMP180.o
 .debug_loc     0x00001046      0xd1e diskio.o
 .debug_loc     0x00001d64     0x1f36 Display.o
 .debug_loc     0x00003c9a     0x4f59 ff.o
 .debug_loc     0x00008bf3      0x128 I2C.o
 .debug_loc     0x00008d1b      0xac7 Interface.o
 .debug_loc     0x000097e2     0x1144 LSM303D.o
 .debug_loc     0x0000a926     0x2e05 main.o
 .debug_loc     0x0000d72b      0x397 Output.o
 .debug_loc     0x0000dac2      0x2d3 RTC.o

.debug_macinfo
 *(.debug_macinfo)

.debug_weaknames
 *(.debug_weaknames)

.debug_funcnames
 *(.debug_funcnames)

.debug_typenames
 *(.debug_typenames)

.debug_varnames
 *(.debug_varnames)

.debug_pubtypes
 *(.debug_pubtypes)

.debug_ranges   0x00000000      0x6e0
 *(.debug_ranges)
 .debug_ranges  0x00000000       0x68 BMP180.o
 .debug_ranges  0x00000068       0x70 diskio.o
 .debug_ranges  0x000000d8      0x108 Display.o
 .debug_ranges  0x000001e0      0x1d0 ff.o
 .debug_ranges  0x000003b0       0x48 I2C.o
 .debug_ranges  0x000003f8       0x48 Interface.o
 .debug_ranges  0x00000440       0x78 LSM303D.o
 .debug_ranges  0x000004b8      0x190 main.o
 .debug_ranges  0x00000648       0x38 Output.o
 .debug_ranges  0x00000680       0x60 RTC.o

.debug_macro
 *(.debug_macro)
OUTPUT(FWCP_MK3.elf elf32-avr)
LOAD linker stubs
