Archive member included to satisfy reference by file (symbol)

c:/program files (x86)/atmel/studio/7.0/toolchain/avr8/avr8-gnu-toolchain/bin/../lib/gcc/avr/4.9.2/../../../../avr/lib/avr51\libm.a(addsf3.o)
                              Display.o (__subsf3)
c:/program files (x86)/atmel/studio/7.0/toolchain/avr8/avr8-gnu-toolchain/bin/../lib/gcc/avr/4.9.2/../../../../avr/lib/avr51\libm.a(addsf3x.o)
                              c:/program files (x86)/atmel/studio/7.0/toolchain/avr8/avr8-gnu-toolchain/bin/../lib/gcc/avr/4.9.2/../../../../avr/lib/avr51\libm.a(addsf3.o) (__addsf3x)
c:/program files (x86)/atmel/studio/7.0/toolchain/avr8/avr8-gnu-toolchain/bin/../lib/gcc/avr/4.9.2/../../../../avr/lib/avr51\libm.a(atan2.o)
                              Kompass.o (atan2)
c:/program files (x86)/atmel/studio/7.0/toolchain/avr8/avr8-gnu-toolchain/bin/../lib/gcc/avr/4.9.2/../../../../avr/lib/avr51\libm.a(atan.o)
                              c:/program files (x86)/atmel/studio/7.0/toolchain/avr8/avr8-gnu-toolchain/bin/../lib/gcc/avr/4.9.2/../../../../avr/lib/avr51\libm.a(atan2.o) (atan)
c:/program files (x86)/atmel/studio/7.0/toolchain/avr8/avr8-gnu-toolchain/bin/../lib/gcc/avr/4.9.2/../../../../avr/lib/avr51\libm.a(cmpsf2.o)
                              Kompass.o (__ltsf2)
c:/program files (x86)/atmel/studio/7.0/toolchain/avr8/avr8-gnu-toolchain/bin/../lib/gcc/avr/4.9.2/../../../../avr/lib/avr51\libm.a(cos.o)
                              Display.o (cos)
c:/program files (x86)/atmel/studio/7.0/toolchain/avr8/avr8-gnu-toolchain/bin/../lib/gcc/avr/4.9.2/../../../../avr/lib/avr51\libm.a(divsf3.o)
                              Display.o (__divsf3)
c:/program files (x86)/atmel/studio/7.0/toolchain/avr8/avr8-gnu-toolchain/bin/../lib/gcc/avr/4.9.2/../../../../avr/lib/avr51\libm.a(divsf3x.o)
                              c:/program files (x86)/atmel/studio/7.0/toolchain/avr8/avr8-gnu-toolchain/bin/../lib/gcc/avr/4.9.2/../../../../avr/lib/avr51\libm.a(divsf3.o) (__divsf3x)
c:/program files (x86)/atmel/studio/7.0/toolchain/avr8/avr8-gnu-toolchain/bin/../lib/gcc/avr/4.9.2/../../../../avr/lib/avr51\libm.a(fixsfsi.o)
                              Kompass.o (__fixsfsi)
c:/program files (x86)/atmel/studio/7.0/toolchain/avr8/avr8-gnu-toolchain/bin/../lib/gcc/avr/4.9.2/../../../../avr/lib/avr51\libm.a(fixunssfsi.o)
                              Display.o (__fixunssfsi)
c:/program files (x86)/atmel/studio/7.0/toolchain/avr8/avr8-gnu-toolchain/bin/../lib/gcc/avr/4.9.2/../../../../avr/lib/avr51\libm.a(floatsisf.o)
                              LSM303D.o (__floatunsisf)
c:/program files (x86)/atmel/studio/7.0/toolchain/avr8/avr8-gnu-toolchain/bin/../lib/gcc/avr/4.9.2/../../../../avr/lib/avr51\libm.a(fp_cmp.o)
                              c:/program files (x86)/atmel/studio/7.0/toolchain/avr8/avr8-gnu-toolchain/bin/../lib/gcc/avr/4.9.2/../../../../avr/lib/avr51\libm.a(cmpsf2.o) (__fp_cmp)
c:/program files (x86)/atmel/studio/7.0/toolchain/avr8/avr8-gnu-toolchain/bin/../lib/gcc/avr/4.9.2/../../../../avr/lib/avr51\libm.a(fp_inf.o)
                              c:/program files (x86)/atmel/studio/7.0/toolchain/avr8/avr8-gnu-toolchain/bin/../lib/gcc/avr/4.9.2/../../../../avr/lib/avr51\libm.a(addsf3x.o) (__fp_inf)
c:/program files (x86)/atmel/studio/7.0/toolchain/avr8/avr8-gnu-toolchain/bin/../lib/gcc/avr/4.9.2/../../../../avr/lib/avr51\libm.a(fp_nan.o)
                              c:/program files (x86)/atmel/studio/7.0/toolchain/avr8/avr8-gnu-toolchain/bin/../lib/gcc/avr/4.9.2/../../../../avr/lib/avr51\libm.a(addsf3x.o) (__fp_nan)
c:/program files (x86)/atmel/studio/7.0/toolchain/avr8/avr8-gnu-toolchain/bin/../lib/gcc/avr/4.9.2/../../../../avr/lib/avr51\libm.a(fp_powser.o)
                              c:/program files (x86)/atmel/studio/7.0/toolchain/avr8/avr8-gnu-toolchain/bin/../lib/gcc/avr/4.9.2/../../../../avr/lib/avr51\libm.a(atan.o) (__fp_powser)
c:/program files (x86)/atmel/studio/7.0/toolchain/avr8/avr8-gnu-toolchain/bin/../lib/gcc/avr/4.9.2/../../../../avr/lib/avr51\libm.a(fp_pscA.o)
                              c:/program files (x86)/atmel/studio/7.0/toolchain/avr8/avr8-gnu-toolchain/bin/../lib/gcc/avr/4.9.2/../../../../avr/lib/avr51\libm.a(addsf3x.o) (__fp_pscA)
c:/program files (x86)/atmel/studio/7.0/toolchain/avr8/avr8-gnu-toolchain/bin/../lib/gcc/avr/4.9.2/../../../../avr/lib/avr51\libm.a(fp_pscB.o)
                              c:/program files (x86)/atmel/studio/7.0/toolchain/avr8/avr8-gnu-toolchain/bin/../lib/gcc/avr/4.9.2/../../../../avr/lib/avr51\libm.a(addsf3x.o) (__fp_pscB)
c:/program files (x86)/atmel/studio/7.0/toolchain/avr8/avr8-gnu-toolchain/bin/../lib/gcc/avr/4.9.2/../../../../avr/lib/avr51\libm.a(fp_rempio2.o)
                              c:/program files (x86)/atmel/studio/7.0/toolchain/avr8/avr8-gnu-toolchain/bin/../lib/gcc/avr/4.9.2/../../../../avr/lib/avr51\libm.a(cos.o) (__fp_rempio2)
[...]
Memory Configuration

Name             Origin             Length             Attributes
text             0x00000000         0x00020000         xr
data             0x00800100         0x0000ff00         rw !x
eeprom           0x00810000         0x00010000         rw !x
fuse             0x00820000         0x00000400         rw !x
lock             0x00830000         0x00000400         rw !x
signature        0x00840000         0x00000400         rw !x
user_signatures  0x00850000         0x00000400         rw !x
*default*        0x00000000         0xffffffff

Linker script and memory map

Address of section .data set to 0x800100
LOAD C:/Program Files (x86)/Atmel/Studio/7.0/Packs/atmel/ATmega_DFP/1.0.90/gcc/dev/atmega1284p/avr51/crtatmega1284p.o
LOAD Display.o
LOAD I2C.o
LOAD Interface.o
LOAD Kompass.o
LOAD LSM303D.o
LOAD main.o
LOAD Output.o
LOAD RTC.o
LOAD SOUND.o
START GROUP
LOAD c:/program files (x86)/atmel/studio/7.0/toolchain/avr8/avr8-gnu-toolchain/bin/../lib/gcc/avr/4.9.2/../../../../avr/lib/avr51\libm.a
LOAD c:/program files (x86)/atmel/studio/7.0/toolchain/avr8/avr8-gnu-toolchain/bin/../lib/gcc/avr/4.9.2/../../../../avr/lib/avr51\libprintf_flt.a
END GROUP
LOAD c:/program files (x86)/atmel/studio/7.0/toolchain/avr8/avr8-gnu-toolchain/bin/../lib/gcc/avr/4.9.2/avr51\libgcc.a
LOAD c:/program files (x86)/atmel/studio/7.0/toolchain/avr8/avr8-gnu-toolchain/bin/../lib/gcc/avr/4.9.2/../../../../avr/lib/avr51\libm.a
START GROUP
LOAD c:/program files (x86)/atmel/studio/7.0/toolchain/avr8/avr8-gnu-toolchain/bin/../lib/gcc/avr/4.9.2/avr51\libgcc.a
LOAD c:/program files (x86)/atmel/studio/7.0/toolchain/avr8/avr8-gnu-toolchain/bin/../lib/gcc/avr/4.9.2/../../../../avr/lib/avr51\libm.a
LOAD c:/program files (x86)/atmel/studio/7.0/toolchain/avr8/avr8-gnu-toolchain/bin/../lib/gcc/avr/4.9.2/../../../../avr/lib/avr51\libc.a
LOAD C:/Program Files (x86)/Atmel/Studio/7.0/Packs/atmel/ATmega_DFP/1.0.90/gcc/dev/atmega1284p/avr51\libatmega1284p.a
END GROUP

.hash
 *(.hash)

.dynsym
 *(.dynsym)

.dynstr
 *(.dynstr)

.gnu.version
 *(.gnu.version)

.gnu.version_d
 *(.gnu.version_d)

.gnu.version_r
 *(.gnu.version_r)

.rel.init
 *(.rel.init)

.rela.init
 *(.rela.init)

.rel.text
 *(.rel.text)
 *(.rel.text.*)
 *(.rel.gnu.linkonce.t*)

.rela.text
 *(.rela.text)
 *(.rela.text.*)
 *(.rela.gnu.linkonce.t*)

.rel.fini
 *(.rel.fini)

.rela.fini
 *(.rela.fini)

.rel.rodata
 *(.rel.rodata)
 *(.rel.rodata.*)
 *(.rel.gnu.linkonce.r*)

.rela.rodata
 *(.rela.rodata)
 *(.rela.rodata.*)
 *(.rela.gnu.linkonce.r*)

.rel.data
 *(.rel.data)
 *(.rel.data.*)
 *(.rel.gnu.linkonce.d*)

.rela.data
 *(.rela.data)
 *(.rela.data.*)
 *(.rela.gnu.linkonce.d*)

.rel.ctors
 *(.rel.ctors)

.rela.ctors
 *(.rela.ctors)

.rel.dtors
 *(.rel.dtors)

.rela.dtors
 *(.rela.dtors)

.rel.got
 *(.rel.got)

.rela.got
 *(.rela.got)

.rel.bss
 *(.rel.bss)

.rela.bss
 *(.rela.bss)

.rel.plt
 *(.rel.plt)

.rela.plt
 *(.rela.plt)

.text           0x00000000     0x5624
 *(.vectors)
 .vectors       0x00000000       0x8c C:/Program Files (x86)/Atmel/Studio/7.0/Packs/atmel/ATmega_DFP/1.0.90/gcc/dev/atmega1284p/avr51/crtatmega1284p.o
                0x00000000                __vector_default
                0x00000000                __vectors
 *(.vectors)
 *(.progmem.gcc*)
 .progmem.gcc_sw_table._ZN9Interface7unifiedEv
                0x0000008c       0x2e Interface.o
 .progmem.gcc_sw_table._Z19maininterupthandlerP7monitorh
                0x000000ba       0x8c main.o
 .progmem.gcc_sw_table._Z13uhreinstellenv
                0x00000146       0x14 main.o
 .progmem.gcc_fplib
                0x0000015a       0x1e c:/program files (x86)/atmel/studio/7.0/toolchain/avr8/avr8-gnu-toolchain/bin/../lib/gcc/avr/4.9.2/../../../../avr/lib/avr51\libm.a(fp_sinus.o)
 .progmem.gcc_fplib
                0x00000178       0x28 c:/program files (x86)/atmel/studio/7.0/toolchain/avr8/avr8-gnu-toolchain/bin/../lib/gcc/avr/4.9.2/../../../../avr/lib/avr51\libm.a(exp.o)
 .progmem.gcc_fplib
                0x000001a0       0x5a c:/program files (x86)/atmel/studio/7.0/toolchain/avr8/avr8-gnu-toolchain/bin/../lib/gcc/avr/4.9.2/../../../../avr/lib/avr51\libm.a(log.o)
                0x000001fa                . = ALIGN (0x2)
                0x000001fa                __trampolines_start = .
 *(.trampolines)
 .trampolines   0x000001fa        0x0 linker stubs
 *(.trampolines*)
                0x000001fa                __trampolines_end = .
 *(.progmem*)
 .progmem.data._ZL11digits16x16
                0x000001fa      0x140 Display.o
 .progmem.data._ZL7font5x8
                0x0000033a      0x1d6 Display.o
 .progmem.data  0x00000510        0x8 c:/program files (x86)/atmel/studio/7.0/toolchain/avr8/avr8-gnu-toolchain/bin/../lib/gcc/avr/4.9.2/../../../../avr/lib/avr51\libprintf_flt.a(vfprintf_flt.o)
 .progmem.data  0x00000518       0xfa c:/program files (x86)/atmel/studio/7.0/toolchain/avr8/avr8-gnu-toolchain/bin/../lib/gcc/avr/4.9.2/../../../../avr/lib/avr51\libc.a(ftoa_engine.o)
                0x00000612                . = ALIGN (0x2)
 *(.jumptables)
 *(.jumptables*)
 *(.lowtext)
 *(.lowtext*)
                0x00000612                __ctors_start = .
 *(.ctors)
 .ctors         0x00000612        0x2 main.o
                0x00000614                __ctors_end = .
                0x00000614                __dtors_start = .
 *(.dtors)
 .dtors         0x00000614        0x2 main.o
                0x00000616                __dtors_end = .
 SORT(*)(.ctors)
 SORT(*)(.dtors)
 *(.init0)
 .init0         0x00000616        0x0 C:/Program Files (x86)/Atmel/Studio/7.0/Packs/atmel/ATmega_DFP/1.0.90/gcc/dev/atmega1284p/avr51/crtatmega1284p.o
                0x00000616                __init
 *(.init0)
 *(.init1)
 *(.init1)
 *(.init2)
 .init2         0x00000616        0xc C:/Program Files (x86)/Atmel/Studio/7.0/Packs/atmel/ATmega_DFP/1.0.90/gcc/dev/atmega1284p/avr51/crtatmega1284p.o
 *(.init2)
 *(.init3)
 *(.init3)
 *(.init4)
 .init4         0x00000622       0x1a c:/program files (x86)/atmel/studio/7.0/toolchain/avr8/avr8-gnu-toolchain/bin/../lib/gcc/avr/4.9.2/avr51\libgcc.a(_copy_data.o)
                0x00000622                __do_copy_data
 .init4         0x0000063c       0x10 c:/program files (x86)/atmel/studio/7.0/toolchain/avr8/avr8-gnu-toolchain/bin/../lib/gcc/avr/4.9.2/avr51\libgcc.a(_clear_bss.o)
                0x0000063c                __do_clear_bss
 *(.init4)
 *(.init5)
 *(.init5)
 *(.init6)
 .init6         0x0000064c       0x16 c:/program files (x86)/atmel/studio/7.0/toolchain/avr8/avr8-gnu-toolchain/bin/../lib/gcc/avr/4.9.2/avr51\libgcc.a(_ctors.o)
                0x0000064c                __do_global_ctors
 *(.init6)
 *(.init7)
 *(.init7)
 *(.init8)
 *(.init8)
 *(.init9)
 .init9         0x00000662        0x8 C:/Program Files (x86)/Atmel/Studio/7.0/Packs/atmel/ATmega_DFP/1.0.90/gcc/dev/atmega1284p/avr51/crtatmega1284p.o
 *(.init9)
 *(.text)
 .text          0x0000066a        0x2 C:/Program Files (x86)/Atmel/Studio/7.0/Packs/atmel/ATmega_DFP/1.0.90/gcc/dev/atmega1284p/avr51/crtatmega1284p.o
                0x0000066a                __vector_22
                0x0000066a                __vector_28
                0x0000066a                __vector_1
                0x0000066a                __vector_32
                0x0000066a                __vector_34
                0x0000066a                __vector_24
                0x0000066a                __vector_12
                0x0000066a                __bad_interrupt
                0x0000066a                __vector_6
                0x0000066a                __vector_31
                0x0000066a                __vector_3
                0x0000066a                __vector_23
                0x0000066a                __vector_30
                0x0000066a                __vector_25
                0x0000066a                __vector_17
                0x0000066a                __vector_19
                0x0000066a                __vector_7
                0x0000066a                __vector_27
                0x0000066a                __vector_5
                0x0000066a                __vector_33
                0x0000066a                __vector_4
                0x0000066a                __vector_9
                0x0000066a                __vector_2
                0x0000066a                __vector_21
                0x0000066a                __vector_15
                0x0000066a                __vector_29
                0x0000066a                __vector_8
                0x0000066a                __vector_26
                0x0000066a                __vector_14
                0x0000066a                __vector_10
                0x0000066a                __vector_16
                0x0000066a                __vector_18
                0x0000066c                . = ALIGN (0x2)
 *(.text.*)
 .text._ZN7DisplayD2Ev
                0x0000066c        0x6 Display.o
                0x0000066c                _ZN7DisplayD2Ev
                0x0000066c                _ZN7DisplayD1Ev
 .text._ZN7Display10clearFrameEv
                0x00000672        0xe Display.o
                0x00000672                _ZN7Display10clearFrameEv
 .text._ZN7Display15ssd1306_commandEh
                0x00000680       0x2e Display.o
                0x00000680                _ZN7Display15ssd1306_commandEh
 .text._ZN7Display17InitializeDisplayEv
                0x000006ae       0xa0 Display.o
                0x000006ae                _ZN7Display17InitializeDisplayEv
 .text._ZN7DisplayC2Ev
                0x0000074e       0x18 Display.o
                0x0000074e                _ZN7DisplayC2Ev
                0x0000074e                _ZN7DisplayC1Ev
 .text._ZN7Display9sendFrameEv
                0x00000766       0x64 Display.o
                0x00000766                _ZN7Display9sendFrameEv
 .text._ZN7Display9drawPixelEhhh
                0x000007ca       0x70 Display.o
                0x000007ca                _ZN7Display9drawPixelEhhh
 .text._ZN7Display9drawVLineEhhh
                0x0000083a       0x34 Display.o
                0x0000083a                _ZN7Display9drawVLineEhhh
 .text._ZN7Display9drawHLineEhhh
                0x0000086e       0x34 Display.o
                0x0000086e                _ZN7Display9drawHLineEhhh
 .text._ZN7Display9draw_ASCIEhhh
                0x000008a2       0x94 Display.o
                0x000008a2                _ZN7Display9draw_ASCIEhhh
 .text._ZN7Display16draw_number16x16Ehhh
                0x00000936       0xf4 Display.o
                0x00000936                _ZN7Display16draw_number16x16Ehhh
 .text._ZN7Display6analogEhhhh
                0x00000a2a      0x4f2 Display.o
                0x00000a2a                _ZN7Display6analogEhhhh
 .text._ZN3I2CC2Ev
                0x00000f1c        0x8 I2C.o
                0x00000f1c                _ZN3I2CC2Ev
                0x00000f1c                _ZN3I2CC1Ev
 .text._ZN3I2CD2Ev
                0x00000f24        0x2 I2C.o
                0x00000f24                _ZN3I2CD1Ev
                0x00000f24                _ZN3I2CD2Ev
 .text._ZN3I2C9twi_startEv
                0x00000f26        0x8 I2C.o
                0x00000f26                _ZN3I2C9twi_startEv
 .text._ZN3I2C8twi_stopEv
                0x00000f2e        0x8 I2C.o
                0x00000f2e                _ZN3I2C8twi_stopEv
 .text._ZN3I2C9twi_writeEh
                0x00000f36       0x20 I2C.o
                0x00000f36                _ZN3I2C9twi_writeEh
 .text._ZN9InterfaceC2Ev
                0x00000f56       0x26 Interface.o
                0x00000f56                _ZN9InterfaceC1Ev
                0x00000f56                _ZN9InterfaceC2Ev
 .text._ZN9InterfaceD2Ev
                0x00000f7c        0x2 Interface.o
                0x00000f7c                _ZN9InterfaceD1Ev
                0x00000f7c                _ZN9InterfaceD2Ev
 .text._ZN9Interface7paradebEPVhhPh
                0x00000f7e       0x4c Interface.o
                0x00000f7e                _ZN9Interface7paradebEPVhhPh
 .text._ZN9Interface6TasterEv
                0x00000fca      0x15a Interface.o
                0x00000fca                _ZN9Interface6TasterEv
 .text._ZN9Interface7unifiedEv
                0x00001124       0x48 Interface.o
                0x00001124                _ZN9Interface7unifiedEv
 .text._ZN9Interface17ZahlenausTastaturEv
                0x0000116c       0x16 Interface.o
                0x0000116c                _ZN9Interface17ZahlenausTastaturEv
 .text._ZN7LSM303DD2Ev
                0x00001182        0x6 LSM303D.o
                0x00001182                _ZN7LSM303DD1Ev
                0x00001182                _ZN7LSM303DD2Ev
 .text._ZN7LSM303D14LSM303_commandEhh
                0x00001188       0x34 LSM303D.o
                0x00001188                _ZN7LSM303D14LSM303_commandEhh
 .text._ZN7LSM303D13ACCBypassmodeEv
                0x000011bc        0x8 LSM303D.o
                0x000011bc                _ZN7LSM303D13ACCBypassmodeEv
 .text._ZN7LSM303D9acce_initEv
                0x000011c4       0x26 LSM303D.o
                0x000011c4                _ZN7LSM303D9acce_initEv
 .text._ZN7LSM303DC2Ev
                0x000011ea       0x7c LSM303D.o
                0x000011ea                _ZN7LSM303DC2Ev
                0x000011ea                _ZN7LSM303DC1Ev
 .text._ZN7monitor11tastendruckEPh
                0x00001266        0x4 main.o
                0x00001266                _ZN7monitor11tastendruckEPh
 .text._ZN3uhr11tastendruckEPh
                0x0000126a       0x1c main.o
                0x0000126a                _ZN3uhr11tastendruckEPh
 .text._ZN13einstellungen11tastendruckEPh
                0x00001286        0x4 main.o
                0x00001286                _ZN13einstellungen11tastendruckEPh
 .text._ZN5menue11tastendruckEPh
                0x0000128a        0x4 main.o
                0x0000128a                _ZN5menue11tastendruckEPh
 .text._ZN9offscreen4drawEv
                0x0000128e       0x18 main.o
                0x0000128e                _ZN9offscreen4drawEv
 .text._ZN9wilkommen4drawEv
                0x000012a6       0xf0 main.o
                0x000012a6                _ZN9wilkommen4drawEv
 .text._Z8ADC_Readh
                0x00001396       0x28 main.o
                0x00001396                _Z8ADC_Readh
 .text._Z14Batteriestatusv
                0x000013be       0xe0 main.o
                0x000013be                _Z14Batteriestatusv
 .text._ZN5menue4drawEv
                0x0000149e      0x202 main.o
                0x0000149e                _ZN5menue4drawEv
 .text._ZN5tacho4drawEv
                0x000016a0      0x406 main.o
                0x000016a0                _ZN5tacho4drawEv
 .text._ZN3uhr4drawEv
                0x00001aa6      0x14c main.o
                0x00001aa6                _ZN3uhr4drawEv
 .text._ZN7wandern4drawEv
                0x00001bf2      0x294 main.o
                0x00001bf2                _ZN7wandern4drawEv
 .text._Z12EEPROM_Writejh
                0x00001e86       0x14 main.o
                0x00001e86                _Z12EEPROM_Writejh
 .text._ZN7wandern11tastendruckEPh
                0x00001e9a       0x98 main.o
                0x00001e9a                _ZN7wandern11tastendruckEPh
 .text._Z11EEPROM_Readj
                0x00001f32       0x12 main.o
                0x00001f32                _Z11EEPROM_Readj
 .text.__vector_11
                0x00001f44       0x46 main.o
                0x00001f44                __vector_11
 .text.__vector_13
                0x00001f8a       0x22 main.o
                0x00001f8a                __vector_13
 .text.__vector_20
                0x00001fac       0xcc main.o
                0x00001fac                __vector_20
 .text._Z6nullenv
                0x00002078       0x42 main.o
                0x00002078                _Z6nullenv
 .text._ZN5tacho11tastendruckEPh
                0x000020ba        0xe main.o
                0x000020ba                _ZN5tacho11tastendruckEPh
 .text._Z13reed_debouncePVhh
                0x000020c8       0x4a main.o
                0x000020c8                _Z13reed_debouncePVhh
 .text._Z15geschwindigkeitf
                0x00002112       0xd2 main.o
                0x00002112                _Z15geschwindigkeitf
 .text._Z15initialisierungv
                0x000021e4      0x28a main.o
                0x000021e4                _Z15initialisierungv
 .text._Z19maininterupthandlerP7monitorh
                0x0000246e      0x2ce main.o
                0x0000246e                _Z19maininterupthandlerP7monitorh
 .text._Z10gpshandlerv
                0x0000273c      0x760 main.o
                0x0000273c                _Z10gpshandlerv
 .text.main     0x00002e9c      0x2f0 main.o
                0x00002e9c                main
 .text._Z13uhreinstellenv
                0x0000318c      0x734 main.o
                0x0000318c                _Z13uhreinstellenv
 .text._ZN13einstellungen4drawEv
                0x000038c0      0x2fa main.o
                0x000038c0                _ZN13einstellungen4drawEv
 .text._GLOBAL__sub_I__Znwj
                0x00003bba       0x4e main.o
 .text._GLOBAL__sub_D__Znwj
                0x00003c08       0x3e main.o
 .text._ZN6OutputC2Ehh
                0x00003c46       0x74 Output.o
                0x00003c46                _ZN6OutputC2Ehh
                0x00003c46                _ZN6OutputC1Ehh
 .text._ZN6OutputD2Ev
                0x00003cba        0x2 Output.o
                0x00003cba                _ZN6OutputD1Ev
                0x00003cba                _ZN6OutputD2Ev
 .text._ZN6Output2onEv
                0x00003cbc       0x7a Output.o
                0x00003cbc                _ZN6Output2onEv
 .text._ZN6Output4isonEv
                0x00003d36       0x76 Output.o
                0x00003d36                _ZN6Output4isonEv
 .text._ZN6Output3offEv
                0x00003dac       0x82 Output.o
                0x00003dac                _ZN6Output3offEv
 .text._ZN3RTCD2Ev
                0x00003e2e        0x2 RTC.o
                0x00003e2e                _ZN3RTCD2Ev
                0x00003e2e                _ZN3RTCD1Ev
 .text._ZN3RTC6WeckerEv
                0x00003e30       0x22 RTC.o
                0x00003e30                _ZN3RTC6WeckerEv
 .text._ZN3RTC14ausgabezeitneuEv
                0x00003e52       0x72 RTC.o
                0x00003e52                _ZN3RTC14ausgabezeitneuEv
 .text._ZN3RTC15ausgabedatumneuEv
                0x00003ec4       0x72 RTC.o
                0x00003ec4                _ZN3RTC15ausgabedatumneuEv
 .text._ZN3RTCC2Ev
                0x00003f36       0x52 RTC.o
                0x00003f36                _ZN3RTCC2Ev
                0x00003f36                _ZN3RTCC1Ev
 .text._ZN3RTC8kalenderEv
                0x00003f88       0x88 RTC.o
                0x00003f88                _ZN3RTC8kalenderEv
 .text._ZN3RTC4zeitEv
                0x00004010       0x76 RTC.o
                0x00004010                _ZN3RTC4zeitEv
 .text._ZN3RTC8RTCstartEv
                0x00004086       0x34 RTC.o
                0x00004086                _ZN3RTC8RTCstartEv
 .text._ZN3RTC7RTCstopEv
                0x000040ba        0xc RTC.o
                0x000040ba                _ZN3RTC7RTCstopEv
 .text._ZN5SOUNDD2Ev
                0x000040c6        0x2 SOUND.o
                0x000040c6                _ZN5SOUNDD2Ev
                0x000040c6                _ZN5SOUNDD1Ev
 .text._ZN5SOUND2onEv
                0x000040c8       0x12 SOUND.o
                0x000040c8                _ZN5SOUND2onEv
 .text._ZN5SOUND3offEv
                0x000040da        0x8 SOUND.o
                0x000040da                _ZN5SOUND3offEv
 .text._ZN5SOUND12setfrequenciEj
                0x000040e2       0x38 SOUND.o
                0x000040e2                _ZN5SOUND12setfrequenciEj
 .text._ZN5SOUNDC2Ev
                0x0000411a       0x2e SOUND.o
                0x0000411a                _ZN5SOUNDC2Ev
                0x0000411a                _ZN5SOUNDC1Ev
 .text.avr-libc.fplib
                0x00004148        0xa c:/program files (x86)/atmel/studio/7.0/toolchain/avr8/avr8-gnu-toolchain/bin/../lib/gcc/avr/4.9.2/../../../../avr/lib/avr51\libm.a(addsf3.o)
                0x00004148                __subsf3
                0x0000414a                __addsf3
 .text.avr-libc.fplib
                0x00004152       0xc0 c:/program files (x86)/atmel/studio/7.0/toolchain/avr8/avr8-gnu-toolchain/bin/../lib/gcc/avr/4.9.2/../../../../avr/lib/avr51\libm.a(addsf3x.o)
                0x0000416c                __addsf3x
 .text.avr-libc.fplib
                0x00004212        0x6 c:/program files (x86)/atmel/studio/7.0/toolchain/avr8/avr8-gnu-toolchain/bin/../lib/gcc/avr/4.9.2/../../../../avr/lib/avr51\libm.a(cos.o)
                0x00004212                cos
 .text.avr-libc.fplib
                0x00004218        0x4 c:/program files (x86)/atmel/studio/7.0/toolchain/avr8/avr8-gnu-toolchain/bin/../lib/gcc/avr/4.9.2/../../../../avr/lib/avr51\libm.a(divsf3.o)
                0x00004218                __divsf3
 .text.avr-libc.fplib
                0x0000421c       0xcc c:/program files (x86)/atmel/studio/7.0/toolchain/avr8/avr8-gnu-toolchain/bin/../lib/gcc/avr/4.9.2/../../../../avr/lib/avr51\libm.a(divsf3x.o)
                0x00004232                __divsf3x
                0x00004236                __divsf3_pse
 .text.avr-libc.fplib
                0x000042e8        0xa c:/program files (x86)/atmel/studio/7.0/toolchain/avr8/avr8-gnu-toolchain/bin/../lib/gcc/avr/4.9.2/../../../../avr/lib/avr51\libm.a(fixsfsi.o)
                0x000042e8                __fixsfsi
 .text.avr-libc.fplib
                0x000042f2       0x58 c:/program files (x86)/atmel/studio/7.0/toolchain/avr8/avr8-gnu-toolchain/bin/../lib/gcc/avr/4.9.2/../../../../avr/lib/avr51\libm.a(fixunssfsi.o)
                0x000042f2                __fixunssfsi
 .text.avr-libc.fplib
                0x0000434a       0x7a c:/program files (x86)/atmel/studio/7.0/toolchain/avr8/avr8-gnu-toolchain/bin/../lib/gcc/avr/4.9.2/../../../../avr/lib/avr51\libm.a(floatsisf.o)
                0x0000434a                __floatunsisf
                0x0000434e                __floatsisf
 .text.avr-libc.fplib
                0x000043c4       0x48 c:/program files (x86)/atmel/studio/7.0/toolchain/avr8/avr8-gnu-toolchain/bin/../lib/gcc/avr/4.9.2/../../../../avr/lib/avr51\libm.a(fp_cmp.o)
                0x000043c4                __fp_cmp
 .text.avr-libc.fplib
                0x0000440c        0xc c:/program files (x86)/atmel/studio/7.0/toolchain/avr8/avr8-gnu-toolchain/bin/../lib/gcc/avr/4.9.2/../../../../avr/lib/avr51\libm.a(fp_inf.o)
                0x0000440c                __fp_inf
 .text.avr-libc.fplib
                0x00004418        0x6 c:/program files (x86)/atmel/studio/7.0/toolchain/avr8/avr8-gnu-toolchain/bin/../lib/gcc/avr/4.9.2/../../../../avr/lib/avr51\libm.a(fp_nan.o)
                0x00004418                __fp_nan
 .text.avr-libc.fplib
                0x0000441e       0x4a c:/program files (x86)/atmel/studio/7.0/toolchain/avr8/avr8-gnu-toolchain/bin/../lib/gcc/avr/4.9.2/../../../../avr/lib/avr51\libm.a(fp_powser.o)
                0x0000441e                __fp_powser
 .text.avr-libc.fplib
                0x00004468        0xe c:/program files (x86)/atmel/studio/7.0/toolchain/avr8/avr8-gnu-toolchain/bin/../lib/gcc/avr/4.9.2/../../../../avr/lib/avr51\libm.a(fp_pscA.o)
                0x00004468                __fp_pscA
 .text.avr-libc.fplib
                0x00004476        0xe c:/program files (x86)/atmel/studio/7.0/toolchain/avr8/avr8-gnu-toolchain/bin/../lib/gcc/avr/4.9.2/../../../../avr/lib/avr51\libm.a(fp_pscB.o)
                0x00004476                __fp_pscB
 .text.avr-libc.fplib
                0x00004484       0x50 c:/program files (x86)/atmel/studio/7.0/toolchain/avr8/avr8-gnu-toolchain/bin/../lib/gcc/avr/4.9.2/../../../../avr/lib/avr51\libm.a(fp_rempio2.o)
                0x00004486                __fp_rempio2
 .text.avr-libc.fplib
                0x000044d4       0x22 c:/program files (x86)/atmel/studio/7.0/toolchain/avr8/avr8-gnu-toolchain/bin/../lib/gcc/avr/4.9.2/../../../../avr/lib/avr51\libm.a(fp_round.o)
                0x000044d4                __fp_round
 .text.avr-libc.fplib
                0x000044f6       0x22 c:/program files (x86)/atmel/studio/7.0/toolchain/avr8/avr8-gnu-toolchain/bin/../lib/gcc/avr/4.9.2/../../../../avr/lib/avr51\libm.a(fp_sinus.o)
                0x000044f6                __fp_sinus
 .text.avr-libc.fplib
                0x00004518       0x44 c:/program files (x86)/atmel/studio/7.0/toolchain/avr8/avr8-gnu-toolchain/bin/../lib/gcc/avr/4.9.2/../../../../avr/lib/avr51\libm.a(fp_split3.o)
                0x00004518                __fp_split3
                0x00004528                __fp_splitA
 .text.avr-libc.fplib
                0x0000455c        0xe c:/program files (x86)/atmel/studio/7.0/toolchain/avr8/avr8-gnu-toolchain/bin/../lib/gcc/avr/4.9.2/../../../../avr/lib/avr51\libm.a(fp_zero.o)
                0x0000455c                __fp_zero
                0x0000455e                __fp_szero
 .text.avr-libc.fplib
                0x0000456a        0x8 c:/program files (x86)/atmel/studio/7.0/toolchain/avr8/avr8-gnu-toolchain/bin/../lib/gcc/avr/4.9.2/../../../../avr/lib/avr51\libm.a(gesf2.o)
                0x0000456a                __gesf2
                0x0000456a                __gtsf2
 .text.avr-libc.fplib
                0x00004572        0xe c:/program files (x86)/atmel/studio/7.0/toolchain/avr8/avr8-gnu-toolchain/bin/../lib/gcc/avr/4.9.2/../../../../avr/lib/avr51\libm.a(inverse.o)
                0x00004572                inverse
 .text.avr-libc.fplib
                0x00004580        0x4 c:/program files (x86)/atmel/studio/7.0/toolchain/avr8/avr8-gnu-toolchain/bin/../lib/gcc/avr/4.9.2/../../../../avr/lib/avr51\libm.a(mulsf3.o)
                0x00004580                __mulsf3
 .text.avr-libc.fplib
                0x00004584       0xc2 c:/program files (x86)/atmel/studio/7.0/toolchain/avr8/avr8-gnu-toolchain/bin/../lib/gcc/avr/4.9.2/../../../../avr/lib/avr51\libm.a(mulsf3x.o)
                0x00004598                __mulsf3x
                0x0000459c                __mulsf3_pse
 .text.avr-libc.fplib
                0x00004646       0x98 c:/program files (x86)/atmel/studio/7.0/toolchain/avr8/avr8-gnu-toolchain/bin/../lib/gcc/avr/4.9.2/../../../../avr/lib/avr51\libm.a(pow.o)
                0x00004646                pow
 .text.avr-libc.fplib
                0x000046de        0xc c:/program files (x86)/atmel/studio/7.0/toolchain/avr8/avr8-gnu-toolchain/bin/../lib/gcc/avr/4.9.2/../../../../avr/lib/avr51\libm.a(sin.o)
                0x000046de                sin
 .text.avr-libc.fplib
                0x000046ea       0x62 c:/program files (x86)/atmel/studio/7.0/toolchain/avr8/avr8-gnu-toolchain/bin/../lib/gcc/avr/4.9.2/../../../../avr/lib/avr51\libm.a(exp.o)
                0x000046f4                exp
 .text.avr-libc.fplib
                0x0000474c       0x1c c:/program files (x86)/atmel/studio/7.0/toolchain/avr8/avr8-gnu-toolchain/bin/../lib/gcc/avr/4.9.2/../../../../avr/lib/avr51\libm.a(fp_mpack.o)
                0x0000474c                __fp_mpack
                0x00004750                __fp_mpack_finite
 .text.avr-libc.fplib
                0x00004768       0x22 c:/program files (x86)/atmel/studio/7.0/toolchain/avr8/avr8-gnu-toolchain/bin/../lib/gcc/avr/4.9.2/../../../../avr/lib/avr51\libm.a(fp_powsodd.o)
                0x00004768                __fp_powsodd
 .text.avr-libc.fplib
                0x0000478a       0x6c c:/program files (x86)/atmel/studio/7.0/toolchain/avr8/avr8-gnu-toolchain/bin/../lib/gcc/avr/4.9.2/../../../../avr/lib/avr51\libm.a(ldexp.o)
                0x0000478e                ldexp
 .text.avr-libc.fplib
                0x000047f6       0x8a c:/program files (x86)/atmel/studio/7.0/toolchain/avr8/avr8-gnu-toolchain/bin/../lib/gcc/avr/4.9.2/../../../../avr/lib/avr51\libm.a(log.o)
                0x00004800                log
 .text.avr-libc.fplib
                0x00004880       0x66 c:/program files (x86)/atmel/studio/7.0/toolchain/avr8/avr8-gnu-toolchain/bin/../lib/gcc/avr/4.9.2/../../../../avr/lib/avr51\libm.a(modf.o)
                0x00004880                modf
                0x00004880                modff
 .text.avr-libc
                0x000048e6      0x710 c:/program files (x86)/atmel/studio/7.0/toolchain/avr8/avr8-gnu-toolchain/bin/../lib/gcc/avr/4.9.2/../../../../avr/lib/avr51\libprintf_flt.a(vfprintf_flt.o)
                0x000048e6                vfprintf
 .text.libgcc.div
                0x00004ff6       0x44 c:/program files (x86)/atmel/studio/7.0/toolchain/avr8/avr8-gnu-toolchain/bin/../lib/gcc/avr/4.9.2/avr51\libgcc.a(_udivmodsi4.o)
                0x00004ff6                __udivmodsi4
 .text.libgcc   0x0000503a       0x12 c:/program files (x86)/atmel/studio/7.0/toolchain/avr8/avr8-gnu-toolchain/bin/../lib/gcc/avr/4.9.2/avr51\libgcc.a(_tablejump2.o)
                0x0000503a                __tablejump2__
 .text.avr-libc
                0x0000504c      0x25a c:/program files (x86)/atmel/studio/7.0/toolchain/avr8/avr8-gnu-toolchain/bin/../lib/gcc/avr/4.9.2/../../../../avr/lib/avr51\libc.a(malloc.o)
                0x0000504c                malloc
                0x00005176                free
 .text.avr-libc
                0x000052a6      0x1b0 c:/program files (x86)/atmel/studio/7.0/toolchain/avr8/avr8-gnu-toolchain/bin/../lib/gcc/avr/4.9.2/../../../../avr/lib/avr51\libc.a(ftoa_engine.o)
                0x000052a6                __ftoa_engine
 .text.avr-libc
                0x00005456       0x16 c:/program files (x86)/atmel/studio/7.0/toolchain/avr8/avr8-gnu-toolchain/bin/../lib/gcc/avr/4.9.2/../../../../avr/lib/avr51\libc.a(strnlen_P.o)
                0x00005456                strnlen_P
 .text.avr-libc
                0x0000546c       0x16 c:/program files (x86)/atmel/studio/7.0/toolchain/avr8/avr8-gnu-toolchain/bin/../lib/gcc/avr/4.9.2/../../../../avr/lib/avr51\libc.a(strnlen.o)
                0x0000546c                strnlen
 .text.avr-libc
                0x00005482       0x70 c:/program files (x86)/atmel/studio/7.0/toolchain/avr8/avr8-gnu-toolchain/bin/../lib/gcc/avr/4.9.2/../../../../avr/lib/avr51\libc.a(fputc.o)
                0x00005482                fputc
 .text.avr-libc
                0x000054f2       0x5e c:/program files (x86)/atmel/studio/7.0/toolchain/avr8/avr8-gnu-toolchain/bin/../lib/gcc/avr/4.9.2/../../../../avr/lib/avr51\libc.a(sprintf.o)
                0x000054f2                sprintf
 .text.avr-libc
                0x00005550       0xbc c:/program files (x86)/atmel/studio/7.0/toolchain/avr8/avr8-gnu-toolchain/bin/../lib/gcc/avr/4.9.2/../../../../avr/lib/avr51\libc.a(ultoa_invert.o)
                0x00005550                __ultoa_invert
                0x0000560c                . = ALIGN (0x2)
 *(.fini9)
 .fini9         0x0000560c        0x0 c:/program files (x86)/atmel/studio/7.0/toolchain/avr8/avr8-gnu-toolchain/bin/../lib/gcc/avr/4.9.2/avr51\libgcc.a(_exit.o)
                0x0000560c                _exit
                0x0000560c                exit
 *(.fini9)
 *(.fini8)
 *(.fini8)
 *(.fini7)
 *(.fini7)
 *(.fini6)
 .fini6         0x0000560c       0x14 c:/program files (x86)/atmel/studio/7.0/toolchain/avr8/avr8-gnu-toolchain/bin/../lib/gcc/avr/4.9.2/avr51\libgcc.a(_dtors.o)
                0x0000560c                __do_global_dtors
 *(.fini6)
 *(.fini5)
 *(.fini5)
 *(.fini4)
 *(.fini4)
 *(.fini3)
 *(.fini3)
 *(.fini2)
 *(.fini2)
 *(.fini1)
 *(.fini1)
 *(.fini0)
 .fini0         0x00005620        0x4 c:/program files (x86)/atmel/studio/7.0/toolchain/avr8/avr8-gnu-toolchain/bin/../lib/gcc/avr/4.9.2/avr51\libgcc.a(_exit.o)
 *(.fini0)
                0x00005624                _etext = .

.data           0x00800100      0x1c6 load address 0x00005624
                0x00800100                PROVIDE (__data_start, .)
 *(.data)
 .data          0x00800100        0x6 c:/program files (x86)/atmel/studio/7.0/toolchain/avr8/avr8-gnu-toolchain/bin/../lib/gcc/avr/4.9.2/../../../../avr/lib/avr51\libc.a(malloc.o)
                0x00800100                __malloc_heap_end
                0x00800102                __malloc_heap_start
                0x00800104                __malloc_margin
 *(.data*)
 *(.rodata)
 *(.rodata*)
 .rodata.str1.1
                0x00800106      0x188 main.o
                                0x18d (size before relaxing)
 .rodata._ZTV3uhr
                0x0080028e        0x8 main.o
                0x0080028e                _ZTV3uhr
 .rodata._ZTV5tacho
                0x00800296        0x8 main.o
                0x00800296                _ZTV5tacho
 .rodata._ZTV7wandern
                0x0080029e        0x8 main.o
                0x0080029e                _ZTV7wandern
 .rodata._ZTV13einstellungen
                0x008002a6        0x8 main.o
                0x008002a6                _ZTV13einstellungen
 .rodata._ZTV9wilkommen
                0x008002ae        0x8 main.o
                0x008002ae                _ZTV9wilkommen
 .rodata._ZTV5menue
                0x008002b6        0x8 main.o
                0x008002b6                _ZTV5menue
 .rodata._ZTV9offscreen
                0x008002be        0x8 main.o
                0x008002be                _ZTV9offscreen
 *(.gnu.linkonce.d*)
                0x008002c6                . = ALIGN (0x2)
                0x008002c6                _edata = .
                0x008002c6                PROVIDE (__data_end, .)

.bss            0x008002c6      0x597
                0x008002c6                PROVIDE (__bss_start, .)
 *(.bss)
 *(.bss*)
 .bss.Fahrtzeit
                0x008002c6        0x4 main.o
                0x008002c6                Fahrtzeit
 .bss.maxgeschw
                0x008002ca        0x4 main.o
                0x008002ca                maxgeschw
 .bss.strecke   0x008002ce        0x4 main.o
                0x008002ce                strecke
 .bss.geschw    0x008002d2        0x4 main.o
                0x008002d2                geschw
 .bss.gpsJahr   0x008002d6        0x1 main.o
                0x008002d6                gpsJahr
 .bss.gpsMonat  0x008002d7        0x1 main.o
                0x008002d7                gpsMonat
 .bss.gpsTag    0x008002d8        0x1 main.o
                0x008002d8                gpsTag
 .bss.gpssekunde
                0x008002d9        0x1 main.o
                0x008002d9                gpssekunde
 .bss.gpsminute
                0x008002da        0x1 main.o
                0x008002da                gpsminute
 .bss.gpsstunde
                0x008002db        0x1 main.o
                0x008002db                gpsstunde
 .bss.gpsspeed  0x008002dc        0x4 main.o
                0x008002dc                gpsspeed
 .bss.lon       0x008002e0        0x4 main.o
                0x008002e0                lon
 .bss.lat       0x008002e4        0x4 main.o
                0x008002e4                lat
 .bss.gpscounter
                0x008002e8        0x1 main.o
                0x008002e8                gpscounter
 .bss.gpsdata   0x008002e9       0x48 main.o
                0x008002e9                gpsdata
 .bss.gpsstatus
                0x00800331        0x1 main.o
                0x00800331                gpsstatus
 .bss.FPS       0x00800332        0x1 main.o
                0x00800332                FPS
 .bss.position  0x00800333        0x1 main.o
                0x00800333                position
 .bss.statusreg
                0x00800334        0x1 main.o
                0x00800334                statusreg
 .bss.anzeige   0x00800335        0x1 main.o
                0x00800335                anzeige
 .bss.Sound     0x00800336        0x2 main.o
                0x00800336                Sound
 .bss.IRLED     0x00800338        0x2 main.o
                0x00800338                IRLED
 .bss.Vibrationsmotor
                0x0080033a        0x2 main.o
                0x0080033a                Vibrationsmotor
 .bss.LED       0x0080033c        0x2 main.o
                0x0080033c                LED
 .bss.batterie  0x0080033e        0x4 main.o
                0x0080033e                batterie
 .bss.Accelerometer
                0x00800342       0xe9 main.o
                0x00800342                Accelerometer
 .bss.Lautsprecher
                0x0080042b        0x2 main.o
                0x0080042b                Lautsprecher
 .bss.Tastatur  0x0080042d        0xc main.o
                0x0080042d                Tastatur
 .bss.oled      0x00800439      0x401 main.o
                0x00800439                oled
 .bss.rtc       0x0080083a       0x1f main.o
                0x0080083a                rtc
 *(COMMON)
 COMMON         0x00800859        0x4 c:/program files (x86)/atmel/studio/7.0/toolchain/avr8/avr8-gnu-toolchain/bin/../lib/gcc/avr/4.9.2/../../../../avr/lib/avr51\libc.a(malloc.o)
                0x00800859                __brkval
                0x0080085b                __flp
                0x0080085d                PROVIDE (__bss_end, .)
                0x00005624                __data_load_start = LOADADDR (.data)
                0x000057ea                __data_load_end = (__data_load_start + SIZEOF (.data))

.noinit         0x0080085d        0x0
                0x0080085d                PROVIDE (__noinit_start, .)
 *(.noinit*)
                0x0080085d                PROVIDE (__noinit_end, .)
                0x0080085d                _end = .
                0x0080085d                PROVIDE (__heap_start, .)

.eeprom         0x00810000        0x0
 *(.eeprom*)
                0x00810000                __eeprom_end = .

.fuse
 *(.fuse)
 *(.lfuse)
 *(.hfuse)
 *(.efuse)

.lock
 *(.lock*)

.signature
 *(.signature*)

.user_signatures
 *(.user_signatures*)

.stab
 *(.stab)

.stabstr
 *(.stabstr)

.stab.excl
 *(.stab.excl)

.stab.exclstr
 *(.stab.exclstr)

.stab.index
 *(.stab.index)

.stab.indexstr
 *(.stab.indexstr)

.comment        0x00000000       0x5c
 *(.comment)
 .comment       0x00000000       0x30 Display.o
                                 0x31 (size before relaxing)
 .comment       0x00000030       0x31 I2C.o
 .comment       0x00000030       0x31 Interface.o
 .comment       0x00000030       0x31 LSM303D.o
 .comment       0x00000030       0x31 main.o
 .comment       0x00000030       0x31 Output.o
 .comment       0x00000030       0x31 RTC.o
 .comment       0x00000030       0x31 SOUND.o
 .comment       0x00000030       0x2c c:/program files (x86)/atmel/studio/7.0/toolchain/avr8/avr8-gnu-toolchain/bin/../lib/gcc/avr/4.9.2/../../../../avr/lib/avr51\libprintf_flt.a(vfprintf_flt.o)
                                 0x2d (size before relaxing)
 .comment       0x0000005c       0x31 c:/program files (x86)/atmel/studio/7.0/toolchain/avr8/avr8-gnu-toolchain/bin/../lib/gcc/avr/4.9.2/../../../../avr/lib/avr51\libc.a(malloc.o)
 .comment       0x0000005c       0x31 c:/program files (x86)/atmel/studio/7.0/toolchain/avr8/avr8-gnu-toolchain/bin/../lib/gcc/avr/4.9.2/../../../../avr/lib/avr51\libc.a(fputc.o)
 .comment       0x0000005c       0x31 c:/program files (x86)/atmel/studio/7.0/toolchain/avr8/avr8-gnu-toolchain/bin/../lib/gcc/avr/4.9.2/../../../../avr/lib/avr51\libc.a(sprintf.o)

.note.gnu.avr.deviceinfo
                0x00000000       0x40
 .note.gnu.avr.deviceinfo
                0x00000000       0x40 C:/Program Files (x86)/Atmel/Studio/7.0/Packs/atmel/ATmega_DFP/1.0.90/gcc/dev/atmega1284p/avr51/crtatmega1284p.o

.note.gnu.build-id
 *(.note.gnu.build-id)

.debug
 *(.debug)

.line
 *(.line)

.debug_srcinfo
 *(.debug_srcinfo)

.debug_sfnames
 *(.debug_sfnames)

.debug_aranges  0x00000000      0x3f0
 *(.debug_aranges)
 .debug_aranges
                0x00000000       0xb0 Display.o
 .debug_aranges
                0x000000b0       0x58 I2C.o
 .debug_aranges
                0x00000108       0x58 Interface.o
 .debug_aranges
                0x00000160       0x70 LSM303D.o
 .debug_aranges
                0x000001d0      0x128 main.o
 .debug_aranges
                0x000002f8       0x48 Output.o
 .debug_aranges
                0x00000340       0x70 RTC.o
 .debug_aranges
                0x000003b0       0x40 SOUND.o

.debug_pubnames
 *(.debug_pubnames)

.debug_info     0x00000000     0x9857
 *(.debug_info .gnu.linkonce.wi.*)
 .debug_info    0x00000000     0x1c41 Display.o
 .debug_info    0x00001c41      0x372 I2C.o
 .debug_info    0x00001fb3      0xd25 Interface.o
 .debug_info    0x00002cd8      0xd77 LSM303D.o
 .debug_info    0x00003a4f     0x50a3 main.o
 .debug_info    0x00008af2      0x3f7 Output.o
 .debug_info    0x00008ee9      0x62e RTC.o
 .debug_info    0x00009517      0x340 SOUND.o

.debug_abbrev   0x00000000     0x1937
 *(.debug_abbrev)
 .debug_abbrev  0x00000000      0x34e Display.o
 .debug_abbrev  0x0000034e      0x190 I2C.o
 .debug_abbrev  0x000004de      0x2b6 Interface.o
 .debug_abbrev  0x00000794      0x338 LSM303D.o
 .debug_abbrev  0x00000acc      0x865 main.o
 .debug_abbrev  0x00001331      0x1e0 Output.o
 .debug_abbrev  0x00001511      0x256 RTC.o
 .debug_abbrev  0x00001767      0x1d0 SOUND.o

.debug_line     0x00000000     0x34ce
 *(.debug_line .debug_line.* .debug_line_end)
 .debug_line    0x00000000      0x839 Display.o
 .debug_line    0x00000839      0x197 I2C.o
 .debug_line    0x000009d0      0x551 Interface.o
 .debug_line    0x00000f21      0x55b LSM303D.o
 .debug_line    0x0000147c     0x1899 main.o
 .debug_line    0x00002d15      0x217 Output.o
 .debug_line    0x00002f2c      0x44d RTC.o
 .debug_line    0x00003379      0x155 SOUND.o

.debug_frame    0x00000000      0xfdc
 *(.debug_frame)
 .debug_frame   0x00000000      0x3a0 Display.o
 .debug_frame   0x000003a0       0x94 I2C.o
 .debug_frame   0x00000434       0xb0 Interface.o
 .debug_frame   0x000004e4      0x238 LSM303D.o
 .debug_frame   0x0000071c      0x6d4 main.o
 .debug_frame   0x00000df0       0x74 Output.o
 .debug_frame   0x00000e64       0xf4 RTC.o
 .debug_frame   0x00000f58       0x84 SOUND.o

.debug_str      0x00000000     0x1383
 *(.debug_str)
 .debug_str     0x00000000      0x630 Display.o
                                0x690 (size before relaxing)
 .debug_str     0x00000630       0x25 I2C.o
                                0x290 (size before relaxing)
 .debug_str     0x00000655      0x19d Interface.o
                                0x36d (size before relaxing)
 .debug_str     0x000007f2      0x224 LSM303D.o
                                0x4d7 (size before relaxing)
 .debug_str     0x00000a16      0x8be main.o
                               0x120b (size before relaxing)
 .debug_str     0x000012d4       0x51 Output.o
                                0x277 (size before relaxing)
 .debug_str     0x00001325       0x25 RTC.o
                                0x37d (size before relaxing)
 .debug_str     0x0000134a       0x39 SOUND.o
                                0x26d (size before relaxing)

.debug_loc      0x00000000     0x6a52
 *(.debug_loc)
 .debug_loc     0x00000000     0x1bcd Display.o
 .debug_loc     0x00001bcd      0x128 I2C.o
 .debug_loc     0x00001cf5      0xac7 Interface.o
 .debug_loc     0x000027bc      0xf76 LSM303D.o
 .debug_loc     0x00003732     0x2b13 main.o
 .debug_loc     0x00006245      0x397 Output.o
 .debug_loc     0x000065dc      0x2d3 RTC.o
 .debug_loc     0x000068af      0x1a3 SOUND.o

.debug_macinfo
 *(.debug_macinfo)

.debug_weaknames
 *(.debug_weaknames)

.debug_funcnames
 *(.debug_funcnames)

.debug_typenames
 *(.debug_typenames)

.debug_varnames
 *(.debug_varnames)

.debug_pubtypes
 *(.debug_pubtypes)

.debug_ranges   0x00000000      0x448
 *(.debug_ranges)
 .debug_ranges  0x00000000      0x100 Display.o
 .debug_ranges  0x00000100       0x48 I2C.o
 .debug_ranges  0x00000148       0x48 Interface.o
 .debug_ranges  0x00000190       0x60 LSM303D.o
 .debug_ranges  0x000001f0      0x190 main.o
 .debug_ranges  0x00000380       0x38 Output.o
 .debug_ranges  0x000003b8       0x60 RTC.o
 .debug_ranges  0x00000418       0x30 SOUND.o

.debug_macro
 *(.debug_macro)
OUTPUT(FWCP_MK3.elf elf32-avr)
LOAD linker stubs
