Archive member included to satisfy reference by file (symbol)

c:/program files (x86)/atmel/studio/7.0/toolchain/avr8/avr8-gnu-toolchain/bin/../lib/gcc/avr/4.9.2/../../../../avr/lib/avr51\libm.a(addsf3.o)
                              Display.o (__subsf3)
c:/program files (x86)/atmel/studio/7.0/toolchain/avr8/avr8-gnu-toolchain/bin/../lib/gcc/avr/4.9.2/../../../../avr/lib/avr51\libm.a(addsf3x.o)
                              c:/program files (x86)/atmel/studio/7.0/toolchain/avr8/avr8-gnu-toolchain/bin/../lib/gcc/avr/4.9.2/../../../../avr/lib/avr51\libm.a(addsf3.o) (__addsf3x)
c:/program files (x86)/atmel/studio/7.0/toolchain/avr8/avr8-gnu-toolchain/bin/../lib/gcc/avr/4.9.2/../../../../avr/lib/avr51\libm.a(atan2.o)
                              Kompass.o (atan2)
c:/program files (x86)/atmel/studio/7.0/toolchain/avr8/avr8-gnu-toolchain/bin/../lib/gcc/avr/4.9.2/../../../../avr/lib/avr51\libm.a(atan.o)
                              c:/program files (x86)/atmel/studio/7.0/toolchain/avr8/avr8-gnu-toolchain/bin/../lib/gcc/avr/4.9.2/../../../../avr/lib/avr51\libm.a(atan2.o) (atan)
c:/program files (x86)/atmel/studio/7.0/toolchain/avr8/avr8-gnu-toolchain/bin/../lib/gcc/avr/4.9.2/../../../../avr/lib/avr51\libm.a(cmpsf2.o)
                              Kompass.o (__ltsf2)
c:/program files (x86)/atmel/studio/7.0/toolchain/avr8/avr8-gnu-toolchain/bin/../lib/gcc/avr/4.9.2/../../../../avr/lib/avr51\libm.a(cos.o)
                              Display.o (cos)
c:/program files (x86)/atmel/studio/7.0/toolchain/avr8/avr8-gnu-toolchain/bin/../lib/gcc/avr/4.9.2/../../../../avr/lib/avr51\libm.a(divsf3.o)
                              Display.o (__divsf3)
c:/program files (x86)/atmel/studio/7.0/toolchain/avr8/avr8-gnu-toolchain/bin/../lib/gcc/avr/4.9.2/../../../../avr/lib/avr51\libm.a(divsf3x.o)
                              c:/program files (x86)/atmel/studio/7.0/toolchain/avr8/avr8-gnu-toolchain/bin/../lib/gcc/avr/4.9.2/../../../../avr/lib/avr51\libm.a(divsf3.o) (__divsf3x)
c:/program files (x86)/atmel/studio/7.0/toolchain/avr8/avr8-gnu-toolchain/bin/../lib/gcc/avr/4.9.2/../../../../avr/lib/avr51\libm.a(fixsfsi.o)
                              Kompass.o (__fixsfsi)
c:/program files (x86)/atmel/studio/7.0/toolchain/avr8/avr8-gnu-toolchain/bin/../lib/gcc/avr/4.9.2/../../../../avr/lib/avr51\libm.a(fixunssfsi.o)
                              Display.o (__fixunssfsi)
c:/program files (x86)/atmel/studio/7.0/toolchain/avr8/avr8-gnu-toolchain/bin/../lib/gcc/avr/4.9.2/../../../../avr/lib/avr51\libm.a(floatsisf.o)
                              LSM303D.o (__floatunsisf)
c:/program files (x86)/atmel/studio/7.0/toolchain/avr8/avr8-gnu-toolchain/bin/../lib/gcc/avr/4.9.2/../../../../avr/lib/avr51\libm.a(fp_cmp.o)
                              c:/program files (x86)/atmel/studio/7.0/toolchain/avr8/avr8-gnu-toolchain/bin/../lib/gcc/avr/4.9.2/../../../../avr/lib/avr51\libm.a(cmpsf2.o) (__fp_cmp)
c:/program files (x86)/atmel/studio/7.0/toolchain/avr8/avr8-gnu-toolchain/bin/../lib/gcc/avr/4.9.2/../../../../avr/lib/avr51\libm.a(fp_inf.o)
                              c:/program files (x86)/atmel/studio/7.0/toolchain/avr8/avr8-gnu-toolchain/bin/../lib/gcc/avr/4.9.2/../../../../avr/lib/avr51\libm.a(addsf3x.o) (__fp_inf)
c:/program files (x86)/atmel/studio/7.0/toolchain/avr8/avr8-gnu-toolchain/bin/../lib/gcc/avr/4.9.2/../../../../avr/lib/avr51\libm.a(fp_nan.o)
                              c:/program files (x86)/atmel/studio/7.0/toolchain/avr8/avr8-gnu-toolchain/bin/../lib/gcc/avr/4.9.2/../../../../avr/lib/avr51\libm.a(addsf3x.o) (__fp_nan)
c:/program files (x86)/atmel/studio/7.0/toolchain/avr8/avr8-gnu-toolchain/bin/../lib/gcc/avr/4.9.2/../../../../avr/lib/avr51\libm.a(fp_powser.o)
                              c:/program files (x86)/atmel/studio/7.0/toolchain/avr8/avr8-gnu-toolchain/bin/../lib/gcc/avr/4.9.2/../../../../avr/lib/avr51\libm.a(atan.o) (__fp_powser)
c:/program files (x86)/atmel/studio/7.0/toolchain/avr8/avr8-gnu-toolchain/bin/../lib/gcc/avr/4.9.2/../../../../avr/lib/avr51\libm.a(fp_pscA.o)
                              c:/program files (x86)/atmel/studio/7.0/toolchain/avr8/avr8-gnu-toolchain/bin/../lib/gcc/avr/4.9.2/../../../../avr/lib/avr51\libm.a(addsf3x.o) (__fp_pscA)
c:/program files (x86)/atmel/studio/7.0/toolchain/avr8/avr8-gnu-toolchain/bin/../lib/gcc/avr/4.9.2/../../../../avr/lib/avr51\libm.a(fp_pscB.o)
                              c:/program files (x86)/atmel/studio/7.0/toolchain/avr8/avr8-gnu-toolchain/bin/../lib/gcc/avr/4.9.2/../../../../avr/lib/avr51\libm.a(addsf3x.o) (__fp_pscB)
c:/program files (x86)/atmel/studio/7.0/toolchain/avr8/avr8-gnu-toolchain/bin/../lib/gcc/avr/4.9.2/../../../../avr/lib/avr51\libm.a(fp_rempio2.o)
                              c:/program files (x86)/atmel/studio/7.0/toolchain/avr8/avr8-gnu-toolchain/bin/../lib/gcc/avr/4.9.2/../../../../avr/lib/avr51\libm.a(cos.o) (__fp_rempio2)
[...]
Memory Configuration

Name             Origin             Length             Attributes
text             0x00000000         0x00020000         xr
data             0x00800100         0x0000ff00         rw !x
eeprom           0x00810000         0x00010000         rw !x
fuse             0x00820000         0x00000400         rw !x
lock             0x00830000         0x00000400         rw !x
signature        0x00840000         0x00000400         rw !x
user_signatures  0x00850000         0x00000400         rw !x
*default*        0x00000000         0xffffffff

Linker script and memory map

Address of section .data set to 0x800100
LOAD C:/Program Files (x86)/Atmel/Studio/7.0/Packs/atmel/ATmega_DFP/1.0.90/gcc/dev/atmega1284p/avr51/crtatmega1284p.o
LOAD Display.o
LOAD I2C.o
LOAD Interface.o
LOAD Kompass.o
LOAD LSM303D.o
LOAD main.o
LOAD Output.o
LOAD RTC.o
LOAD SOUND.o
START GROUP
LOAD c:/program files (x86)/atmel/studio/7.0/toolchain/avr8/avr8-gnu-toolchain/bin/../lib/gcc/avr/4.9.2/../../../../avr/lib/avr51\libm.a
LOAD c:/program files (x86)/atmel/studio/7.0/toolchain/avr8/avr8-gnu-toolchain/bin/../lib/gcc/avr/4.9.2/../../../../avr/lib/avr51\libprintf_flt.a
END GROUP
LOAD c:/program files (x86)/atmel/studio/7.0/toolchain/avr8/avr8-gnu-toolchain/bin/../lib/gcc/avr/4.9.2/avr51\libgcc.a
LOAD c:/program files (x86)/atmel/studio/7.0/toolchain/avr8/avr8-gnu-toolchain/bin/../lib/gcc/avr/4.9.2/../../../../avr/lib/avr51\libm.a
START GROUP
LOAD c:/program files (x86)/atmel/studio/7.0/toolchain/avr8/avr8-gnu-toolchain/bin/../lib/gcc/avr/4.9.2/avr51\libgcc.a
LOAD c:/program files (x86)/atmel/studio/7.0/toolchain/avr8/avr8-gnu-toolchain/bin/../lib/gcc/avr/4.9.2/../../../../avr/lib/avr51\libm.a
LOAD c:/program files (x86)/atmel/studio/7.0/toolchain/avr8/avr8-gnu-toolchain/bin/../lib/gcc/avr/4.9.2/../../../../avr/lib/avr51\libc.a
LOAD C:/Program Files (x86)/Atmel/Studio/7.0/Packs/atmel/ATmega_DFP/1.0.90/gcc/dev/atmega1284p/avr51\libatmega1284p.a
END GROUP

.hash
 *(.hash)

.dynsym
 *(.dynsym)

.dynstr
 *(.dynstr)

.gnu.version
 *(.gnu.version)

.gnu.version_d
 *(.gnu.version_d)

.gnu.version_r
 *(.gnu.version_r)

.rel.init
 *(.rel.init)

.rela.init
 *(.rela.init)

.rel.text
 *(.rel.text)
 *(.rel.text.*)
 *(.rel.gnu.linkonce.t*)

.rela.text
 *(.rela.text)
 *(.rela.text.*)
 *(.rela.gnu.linkonce.t*)

.rel.fini
 *(.rel.fini)

.rela.fini
 *(.rela.fini)

.rel.rodata
 *(.rel.rodata)
 *(.rel.rodata.*)
 *(.rel.gnu.linkonce.r*)

.rela.rodata
 *(.rela.rodata)
 *(.rela.rodata.*)
 *(.rela.gnu.linkonce.r*)

.rel.data
 *(.rel.data)
 *(.rel.data.*)
 *(.rel.gnu.linkonce.d*)

.rela.data
 *(.rela.data)
 *(.rela.data.*)
 *(.rela.gnu.linkonce.d*)

.rel.ctors
 *(.rel.ctors)

.rela.ctors
 *(.rela.ctors)

.rel.dtors
 *(.rel.dtors)

.rela.dtors
 *(.rela.dtors)

.rel.got
 *(.rel.got)

.rela.got
 *(.rela.got)

.rel.bss
 *(.rel.bss)

.rela.bss
 *(.rela.bss)

.rel.plt
 *(.rel.plt)

.rela.plt
 *(.rela.plt)

.text           0x00000000     0x46dc
 *(.vectors)
 .vectors       0x00000000       0x8c C:/Program Files (x86)/Atmel/Studio/7.0/Packs/atmel/ATmega_DFP/1.0.90/gcc/dev/atmega1284p/avr51/crtatmega1284p.o
                0x00000000                __vector_default
                0x00000000                __vectors
 *(.vectors)
 *(.progmem.gcc*)
 .progmem.gcc_sw_table._ZN9Interface7unifiedEv
                0x0000008c       0x2e Interface.o
 .progmem.gcc_sw_table._Z19maininterupthandlerP7monitorh
                0x000000ba       0x8c main.o
 .progmem.gcc_sw_table._Z13uhreinstellenv
                0x00000146       0x14 main.o
 .progmem.gcc_fplib
                0x0000015a       0x1e c:/program files (x86)/atmel/studio/7.0/toolchain/avr8/avr8-gnu-toolchain/bin/../lib/gcc/avr/4.9.2/../../../../avr/lib/avr51\libm.a(fp_sinus.o)
                0x00000178                . = ALIGN (0x2)
                0x00000178                __trampolines_start = .
 *(.trampolines)
 .trampolines   0x00000178        0x0 linker stubs
 *(.trampolines*)
                0x00000178                __trampolines_end = .
 *(.progmem*)
 .progmem.data._ZL11digits16x16
                0x00000178      0x140 Display.o
 .progmem.data._ZL7font5x8
                0x000002b8      0x1d6 Display.o
 .progmem.data  0x0000048e        0x8 c:/program files (x86)/atmel/studio/7.0/toolchain/avr8/avr8-gnu-toolchain/bin/../lib/gcc/avr/4.9.2/../../../../avr/lib/avr51\libprintf_flt.a(vfprintf_flt.o)
 .progmem.data  0x00000496       0xfa c:/program files (x86)/atmel/studio/7.0/toolchain/avr8/avr8-gnu-toolchain/bin/../lib/gcc/avr/4.9.2/../../../../avr/lib/avr51\libc.a(ftoa_engine.o)
                0x00000590                . = ALIGN (0x2)
 *(.jumptables)
 *(.jumptables*)
 *(.lowtext)
 *(.lowtext*)
                0x00000590                __ctors_start = .
 *(.ctors)
 .ctors         0x00000590        0x2 main.o
                0x00000592                __ctors_end = .
                0x00000592                __dtors_start = .
 *(.dtors)
 .dtors         0x00000592        0x2 main.o
                0x00000594                __dtors_end = .
 SORT(*)(.ctors)
 SORT(*)(.dtors)
 *(.init0)
 .init0         0x00000594        0x0 C:/Program Files (x86)/Atmel/Studio/7.0/Packs/atmel/ATmega_DFP/1.0.90/gcc/dev/atmega1284p/avr51/crtatmega1284p.o
                0x00000594                __init
 *(.init0)
 *(.init1)
 *(.init1)
 *(.init2)
 .init2         0x00000594        0xc C:/Program Files (x86)/Atmel/Studio/7.0/Packs/atmel/ATmega_DFP/1.0.90/gcc/dev/atmega1284p/avr51/crtatmega1284p.o
 *(.init2)
 *(.init3)
 .init3         0x000005a0       0x18 main.o
                0x000005a0                _Z8wdt_initv
 *(.init3)
 *(.init4)
 .init4         0x000005b8       0x1a c:/program files (x86)/atmel/studio/7.0/toolchain/avr8/avr8-gnu-toolchain/bin/../lib/gcc/avr/4.9.2/avr51\libgcc.a(_copy_data.o)
                0x000005b8                __do_copy_data
 .init4         0x000005d2       0x10 c:/program files (x86)/atmel/studio/7.0/toolchain/avr8/avr8-gnu-toolchain/bin/../lib/gcc/avr/4.9.2/avr51\libgcc.a(_clear_bss.o)
                0x000005d2                __do_clear_bss
 *(.init4)
 *(.init5)
 *(.init5)
 *(.init6)
 .init6         0x000005e2       0x16 c:/program files (x86)/atmel/studio/7.0/toolchain/avr8/avr8-gnu-toolchain/bin/../lib/gcc/avr/4.9.2/avr51\libgcc.a(_ctors.o)
                0x000005e2                __do_global_ctors
 *(.init6)
 *(.init7)
 *(.init7)
 *(.init8)
 *(.init8)
 *(.init9)
 .init9         0x000005f8        0x8 C:/Program Files (x86)/Atmel/Studio/7.0/Packs/atmel/ATmega_DFP/1.0.90/gcc/dev/atmega1284p/avr51/crtatmega1284p.o
 *(.init9)
 *(.text)
 .text          0x00000600        0x2 C:/Program Files (x86)/Atmel/Studio/7.0/Packs/atmel/ATmega_DFP/1.0.90/gcc/dev/atmega1284p/avr51/crtatmega1284p.o
                0x00000600                __vector_22
                0x00000600                __vector_28
                0x00000600                __vector_1
                0x00000600                __vector_32
                0x00000600                __vector_34
                0x00000600                __vector_24
                0x00000600                __vector_12
                0x00000600                __bad_interrupt
                0x00000600                __vector_6
                0x00000600                __vector_31
                0x00000600                __vector_3
                0x00000600                __vector_23
                0x00000600                __vector_30
                0x00000600                __vector_25
                0x00000600                __vector_17
                0x00000600                __vector_19
                0x00000600                __vector_7
                0x00000600                __vector_27
                0x00000600                __vector_5
                0x00000600                __vector_33
                0x00000600                __vector_4
                0x00000600                __vector_9
                0x00000600                __vector_2
                0x00000600                __vector_21
                0x00000600                __vector_15
                0x00000600                __vector_29
                0x00000600                __vector_8
                0x00000600                __vector_26
                0x00000600                __vector_14
                0x00000600                __vector_10
                0x00000600                __vector_16
                0x00000600                __vector_18
                0x00000600                __vector_20
                0x00000602                . = ALIGN (0x2)
 *(.text.*)
 .text._ZN7DisplayD2Ev
                0x00000602        0x6 Display.o
                0x00000602                _ZN7DisplayD2Ev
                0x00000602                _ZN7DisplayD1Ev
 .text._ZN7Display10clearFrameEv
                0x00000608        0xe Display.o
                0x00000608                _ZN7Display10clearFrameEv
 .text._ZN7Display15ssd1306_commandEh
                0x00000616       0x2e Display.o
                0x00000616                _ZN7Display15ssd1306_commandEh
 .text._ZN7Display17InitializeDisplayEv
                0x00000644       0xa0 Display.o
                0x00000644                _ZN7Display17InitializeDisplayEv
 .text._ZN7DisplayC2Ev
                0x000006e4       0x18 Display.o
                0x000006e4                _ZN7DisplayC2Ev
                0x000006e4                _ZN7DisplayC1Ev
 .text._ZN7Display9sendFrameEv
                0x000006fc       0x64 Display.o
                0x000006fc                _ZN7Display9sendFrameEv
 .text._ZN7Display9drawPixelEhhh
                0x00000760       0x70 Display.o
                0x00000760                _ZN7Display9drawPixelEhhh
 .text._ZN7Display9drawVLineEhhh
                0x000007d0       0x34 Display.o
                0x000007d0                _ZN7Display9drawVLineEhhh
 .text._ZN7Display9drawHLineEhhh
                0x00000804       0x34 Display.o
                0x00000804                _ZN7Display9drawHLineEhhh
 .text._ZN7Display9draw_ASCIEhhh
                0x00000838       0x94 Display.o
                0x00000838                _ZN7Display9draw_ASCIEhhh
 .text._ZN7Display16draw_number16x16Ehhh
                0x000008cc       0xf4 Display.o
                0x000008cc                _ZN7Display16draw_number16x16Ehhh
 .text._ZN7Display6analogEhhhh
                0x000009c0      0x4f2 Display.o
                0x000009c0                _ZN7Display6analogEhhhh
 .text._ZN3I2CC2Ev
                0x00000eb2        0x8 I2C.o
                0x00000eb2                _ZN3I2CC2Ev
                0x00000eb2                _ZN3I2CC1Ev
 .text._ZN3I2CD2Ev
                0x00000eba        0x2 I2C.o
                0x00000eba                _ZN3I2CD1Ev
                0x00000eba                _ZN3I2CD2Ev
 .text._ZN3I2C9twi_startEv
                0x00000ebc        0x8 I2C.o
                0x00000ebc                _ZN3I2C9twi_startEv
 .text._ZN3I2C8twi_stopEv
                0x00000ec4        0x8 I2C.o
                0x00000ec4                _ZN3I2C8twi_stopEv
 .text._ZN3I2C9twi_writeEh
                0x00000ecc       0x20 I2C.o
                0x00000ecc                _ZN3I2C9twi_writeEh
 .text._ZN9InterfaceC2Ev
                0x00000eec       0x26 Interface.o
                0x00000eec                _ZN9InterfaceC1Ev
                0x00000eec                _ZN9InterfaceC2Ev
 .text._ZN9InterfaceD2Ev
                0x00000f12        0x2 Interface.o
                0x00000f12                _ZN9InterfaceD1Ev
                0x00000f12                _ZN9InterfaceD2Ev
 .text._ZN9Interface7paradebEPVhhPh
                0x00000f14       0x4c Interface.o
                0x00000f14                _ZN9Interface7paradebEPVhhPh
 .text._ZN9Interface6TasterEv
                0x00000f60      0x15a Interface.o
                0x00000f60                _ZN9Interface6TasterEv
 .text._ZN9Interface7unifiedEv
                0x000010ba       0x48 Interface.o
                0x000010ba                _ZN9Interface7unifiedEv
 .text._ZN9Interface17ZahlenausTastaturEv
                0x00001102       0x16 Interface.o
                0x00001102                _ZN9Interface17ZahlenausTastaturEv
 .text._ZN7LSM303DD2Ev
                0x00001118        0x6 LSM303D.o
                0x00001118                _ZN7LSM303DD1Ev
                0x00001118                _ZN7LSM303DD2Ev
 .text._ZN7LSM303D14LSM303_commandEhh
                0x0000111e       0x34 LSM303D.o
                0x0000111e                _ZN7LSM303D14LSM303_commandEhh
 .text._ZN7LSM303D13ACCBypassmodeEv
                0x00001152        0x8 LSM303D.o
                0x00001152                _ZN7LSM303D13ACCBypassmodeEv
 .text._ZN7LSM303D9acce_initEv
                0x0000115a       0x26 LSM303D.o
                0x0000115a                _ZN7LSM303D9acce_initEv
 .text._ZN7LSM303DC2Ev
                0x00001180       0x7c LSM303D.o
                0x00001180                _ZN7LSM303DC2Ev
                0x00001180                _ZN7LSM303DC1Ev
 .text._ZN7monitor11tastendruckEPh
                0x000011fc        0x4 main.o
                0x000011fc                _ZN7monitor11tastendruckEPh
 .text._ZN3uhr11tastendruckEPh
                0x00001200       0x1c main.o
                0x00001200                _ZN3uhr11tastendruckEPh
 .text._ZN13einstellungen11tastendruckEPh
                0x0000121c        0x4 main.o
                0x0000121c                _ZN13einstellungen11tastendruckEPh
 .text._ZN5menue11tastendruckEPh
                0x00001220        0x4 main.o
                0x00001220                _ZN5menue11tastendruckEPh
 .text._ZN9offscreen4drawEv
                0x00001224       0x18 main.o
                0x00001224                _ZN9offscreen4drawEv
 .text._ZN9wilkommen4drawEv
                0x0000123c       0xee main.o
                0x0000123c                _ZN9wilkommen4drawEv
 .text._Z8ADC_Readh
                0x0000132a       0x28 main.o
                0x0000132a                _Z8ADC_Readh
 .text._Z14Batteriestatusv
                0x00001352       0xe0 main.o
                0x00001352                _Z14Batteriestatusv
 .text._ZN5menue4drawEv
                0x00001432      0x1ce main.o
                0x00001432                _ZN5menue4drawEv
 .text._ZN5tacho4drawEv
                0x00001600      0x404 main.o
                0x00001600                _ZN5tacho4drawEv
 .text._ZN3uhr4drawEv
                0x00001a04      0x14c main.o
                0x00001a04                _ZN3uhr4drawEv
 .text._Z12EEPROM_Writejh
                0x00001b50       0x14 main.o
                0x00001b50                _Z12EEPROM_Writejh
 .text._Z11EEPROM_Readj
                0x00001b64       0x12 main.o
                0x00001b64                _Z11EEPROM_Readj
 .text.__vector_11
                0x00001b76       0x38 main.o
                0x00001b76                __vector_11
 .text.__vector_13
                0x00001bae       0x22 main.o
                0x00001bae                __vector_13
 .text._Z6nullenv
                0x00001bd0       0x42 main.o
                0x00001bd0                _Z6nullenv
 .text._ZN5tacho11tastendruckEPh
                0x00001c12        0xe main.o
                0x00001c12                _ZN5tacho11tastendruckEPh
 .text._Z13reed_debouncePVhh
                0x00001c20       0x4a main.o
                0x00001c20                _Z13reed_debouncePVhh
 .text._Z15geschwindigkeitf
                0x00001c6a       0xd2 main.o
                0x00001c6a                _Z15geschwindigkeitf
 .text._Z15initialisierungv
                0x00001d3c      0x200 main.o
                0x00001d3c                _Z15initialisierungv
 .text._Z19maininterupthandlerP7monitorh
                0x00001f3c      0x29c main.o
                0x00001f3c                _Z19maininterupthandlerP7monitorh
 .text.main     0x000021d8      0x282 main.o
                0x000021d8                main
 .text._Z13uhreinstellenv
                0x0000245a      0x72a main.o
                0x0000245a                _Z13uhreinstellenv
 .text._ZN13einstellungen4drawEv
                0x00002b84      0x352 main.o
                0x00002b84                _ZN13einstellungen4drawEv
 .text._GLOBAL__sub_I__Z8wdt_initv
                0x00002ed6       0x4e main.o
 .text._GLOBAL__sub_D__Z8wdt_initv
                0x00002f24       0x3e main.o
 .text._ZN6OutputC2Ehh
                0x00002f62       0x74 Output.o
                0x00002f62                _ZN6OutputC2Ehh
                0x00002f62                _ZN6OutputC1Ehh
 .text._ZN6OutputD2Ev
                0x00002fd6        0x2 Output.o
                0x00002fd6                _ZN6OutputD1Ev
                0x00002fd6                _ZN6OutputD2Ev
 .text._ZN6Output2onEv
                0x00002fd8       0x7a Output.o
                0x00002fd8                _ZN6Output2onEv
 .text._ZN6Output4isonEv
                0x00003052       0x76 Output.o
                0x00003052                _ZN6Output4isonEv
 .text._ZN6Output3offEv
                0x000030c8       0x82 Output.o
                0x000030c8                _ZN6Output3offEv
 .text._ZN3RTCD2Ev
                0x0000314a        0x2 RTC.o
                0x0000314a                _ZN3RTCD2Ev
                0x0000314a                _ZN3RTCD1Ev
 .text._ZN3RTC6WeckerEv
                0x0000314c       0x22 RTC.o
                0x0000314c                _ZN3RTC6WeckerEv
 .text._ZN3RTC14ausgabezeitneuEv
                0x0000316e       0x72 RTC.o
                0x0000316e                _ZN3RTC14ausgabezeitneuEv
 .text._ZN3RTC15ausgabedatumneuEv
                0x000031e0       0x72 RTC.o
                0x000031e0                _ZN3RTC15ausgabedatumneuEv
 .text._ZN3RTCC2Ev
                0x00003252       0x52 RTC.o
                0x00003252                _ZN3RTCC2Ev
                0x00003252                _ZN3RTCC1Ev
 .text._ZN3RTC8kalenderEv
                0x000032a4       0x88 RTC.o
                0x000032a4                _ZN3RTC8kalenderEv
 .text._ZN3RTC4zeitEv
                0x0000332c       0x76 RTC.o
                0x0000332c                _ZN3RTC4zeitEv
 .text._ZN3RTC8RTCstartEv
                0x000033a2       0x34 RTC.o
                0x000033a2                _ZN3RTC8RTCstartEv
 .text._ZN3RTC7RTCstopEv
                0x000033d6        0xc RTC.o
                0x000033d6                _ZN3RTC7RTCstopEv
 .text._ZN5SOUNDD2Ev
                0x000033e2        0x2 SOUND.o
                0x000033e2                _ZN5SOUNDD2Ev
                0x000033e2                _ZN5SOUNDD1Ev
 .text._ZN5SOUND2onEv
                0x000033e4       0x12 SOUND.o
                0x000033e4                _ZN5SOUND2onEv
 .text._ZN5SOUND3offEv
                0x000033f6        0x8 SOUND.o
                0x000033f6                _ZN5SOUND3offEv
 .text._ZN5SOUND12setfrequenciEj
                0x000033fe       0x38 SOUND.o
                0x000033fe                _ZN5SOUND12setfrequenciEj
 .text._ZN5SOUNDC2Ev
                0x00003436       0x2e SOUND.o
                0x00003436                _ZN5SOUNDC2Ev
                0x00003436                _ZN5SOUNDC1Ev
 .text.avr-libc.fplib
                0x00003464        0xa c:/program files (x86)/atmel/studio/7.0/toolchain/avr8/avr8-gnu-toolchain/bin/../lib/gcc/avr/4.9.2/../../../../avr/lib/avr51\libm.a(addsf3.o)
                0x00003464                __subsf3
                0x00003466                __addsf3
 .text.avr-libc.fplib
                0x0000346e       0xc0 c:/program files (x86)/atmel/studio/7.0/toolchain/avr8/avr8-gnu-toolchain/bin/../lib/gcc/avr/4.9.2/../../../../avr/lib/avr51\libm.a(addsf3x.o)
                0x00003488                __addsf3x
 .text.avr-libc.fplib
                0x0000352e        0x6 c:/program files (x86)/atmel/studio/7.0/toolchain/avr8/avr8-gnu-toolchain/bin/../lib/gcc/avr/4.9.2/../../../../avr/lib/avr51\libm.a(cos.o)
                0x0000352e                cos
 .text.avr-libc.fplib
                0x00003534        0x4 c:/program files (x86)/atmel/studio/7.0/toolchain/avr8/avr8-gnu-toolchain/bin/../lib/gcc/avr/4.9.2/../../../../avr/lib/avr51\libm.a(divsf3.o)
                0x00003534                __divsf3
 .text.avr-libc.fplib
                0x00003538       0xcc c:/program files (x86)/atmel/studio/7.0/toolchain/avr8/avr8-gnu-toolchain/bin/../lib/gcc/avr/4.9.2/../../../../avr/lib/avr51\libm.a(divsf3x.o)
                0x0000354e                __divsf3x
                0x00003552                __divsf3_pse
 .text.avr-libc.fplib
                0x00003604        0xa c:/program files (x86)/atmel/studio/7.0/toolchain/avr8/avr8-gnu-toolchain/bin/../lib/gcc/avr/4.9.2/../../../../avr/lib/avr51\libm.a(fixsfsi.o)
                0x00003604                __fixsfsi
 .text.avr-libc.fplib
                0x0000360e       0x58 c:/program files (x86)/atmel/studio/7.0/toolchain/avr8/avr8-gnu-toolchain/bin/../lib/gcc/avr/4.9.2/../../../../avr/lib/avr51\libm.a(fixunssfsi.o)
                0x0000360e                __fixunssfsi
 .text.avr-libc.fplib
                0x00003666       0x7a c:/program files (x86)/atmel/studio/7.0/toolchain/avr8/avr8-gnu-toolchain/bin/../lib/gcc/avr/4.9.2/../../../../avr/lib/avr51\libm.a(floatsisf.o)
                0x00003666                __floatunsisf
                0x0000366a                __floatsisf
 .text.avr-libc.fplib
                0x000036e0       0x48 c:/program files (x86)/atmel/studio/7.0/toolchain/avr8/avr8-gnu-toolchain/bin/../lib/gcc/avr/4.9.2/../../../../avr/lib/avr51\libm.a(fp_cmp.o)
                0x000036e0                __fp_cmp
 .text.avr-libc.fplib
                0x00003728        0xc c:/program files (x86)/atmel/studio/7.0/toolchain/avr8/avr8-gnu-toolchain/bin/../lib/gcc/avr/4.9.2/../../../../avr/lib/avr51\libm.a(fp_inf.o)
                0x00003728                __fp_inf
 .text.avr-libc.fplib
                0x00003734        0x6 c:/program files (x86)/atmel/studio/7.0/toolchain/avr8/avr8-gnu-toolchain/bin/../lib/gcc/avr/4.9.2/../../../../avr/lib/avr51\libm.a(fp_nan.o)
                0x00003734                __fp_nan
 .text.avr-libc.fplib
                0x0000373a       0x4a c:/program files (x86)/atmel/studio/7.0/toolchain/avr8/avr8-gnu-toolchain/bin/../lib/gcc/avr/4.9.2/../../../../avr/lib/avr51\libm.a(fp_powser.o)
                0x0000373a                __fp_powser
 .text.avr-libc.fplib
                0x00003784        0xe c:/program files (x86)/atmel/studio/7.0/toolchain/avr8/avr8-gnu-toolchain/bin/../lib/gcc/avr/4.9.2/../../../../avr/lib/avr51\libm.a(fp_pscA.o)
                0x00003784                __fp_pscA
 .text.avr-libc.fplib
                0x00003792        0xe c:/program files (x86)/atmel/studio/7.0/toolchain/avr8/avr8-gnu-toolchain/bin/../lib/gcc/avr/4.9.2/../../../../avr/lib/avr51\libm.a(fp_pscB.o)
                0x00003792                __fp_pscB
 .text.avr-libc.fplib
                0x000037a0       0x50 c:/program files (x86)/atmel/studio/7.0/toolchain/avr8/avr8-gnu-toolchain/bin/../lib/gcc/avr/4.9.2/../../../../avr/lib/avr51\libm.a(fp_rempio2.o)
                0x000037a2                __fp_rempio2
 .text.avr-libc.fplib
                0x000037f0       0x22 c:/program files (x86)/atmel/studio/7.0/toolchain/avr8/avr8-gnu-toolchain/bin/../lib/gcc/avr/4.9.2/../../../../avr/lib/avr51\libm.a(fp_round.o)
                0x000037f0                __fp_round
 .text.avr-libc.fplib
                0x00003812       0x22 c:/program files (x86)/atmel/studio/7.0/toolchain/avr8/avr8-gnu-toolchain/bin/../lib/gcc/avr/4.9.2/../../../../avr/lib/avr51\libm.a(fp_sinus.o)
                0x00003812                __fp_sinus
 .text.avr-libc.fplib
                0x00003834       0x44 c:/program files (x86)/atmel/studio/7.0/toolchain/avr8/avr8-gnu-toolchain/bin/../lib/gcc/avr/4.9.2/../../../../avr/lib/avr51\libm.a(fp_split3.o)
                0x00003834                __fp_split3
                0x00003844                __fp_splitA
 .text.avr-libc.fplib
                0x00003878        0xe c:/program files (x86)/atmel/studio/7.0/toolchain/avr8/avr8-gnu-toolchain/bin/../lib/gcc/avr/4.9.2/../../../../avr/lib/avr51\libm.a(fp_zero.o)
                0x00003878                __fp_zero
                0x0000387a                __fp_szero
 .text.avr-libc.fplib
                0x00003886        0x8 c:/program files (x86)/atmel/studio/7.0/toolchain/avr8/avr8-gnu-toolchain/bin/../lib/gcc/avr/4.9.2/../../../../avr/lib/avr51\libm.a(gesf2.o)
                0x00003886                __gesf2
                0x00003886                __gtsf2
 .text.avr-libc.fplib
                0x0000388e        0x4 c:/program files (x86)/atmel/studio/7.0/toolchain/avr8/avr8-gnu-toolchain/bin/../lib/gcc/avr/4.9.2/../../../../avr/lib/avr51\libm.a(mulsf3.o)
                0x0000388e                __mulsf3
 .text.avr-libc.fplib
                0x00003892       0xc2 c:/program files (x86)/atmel/studio/7.0/toolchain/avr8/avr8-gnu-toolchain/bin/../lib/gcc/avr/4.9.2/../../../../avr/lib/avr51\libm.a(mulsf3x.o)
                0x000038a6                __mulsf3x
                0x000038aa                __mulsf3_pse
 .text.avr-libc.fplib
                0x00003954        0xc c:/program files (x86)/atmel/studio/7.0/toolchain/avr8/avr8-gnu-toolchain/bin/../lib/gcc/avr/4.9.2/../../../../avr/lib/avr51\libm.a(sin.o)
                0x00003954                sin
 .text.avr-libc.fplib
                0x00003960       0x1c c:/program files (x86)/atmel/studio/7.0/toolchain/avr8/avr8-gnu-toolchain/bin/../lib/gcc/avr/4.9.2/../../../../avr/lib/avr51\libm.a(fp_mpack.o)
                0x00003960                __fp_mpack
                0x00003964                __fp_mpack_finite
 .text.avr-libc.fplib
                0x0000397c       0x22 c:/program files (x86)/atmel/studio/7.0/toolchain/avr8/avr8-gnu-toolchain/bin/../lib/gcc/avr/4.9.2/../../../../avr/lib/avr51\libm.a(fp_powsodd.o)
                0x0000397c                __fp_powsodd
 .text.avr-libc
                0x0000399e      0x710 c:/program files (x86)/atmel/studio/7.0/toolchain/avr8/avr8-gnu-toolchain/bin/../lib/gcc/avr/4.9.2/../../../../avr/lib/avr51\libprintf_flt.a(vfprintf_flt.o)
                0x0000399e                vfprintf
 .text.libgcc.div
                0x000040ae       0x44 c:/program files (x86)/atmel/studio/7.0/toolchain/avr8/avr8-gnu-toolchain/bin/../lib/gcc/avr/4.9.2/avr51\libgcc.a(_udivmodsi4.o)
                0x000040ae                __udivmodsi4
 .text.libgcc   0x000040f2       0x12 c:/program files (x86)/atmel/studio/7.0/toolchain/avr8/avr8-gnu-toolchain/bin/../lib/gcc/avr/4.9.2/avr51\libgcc.a(_tablejump2.o)
                0x000040f2                __tablejump2__
 .text.avr-libc
                0x00004104      0x25a c:/program files (x86)/atmel/studio/7.0/toolchain/avr8/avr8-gnu-toolchain/bin/../lib/gcc/avr/4.9.2/../../../../avr/lib/avr51\libc.a(malloc.o)
                0x00004104                malloc
                0x0000422e                free
 .text.avr-libc
                0x0000435e      0x1b0 c:/program files (x86)/atmel/studio/7.0/toolchain/avr8/avr8-gnu-toolchain/bin/../lib/gcc/avr/4.9.2/../../../../avr/lib/avr51\libc.a(ftoa_engine.o)
                0x0000435e                __ftoa_engine
 .text.avr-libc
                0x0000450e       0x16 c:/program files (x86)/atmel/studio/7.0/toolchain/avr8/avr8-gnu-toolchain/bin/../lib/gcc/avr/4.9.2/../../../../avr/lib/avr51\libc.a(strnlen_P.o)
                0x0000450e                strnlen_P
 .text.avr-libc
                0x00004524       0x16 c:/program files (x86)/atmel/studio/7.0/toolchain/avr8/avr8-gnu-toolchain/bin/../lib/gcc/avr/4.9.2/../../../../avr/lib/avr51\libc.a(strnlen.o)
                0x00004524                strnlen
 .text.avr-libc
                0x0000453a       0x70 c:/program files (x86)/atmel/studio/7.0/toolchain/avr8/avr8-gnu-toolchain/bin/../lib/gcc/avr/4.9.2/../../../../avr/lib/avr51\libc.a(fputc.o)
                0x0000453a                fputc
 .text.avr-libc
                0x000045aa       0x5e c:/program files (x86)/atmel/studio/7.0/toolchain/avr8/avr8-gnu-toolchain/bin/../lib/gcc/avr/4.9.2/../../../../avr/lib/avr51\libc.a(sprintf.o)
                0x000045aa                sprintf
 .text.avr-libc
                0x00004608       0xbc c:/program files (x86)/atmel/studio/7.0/toolchain/avr8/avr8-gnu-toolchain/bin/../lib/gcc/avr/4.9.2/../../../../avr/lib/avr51\libc.a(ultoa_invert.o)
                0x00004608                __ultoa_invert
                0x000046c4                . = ALIGN (0x2)
 *(.fini9)
 .fini9         0x000046c4        0x0 c:/program files (x86)/atmel/studio/7.0/toolchain/avr8/avr8-gnu-toolchain/bin/../lib/gcc/avr/4.9.2/avr51\libgcc.a(_exit.o)
                0x000046c4                _exit
                0x000046c4                exit
 *(.fini9)
 *(.fini8)
 *(.fini8)
 *(.fini7)
 *(.fini7)
 *(.fini6)
 .fini6         0x000046c4       0x14 c:/program files (x86)/atmel/studio/7.0/toolchain/avr8/avr8-gnu-toolchain/bin/../lib/gcc/avr/4.9.2/avr51\libgcc.a(_dtors.o)
                0x000046c4                __do_global_dtors
 *(.fini6)
 *(.fini5)
 *(.fini5)
 *(.fini4)
 *(.fini4)
 *(.fini3)
 *(.fini3)
 *(.fini2)
 *(.fini2)
 *(.fini1)
 *(.fini1)
 *(.fini0)
 .fini0         0x000046d8        0x4 c:/program files (x86)/atmel/studio/7.0/toolchain/avr8/avr8-gnu-toolchain/bin/../lib/gcc/avr/4.9.2/avr51\libgcc.a(_exit.o)
 *(.fini0)
                0x000046dc                _etext = .

.data           0x00800100      0x186 load address 0x000046dc
                0x00800100                PROVIDE (__data_start, .)
 *(.data)
 .data          0x00800100        0x6 c:/program files (x86)/atmel/studio/7.0/toolchain/avr8/avr8-gnu-toolchain/bin/../lib/gcc/avr/4.9.2/../../../../avr/lib/avr51\libc.a(malloc.o)
                0x00800100                __malloc_heap_end
                0x00800102                __malloc_heap_start
                0x00800104                __malloc_margin
 *(.data*)
 *(.rodata)
 *(.rodata*)
 .rodata.str1.1
                0x00800106      0x14f main.o
                                0x154 (size before relaxing)
 .rodata._ZTV3uhr
                0x00800255        0x8 main.o
                0x00800255                _ZTV3uhr
 .rodata._ZTV5tacho
                0x0080025d        0x8 main.o
                0x0080025d                _ZTV5tacho
 .rodata._ZTV13einstellungen
                0x00800265        0x8 main.o
                0x00800265                _ZTV13einstellungen
 .rodata._ZTV9wilkommen
                0x0080026d        0x8 main.o
                0x0080026d                _ZTV9wilkommen
 .rodata._ZTV5menue
                0x00800275        0x8 main.o
                0x00800275                _ZTV5menue
 .rodata._ZTV9offscreen
                0x0080027d        0x8 main.o
                0x0080027d                _ZTV9offscreen
 *(.gnu.linkonce.d*)
                0x00800286                . = ALIGN (0x2)
 *fill*         0x00800285        0x1 
                0x00800286                _edata = .
                0x00800286                PROVIDE (__data_end, .)

.bss            0x00800286      0x53b
                0x00800286                PROVIDE (__bss_start, .)
 *(.bss)
 *(.bss*)
 .bss.Fahrtzeit
                0x00800286        0x4 main.o
                0x00800286                Fahrtzeit
 .bss.maxgeschw
                0x0080028a        0x4 main.o
                0x0080028a                maxgeschw
 .bss.strecke   0x0080028e        0x4 main.o
                0x0080028e                strecke
 .bss.geschw    0x00800292        0x4 main.o
                0x00800292                geschw
 .bss.FPS       0x00800296        0x1 main.o
                0x00800296                FPS
 .bss.position  0x00800297        0x1 main.o
                0x00800297                position
 .bss.statusreg
                0x00800298        0x1 main.o
                0x00800298                statusreg
 .bss.anzeige   0x00800299        0x1 main.o
                0x00800299                anzeige
 .bss.Sound     0x0080029a        0x2 main.o
                0x0080029a                Sound
 .bss.IRLED     0x0080029c        0x2 main.o
                0x0080029c                IRLED
 .bss.Vibrationsmotor
                0x0080029e        0x2 main.o
                0x0080029e                Vibrationsmotor
 .bss.LED       0x008002a0        0x2 main.o
                0x008002a0                LED
 .bss.batterie  0x008002a2        0x4 main.o
                0x008002a2                batterie
 .bss.Accelerometer
                0x008002a6       0xe9 main.o
                0x008002a6                Accelerometer
 .bss.Lautsprecher
                0x0080038f        0x2 main.o
                0x0080038f                Lautsprecher
 .bss.Tastatur  0x00800391        0xc main.o
                0x00800391                Tastatur
 .bss.oled      0x0080039d      0x401 main.o
                0x0080039d                oled
 .bss.rtc       0x0080079e       0x1f main.o
                0x0080079e                rtc
 *(COMMON)
 COMMON         0x008007bd        0x4 c:/program files (x86)/atmel/studio/7.0/toolchain/avr8/avr8-gnu-toolchain/bin/../lib/gcc/avr/4.9.2/../../../../avr/lib/avr51\libc.a(malloc.o)
                0x008007bd                __brkval
                0x008007bf                __flp
                0x008007c1                PROVIDE (__bss_end, .)
                0x000046dc                __data_load_start = LOADADDR (.data)
                0x00004862                __data_load_end = (__data_load_start + SIZEOF (.data))

.noinit         0x008007c1        0x0
                0x008007c1                PROVIDE (__noinit_start, .)
 *(.noinit*)
                0x008007c1                PROVIDE (__noinit_end, .)
                0x008007c1                _end = .
                0x008007c1                PROVIDE (__heap_start, .)

.eeprom         0x00810000        0x0
 *(.eeprom*)
                0x00810000                __eeprom_end = .

.fuse
 *(.fuse)
 *(.lfuse)
 *(.hfuse)
 *(.efuse)

.lock
 *(.lock*)

.signature
 *(.signature*)

.user_signatures
 *(.user_signatures*)

.stab
 *(.stab)

.stabstr
 *(.stabstr)

.stab.excl
 *(.stab.excl)

.stab.exclstr
 *(.stab.exclstr)

.stab.index
 *(.stab.index)

.stab.indexstr
 *(.stab.indexstr)

.comment        0x00000000       0x5c
 *(.comment)
 .comment       0x00000000       0x30 Display.o
                                 0x31 (size before relaxing)
 .comment       0x00000030       0x31 I2C.o
 .comment       0x00000030       0x31 Interface.o
 .comment       0x00000030       0x31 LSM303D.o
 .comment       0x00000030       0x31 main.o
 .comment       0x00000030       0x31 Output.o
 .comment       0x00000030       0x31 RTC.o
 .comment       0x00000030       0x31 SOUND.o
 .comment       0x00000030       0x2c c:/program files (x86)/atmel/studio/7.0/toolchain/avr8/avr8-gnu-toolchain/bin/../lib/gcc/avr/4.9.2/../../../../avr/lib/avr51\libprintf_flt.a(vfprintf_flt.o)
                                 0x2d (size before relaxing)
 .comment       0x0000005c       0x31 c:/program files (x86)/atmel/studio/7.0/toolchain/avr8/avr8-gnu-toolchain/bin/../lib/gcc/avr/4.9.2/../../../../avr/lib/avr51\libc.a(malloc.o)
 .comment       0x0000005c       0x31 c:/program files (x86)/atmel/studio/7.0/toolchain/avr8/avr8-gnu-toolchain/bin/../lib/gcc/avr/4.9.2/../../../../avr/lib/avr51\libc.a(fputc.o)
 .comment       0x0000005c       0x31 c:/program files (x86)/atmel/studio/7.0/toolchain/avr8/avr8-gnu-toolchain/bin/../lib/gcc/avr/4.9.2/../../../../avr/lib/avr51\libc.a(sprintf.o)

.note.gnu.avr.deviceinfo
                0x00000000       0x40
 .note.gnu.avr.deviceinfo
                0x00000000       0x40 C:/Program Files (x86)/Atmel/Studio/7.0/Packs/atmel/ATmega_DFP/1.0.90/gcc/dev/atmega1284p/avr51/crtatmega1284p.o

.note.gnu.build-id
 *(.note.gnu.build-id)

.debug
 *(.debug)

.line
 *(.line)

.debug_srcinfo
 *(.debug_srcinfo)

.debug_sfnames
 *(.debug_sfnames)

.debug_aranges  0x00000000      0x3d8
 *(.debug_aranges)
 .debug_aranges
                0x00000000       0xb0 Display.o
 .debug_aranges
                0x000000b0       0x58 I2C.o
 .debug_aranges
                0x00000108       0x58 Interface.o
 .debug_aranges
                0x00000160       0x70 LSM303D.o
 .debug_aranges
                0x000001d0      0x110 main.o
 .debug_aranges
                0x000002e0       0x48 Output.o
 .debug_aranges
                0x00000328       0x70 RTC.o
 .debug_aranges
                0x00000398       0x40 SOUND.o

.debug_pubnames
 *(.debug_pubnames)

.debug_info     0x00000000     0x91fd
 *(.debug_info .gnu.linkonce.wi.*)
 .debug_info    0x00000000     0x1c41 Display.o
 .debug_info    0x00001c41      0x372 I2C.o
 .debug_info    0x00001fb3      0xd25 Interface.o
 .debug_info    0x00002cd8      0xd77 LSM303D.o
 .debug_info    0x00003a4f     0x4a49 main.o
 .debug_info    0x00008498      0x3f7 Output.o
 .debug_info    0x0000888f      0x62e RTC.o
 .debug_info    0x00008ebd      0x340 SOUND.o

.debug_abbrev   0x00000000     0x18f4
 *(.debug_abbrev)
 .debug_abbrev  0x00000000      0x34e Display.o
 .debug_abbrev  0x0000034e      0x190 I2C.o
 .debug_abbrev  0x000004de      0x2b6 Interface.o
 .debug_abbrev  0x00000794      0x338 LSM303D.o
 .debug_abbrev  0x00000acc      0x822 main.o
 .debug_abbrev  0x000012ee      0x1e0 Output.o
 .debug_abbrev  0x000014ce      0x256 RTC.o
 .debug_abbrev  0x00001724      0x1d0 SOUND.o

.debug_line     0x00000000     0x3003
 *(.debug_line .debug_line.* .debug_line_end)
 .debug_line    0x00000000      0x839 Display.o
 .debug_line    0x00000839      0x197 I2C.o
 .debug_line    0x000009d0      0x551 Interface.o
 .debug_line    0x00000f21      0x55b LSM303D.o
 .debug_line    0x0000147c     0x13ce main.o
 .debug_line    0x0000284a      0x217 Output.o
 .debug_line    0x00002a61      0x44d RTC.o
 .debug_line    0x00002eae      0x155 SOUND.o

.debug_frame    0x00000000      0xe6c
 *(.debug_frame)
 .debug_frame   0x00000000      0x3a0 Display.o
 .debug_frame   0x000003a0       0x94 I2C.o
 .debug_frame   0x00000434       0xb0 Interface.o
 .debug_frame   0x000004e4      0x238 LSM303D.o
 .debug_frame   0x0000071c      0x564 main.o
 .debug_frame   0x00000c80       0x74 Output.o
 .debug_frame   0x00000cf4       0xf4 RTC.o
 .debug_frame   0x00000de8       0x84 SOUND.o

.debug_str      0x00000000     0x130e
 *(.debug_str)
 .debug_str     0x00000000      0x646 Display.o
                                0x690 (size before relaxing)
 .debug_str     0x00000646       0x2a I2C.o
                                0x290 (size before relaxing)
 .debug_str     0x00000670      0x19d Interface.o
                                0x36d (size before relaxing)
 .debug_str     0x0000080d      0x224 LSM303D.o
                                0x4d7 (size before relaxing)
 .debug_str     0x00000a31      0x82e main.o
                               0x116f (size before relaxing)
 .debug_str     0x0000125f       0x51 Output.o
                                0x277 (size before relaxing)
 .debug_str     0x000012b0       0x25 RTC.o
                                0x37d (size before relaxing)
 .debug_str     0x000012d5       0x39 SOUND.o
                                0x26d (size before relaxing)

.debug_loc      0x00000000     0x6186
 *(.debug_loc)
 .debug_loc     0x00000000     0x1bcd Display.o
 .debug_loc     0x00001bcd      0x128 I2C.o
 .debug_loc     0x00001cf5      0xac7 Interface.o
 .debug_loc     0x000027bc      0xf76 LSM303D.o
 .debug_loc     0x00003732     0x2247 main.o
 .debug_loc     0x00005979      0x397 Output.o
 .debug_loc     0x00005d10      0x2d3 RTC.o
 .debug_loc     0x00005fe3      0x1a3 SOUND.o

.debug_macinfo
 *(.debug_macinfo)

.debug_weaknames
 *(.debug_weaknames)

.debug_funcnames
 *(.debug_funcnames)

.debug_typenames
 *(.debug_typenames)

.debug_varnames
 *(.debug_varnames)

.debug_pubtypes
 *(.debug_pubtypes)

.debug_ranges   0x00000000      0x400
 *(.debug_ranges)
 .debug_ranges  0x00000000      0x100 Display.o
 .debug_ranges  0x00000100       0x48 I2C.o
 .debug_ranges  0x00000148       0x48 Interface.o
 .debug_ranges  0x00000190       0x60 LSM303D.o
 .debug_ranges  0x000001f0      0x148 main.o
 .debug_ranges  0x00000338       0x38 Output.o
 .debug_ranges  0x00000370       0x60 RTC.o
 .debug_ranges  0x000003d0       0x30 SOUND.o

.debug_macro
 *(.debug_macro)
OUTPUT(FWCP_MK3.elf elf32-avr)
LOAD linker stubs
