Archive member included to satisfy reference by file (symbol)

c:/program files (x86)/atmel/studio/7.0/toolchain/avr8/avr8-gnu-toolchain/bin/../lib/gcc/avr/4.9.2/../../../../avr/lib/avr51\libm.a(addsf3.o)
                              Display.o (__subsf3)
c:/program files (x86)/atmel/studio/7.0/toolchain/avr8/avr8-gnu-toolchain/bin/../lib/gcc/avr/4.9.2/../../../../avr/lib/avr51\libm.a(addsf3x.o)
                              c:/program files (x86)/atmel/studio/7.0/toolchain/avr8/avr8-gnu-toolchain/bin/../lib/gcc/avr/4.9.2/../../../../avr/lib/avr51\libm.a(addsf3.o) (__addsf3x)
c:/program files (x86)/atmel/studio/7.0/toolchain/avr8/avr8-gnu-toolchain/bin/../lib/gcc/avr/4.9.2/../../../../avr/lib/avr51\libm.a(atan2.o)
                              Kompass.o (atan2)
c:/program files (x86)/atmel/studio/7.0/toolchain/avr8/avr8-gnu-toolchain/bin/../lib/gcc/avr/4.9.2/../../../../avr/lib/avr51\libm.a(atan.o)
                              c:/program files (x86)/atmel/studio/7.0/toolchain/avr8/avr8-gnu-toolchain/bin/../lib/gcc/avr/4.9.2/../../../../avr/lib/avr51\libm.a(atan2.o) (atan)
c:/program files (x86)/atmel/studio/7.0/toolchain/avr8/avr8-gnu-toolchain/bin/../lib/gcc/avr/4.9.2/../../../../avr/lib/avr51\libm.a(cmpsf2.o)
                              Kompass.o (__ltsf2)
c:/program files (x86)/atmel/studio/7.0/toolchain/avr8/avr8-gnu-toolchain/bin/../lib/gcc/avr/4.9.2/../../../../avr/lib/avr51\libm.a(cos.o)
                              Display.o (cos)
c:/program files (x86)/atmel/studio/7.0/toolchain/avr8/avr8-gnu-toolchain/bin/../lib/gcc/avr/4.9.2/../../../../avr/lib/avr51\libm.a(divsf3.o)
                              Display.o (__divsf3)
c:/program files (x86)/atmel/studio/7.0/toolchain/avr8/avr8-gnu-toolchain/bin/../lib/gcc/avr/4.9.2/../../../../avr/lib/avr51\libm.a(divsf3x.o)
                              c:/program files (x86)/atmel/studio/7.0/toolchain/avr8/avr8-gnu-toolchain/bin/../lib/gcc/avr/4.9.2/../../../../avr/lib/avr51\libm.a(divsf3.o) (__divsf3x)
c:/program files (x86)/atmel/studio/7.0/toolchain/avr8/avr8-gnu-toolchain/bin/../lib/gcc/avr/4.9.2/../../../../avr/lib/avr51\libm.a(fixsfsi.o)
                              Kompass.o (__fixsfsi)
c:/program files (x86)/atmel/studio/7.0/toolchain/avr8/avr8-gnu-toolchain/bin/../lib/gcc/avr/4.9.2/../../../../avr/lib/avr51\libm.a(fixunssfsi.o)
                              Display.o (__fixunssfsi)
c:/program files (x86)/atmel/studio/7.0/toolchain/avr8/avr8-gnu-toolchain/bin/../lib/gcc/avr/4.9.2/../../../../avr/lib/avr51\libm.a(floatsisf.o)
                              LSM303D.o (__floatunsisf)
c:/program files (x86)/atmel/studio/7.0/toolchain/avr8/avr8-gnu-toolchain/bin/../lib/gcc/avr/4.9.2/../../../../avr/lib/avr51\libm.a(fp_cmp.o)
                              c:/program files (x86)/atmel/studio/7.0/toolchain/avr8/avr8-gnu-toolchain/bin/../lib/gcc/avr/4.9.2/../../../../avr/lib/avr51\libm.a(cmpsf2.o) (__fp_cmp)
c:/program files (x86)/atmel/studio/7.0/toolchain/avr8/avr8-gnu-toolchain/bin/../lib/gcc/avr/4.9.2/../../../../avr/lib/avr51\libm.a(fp_inf.o)
                              c:/program files (x86)/atmel/studio/7.0/toolchain/avr8/avr8-gnu-toolchain/bin/../lib/gcc/avr/4.9.2/../../../../avr/lib/avr51\libm.a(addsf3x.o) (__fp_inf)
c:/program files (x86)/atmel/studio/7.0/toolchain/avr8/avr8-gnu-toolchain/bin/../lib/gcc/avr/4.9.2/../../../../avr/lib/avr51\libm.a(fp_nan.o)
                              c:/program files (x86)/atmel/studio/7.0/toolchain/avr8/avr8-gnu-toolchain/bin/../lib/gcc/avr/4.9.2/../../../../avr/lib/avr51\libm.a(addsf3x.o) (__fp_nan)
c:/program files (x86)/atmel/studio/7.0/toolchain/avr8/avr8-gnu-toolchain/bin/../lib/gcc/avr/4.9.2/../../../../avr/lib/avr51\libm.a(fp_powser.o)
                              c:/program files (x86)/atmel/studio/7.0/toolchain/avr8/avr8-gnu-toolchain/bin/../lib/gcc/avr/4.9.2/../../../../avr/lib/avr51\libm.a(atan.o) (__fp_powser)
c:/program files (x86)/atmel/studio/7.0/toolchain/avr8/avr8-gnu-toolchain/bin/../lib/gcc/avr/4.9.2/../../../../avr/lib/avr51\libm.a(fp_pscA.o)
                              c:/program files (x86)/atmel/studio/7.0/toolchain/avr8/avr8-gnu-toolchain/bin/../lib/gcc/avr/4.9.2/../../../../avr/lib/avr51\libm.a(addsf3x.o) (__fp_pscA)
c:/program files (x86)/atmel/studio/7.0/toolchain/avr8/avr8-gnu-toolchain/bin/../lib/gcc/avr/4.9.2/../../../../avr/lib/avr51\libm.a(fp_pscB.o)
                              c:/program files (x86)/atmel/studio/7.0/toolchain/avr8/avr8-gnu-toolchain/bin/../lib/gcc/avr/4.9.2/../../../../avr/lib/avr51\libm.a(addsf3x.o) (__fp_pscB)
c:/program files (x86)/atmel/studio/7.0/toolchain/avr8/avr8-gnu-toolchain/bin/../lib/gcc/avr/4.9.2/../../../../avr/lib/avr51\libm.a(fp_rempio2.o)
                              c:/program files (x86)/atmel/studio/7.0/toolchain/avr8/avr8-gnu-toolchain/bin/../lib/gcc/avr/4.9.2/../../../../avr/lib/avr51\libm.a(cos.o) (__fp_rempio2)
[...]
Memory Configuration

Name             Origin             Length             Attributes
text             0x00000000         0x00020000         xr
data             0x00800100         0x0000ff00         rw !x
eeprom           0x00810000         0x00010000         rw !x
fuse             0x00820000         0x00000400         rw !x
lock             0x00830000         0x00000400         rw !x
signature        0x00840000         0x00000400         rw !x
user_signatures  0x00850000         0x00000400         rw !x
*default*        0x00000000         0xffffffff

Linker script and memory map

Address of section .data set to 0x800100
LOAD C:/Program Files (x86)/Atmel/Studio/7.0/Packs/atmel/ATmega_DFP/1.0.90/gcc/dev/atmega1284p/avr51/crtatmega1284p.o
LOAD Display.o
LOAD I2C.o
LOAD Interface.o
LOAD Kompass.o
LOAD LSM303D.o
LOAD main.o
LOAD Output.o
LOAD RTC.o
LOAD SOUND.o
START GROUP
LOAD c:/program files (x86)/atmel/studio/7.0/toolchain/avr8/avr8-gnu-toolchain/bin/../lib/gcc/avr/4.9.2/../../../../avr/lib/avr51\libm.a
LOAD c:/program files (x86)/atmel/studio/7.0/toolchain/avr8/avr8-gnu-toolchain/bin/../lib/gcc/avr/4.9.2/../../../../avr/lib/avr51\libprintf_flt.a
END GROUP
LOAD c:/program files (x86)/atmel/studio/7.0/toolchain/avr8/avr8-gnu-toolchain/bin/../lib/gcc/avr/4.9.2/avr51\libgcc.a
LOAD c:/program files (x86)/atmel/studio/7.0/toolchain/avr8/avr8-gnu-toolchain/bin/../lib/gcc/avr/4.9.2/../../../../avr/lib/avr51\libm.a
START GROUP
LOAD c:/program files (x86)/atmel/studio/7.0/toolchain/avr8/avr8-gnu-toolchain/bin/../lib/gcc/avr/4.9.2/avr51\libgcc.a
LOAD c:/program files (x86)/atmel/studio/7.0/toolchain/avr8/avr8-gnu-toolchain/bin/../lib/gcc/avr/4.9.2/../../../../avr/lib/avr51\libm.a
LOAD c:/program files (x86)/atmel/studio/7.0/toolchain/avr8/avr8-gnu-toolchain/bin/../lib/gcc/avr/4.9.2/../../../../avr/lib/avr51\libc.a
LOAD C:/Program Files (x86)/Atmel/Studio/7.0/Packs/atmel/ATmega_DFP/1.0.90/gcc/dev/atmega1284p/avr51\libatmega1284p.a
END GROUP

.hash
 *(.hash)

.dynsym
 *(.dynsym)

.dynstr
 *(.dynstr)

.gnu.version
 *(.gnu.version)

.gnu.version_d
 *(.gnu.version_d)

.gnu.version_r
 *(.gnu.version_r)

.rel.init
 *(.rel.init)

.rela.init
 *(.rela.init)

.rel.text
 *(.rel.text)
 *(.rel.text.*)
 *(.rel.gnu.linkonce.t*)

.rela.text
 *(.rela.text)
 *(.rela.text.*)
 *(.rela.gnu.linkonce.t*)

.rel.fini
 *(.rel.fini)

.rela.fini
 *(.rela.fini)

.rel.rodata
 *(.rel.rodata)
 *(.rel.rodata.*)
 *(.rel.gnu.linkonce.r*)

.rela.rodata
 *(.rela.rodata)
 *(.rela.rodata.*)
 *(.rela.gnu.linkonce.r*)

.rel.data
 *(.rel.data)
 *(.rel.data.*)
 *(.rel.gnu.linkonce.d*)

.rela.data
 *(.rela.data)
 *(.rela.data.*)
 *(.rela.gnu.linkonce.d*)

.rel.ctors
 *(.rel.ctors)

.rela.ctors
 *(.rela.ctors)

.rel.dtors
 *(.rel.dtors)

.rela.dtors
 *(.rela.dtors)

.rel.got
 *(.rel.got)

.rela.got
 *(.rela.got)

.rel.bss
 *(.rel.bss)

.rela.bss
 *(.rela.bss)

.rel.plt
 *(.rel.plt)

.rela.plt
 *(.rela.plt)

.text           0x00000000     0x4fa6
 *(.vectors)
 .vectors       0x00000000       0x8c C:/Program Files (x86)/Atmel/Studio/7.0/Packs/atmel/ATmega_DFP/1.0.90/gcc/dev/atmega1284p/avr51/crtatmega1284p.o
                0x00000000                __vector_default
                0x00000000                __vectors
 *(.vectors)
 *(.progmem.gcc*)
 .progmem.gcc_sw_table._ZN9Interface7unifiedEv
                0x0000008c       0x2e Interface.o
 .progmem.gcc_sw_table._Z19maininterupthandlerP7monitorh
                0x000000ba       0x8c main.o
 .progmem.gcc_sw_table._Z13uhreinstellenv
                0x00000146       0x14 main.o
 .progmem.gcc_fplib
                0x0000015a       0x1e c:/program files (x86)/atmel/studio/7.0/toolchain/avr8/avr8-gnu-toolchain/bin/../lib/gcc/avr/4.9.2/../../../../avr/lib/avr51\libm.a(fp_sinus.o)
                0x00000178                . = ALIGN (0x2)
                0x00000178                __trampolines_start = .
 *(.trampolines)
 .trampolines   0x00000178        0x0 linker stubs
 *(.trampolines*)
                0x00000178                __trampolines_end = .
 *(.progmem*)
 .progmem.data._ZL11digits16x16
                0x00000178      0x140 Display.o
 .progmem.data._ZL7font5x8
                0x000002b8      0x1d6 Display.o
 .progmem.data  0x0000048e        0x8 c:/program files (x86)/atmel/studio/7.0/toolchain/avr8/avr8-gnu-toolchain/bin/../lib/gcc/avr/4.9.2/../../../../avr/lib/avr51\libprintf_flt.a(vfprintf_flt.o)
 .progmem.data  0x00000496       0xfa c:/program files (x86)/atmel/studio/7.0/toolchain/avr8/avr8-gnu-toolchain/bin/../lib/gcc/avr/4.9.2/../../../../avr/lib/avr51\libc.a(ftoa_engine.o)
                0x00000590                . = ALIGN (0x2)
 *(.jumptables)
 *(.jumptables*)
 *(.lowtext)
 *(.lowtext*)
                0x00000590                __ctors_start = .
 *(.ctors)
 .ctors         0x00000590        0x2 main.o
                0x00000592                __ctors_end = .
                0x00000592                __dtors_start = .
 *(.dtors)
 .dtors         0x00000592        0x2 main.o
                0x00000594                __dtors_end = .
 SORT(*)(.ctors)
 SORT(*)(.dtors)
 *(.init0)
 .init0         0x00000594        0x0 C:/Program Files (x86)/Atmel/Studio/7.0/Packs/atmel/ATmega_DFP/1.0.90/gcc/dev/atmega1284p/avr51/crtatmega1284p.o
                0x00000594                __init
 *(.init0)
 *(.init1)
 *(.init1)
 *(.init2)
 .init2         0x00000594        0xc C:/Program Files (x86)/Atmel/Studio/7.0/Packs/atmel/ATmega_DFP/1.0.90/gcc/dev/atmega1284p/avr51/crtatmega1284p.o
 *(.init2)
 *(.init3)
 .init3         0x000005a0       0x18 main.o
                0x000005a0                _Z8wdt_initv
 *(.init3)
 *(.init4)
 .init4         0x000005b8       0x1a c:/program files (x86)/atmel/studio/7.0/toolchain/avr8/avr8-gnu-toolchain/bin/../lib/gcc/avr/4.9.2/avr51\libgcc.a(_copy_data.o)
                0x000005b8                __do_copy_data
 .init4         0x000005d2       0x10 c:/program files (x86)/atmel/studio/7.0/toolchain/avr8/avr8-gnu-toolchain/bin/../lib/gcc/avr/4.9.2/avr51\libgcc.a(_clear_bss.o)
                0x000005d2                __do_clear_bss
 *(.init4)
 *(.init5)
 *(.init5)
 *(.init6)
 .init6         0x000005e2       0x16 c:/program files (x86)/atmel/studio/7.0/toolchain/avr8/avr8-gnu-toolchain/bin/../lib/gcc/avr/4.9.2/avr51\libgcc.a(_ctors.o)
                0x000005e2                __do_global_ctors
 *(.init6)
 *(.init7)
 *(.init7)
 *(.init8)
 *(.init8)
 *(.init9)
 .init9         0x000005f8        0x8 C:/Program Files (x86)/Atmel/Studio/7.0/Packs/atmel/ATmega_DFP/1.0.90/gcc/dev/atmega1284p/avr51/crtatmega1284p.o
 *(.init9)
 *(.text)
 .text          0x00000600        0x2 C:/Program Files (x86)/Atmel/Studio/7.0/Packs/atmel/ATmega_DFP/1.0.90/gcc/dev/atmega1284p/avr51/crtatmega1284p.o
                0x00000600                __vector_22
                0x00000600                __vector_28
                0x00000600                __vector_1
                0x00000600                __vector_32
                0x00000600                __vector_34
                0x00000600                __vector_24
                0x00000600                __vector_12
                0x00000600                __bad_interrupt
                0x00000600                __vector_6
                0x00000600                __vector_31
                0x00000600                __vector_3
                0x00000600                __vector_23
                0x00000600                __vector_30
                0x00000600                __vector_25
                0x00000600                __vector_17
                0x00000600                __vector_19
                0x00000600                __vector_7
                0x00000600                __vector_27
                0x00000600                __vector_5
                0x00000600                __vector_33
                0x00000600                __vector_4
                0x00000600                __vector_9
                0x00000600                __vector_2
                0x00000600                __vector_21
                0x00000600                __vector_15
                0x00000600                __vector_29
                0x00000600                __vector_8
                0x00000600                __vector_26
                0x00000600                __vector_14
                0x00000600                __vector_10
                0x00000600                __vector_16
                0x00000600                __vector_18
                0x00000602                . = ALIGN (0x2)
 *(.text.*)
 .text._ZN7DisplayD2Ev
                0x00000602        0x6 Display.o
                0x00000602                _ZN7DisplayD2Ev
                0x00000602                _ZN7DisplayD1Ev
 .text._ZN7Display10clearFrameEv
                0x00000608        0xe Display.o
                0x00000608                _ZN7Display10clearFrameEv
 .text._ZN7Display15ssd1306_commandEh
                0x00000616       0x2e Display.o
                0x00000616                _ZN7Display15ssd1306_commandEh
 .text._ZN7Display17InitializeDisplayEv
                0x00000644       0xa0 Display.o
                0x00000644                _ZN7Display17InitializeDisplayEv
 .text._ZN7DisplayC2Ev
                0x000006e4       0x18 Display.o
                0x000006e4                _ZN7DisplayC2Ev
                0x000006e4                _ZN7DisplayC1Ev
 .text._ZN7Display9sendFrameEv
                0x000006fc       0x64 Display.o
                0x000006fc                _ZN7Display9sendFrameEv
 .text._ZN7Display9drawPixelEhhh
                0x00000760       0x70 Display.o
                0x00000760                _ZN7Display9drawPixelEhhh
 .text._ZN7Display9drawVLineEhhh
                0x000007d0       0x34 Display.o
                0x000007d0                _ZN7Display9drawVLineEhhh
 .text._ZN7Display9drawHLineEhhh
                0x00000804       0x34 Display.o
                0x00000804                _ZN7Display9drawHLineEhhh
 .text._ZN7Display9draw_ASCIEhhh
                0x00000838       0x94 Display.o
                0x00000838                _ZN7Display9draw_ASCIEhhh
 .text._ZN7Display16draw_number16x16Ehhh
                0x000008cc       0xf4 Display.o
                0x000008cc                _ZN7Display16draw_number16x16Ehhh
 .text._ZN7Display6analogEhhhh
                0x000009c0      0x4f2 Display.o
                0x000009c0                _ZN7Display6analogEhhhh
 .text._ZN3I2CC2Ev
                0x00000eb2        0x8 I2C.o
                0x00000eb2                _ZN3I2CC2Ev
                0x00000eb2                _ZN3I2CC1Ev
 .text._ZN3I2CD2Ev
                0x00000eba        0x2 I2C.o
                0x00000eba                _ZN3I2CD1Ev
                0x00000eba                _ZN3I2CD2Ev
 .text._ZN3I2C9twi_startEv
                0x00000ebc        0x8 I2C.o
                0x00000ebc                _ZN3I2C9twi_startEv
 .text._ZN3I2C8twi_stopEv
                0x00000ec4        0x8 I2C.o
                0x00000ec4                _ZN3I2C8twi_stopEv
 .text._ZN3I2C9twi_writeEh
                0x00000ecc       0x20 I2C.o
                0x00000ecc                _ZN3I2C9twi_writeEh
 .text._ZN9InterfaceC2Ev
                0x00000eec       0x26 Interface.o
                0x00000eec                _ZN9InterfaceC1Ev
                0x00000eec                _ZN9InterfaceC2Ev
 .text._ZN9InterfaceD2Ev
                0x00000f12        0x2 Interface.o
                0x00000f12                _ZN9InterfaceD1Ev
                0x00000f12                _ZN9InterfaceD2Ev
 .text._ZN9Interface7paradebEPVhhPh
                0x00000f14       0x4c Interface.o
                0x00000f14                _ZN9Interface7paradebEPVhhPh
 .text._ZN9Interface6TasterEv
                0x00000f60      0x15a Interface.o
                0x00000f60                _ZN9Interface6TasterEv
 .text._ZN9Interface7unifiedEv
                0x000010ba       0x48 Interface.o
                0x000010ba                _ZN9Interface7unifiedEv
 .text._ZN9Interface17ZahlenausTastaturEv
                0x00001102       0x16 Interface.o
                0x00001102                _ZN9Interface17ZahlenausTastaturEv
 .text._ZN7LSM303DD2Ev
                0x00001118        0x6 LSM303D.o
                0x00001118                _ZN7LSM303DD1Ev
                0x00001118                _ZN7LSM303DD2Ev
 .text._ZN7LSM303D14LSM303_commandEhh
                0x0000111e       0x34 LSM303D.o
                0x0000111e                _ZN7LSM303D14LSM303_commandEhh
 .text._ZN7LSM303D13ACCBypassmodeEv
                0x00001152        0x8 LSM303D.o
                0x00001152                _ZN7LSM303D13ACCBypassmodeEv
 .text._ZN7LSM303D9acce_initEv
                0x0000115a       0x26 LSM303D.o
                0x0000115a                _ZN7LSM303D9acce_initEv
 .text._ZN7LSM303DC2Ev
                0x00001180       0x7c LSM303D.o
                0x00001180                _ZN7LSM303DC2Ev
                0x00001180                _ZN7LSM303DC1Ev
 .text._ZN7monitor11tastendruckEPh
                0x000011fc        0x4 main.o
                0x000011fc                _ZN7monitor11tastendruckEPh
 .text._ZN3uhr11tastendruckEPh
                0x00001200       0x1c main.o
                0x00001200                _ZN3uhr11tastendruckEPh
 .text._ZN13einstellungen11tastendruckEPh
                0x0000121c        0x4 main.o
                0x0000121c                _ZN13einstellungen11tastendruckEPh
 .text._ZN5menue11tastendruckEPh
                0x00001220        0x4 main.o
                0x00001220                _ZN5menue11tastendruckEPh
 .text._ZN9offscreen4drawEv
                0x00001224       0x18 main.o
                0x00001224                _ZN9offscreen4drawEv
 .text._ZN9wilkommen4drawEv
                0x0000123c       0xf0 main.o
                0x0000123c                _ZN9wilkommen4drawEv
 .text._Z8ADC_Readh
                0x0000132c       0x28 main.o
                0x0000132c                _Z8ADC_Readh
 .text._Z14Batteriestatusv
                0x00001354       0xe0 main.o
                0x00001354                _Z14Batteriestatusv
 .text._ZN5menue4drawEv
                0x00001434      0x202 main.o
                0x00001434                _ZN5menue4drawEv
 .text._ZN5tacho4drawEv
                0x00001636      0x406 main.o
                0x00001636                _ZN5tacho4drawEv
 .text._ZN3uhr4drawEv
                0x00001a3c      0x14c main.o
                0x00001a3c                _ZN3uhr4drawEv
 .text._ZN7wandern4drawEv
                0x00001b88      0x25c main.o
                0x00001b88                _ZN7wandern4drawEv
 .text._Z12EEPROM_Writejh
                0x00001de4       0x14 main.o
                0x00001de4                _Z12EEPROM_Writejh
 .text._ZN7wandern11tastendruckEPh
                0x00001df8       0x70 main.o
                0x00001df8                _ZN7wandern11tastendruckEPh
 .text._Z11EEPROM_Readj
                0x00001e68       0x12 main.o
                0x00001e68                _Z11EEPROM_Readj
 .text.__vector_11
                0x00001e7a       0x38 main.o
                0x00001e7a                __vector_11
 .text.__vector_13
                0x00001eb2       0x22 main.o
                0x00001eb2                __vector_13
 .text.__vector_20
                0x00001ed4       0xb6 main.o
                0x00001ed4                __vector_20
 .text._Z6nullenv
                0x00001f8a       0x42 main.o
                0x00001f8a                _Z6nullenv
 .text._ZN5tacho11tastendruckEPh
                0x00001fcc        0xe main.o
                0x00001fcc                _ZN5tacho11tastendruckEPh
 .text._Z13reed_debouncePVhh
                0x00001fda       0x4a main.o
                0x00001fda                _Z13reed_debouncePVhh
 .text._Z15geschwindigkeitf
                0x00002024       0xd2 main.o
                0x00002024                _Z15geschwindigkeitf
 .text._Z15initialisierungv
                0x000020f6      0x280 main.o
                0x000020f6                _Z15initialisierungv
 .text._Z19maininterupthandlerP7monitorh
                0x00002376      0x29e main.o
                0x00002376                _Z19maininterupthandlerP7monitorh
 .text._Z10gpshandlerv
                0x00002614      0x420 main.o
                0x00002614                _Z10gpshandlerv
 .text.main     0x00002a34      0x2e4 main.o
                0x00002a34                main
 .text._Z13uhreinstellenv
                0x00002d18      0x734 main.o
                0x00002d18                _Z13uhreinstellenv
 .text._ZN13einstellungen4drawEv
                0x0000344c      0x354 main.o
                0x0000344c                _ZN13einstellungen4drawEv
 .text._GLOBAL__sub_I__Z8wdt_initv
                0x000037a0       0x4e main.o
 .text._GLOBAL__sub_D__Z8wdt_initv
                0x000037ee       0x3e main.o
 .text._ZN6OutputC2Ehh
                0x0000382c       0x74 Output.o
                0x0000382c                _ZN6OutputC2Ehh
                0x0000382c                _ZN6OutputC1Ehh
 .text._ZN6OutputD2Ev
                0x000038a0        0x2 Output.o
                0x000038a0                _ZN6OutputD1Ev
                0x000038a0                _ZN6OutputD2Ev
 .text._ZN6Output2onEv
                0x000038a2       0x7a Output.o
                0x000038a2                _ZN6Output2onEv
 .text._ZN6Output4isonEv
                0x0000391c       0x76 Output.o
                0x0000391c                _ZN6Output4isonEv
 .text._ZN6Output3offEv
                0x00003992       0x82 Output.o
                0x00003992                _ZN6Output3offEv
 .text._ZN3RTCD2Ev
                0x00003a14        0x2 RTC.o
                0x00003a14                _ZN3RTCD2Ev
                0x00003a14                _ZN3RTCD1Ev
 .text._ZN3RTC6WeckerEv
                0x00003a16       0x22 RTC.o
                0x00003a16                _ZN3RTC6WeckerEv
 .text._ZN3RTC14ausgabezeitneuEv
                0x00003a38       0x72 RTC.o
                0x00003a38                _ZN3RTC14ausgabezeitneuEv
 .text._ZN3RTC15ausgabedatumneuEv
                0x00003aaa       0x72 RTC.o
                0x00003aaa                _ZN3RTC15ausgabedatumneuEv
 .text._ZN3RTCC2Ev
                0x00003b1c       0x52 RTC.o
                0x00003b1c                _ZN3RTCC2Ev
                0x00003b1c                _ZN3RTCC1Ev
 .text._ZN3RTC8kalenderEv
                0x00003b6e       0x88 RTC.o
                0x00003b6e                _ZN3RTC8kalenderEv
 .text._ZN3RTC4zeitEv
                0x00003bf6       0x76 RTC.o
                0x00003bf6                _ZN3RTC4zeitEv
 .text._ZN3RTC8RTCstartEv
                0x00003c6c       0x34 RTC.o
                0x00003c6c                _ZN3RTC8RTCstartEv
 .text._ZN3RTC7RTCstopEv
                0x00003ca0        0xc RTC.o
                0x00003ca0                _ZN3RTC7RTCstopEv
 .text._ZN5SOUNDD2Ev
                0x00003cac        0x2 SOUND.o
                0x00003cac                _ZN5SOUNDD2Ev
                0x00003cac                _ZN5SOUNDD1Ev
 .text._ZN5SOUND2onEv
                0x00003cae       0x12 SOUND.o
                0x00003cae                _ZN5SOUND2onEv
 .text._ZN5SOUND3offEv
                0x00003cc0        0x8 SOUND.o
                0x00003cc0                _ZN5SOUND3offEv
 .text._ZN5SOUND12setfrequenciEj
                0x00003cc8       0x38 SOUND.o
                0x00003cc8                _ZN5SOUND12setfrequenciEj
 .text._ZN5SOUNDC2Ev
                0x00003d00       0x2e SOUND.o
                0x00003d00                _ZN5SOUNDC2Ev
                0x00003d00                _ZN5SOUNDC1Ev
 .text.avr-libc.fplib
                0x00003d2e        0xa c:/program files (x86)/atmel/studio/7.0/toolchain/avr8/avr8-gnu-toolchain/bin/../lib/gcc/avr/4.9.2/../../../../avr/lib/avr51\libm.a(addsf3.o)
                0x00003d2e                __subsf3
                0x00003d30                __addsf3
 .text.avr-libc.fplib
                0x00003d38       0xc0 c:/program files (x86)/atmel/studio/7.0/toolchain/avr8/avr8-gnu-toolchain/bin/../lib/gcc/avr/4.9.2/../../../../avr/lib/avr51\libm.a(addsf3x.o)
                0x00003d52                __addsf3x
 .text.avr-libc.fplib
                0x00003df8        0x6 c:/program files (x86)/atmel/studio/7.0/toolchain/avr8/avr8-gnu-toolchain/bin/../lib/gcc/avr/4.9.2/../../../../avr/lib/avr51\libm.a(cos.o)
                0x00003df8                cos
 .text.avr-libc.fplib
                0x00003dfe        0x4 c:/program files (x86)/atmel/studio/7.0/toolchain/avr8/avr8-gnu-toolchain/bin/../lib/gcc/avr/4.9.2/../../../../avr/lib/avr51\libm.a(divsf3.o)
                0x00003dfe                __divsf3
 .text.avr-libc.fplib
                0x00003e02       0xcc c:/program files (x86)/atmel/studio/7.0/toolchain/avr8/avr8-gnu-toolchain/bin/../lib/gcc/avr/4.9.2/../../../../avr/lib/avr51\libm.a(divsf3x.o)
                0x00003e18                __divsf3x
                0x00003e1c                __divsf3_pse
 .text.avr-libc.fplib
                0x00003ece        0xa c:/program files (x86)/atmel/studio/7.0/toolchain/avr8/avr8-gnu-toolchain/bin/../lib/gcc/avr/4.9.2/../../../../avr/lib/avr51\libm.a(fixsfsi.o)
                0x00003ece                __fixsfsi
 .text.avr-libc.fplib
                0x00003ed8       0x58 c:/program files (x86)/atmel/studio/7.0/toolchain/avr8/avr8-gnu-toolchain/bin/../lib/gcc/avr/4.9.2/../../../../avr/lib/avr51\libm.a(fixunssfsi.o)
                0x00003ed8                __fixunssfsi
 .text.avr-libc.fplib
                0x00003f30       0x7a c:/program files (x86)/atmel/studio/7.0/toolchain/avr8/avr8-gnu-toolchain/bin/../lib/gcc/avr/4.9.2/../../../../avr/lib/avr51\libm.a(floatsisf.o)
                0x00003f30                __floatunsisf
                0x00003f34                __floatsisf
 .text.avr-libc.fplib
                0x00003faa       0x48 c:/program files (x86)/atmel/studio/7.0/toolchain/avr8/avr8-gnu-toolchain/bin/../lib/gcc/avr/4.9.2/../../../../avr/lib/avr51\libm.a(fp_cmp.o)
                0x00003faa                __fp_cmp
 .text.avr-libc.fplib
                0x00003ff2        0xc c:/program files (x86)/atmel/studio/7.0/toolchain/avr8/avr8-gnu-toolchain/bin/../lib/gcc/avr/4.9.2/../../../../avr/lib/avr51\libm.a(fp_inf.o)
                0x00003ff2                __fp_inf
 .text.avr-libc.fplib
                0x00003ffe        0x6 c:/program files (x86)/atmel/studio/7.0/toolchain/avr8/avr8-gnu-toolchain/bin/../lib/gcc/avr/4.9.2/../../../../avr/lib/avr51\libm.a(fp_nan.o)
                0x00003ffe                __fp_nan
 .text.avr-libc.fplib
                0x00004004       0x4a c:/program files (x86)/atmel/studio/7.0/toolchain/avr8/avr8-gnu-toolchain/bin/../lib/gcc/avr/4.9.2/../../../../avr/lib/avr51\libm.a(fp_powser.o)
                0x00004004                __fp_powser
 .text.avr-libc.fplib
                0x0000404e        0xe c:/program files (x86)/atmel/studio/7.0/toolchain/avr8/avr8-gnu-toolchain/bin/../lib/gcc/avr/4.9.2/../../../../avr/lib/avr51\libm.a(fp_pscA.o)
                0x0000404e                __fp_pscA
 .text.avr-libc.fplib
                0x0000405c        0xe c:/program files (x86)/atmel/studio/7.0/toolchain/avr8/avr8-gnu-toolchain/bin/../lib/gcc/avr/4.9.2/../../../../avr/lib/avr51\libm.a(fp_pscB.o)
                0x0000405c                __fp_pscB
 .text.avr-libc.fplib
                0x0000406a       0x50 c:/program files (x86)/atmel/studio/7.0/toolchain/avr8/avr8-gnu-toolchain/bin/../lib/gcc/avr/4.9.2/../../../../avr/lib/avr51\libm.a(fp_rempio2.o)
                0x0000406c                __fp_rempio2
 .text.avr-libc.fplib
                0x000040ba       0x22 c:/program files (x86)/atmel/studio/7.0/toolchain/avr8/avr8-gnu-toolchain/bin/../lib/gcc/avr/4.9.2/../../../../avr/lib/avr51\libm.a(fp_round.o)
                0x000040ba                __fp_round
 .text.avr-libc.fplib
                0x000040dc       0x22 c:/program files (x86)/atmel/studio/7.0/toolchain/avr8/avr8-gnu-toolchain/bin/../lib/gcc/avr/4.9.2/../../../../avr/lib/avr51\libm.a(fp_sinus.o)
                0x000040dc                __fp_sinus
 .text.avr-libc.fplib
                0x000040fe       0x44 c:/program files (x86)/atmel/studio/7.0/toolchain/avr8/avr8-gnu-toolchain/bin/../lib/gcc/avr/4.9.2/../../../../avr/lib/avr51\libm.a(fp_split3.o)
                0x000040fe                __fp_split3
                0x0000410e                __fp_splitA
 .text.avr-libc.fplib
                0x00004142        0xe c:/program files (x86)/atmel/studio/7.0/toolchain/avr8/avr8-gnu-toolchain/bin/../lib/gcc/avr/4.9.2/../../../../avr/lib/avr51\libm.a(fp_zero.o)
                0x00004142                __fp_zero
                0x00004144                __fp_szero
 .text.avr-libc.fplib
                0x00004150        0x8 c:/program files (x86)/atmel/studio/7.0/toolchain/avr8/avr8-gnu-toolchain/bin/../lib/gcc/avr/4.9.2/../../../../avr/lib/avr51\libm.a(gesf2.o)
                0x00004150                __gesf2
                0x00004150                __gtsf2
 .text.avr-libc.fplib
                0x00004158        0x4 c:/program files (x86)/atmel/studio/7.0/toolchain/avr8/avr8-gnu-toolchain/bin/../lib/gcc/avr/4.9.2/../../../../avr/lib/avr51\libm.a(mulsf3.o)
                0x00004158                __mulsf3
 .text.avr-libc.fplib
                0x0000415c       0xc2 c:/program files (x86)/atmel/studio/7.0/toolchain/avr8/avr8-gnu-toolchain/bin/../lib/gcc/avr/4.9.2/../../../../avr/lib/avr51\libm.a(mulsf3x.o)
                0x00004170                __mulsf3x
                0x00004174                __mulsf3_pse
 .text.avr-libc.fplib
                0x0000421e        0xc c:/program files (x86)/atmel/studio/7.0/toolchain/avr8/avr8-gnu-toolchain/bin/../lib/gcc/avr/4.9.2/../../../../avr/lib/avr51\libm.a(sin.o)
                0x0000421e                sin
 .text.avr-libc.fplib
                0x0000422a       0x1c c:/program files (x86)/atmel/studio/7.0/toolchain/avr8/avr8-gnu-toolchain/bin/../lib/gcc/avr/4.9.2/../../../../avr/lib/avr51\libm.a(fp_mpack.o)
                0x0000422a                __fp_mpack
                0x0000422e                __fp_mpack_finite
 .text.avr-libc.fplib
                0x00004246       0x22 c:/program files (x86)/atmel/studio/7.0/toolchain/avr8/avr8-gnu-toolchain/bin/../lib/gcc/avr/4.9.2/../../../../avr/lib/avr51\libm.a(fp_powsodd.o)
                0x00004246                __fp_powsodd
 .text.avr-libc
                0x00004268      0x710 c:/program files (x86)/atmel/studio/7.0/toolchain/avr8/avr8-gnu-toolchain/bin/../lib/gcc/avr/4.9.2/../../../../avr/lib/avr51\libprintf_flt.a(vfprintf_flt.o)
                0x00004268                vfprintf
 .text.libgcc.div
                0x00004978       0x44 c:/program files (x86)/atmel/studio/7.0/toolchain/avr8/avr8-gnu-toolchain/bin/../lib/gcc/avr/4.9.2/avr51\libgcc.a(_udivmodsi4.o)
                0x00004978                __udivmodsi4
 .text.libgcc   0x000049bc       0x12 c:/program files (x86)/atmel/studio/7.0/toolchain/avr8/avr8-gnu-toolchain/bin/../lib/gcc/avr/4.9.2/avr51\libgcc.a(_tablejump2.o)
                0x000049bc                __tablejump2__
 .text.avr-libc
                0x000049ce      0x25a c:/program files (x86)/atmel/studio/7.0/toolchain/avr8/avr8-gnu-toolchain/bin/../lib/gcc/avr/4.9.2/../../../../avr/lib/avr51\libc.a(malloc.o)
                0x000049ce                malloc
                0x00004af8                free
 .text.avr-libc
                0x00004c28      0x1b0 c:/program files (x86)/atmel/studio/7.0/toolchain/avr8/avr8-gnu-toolchain/bin/../lib/gcc/avr/4.9.2/../../../../avr/lib/avr51\libc.a(ftoa_engine.o)
                0x00004c28                __ftoa_engine
 .text.avr-libc
                0x00004dd8       0x16 c:/program files (x86)/atmel/studio/7.0/toolchain/avr8/avr8-gnu-toolchain/bin/../lib/gcc/avr/4.9.2/../../../../avr/lib/avr51\libc.a(strnlen_P.o)
                0x00004dd8                strnlen_P
 .text.avr-libc
                0x00004dee       0x16 c:/program files (x86)/atmel/studio/7.0/toolchain/avr8/avr8-gnu-toolchain/bin/../lib/gcc/avr/4.9.2/../../../../avr/lib/avr51\libc.a(strnlen.o)
                0x00004dee                strnlen
 .text.avr-libc
                0x00004e04       0x70 c:/program files (x86)/atmel/studio/7.0/toolchain/avr8/avr8-gnu-toolchain/bin/../lib/gcc/avr/4.9.2/../../../../avr/lib/avr51\libc.a(fputc.o)
                0x00004e04                fputc
 .text.avr-libc
                0x00004e74       0x5e c:/program files (x86)/atmel/studio/7.0/toolchain/avr8/avr8-gnu-toolchain/bin/../lib/gcc/avr/4.9.2/../../../../avr/lib/avr51\libc.a(sprintf.o)
                0x00004e74                sprintf
 .text.avr-libc
                0x00004ed2       0xbc c:/program files (x86)/atmel/studio/7.0/toolchain/avr8/avr8-gnu-toolchain/bin/../lib/gcc/avr/4.9.2/../../../../avr/lib/avr51\libc.a(ultoa_invert.o)
                0x00004ed2                __ultoa_invert
                0x00004f8e                . = ALIGN (0x2)
 *(.fini9)
 .fini9         0x00004f8e        0x0 c:/program files (x86)/atmel/studio/7.0/toolchain/avr8/avr8-gnu-toolchain/bin/../lib/gcc/avr/4.9.2/avr51\libgcc.a(_exit.o)
                0x00004f8e                _exit
                0x00004f8e                exit
 *(.fini9)
 *(.fini8)
 *(.fini8)
 *(.fini7)
 *(.fini7)
 *(.fini6)
 .fini6         0x00004f8e       0x14 c:/program files (x86)/atmel/studio/7.0/toolchain/avr8/avr8-gnu-toolchain/bin/../lib/gcc/avr/4.9.2/avr51\libgcc.a(_dtors.o)
                0x00004f8e                __do_global_dtors
 *(.fini6)
 *(.fini5)
 *(.fini5)
 *(.fini4)
 *(.fini4)
 *(.fini3)
 *(.fini3)
 *(.fini2)
 *(.fini2)
 *(.fini1)
 *(.fini1)
 *(.fini0)
 .fini0         0x00004fa2        0x4 c:/program files (x86)/atmel/studio/7.0/toolchain/avr8/avr8-gnu-toolchain/bin/../lib/gcc/avr/4.9.2/avr51\libgcc.a(_exit.o)
 *(.fini0)
                0x00004fa6                _etext = .

.data           0x00800100      0x1c8 load address 0x00004fa6
                0x00800100                PROVIDE (__data_start, .)
 *(.data)
 .data          0x00800100        0x6 c:/program files (x86)/atmel/studio/7.0/toolchain/avr8/avr8-gnu-toolchain/bin/../lib/gcc/avr/4.9.2/../../../../avr/lib/avr51\libc.a(malloc.o)
                0x00800100                __malloc_heap_end
                0x00800102                __malloc_heap_start
                0x00800104                __malloc_margin
 *(.data*)
 *(.rodata)
 *(.rodata*)
 .rodata.str1.1
                0x00800106      0x189 main.o
                                0x18e (size before relaxing)
 .rodata._ZTV3uhr
                0x0080028f        0x8 main.o
                0x0080028f                _ZTV3uhr
 .rodata._ZTV5tacho
                0x00800297        0x8 main.o
                0x00800297                _ZTV5tacho
 .rodata._ZTV7wandern
                0x0080029f        0x8 main.o
                0x0080029f                _ZTV7wandern
 .rodata._ZTV13einstellungen
                0x008002a7        0x8 main.o
                0x008002a7                _ZTV13einstellungen
 .rodata._ZTV9wilkommen
                0x008002af        0x8 main.o
                0x008002af                _ZTV9wilkommen
 .rodata._ZTV5menue
                0x008002b7        0x8 main.o
                0x008002b7                _ZTV5menue
 .rodata._ZTV9offscreen
                0x008002bf        0x8 main.o
                0x008002bf                _ZTV9offscreen
 *(.gnu.linkonce.d*)
                0x008002c8                . = ALIGN (0x2)
 *fill*         0x008002c7        0x1 
                0x008002c8                _edata = .
                0x008002c8                PROVIDE (__data_end, .)

.bss            0x008002c8      0x597
                0x008002c8                PROVIDE (__bss_start, .)
 *(.bss)
 *(.bss*)
 .bss.Fahrtzeit
                0x008002c8        0x4 main.o
                0x008002c8                Fahrtzeit
 .bss.maxgeschw
                0x008002cc        0x4 main.o
                0x008002cc                maxgeschw
 .bss.strecke   0x008002d0        0x4 main.o
                0x008002d0                strecke
 .bss.geschw    0x008002d4        0x4 main.o
                0x008002d4                geschw
 .bss.gpsJahr   0x008002d8        0x1 main.o
                0x008002d8                gpsJahr
 .bss.gpsMonat  0x008002d9        0x1 main.o
                0x008002d9                gpsMonat
 .bss.gpsTag    0x008002da        0x1 main.o
                0x008002da                gpsTag
 .bss.gpssekunde
                0x008002db        0x1 main.o
                0x008002db                gpssekunde
 .bss.gpsminute
                0x008002dc        0x1 main.o
                0x008002dc                gpsminute
 .bss.gpsstunde
                0x008002dd        0x1 main.o
                0x008002dd                gpsstunde
 .bss.gpsspeed  0x008002de        0x4 main.o
                0x008002de                gpsspeed
 .bss.lon       0x008002e2        0x4 main.o
                0x008002e2                lon
 .bss.lat       0x008002e6        0x4 main.o
                0x008002e6                lat
 .bss.gpscounter
                0x008002ea        0x1 main.o
                0x008002ea                gpscounter
 .bss.gpsdata   0x008002eb       0x48 main.o
                0x008002eb                gpsdata
 .bss.gpsstatus
                0x00800333        0x1 main.o
                0x00800333                gpsstatus
 .bss.FPS       0x00800334        0x1 main.o
                0x00800334                FPS
 .bss.position  0x00800335        0x1 main.o
                0x00800335                position
 .bss.statusreg
                0x00800336        0x1 main.o
                0x00800336                statusreg
 .bss.anzeige   0x00800337        0x1 main.o
                0x00800337                anzeige
 .bss.Sound     0x00800338        0x2 main.o
                0x00800338                Sound
 .bss.IRLED     0x0080033a        0x2 main.o
                0x0080033a                IRLED
 .bss.Vibrationsmotor
                0x0080033c        0x2 main.o
                0x0080033c                Vibrationsmotor
 .bss.LED       0x0080033e        0x2 main.o
                0x0080033e                LED
 .bss.batterie  0x00800340        0x4 main.o
                0x00800340                batterie
 .bss.Accelerometer
                0x00800344       0xe9 main.o
                0x00800344                Accelerometer
 .bss.Lautsprecher
                0x0080042d        0x2 main.o
                0x0080042d                Lautsprecher
 .bss.Tastatur  0x0080042f        0xc main.o
                0x0080042f                Tastatur
 .bss.oled      0x0080043b      0x401 main.o
                0x0080043b                oled
 .bss.rtc       0x0080083c       0x1f main.o
                0x0080083c                rtc
 *(COMMON)
 COMMON         0x0080085b        0x4 c:/program files (x86)/atmel/studio/7.0/toolchain/avr8/avr8-gnu-toolchain/bin/../lib/gcc/avr/4.9.2/../../../../avr/lib/avr51\libc.a(malloc.o)
                0x0080085b                __brkval
                0x0080085d                __flp
                0x0080085f                PROVIDE (__bss_end, .)
                0x00004fa6                __data_load_start = LOADADDR (.data)
                0x0000516e                __data_load_end = (__data_load_start + SIZEOF (.data))

.noinit         0x0080085f        0x0
                0x0080085f                PROVIDE (__noinit_start, .)
 *(.noinit*)
                0x0080085f                PROVIDE (__noinit_end, .)
                0x0080085f                _end = .
                0x0080085f                PROVIDE (__heap_start, .)

.eeprom         0x00810000        0x0
 *(.eeprom*)
                0x00810000                __eeprom_end = .

.fuse
 *(.fuse)
 *(.lfuse)
 *(.hfuse)
 *(.efuse)

.lock
 *(.lock*)

.signature
 *(.signature*)

.user_signatures
 *(.user_signatures*)

.stab
 *(.stab)

.stabstr
 *(.stabstr)

.stab.excl
 *(.stab.excl)

.stab.exclstr
 *(.stab.exclstr)

.stab.index
 *(.stab.index)

.stab.indexstr
 *(.stab.indexstr)

.comment        0x00000000       0x5c
 *(.comment)
 .comment       0x00000000       0x30 Display.o
                                 0x31 (size before relaxing)
 .comment       0x00000030       0x31 I2C.o
 .comment       0x00000030       0x31 Interface.o
 .comment       0x00000030       0x31 LSM303D.o
 .comment       0x00000030       0x31 main.o
 .comment       0x00000030       0x31 Output.o
 .comment       0x00000030       0x31 RTC.o
 .comment       0x00000030       0x31 SOUND.o
 .comment       0x00000030       0x2c c:/program files (x86)/atmel/studio/7.0/toolchain/avr8/avr8-gnu-toolchain/bin/../lib/gcc/avr/4.9.2/../../../../avr/lib/avr51\libprintf_flt.a(vfprintf_flt.o)
                                 0x2d (size before relaxing)
 .comment       0x0000005c       0x31 c:/program files (x86)/atmel/studio/7.0/toolchain/avr8/avr8-gnu-toolchain/bin/../lib/gcc/avr/4.9.2/../../../../avr/lib/avr51\libc.a(malloc.o)
 .comment       0x0000005c       0x31 c:/program files (x86)/atmel/studio/7.0/toolchain/avr8/avr8-gnu-toolchain/bin/../lib/gcc/avr/4.9.2/../../../../avr/lib/avr51\libc.a(fputc.o)
 .comment       0x0000005c       0x31 c:/program files (x86)/atmel/studio/7.0/toolchain/avr8/avr8-gnu-toolchain/bin/../lib/gcc/avr/4.9.2/../../../../avr/lib/avr51\libc.a(sprintf.o)

.note.gnu.avr.deviceinfo
                0x00000000       0x40
 .note.gnu.avr.deviceinfo
                0x00000000       0x40 C:/Program Files (x86)/Atmel/Studio/7.0/Packs/atmel/ATmega_DFP/1.0.90/gcc/dev/atmega1284p/avr51/crtatmega1284p.o

.note.gnu.build-id
 *(.note.gnu.build-id)

.debug
 *(.debug)

.line
 *(.line)

.debug_srcinfo
 *(.debug_srcinfo)

.debug_sfnames
 *(.debug_sfnames)

.debug_aranges  0x00000000      0x3f8
 *(.debug_aranges)
 .debug_aranges
                0x00000000       0xb0 Display.o
 .debug_aranges
                0x000000b0       0x58 I2C.o
 .debug_aranges
                0x00000108       0x58 Interface.o
 .debug_aranges
                0x00000160       0x70 LSM303D.o
 .debug_aranges
                0x000001d0      0x130 main.o
 .debug_aranges
                0x00000300       0x48 Output.o
 .debug_aranges
                0x00000348       0x70 RTC.o
 .debug_aranges
                0x000003b8       0x40 SOUND.o

.debug_pubnames
 *(.debug_pubnames)

.debug_info     0x00000000     0x9844
 *(.debug_info .gnu.linkonce.wi.*)
 .debug_info    0x00000000     0x1c41 Display.o
 .debug_info    0x00001c41      0x372 I2C.o
 .debug_info    0x00001fb3      0xd25 Interface.o
 .debug_info    0x00002cd8      0xd77 LSM303D.o
 .debug_info    0x00003a4f     0x5090 main.o
 .debug_info    0x00008adf      0x3f7 Output.o
 .debug_info    0x00008ed6      0x62e RTC.o
 .debug_info    0x00009504      0x340 SOUND.o

.debug_abbrev   0x00000000     0x1943
 *(.debug_abbrev)
 .debug_abbrev  0x00000000      0x34e Display.o
 .debug_abbrev  0x0000034e      0x190 I2C.o
 .debug_abbrev  0x000004de      0x2b6 Interface.o
 .debug_abbrev  0x00000794      0x338 LSM303D.o
 .debug_abbrev  0x00000acc      0x871 main.o
 .debug_abbrev  0x0000133d      0x1e0 Output.o
 .debug_abbrev  0x0000151d      0x256 RTC.o
 .debug_abbrev  0x00001773      0x1d0 SOUND.o

.debug_line     0x00000000     0x339e
 *(.debug_line .debug_line.* .debug_line_end)
 .debug_line    0x00000000      0x839 Display.o
 .debug_line    0x00000839      0x197 I2C.o
 .debug_line    0x000009d0      0x551 Interface.o
 .debug_line    0x00000f21      0x55b LSM303D.o
 .debug_line    0x0000147c     0x1769 main.o
 .debug_line    0x00002be5      0x217 Output.o
 .debug_line    0x00002dfc      0x44d RTC.o
 .debug_line    0x00003249      0x155 SOUND.o

.debug_frame    0x00000000      0xfbc
 *(.debug_frame)
 .debug_frame   0x00000000      0x3a0 Display.o
 .debug_frame   0x000003a0       0x94 I2C.o
 .debug_frame   0x00000434       0xb0 Interface.o
 .debug_frame   0x000004e4      0x238 LSM303D.o
 .debug_frame   0x0000071c      0x6b4 main.o
 .debug_frame   0x00000dd0       0x74 Output.o
 .debug_frame   0x00000e44       0xf4 RTC.o
 .debug_frame   0x00000f38       0x84 SOUND.o

.debug_str      0x00000000     0x13b1
 *(.debug_str)
 .debug_str     0x00000000      0x630 Display.o
                                0x690 (size before relaxing)
 .debug_str     0x00000630       0x25 I2C.o
                                0x290 (size before relaxing)
 .debug_str     0x00000655      0x19d Interface.o
                                0x36d (size before relaxing)
 .debug_str     0x000007f2      0x224 LSM303D.o
                                0x4d7 (size before relaxing)
 .debug_str     0x00000a16      0x8ec main.o
                               0x1238 (size before relaxing)
 .debug_str     0x00001302       0x51 Output.o
                                0x277 (size before relaxing)
 .debug_str     0x00001353       0x25 RTC.o
                                0x37d (size before relaxing)
 .debug_str     0x00001378       0x39 SOUND.o
                                0x26d (size before relaxing)

.debug_loc      0x00000000     0x696b
 *(.debug_loc)
 .debug_loc     0x00000000     0x1bcd Display.o
 .debug_loc     0x00001bcd      0x128 I2C.o
 .debug_loc     0x00001cf5      0xac7 Interface.o
 .debug_loc     0x000027bc      0xf76 LSM303D.o
 .debug_loc     0x00003732     0x2a2c main.o
 .debug_loc     0x0000615e      0x397 Output.o
 .debug_loc     0x000064f5      0x2d3 RTC.o
 .debug_loc     0x000067c8      0x1a3 SOUND.o

.debug_macinfo
 *(.debug_macinfo)

.debug_weaknames
 *(.debug_weaknames)

.debug_funcnames
 *(.debug_funcnames)

.debug_typenames
 *(.debug_typenames)

.debug_varnames
 *(.debug_varnames)

.debug_pubtypes
 *(.debug_pubtypes)

.debug_ranges   0x00000000      0x450
 *(.debug_ranges)
 .debug_ranges  0x00000000      0x100 Display.o
 .debug_ranges  0x00000100       0x48 I2C.o
 .debug_ranges  0x00000148       0x48 Interface.o
 .debug_ranges  0x00000190       0x60 LSM303D.o
 .debug_ranges  0x000001f0      0x198 main.o
 .debug_ranges  0x00000388       0x38 Output.o
 .debug_ranges  0x000003c0       0x60 RTC.o
 .debug_ranges  0x00000420       0x30 SOUND.o

.debug_macro
 *(.debug_macro)
OUTPUT(FWCP_MK3.elf elf32-avr)
LOAD linker stubs
