Archive member included to satisfy reference by file (symbol)

c:/program files (x86)/atmel/studio/7.0/toolchain/avr8/avr8-gnu-toolchain/bin/../lib/gcc/avr/4.9.2/../../../../avr/lib/avr51\libm.a(addsf3.o)
                              Display.o (__subsf3)
c:/program files (x86)/atmel/studio/7.0/toolchain/avr8/avr8-gnu-toolchain/bin/../lib/gcc/avr/4.9.2/../../../../avr/lib/avr51\libm.a(addsf3x.o)
                              c:/program files (x86)/atmel/studio/7.0/toolchain/avr8/avr8-gnu-toolchain/bin/../lib/gcc/avr/4.9.2/../../../../avr/lib/avr51\libm.a(addsf3.o) (__addsf3x)
c:/program files (x86)/atmel/studio/7.0/toolchain/avr8/avr8-gnu-toolchain/bin/../lib/gcc/avr/4.9.2/../../../../avr/lib/avr51\libm.a(atan2.o)
                              Kompass.o (atan2)
c:/program files (x86)/atmel/studio/7.0/toolchain/avr8/avr8-gnu-toolchain/bin/../lib/gcc/avr/4.9.2/../../../../avr/lib/avr51\libm.a(atan.o)
                              c:/program files (x86)/atmel/studio/7.0/toolchain/avr8/avr8-gnu-toolchain/bin/../lib/gcc/avr/4.9.2/../../../../avr/lib/avr51\libm.a(atan2.o) (atan)
c:/program files (x86)/atmel/studio/7.0/toolchain/avr8/avr8-gnu-toolchain/bin/../lib/gcc/avr/4.9.2/../../../../avr/lib/avr51\libm.a(cmpsf2.o)
                              Kompass.o (__ltsf2)
c:/program files (x86)/atmel/studio/7.0/toolchain/avr8/avr8-gnu-toolchain/bin/../lib/gcc/avr/4.9.2/../../../../avr/lib/avr51\libm.a(cos.o)
                              Display.o (cos)
c:/program files (x86)/atmel/studio/7.0/toolchain/avr8/avr8-gnu-toolchain/bin/../lib/gcc/avr/4.9.2/../../../../avr/lib/avr51\libm.a(divsf3.o)
                              Display.o (__divsf3)
c:/program files (x86)/atmel/studio/7.0/toolchain/avr8/avr8-gnu-toolchain/bin/../lib/gcc/avr/4.9.2/../../../../avr/lib/avr51\libm.a(divsf3x.o)
                              c:/program files (x86)/atmel/studio/7.0/toolchain/avr8/avr8-gnu-toolchain/bin/../lib/gcc/avr/4.9.2/../../../../avr/lib/avr51\libm.a(divsf3.o) (__divsf3x)
c:/program files (x86)/atmel/studio/7.0/toolchain/avr8/avr8-gnu-toolchain/bin/../lib/gcc/avr/4.9.2/../../../../avr/lib/avr51\libm.a(fixsfsi.o)
                              Kompass.o (__fixsfsi)
c:/program files (x86)/atmel/studio/7.0/toolchain/avr8/avr8-gnu-toolchain/bin/../lib/gcc/avr/4.9.2/../../../../avr/lib/avr51\libm.a(fixunssfsi.o)
                              Display.o (__fixunssfsi)
c:/program files (x86)/atmel/studio/7.0/toolchain/avr8/avr8-gnu-toolchain/bin/../lib/gcc/avr/4.9.2/../../../../avr/lib/avr51\libm.a(floatsisf.o)
                              LSM303D.o (__floatunsisf)
c:/program files (x86)/atmel/studio/7.0/toolchain/avr8/avr8-gnu-toolchain/bin/../lib/gcc/avr/4.9.2/../../../../avr/lib/avr51\libm.a(fp_cmp.o)
                              c:/program files (x86)/atmel/studio/7.0/toolchain/avr8/avr8-gnu-toolchain/bin/../lib/gcc/avr/4.9.2/../../../../avr/lib/avr51\libm.a(cmpsf2.o) (__fp_cmp)
c:/program files (x86)/atmel/studio/7.0/toolchain/avr8/avr8-gnu-toolchain/bin/../lib/gcc/avr/4.9.2/../../../../avr/lib/avr51\libm.a(fp_inf.o)
                              c:/program files (x86)/atmel/studio/7.0/toolchain/avr8/avr8-gnu-toolchain/bin/../lib/gcc/avr/4.9.2/../../../../avr/lib/avr51\libm.a(addsf3x.o) (__fp_inf)
c:/program files (x86)/atmel/studio/7.0/toolchain/avr8/avr8-gnu-toolchain/bin/../lib/gcc/avr/4.9.2/../../../../avr/lib/avr51\libm.a(fp_nan.o)
                              c:/program files (x86)/atmel/studio/7.0/toolchain/avr8/avr8-gnu-toolchain/bin/../lib/gcc/avr/4.9.2/../../../../avr/lib/avr51\libm.a(addsf3x.o) (__fp_nan)
c:/program files (x86)/atmel/studio/7.0/toolchain/avr8/avr8-gnu-toolchain/bin/../lib/gcc/avr/4.9.2/../../../../avr/lib/avr51\libm.a(fp_powser.o)
                              c:/program files (x86)/atmel/studio/7.0/toolchain/avr8/avr8-gnu-toolchain/bin/../lib/gcc/avr/4.9.2/../../../../avr/lib/avr51\libm.a(atan.o) (__fp_powser)
c:/program files (x86)/atmel/studio/7.0/toolchain/avr8/avr8-gnu-toolchain/bin/../lib/gcc/avr/4.9.2/../../../../avr/lib/avr51\libm.a(fp_pscA.o)
                              c:/program files (x86)/atmel/studio/7.0/toolchain/avr8/avr8-gnu-toolchain/bin/../lib/gcc/avr/4.9.2/../../../../avr/lib/avr51\libm.a(addsf3x.o) (__fp_pscA)
c:/program files (x86)/atmel/studio/7.0/toolchain/avr8/avr8-gnu-toolchain/bin/../lib/gcc/avr/4.9.2/../../../../avr/lib/avr51\libm.a(fp_pscB.o)
                              c:/program files (x86)/atmel/studio/7.0/toolchain/avr8/avr8-gnu-toolchain/bin/../lib/gcc/avr/4.9.2/../../../../avr/lib/avr51\libm.a(addsf3x.o) (__fp_pscB)
c:/program files (x86)/atmel/studio/7.0/toolchain/avr8/avr8-gnu-toolchain/bin/../lib/gcc/avr/4.9.2/../../../../avr/lib/avr51\libm.a(fp_rempio2.o)
                              c:/program files (x86)/atmel/studio/7.0/toolchain/avr8/avr8-gnu-toolchain/bin/../lib/gcc/avr/4.9.2/../../../../avr/lib/avr51\libm.a(cos.o) (__fp_rempio2)
[...]
Memory Configuration

Name             Origin             Length             Attributes
text             0x00000000         0x00020000         xr
data             0x00800100         0x0000ff00         rw !x
eeprom           0x00810000         0x00010000         rw !x
fuse             0x00820000         0x00000400         rw !x
lock             0x00830000         0x00000400         rw !x
signature        0x00840000         0x00000400         rw !x
user_signatures  0x00850000         0x00000400         rw !x
*default*        0x00000000         0xffffffff

Linker script and memory map

Address of section .data set to 0x800100
LOAD C:/Program Files (x86)/Atmel/Studio/7.0/Packs/atmel/ATmega_DFP/1.0.90/gcc/dev/atmega1284p/avr51/crtatmega1284p.o
LOAD Display.o
LOAD I2C.o
LOAD Interface.o
LOAD Kompass.o
LOAD LSM303D.o
LOAD main.o
LOAD Output.o
LOAD RTC.o
LOAD SOUND.o
START GROUP
LOAD c:/program files (x86)/atmel/studio/7.0/toolchain/avr8/avr8-gnu-toolchain/bin/../lib/gcc/avr/4.9.2/../../../../avr/lib/avr51\libm.a
LOAD c:/program files (x86)/atmel/studio/7.0/toolchain/avr8/avr8-gnu-toolchain/bin/../lib/gcc/avr/4.9.2/../../../../avr/lib/avr51\libprintf_flt.a
END GROUP
LOAD c:/program files (x86)/atmel/studio/7.0/toolchain/avr8/avr8-gnu-toolchain/bin/../lib/gcc/avr/4.9.2/avr51\libgcc.a
LOAD c:/program files (x86)/atmel/studio/7.0/toolchain/avr8/avr8-gnu-toolchain/bin/../lib/gcc/avr/4.9.2/../../../../avr/lib/avr51\libm.a
START GROUP
LOAD c:/program files (x86)/atmel/studio/7.0/toolchain/avr8/avr8-gnu-toolchain/bin/../lib/gcc/avr/4.9.2/avr51\libgcc.a
LOAD c:/program files (x86)/atmel/studio/7.0/toolchain/avr8/avr8-gnu-toolchain/bin/../lib/gcc/avr/4.9.2/../../../../avr/lib/avr51\libm.a
LOAD c:/program files (x86)/atmel/studio/7.0/toolchain/avr8/avr8-gnu-toolchain/bin/../lib/gcc/avr/4.9.2/../../../../avr/lib/avr51\libc.a
LOAD C:/Program Files (x86)/Atmel/Studio/7.0/Packs/atmel/ATmega_DFP/1.0.90/gcc/dev/atmega1284p/avr51\libatmega1284p.a
END GROUP

.hash
 *(.hash)

.dynsym
 *(.dynsym)

.dynstr
 *(.dynstr)

.gnu.version
 *(.gnu.version)

.gnu.version_d
 *(.gnu.version_d)

.gnu.version_r
 *(.gnu.version_r)

.rel.init
 *(.rel.init)

.rela.init
 *(.rela.init)

.rel.text
 *(.rel.text)
 *(.rel.text.*)
 *(.rel.gnu.linkonce.t*)

.rela.text
 *(.rela.text)
 *(.rela.text.*)
 *(.rela.gnu.linkonce.t*)

.rel.fini
 *(.rel.fini)

.rela.fini
 *(.rela.fini)

.rel.rodata
 *(.rel.rodata)
 *(.rel.rodata.*)
 *(.rel.gnu.linkonce.r*)

.rela.rodata
 *(.rela.rodata)
 *(.rela.rodata.*)
 *(.rela.gnu.linkonce.r*)

.rel.data
 *(.rel.data)
 *(.rel.data.*)
 *(.rel.gnu.linkonce.d*)

.rela.data
 *(.rela.data)
 *(.rela.data.*)
 *(.rela.gnu.linkonce.d*)

.rel.ctors
 *(.rel.ctors)

.rela.ctors
 *(.rela.ctors)

.rel.dtors
 *(.rel.dtors)

.rela.dtors
 *(.rela.dtors)

.rel.got
 *(.rel.got)

.rela.got
 *(.rela.got)

.rel.bss
 *(.rel.bss)

.rela.bss
 *(.rela.bss)

.rel.plt
 *(.rel.plt)

.rela.plt
 *(.rela.plt)

.text           0x00000000     0x4674
 *(.vectors)
 .vectors       0x00000000       0x8c C:/Program Files (x86)/Atmel/Studio/7.0/Packs/atmel/ATmega_DFP/1.0.90/gcc/dev/atmega1284p/avr51/crtatmega1284p.o
                0x00000000                __vector_default
                0x00000000                __vectors
 *(.vectors)
 *(.progmem.gcc*)
 .progmem.gcc_sw_table._ZN9Interface7unifiedEv
                0x0000008c       0x2e Interface.o
 .progmem.gcc_sw_table._Z13uhreinstellenv
                0x000000ba       0x14 main.o
 .progmem.gcc_fplib
                0x000000ce       0x1e c:/program files (x86)/atmel/studio/7.0/toolchain/avr8/avr8-gnu-toolchain/bin/../lib/gcc/avr/4.9.2/../../../../avr/lib/avr51\libm.a(fp_sinus.o)
                0x000000ec                . = ALIGN (0x2)
                0x000000ec                __trampolines_start = .
 *(.trampolines)
 .trampolines   0x000000ec        0x0 linker stubs
 *(.trampolines*)
                0x000000ec                __trampolines_end = .
 *(.progmem*)
 .progmem.data._ZL11digits16x16
                0x000000ec      0x140 Display.o
 .progmem.data._ZL7font5x8
                0x0000022c      0x1d6 Display.o
 .progmem.data  0x00000402        0x8 c:/program files (x86)/atmel/studio/7.0/toolchain/avr8/avr8-gnu-toolchain/bin/../lib/gcc/avr/4.9.2/../../../../avr/lib/avr51\libprintf_flt.a(vfprintf_flt.o)
 .progmem.data  0x0000040a       0xfa c:/program files (x86)/atmel/studio/7.0/toolchain/avr8/avr8-gnu-toolchain/bin/../lib/gcc/avr/4.9.2/../../../../avr/lib/avr51\libc.a(ftoa_engine.o)
                0x00000504                . = ALIGN (0x2)
 *(.jumptables)
 *(.jumptables*)
 *(.lowtext)
 *(.lowtext*)
                0x00000504                __ctors_start = .
 *(.ctors)
 .ctors         0x00000504        0x2 main.o
                0x00000506                __ctors_end = .
                0x00000506                __dtors_start = .
 *(.dtors)
 .dtors         0x00000506        0x2 main.o
                0x00000508                __dtors_end = .
 SORT(*)(.ctors)
 SORT(*)(.dtors)
 *(.init0)
 .init0         0x00000508        0x0 C:/Program Files (x86)/Atmel/Studio/7.0/Packs/atmel/ATmega_DFP/1.0.90/gcc/dev/atmega1284p/avr51/crtatmega1284p.o
                0x00000508                __init
 *(.init0)
 *(.init1)
 *(.init1)
 *(.init2)
 .init2         0x00000508        0xc C:/Program Files (x86)/Atmel/Studio/7.0/Packs/atmel/ATmega_DFP/1.0.90/gcc/dev/atmega1284p/avr51/crtatmega1284p.o
 *(.init2)
 *(.init3)
 .init3         0x00000514       0x18 main.o
                0x00000514                _Z8wdt_initv
 *(.init3)
 *(.init4)
 .init4         0x0000052c       0x1a c:/program files (x86)/atmel/studio/7.0/toolchain/avr8/avr8-gnu-toolchain/bin/../lib/gcc/avr/4.9.2/avr51\libgcc.a(_copy_data.o)
                0x0000052c                __do_copy_data
 .init4         0x00000546       0x10 c:/program files (x86)/atmel/studio/7.0/toolchain/avr8/avr8-gnu-toolchain/bin/../lib/gcc/avr/4.9.2/avr51\libgcc.a(_clear_bss.o)
                0x00000546                __do_clear_bss
 *(.init4)
 *(.init5)
 *(.init5)
 *(.init6)
 .init6         0x00000556       0x16 c:/program files (x86)/atmel/studio/7.0/toolchain/avr8/avr8-gnu-toolchain/bin/../lib/gcc/avr/4.9.2/avr51\libgcc.a(_ctors.o)
                0x00000556                __do_global_ctors
 *(.init6)
 *(.init7)
 *(.init7)
 *(.init8)
 *(.init8)
 *(.init9)
 .init9         0x0000056c        0x8 C:/Program Files (x86)/Atmel/Studio/7.0/Packs/atmel/ATmega_DFP/1.0.90/gcc/dev/atmega1284p/avr51/crtatmega1284p.o
 *(.init9)
 *(.text)
 .text          0x00000574        0x2 C:/Program Files (x86)/Atmel/Studio/7.0/Packs/atmel/ATmega_DFP/1.0.90/gcc/dev/atmega1284p/avr51/crtatmega1284p.o
                0x00000574                __vector_22
                0x00000574                __vector_28
                0x00000574                __vector_1
                0x00000574                __vector_32
                0x00000574                __vector_34
                0x00000574                __vector_24
                0x00000574                __vector_12
                0x00000574                __bad_interrupt
                0x00000574                __vector_6
                0x00000574                __vector_31
                0x00000574                __vector_3
                0x00000574                __vector_23
                0x00000574                __vector_30
                0x00000574                __vector_25
                0x00000574                __vector_17
                0x00000574                __vector_19
                0x00000574                __vector_7
                0x00000574                __vector_27
                0x00000574                __vector_5
                0x00000574                __vector_33
                0x00000574                __vector_4
                0x00000574                __vector_9
                0x00000574                __vector_2
                0x00000574                __vector_21
                0x00000574                __vector_15
                0x00000574                __vector_29
                0x00000574                __vector_8
                0x00000574                __vector_26
                0x00000574                __vector_14
                0x00000574                __vector_10
                0x00000574                __vector_16
                0x00000574                __vector_18
                0x00000574                __vector_20
                0x00000576                . = ALIGN (0x2)
 *(.text.*)
 .text._ZN7DisplayD2Ev
                0x00000576        0x6 Display.o
                0x00000576                _ZN7DisplayD2Ev
                0x00000576                _ZN7DisplayD1Ev
 .text._ZN7Display10clearFrameEv
                0x0000057c        0xe Display.o
                0x0000057c                _ZN7Display10clearFrameEv
 .text._ZN7Display15ssd1306_commandEh
                0x0000058a       0x2e Display.o
                0x0000058a                _ZN7Display15ssd1306_commandEh
 .text._ZN7Display17InitializeDisplayEv
                0x000005b8       0xa0 Display.o
                0x000005b8                _ZN7Display17InitializeDisplayEv
 .text._ZN7DisplayC2Ev
                0x00000658       0x18 Display.o
                0x00000658                _ZN7DisplayC2Ev
                0x00000658                _ZN7DisplayC1Ev
 .text._ZN7Display9sendFrameEv
                0x00000670       0x64 Display.o
                0x00000670                _ZN7Display9sendFrameEv
 .text._ZN7Display9drawPixelEhhh
                0x000006d4       0x70 Display.o
                0x000006d4                _ZN7Display9drawPixelEhhh
 .text._ZN7Display9drawVLineEhhh
                0x00000744       0x34 Display.o
                0x00000744                _ZN7Display9drawVLineEhhh
 .text._ZN7Display9drawHLineEhhh
                0x00000778       0x34 Display.o
                0x00000778                _ZN7Display9drawHLineEhhh
 .text._ZN7Display9draw_ASCIEhhh
                0x000007ac       0x94 Display.o
                0x000007ac                _ZN7Display9draw_ASCIEhhh
 .text._ZN7Display16draw_number16x16Ehhh
                0x00000840       0xf4 Display.o
                0x00000840                _ZN7Display16draw_number16x16Ehhh
 .text._ZN7Display6analogEhhhh
                0x00000934      0x4f2 Display.o
                0x00000934                _ZN7Display6analogEhhhh
 .text._ZN3I2CC2Ev
                0x00000e26        0x8 I2C.o
                0x00000e26                _ZN3I2CC2Ev
                0x00000e26                _ZN3I2CC1Ev
 .text._ZN3I2CD2Ev
                0x00000e2e        0x2 I2C.o
                0x00000e2e                _ZN3I2CD1Ev
                0x00000e2e                _ZN3I2CD2Ev
 .text._ZN3I2C9twi_startEv
                0x00000e30        0x8 I2C.o
                0x00000e30                _ZN3I2C9twi_startEv
 .text._ZN3I2C8twi_stopEv
                0x00000e38        0x8 I2C.o
                0x00000e38                _ZN3I2C8twi_stopEv
 .text._ZN3I2C9twi_writeEh
                0x00000e40       0x20 I2C.o
                0x00000e40                _ZN3I2C9twi_writeEh
 .text._ZN9InterfaceC2Ev
                0x00000e60       0x26 Interface.o
                0x00000e60                _ZN9InterfaceC1Ev
                0x00000e60                _ZN9InterfaceC2Ev
 .text._ZN9InterfaceD2Ev
                0x00000e86        0x2 Interface.o
                0x00000e86                _ZN9InterfaceD1Ev
                0x00000e86                _ZN9InterfaceD2Ev
 .text._ZN9Interface7paradebEPVhhPh
                0x00000e88       0x4c Interface.o
                0x00000e88                _ZN9Interface7paradebEPVhhPh
 .text._ZN9Interface6TasterEv
                0x00000ed4      0x15a Interface.o
                0x00000ed4                _ZN9Interface6TasterEv
 .text._ZN9Interface7unifiedEv
                0x0000102e       0x48 Interface.o
                0x0000102e                _ZN9Interface7unifiedEv
 .text._ZN9Interface17ZahlenausTastaturEv
                0x00001076       0x16 Interface.o
                0x00001076                _ZN9Interface17ZahlenausTastaturEv
 .text._ZN7KompassD2Ev
                0x0000108c        0x6 Kompass.o
                0x0000108c                _ZN7KompassD1Ev
                0x0000108c                _ZN7KompassD2Ev
 .text._ZN7Kompass16HMC5883L_commandEhh
                0x00001092       0x34 Kompass.o
                0x00001092                _ZN7Kompass16HMC5883L_commandEhh
 .text._ZN7KompassC2Ev
                0x000010c6       0x40 Kompass.o
                0x000010c6                _ZN7KompassC1Ev
                0x000010c6                _ZN7KompassC2Ev
 .text._ZN7LSM303DD2Ev
                0x00001106        0x6 LSM303D.o
                0x00001106                _ZN7LSM303DD1Ev
                0x00001106                _ZN7LSM303DD2Ev
 .text._ZN7LSM303D14LSM303_commandEhh
                0x0000110c       0x34 LSM303D.o
                0x0000110c                _ZN7LSM303D14LSM303_commandEhh
 .text._ZN7LSM303D13ACCBypassmodeEv
                0x00001140        0x8 LSM303D.o
                0x00001140                _ZN7LSM303D13ACCBypassmodeEv
 .text._ZN7LSM303D9acce_initEv
                0x00001148       0x26 LSM303D.o
                0x00001148                _ZN7LSM303D9acce_initEv
 .text._ZN7LSM303DC2Ev
                0x0000116e       0x7c LSM303D.o
                0x0000116e                _ZN7LSM303DC2Ev
                0x0000116e                _ZN7LSM303DC1Ev
 .text._ZN7monitor11tastendruckEPh
                0x000011ea        0x4 main.o
                0x000011ea                _ZN7monitor11tastendruckEPh
 .text._ZN3uhr11tastendruckEPh
                0x000011ee       0x1c main.o
                0x000011ee                _ZN3uhr11tastendruckEPh
 .text._ZN13einstellungen11tastendruckEPh
                0x0000120a       0x4c main.o
                0x0000120a                _ZN13einstellungen11tastendruckEPh
 .text._ZN5menue11tastendruckEPh
                0x00001256       0x42 main.o
                0x00001256                _ZN5menue11tastendruckEPh
 .text._ZN9offscreen4drawEv
                0x00001298       0x18 main.o
                0x00001298                _ZN9offscreen4drawEv
 .text._ZN9wilkommen4drawEv
                0x000012b0       0xee main.o
                0x000012b0                _ZN9wilkommen4drawEv
 .text._Z8ADC_Readh
                0x0000139e       0x28 main.o
                0x0000139e                _Z8ADC_Readh
 .text._Z14Batteriestatusv
                0x000013c6       0xe0 main.o
                0x000013c6                _Z14Batteriestatusv
 .text._ZN5menue4drawEv
                0x000014a6      0x1ce main.o
                0x000014a6                _ZN5menue4drawEv
 .text._ZN5tacho4drawEv
                0x00001674      0x40c main.o
                0x00001674                _ZN5tacho4drawEv
 .text._ZN3uhr4drawEv
                0x00001a80      0x14c main.o
                0x00001a80                _ZN3uhr4drawEv
 .text._Z12EEPROM_Writejh
                0x00001bcc       0x14 main.o
                0x00001bcc                _Z12EEPROM_Writejh
 .text._Z11EEPROM_Readj
                0x00001be0       0x12 main.o
                0x00001be0                _Z11EEPROM_Readj
 .text.__vector_11
                0x00001bf2       0x38 main.o
                0x00001bf2                __vector_11
 .text.__vector_13
                0x00001c2a       0x22 main.o
                0x00001c2a                __vector_13
 .text._Z6nullenv
                0x00001c4c       0x42 main.o
                0x00001c4c                _Z6nullenv
 .text._ZN5tacho11tastendruckEPh
                0x00001c8e        0xe main.o
                0x00001c8e                _ZN5tacho11tastendruckEPh
 .text._Z13reed_debouncePVhh
                0x00001c9c       0x4a main.o
                0x00001c9c                _Z13reed_debouncePVhh
 .text._Z15geschwindigkeitf
                0x00001ce6       0xd2 main.o
                0x00001ce6                _Z15geschwindigkeitf
 .text._Z15initialisierungv
                0x00001db8      0x1f8 main.o
                0x00001db8                _Z15initialisierungv
 .text._Z19maininterupthandlerP7monitorh
                0x00001fb0      0x1fc main.o
                0x00001fb0                _Z19maininterupthandlerP7monitorh
 .text.main     0x000021ac      0x236 main.o
                0x000021ac                main
 .text._Z13uhreinstellenv
                0x000023e2      0x72a main.o
                0x000023e2                _Z13uhreinstellenv
 .text._ZN13einstellungen4drawEv
                0x00002b0c      0x352 main.o
                0x00002b0c                _ZN13einstellungen4drawEv
 .text._GLOBAL__sub_I__Z8wdt_initv
                0x00002e5e       0x56 main.o
 .text._GLOBAL__sub_D__Z8wdt_initv
                0x00002eb4       0x46 main.o
 .text._ZN6OutputC2Ehh
                0x00002efa       0x74 Output.o
                0x00002efa                _ZN6OutputC2Ehh
                0x00002efa                _ZN6OutputC1Ehh
 .text._ZN6OutputD2Ev
                0x00002f6e        0x2 Output.o
                0x00002f6e                _ZN6OutputD1Ev
                0x00002f6e                _ZN6OutputD2Ev
 .text._ZN6Output2onEv
                0x00002f70       0x7a Output.o
                0x00002f70                _ZN6Output2onEv
 .text._ZN6Output4isonEv
                0x00002fea       0x76 Output.o
                0x00002fea                _ZN6Output4isonEv
 .text._ZN6Output3offEv
                0x00003060       0x82 Output.o
                0x00003060                _ZN6Output3offEv
 .text._ZN3RTCD2Ev
                0x000030e2        0x2 RTC.o
                0x000030e2                _ZN3RTCD2Ev
                0x000030e2                _ZN3RTCD1Ev
 .text._ZN3RTC6WeckerEv
                0x000030e4       0x22 RTC.o
                0x000030e4                _ZN3RTC6WeckerEv
 .text._ZN3RTC14ausgabezeitneuEv
                0x00003106       0x72 RTC.o
                0x00003106                _ZN3RTC14ausgabezeitneuEv
 .text._ZN3RTC15ausgabedatumneuEv
                0x00003178       0x72 RTC.o
                0x00003178                _ZN3RTC15ausgabedatumneuEv
 .text._ZN3RTCC2Ev
                0x000031ea       0x52 RTC.o
                0x000031ea                _ZN3RTCC2Ev
                0x000031ea                _ZN3RTCC1Ev
 .text._ZN3RTC8kalenderEv
                0x0000323c       0x88 RTC.o
                0x0000323c                _ZN3RTC8kalenderEv
 .text._ZN3RTC4zeitEv
                0x000032c4       0x76 RTC.o
                0x000032c4                _ZN3RTC4zeitEv
 .text._ZN3RTC8RTCstartEv
                0x0000333a       0x34 RTC.o
                0x0000333a                _ZN3RTC8RTCstartEv
 .text._ZN3RTC7RTCstopEv
                0x0000336e        0xc RTC.o
                0x0000336e                _ZN3RTC7RTCstopEv
 .text._ZN5SOUNDD2Ev
                0x0000337a        0x2 SOUND.o
                0x0000337a                _ZN5SOUNDD2Ev
                0x0000337a                _ZN5SOUNDD1Ev
 .text._ZN5SOUND2onEv
                0x0000337c       0x12 SOUND.o
                0x0000337c                _ZN5SOUND2onEv
 .text._ZN5SOUND3offEv
                0x0000338e        0x8 SOUND.o
                0x0000338e                _ZN5SOUND3offEv
 .text._ZN5SOUND12setfrequenciEj
                0x00003396       0x38 SOUND.o
                0x00003396                _ZN5SOUND12setfrequenciEj
 .text._ZN5SOUNDC2Ev
                0x000033ce       0x2e SOUND.o
                0x000033ce                _ZN5SOUNDC2Ev
                0x000033ce                _ZN5SOUNDC1Ev
 .text.avr-libc.fplib
                0x000033fc        0xa c:/program files (x86)/atmel/studio/7.0/toolchain/avr8/avr8-gnu-toolchain/bin/../lib/gcc/avr/4.9.2/../../../../avr/lib/avr51\libm.a(addsf3.o)
                0x000033fc                __subsf3
                0x000033fe                __addsf3
 .text.avr-libc.fplib
                0x00003406       0xc0 c:/program files (x86)/atmel/studio/7.0/toolchain/avr8/avr8-gnu-toolchain/bin/../lib/gcc/avr/4.9.2/../../../../avr/lib/avr51\libm.a(addsf3x.o)
                0x00003420                __addsf3x
 .text.avr-libc.fplib
                0x000034c6        0x6 c:/program files (x86)/atmel/studio/7.0/toolchain/avr8/avr8-gnu-toolchain/bin/../lib/gcc/avr/4.9.2/../../../../avr/lib/avr51\libm.a(cos.o)
                0x000034c6                cos
 .text.avr-libc.fplib
                0x000034cc        0x4 c:/program files (x86)/atmel/studio/7.0/toolchain/avr8/avr8-gnu-toolchain/bin/../lib/gcc/avr/4.9.2/../../../../avr/lib/avr51\libm.a(divsf3.o)
                0x000034cc                __divsf3
 .text.avr-libc.fplib
                0x000034d0       0xcc c:/program files (x86)/atmel/studio/7.0/toolchain/avr8/avr8-gnu-toolchain/bin/../lib/gcc/avr/4.9.2/../../../../avr/lib/avr51\libm.a(divsf3x.o)
                0x000034e6                __divsf3x
                0x000034ea                __divsf3_pse
 .text.avr-libc.fplib
                0x0000359c        0xa c:/program files (x86)/atmel/studio/7.0/toolchain/avr8/avr8-gnu-toolchain/bin/../lib/gcc/avr/4.9.2/../../../../avr/lib/avr51\libm.a(fixsfsi.o)
                0x0000359c                __fixsfsi
 .text.avr-libc.fplib
                0x000035a6       0x58 c:/program files (x86)/atmel/studio/7.0/toolchain/avr8/avr8-gnu-toolchain/bin/../lib/gcc/avr/4.9.2/../../../../avr/lib/avr51\libm.a(fixunssfsi.o)
                0x000035a6                __fixunssfsi
 .text.avr-libc.fplib
                0x000035fe       0x7a c:/program files (x86)/atmel/studio/7.0/toolchain/avr8/avr8-gnu-toolchain/bin/../lib/gcc/avr/4.9.2/../../../../avr/lib/avr51\libm.a(floatsisf.o)
                0x000035fe                __floatunsisf
                0x00003602                __floatsisf
 .text.avr-libc.fplib
                0x00003678       0x48 c:/program files (x86)/atmel/studio/7.0/toolchain/avr8/avr8-gnu-toolchain/bin/../lib/gcc/avr/4.9.2/../../../../avr/lib/avr51\libm.a(fp_cmp.o)
                0x00003678                __fp_cmp
 .text.avr-libc.fplib
                0x000036c0        0xc c:/program files (x86)/atmel/studio/7.0/toolchain/avr8/avr8-gnu-toolchain/bin/../lib/gcc/avr/4.9.2/../../../../avr/lib/avr51\libm.a(fp_inf.o)
                0x000036c0                __fp_inf
 .text.avr-libc.fplib
                0x000036cc        0x6 c:/program files (x86)/atmel/studio/7.0/toolchain/avr8/avr8-gnu-toolchain/bin/../lib/gcc/avr/4.9.2/../../../../avr/lib/avr51\libm.a(fp_nan.o)
                0x000036cc                __fp_nan
 .text.avr-libc.fplib
                0x000036d2       0x4a c:/program files (x86)/atmel/studio/7.0/toolchain/avr8/avr8-gnu-toolchain/bin/../lib/gcc/avr/4.9.2/../../../../avr/lib/avr51\libm.a(fp_powser.o)
                0x000036d2                __fp_powser
 .text.avr-libc.fplib
                0x0000371c        0xe c:/program files (x86)/atmel/studio/7.0/toolchain/avr8/avr8-gnu-toolchain/bin/../lib/gcc/avr/4.9.2/../../../../avr/lib/avr51\libm.a(fp_pscA.o)
                0x0000371c                __fp_pscA
 .text.avr-libc.fplib
                0x0000372a        0xe c:/program files (x86)/atmel/studio/7.0/toolchain/avr8/avr8-gnu-toolchain/bin/../lib/gcc/avr/4.9.2/../../../../avr/lib/avr51\libm.a(fp_pscB.o)
                0x0000372a                __fp_pscB
 .text.avr-libc.fplib
                0x00003738       0x50 c:/program files (x86)/atmel/studio/7.0/toolchain/avr8/avr8-gnu-toolchain/bin/../lib/gcc/avr/4.9.2/../../../../avr/lib/avr51\libm.a(fp_rempio2.o)
                0x0000373a                __fp_rempio2
 .text.avr-libc.fplib
                0x00003788       0x22 c:/program files (x86)/atmel/studio/7.0/toolchain/avr8/avr8-gnu-toolchain/bin/../lib/gcc/avr/4.9.2/../../../../avr/lib/avr51\libm.a(fp_round.o)
                0x00003788                __fp_round
 .text.avr-libc.fplib
                0x000037aa       0x22 c:/program files (x86)/atmel/studio/7.0/toolchain/avr8/avr8-gnu-toolchain/bin/../lib/gcc/avr/4.9.2/../../../../avr/lib/avr51\libm.a(fp_sinus.o)
                0x000037aa                __fp_sinus
 .text.avr-libc.fplib
                0x000037cc       0x44 c:/program files (x86)/atmel/studio/7.0/toolchain/avr8/avr8-gnu-toolchain/bin/../lib/gcc/avr/4.9.2/../../../../avr/lib/avr51\libm.a(fp_split3.o)
                0x000037cc                __fp_split3
                0x000037dc                __fp_splitA
 .text.avr-libc.fplib
                0x00003810        0xe c:/program files (x86)/atmel/studio/7.0/toolchain/avr8/avr8-gnu-toolchain/bin/../lib/gcc/avr/4.9.2/../../../../avr/lib/avr51\libm.a(fp_zero.o)
                0x00003810                __fp_zero
                0x00003812                __fp_szero
 .text.avr-libc.fplib
                0x0000381e        0x8 c:/program files (x86)/atmel/studio/7.0/toolchain/avr8/avr8-gnu-toolchain/bin/../lib/gcc/avr/4.9.2/../../../../avr/lib/avr51\libm.a(gesf2.o)
                0x0000381e                __gesf2
                0x0000381e                __gtsf2
 .text.avr-libc.fplib
                0x00003826        0x4 c:/program files (x86)/atmel/studio/7.0/toolchain/avr8/avr8-gnu-toolchain/bin/../lib/gcc/avr/4.9.2/../../../../avr/lib/avr51\libm.a(mulsf3.o)
                0x00003826                __mulsf3
 .text.avr-libc.fplib
                0x0000382a       0xc2 c:/program files (x86)/atmel/studio/7.0/toolchain/avr8/avr8-gnu-toolchain/bin/../lib/gcc/avr/4.9.2/../../../../avr/lib/avr51\libm.a(mulsf3x.o)
                0x0000383e                __mulsf3x
                0x00003842                __mulsf3_pse
 .text.avr-libc.fplib
                0x000038ec        0xc c:/program files (x86)/atmel/studio/7.0/toolchain/avr8/avr8-gnu-toolchain/bin/../lib/gcc/avr/4.9.2/../../../../avr/lib/avr51\libm.a(sin.o)
                0x000038ec                sin
 .text.avr-libc.fplib
                0x000038f8       0x1c c:/program files (x86)/atmel/studio/7.0/toolchain/avr8/avr8-gnu-toolchain/bin/../lib/gcc/avr/4.9.2/../../../../avr/lib/avr51\libm.a(fp_mpack.o)
                0x000038f8                __fp_mpack
                0x000038fc                __fp_mpack_finite
 .text.avr-libc.fplib
                0x00003914       0x22 c:/program files (x86)/atmel/studio/7.0/toolchain/avr8/avr8-gnu-toolchain/bin/../lib/gcc/avr/4.9.2/../../../../avr/lib/avr51\libm.a(fp_powsodd.o)
                0x00003914                __fp_powsodd
 .text.avr-libc
                0x00003936      0x710 c:/program files (x86)/atmel/studio/7.0/toolchain/avr8/avr8-gnu-toolchain/bin/../lib/gcc/avr/4.9.2/../../../../avr/lib/avr51\libprintf_flt.a(vfprintf_flt.o)
                0x00003936                vfprintf
 .text.libgcc.div
                0x00004046       0x44 c:/program files (x86)/atmel/studio/7.0/toolchain/avr8/avr8-gnu-toolchain/bin/../lib/gcc/avr/4.9.2/avr51\libgcc.a(_udivmodsi4.o)
                0x00004046                __udivmodsi4
 .text.libgcc   0x0000408a       0x12 c:/program files (x86)/atmel/studio/7.0/toolchain/avr8/avr8-gnu-toolchain/bin/../lib/gcc/avr/4.9.2/avr51\libgcc.a(_tablejump2.o)
                0x0000408a                __tablejump2__
 .text.avr-libc
                0x0000409c      0x25a c:/program files (x86)/atmel/studio/7.0/toolchain/avr8/avr8-gnu-toolchain/bin/../lib/gcc/avr/4.9.2/../../../../avr/lib/avr51\libc.a(malloc.o)
                0x0000409c                malloc
                0x000041c6                free
 .text.avr-libc
                0x000042f6      0x1b0 c:/program files (x86)/atmel/studio/7.0/toolchain/avr8/avr8-gnu-toolchain/bin/../lib/gcc/avr/4.9.2/../../../../avr/lib/avr51\libc.a(ftoa_engine.o)
                0x000042f6                __ftoa_engine
 .text.avr-libc
                0x000044a6       0x16 c:/program files (x86)/atmel/studio/7.0/toolchain/avr8/avr8-gnu-toolchain/bin/../lib/gcc/avr/4.9.2/../../../../avr/lib/avr51\libc.a(strnlen_P.o)
                0x000044a6                strnlen_P
 .text.avr-libc
                0x000044bc       0x16 c:/program files (x86)/atmel/studio/7.0/toolchain/avr8/avr8-gnu-toolchain/bin/../lib/gcc/avr/4.9.2/../../../../avr/lib/avr51\libc.a(strnlen.o)
                0x000044bc                strnlen
 .text.avr-libc
                0x000044d2       0x70 c:/program files (x86)/atmel/studio/7.0/toolchain/avr8/avr8-gnu-toolchain/bin/../lib/gcc/avr/4.9.2/../../../../avr/lib/avr51\libc.a(fputc.o)
                0x000044d2                fputc
 .text.avr-libc
                0x00004542       0x5e c:/program files (x86)/atmel/studio/7.0/toolchain/avr8/avr8-gnu-toolchain/bin/../lib/gcc/avr/4.9.2/../../../../avr/lib/avr51\libc.a(sprintf.o)
                0x00004542                sprintf
 .text.avr-libc
                0x000045a0       0xbc c:/program files (x86)/atmel/studio/7.0/toolchain/avr8/avr8-gnu-toolchain/bin/../lib/gcc/avr/4.9.2/../../../../avr/lib/avr51\libc.a(ultoa_invert.o)
                0x000045a0                __ultoa_invert
                0x0000465c                . = ALIGN (0x2)
 *(.fini9)
 .fini9         0x0000465c        0x0 c:/program files (x86)/atmel/studio/7.0/toolchain/avr8/avr8-gnu-toolchain/bin/../lib/gcc/avr/4.9.2/avr51\libgcc.a(_exit.o)
                0x0000465c                _exit
                0x0000465c                exit
 *(.fini9)
 *(.fini8)
 *(.fini8)
 *(.fini7)
 *(.fini7)
 *(.fini6)
 .fini6         0x0000465c       0x14 c:/program files (x86)/atmel/studio/7.0/toolchain/avr8/avr8-gnu-toolchain/bin/../lib/gcc/avr/4.9.2/avr51\libgcc.a(_dtors.o)
                0x0000465c                __do_global_dtors
 *(.fini6)
 *(.fini5)
 *(.fini5)
 *(.fini4)
 *(.fini4)
 *(.fini3)
 *(.fini3)
 *(.fini2)
 *(.fini2)
 *(.fini1)
 *(.fini1)
 *(.fini0)
 .fini0         0x00004670        0x4 c:/program files (x86)/atmel/studio/7.0/toolchain/avr8/avr8-gnu-toolchain/bin/../lib/gcc/avr/4.9.2/avr51\libgcc.a(_exit.o)
 *(.fini0)
                0x00004674                _etext = .

.data           0x00800100      0x186 load address 0x00004674
                0x00800100                PROVIDE (__data_start, .)
 *(.data)
 .data          0x00800100        0x6 c:/program files (x86)/atmel/studio/7.0/toolchain/avr8/avr8-gnu-toolchain/bin/../lib/gcc/avr/4.9.2/../../../../avr/lib/avr51\libc.a(malloc.o)
                0x00800100                __malloc_heap_end
                0x00800102                __malloc_heap_start
                0x00800104                __malloc_margin
 *(.data*)
 *(.rodata)
 *(.rodata*)
 .rodata.str1.1
                0x00800106      0x14f main.o
                                0x154 (size before relaxing)
 .rodata._ZTV3uhr
                0x00800255        0x8 main.o
                0x00800255                _ZTV3uhr
 .rodata._ZTV5tacho
                0x0080025d        0x8 main.o
                0x0080025d                _ZTV5tacho
 .rodata._ZTV13einstellungen
                0x00800265        0x8 main.o
                0x00800265                _ZTV13einstellungen
 .rodata._ZTV9wilkommen
                0x0080026d        0x8 main.o
                0x0080026d                _ZTV9wilkommen
 .rodata._ZTV5menue
                0x00800275        0x8 main.o
                0x00800275                _ZTV5menue
 .rodata._ZTV9offscreen
                0x0080027d        0x8 main.o
                0x0080027d                _ZTV9offscreen
 *(.gnu.linkonce.d*)
                0x00800286                . = ALIGN (0x2)
 *fill*         0x00800285        0x1 
                0x00800286                _edata = .
                0x00800286                PROVIDE (__data_end, .)

.bss            0x00800286      0x554
                0x00800286                PROVIDE (__bss_start, .)
 *(.bss)
 *(.bss*)
 .bss.Fahrtzeit
                0x00800286        0x4 main.o
                0x00800286                Fahrtzeit
 .bss.maxgeschw
                0x0080028a        0x4 main.o
                0x0080028a                maxgeschw
 .bss.strecke   0x0080028e        0x4 main.o
                0x0080028e                strecke
 .bss.geschw    0x00800292        0x4 main.o
                0x00800292                geschw
 .bss.FPS       0x00800296        0x1 main.o
                0x00800296                FPS
 .bss.position  0x00800297        0x1 main.o
                0x00800297                position
 .bss.statusreg
                0x00800298        0x1 main.o
                0x00800298                statusreg
 .bss.anzeige   0x00800299        0x1 main.o
                0x00800299                anzeige
 .bss.Sound     0x0080029a        0x2 main.o
                0x0080029a                Sound
 .bss.IRLED     0x0080029c        0x2 main.o
                0x0080029c                IRLED
 .bss.Vibrationsmotor
                0x0080029e        0x2 main.o
                0x0080029e                Vibrationsmotor
 .bss.LED       0x008002a0        0x2 main.o
                0x008002a0                LED
 .bss.batterie  0x008002a2        0x4 main.o
                0x008002a2                batterie
 .bss.kompass   0x008002a6       0x19 main.o
                0x008002a6                kompass
 .bss.Accelerometer
                0x008002bf       0xe9 main.o
                0x008002bf                Accelerometer
 .bss.Lautsprecher
                0x008003a8        0x2 main.o
                0x008003a8                Lautsprecher
 .bss.Tastatur  0x008003aa        0xc main.o
                0x008003aa                Tastatur
 .bss.oled      0x008003b6      0x401 main.o
                0x008003b6                oled
 .bss.rtc       0x008007b7       0x1f main.o
                0x008007b7                rtc
 *(COMMON)
 COMMON         0x008007d6        0x4 c:/program files (x86)/atmel/studio/7.0/toolchain/avr8/avr8-gnu-toolchain/bin/../lib/gcc/avr/4.9.2/../../../../avr/lib/avr51\libc.a(malloc.o)
                0x008007d6                __brkval
                0x008007d8                __flp
                0x008007da                PROVIDE (__bss_end, .)
                0x00004674                __data_load_start = LOADADDR (.data)
                0x000047fa                __data_load_end = (__data_load_start + SIZEOF (.data))

.noinit         0x008007da        0x0
                0x008007da                PROVIDE (__noinit_start, .)
 *(.noinit*)
                0x008007da                PROVIDE (__noinit_end, .)
                0x008007da                _end = .
                0x008007da                PROVIDE (__heap_start, .)

.eeprom         0x00810000        0x0
 *(.eeprom*)
                0x00810000                __eeprom_end = .

.fuse
 *(.fuse)
 *(.lfuse)
 *(.hfuse)
 *(.efuse)

.lock
 *(.lock*)

.signature
 *(.signature*)

.user_signatures
 *(.user_signatures*)

.stab
 *(.stab)

.stabstr
 *(.stabstr)

.stab.excl
 *(.stab.excl)

.stab.exclstr
 *(.stab.exclstr)

.stab.index
 *(.stab.index)

.stab.indexstr
 *(.stab.indexstr)

.comment        0x00000000       0x5c
 *(.comment)
 .comment       0x00000000       0x30 Display.o
                                 0x31 (size before relaxing)
 .comment       0x00000030       0x31 I2C.o
 .comment       0x00000030       0x31 Interface.o
 .comment       0x00000030       0x31 Kompass.o
 .comment       0x00000030       0x31 LSM303D.o
 .comment       0x00000030       0x31 main.o
 .comment       0x00000030       0x31 Output.o
 .comment       0x00000030       0x31 RTC.o
 .comment       0x00000030       0x31 SOUND.o
 .comment       0x00000030       0x2c c:/program files (x86)/atmel/studio/7.0/toolchain/avr8/avr8-gnu-toolchain/bin/../lib/gcc/avr/4.9.2/../../../../avr/lib/avr51\libprintf_flt.a(vfprintf_flt.o)
                                 0x2d (size before relaxing)
 .comment       0x0000005c       0x31 c:/program files (x86)/atmel/studio/7.0/toolchain/avr8/avr8-gnu-toolchain/bin/../lib/gcc/avr/4.9.2/../../../../avr/lib/avr51\libc.a(malloc.o)
 .comment       0x0000005c       0x31 c:/program files (x86)/atmel/studio/7.0/toolchain/avr8/avr8-gnu-toolchain/bin/../lib/gcc/avr/4.9.2/../../../../avr/lib/avr51\libc.a(fputc.o)
 .comment       0x0000005c       0x31 c:/program files (x86)/atmel/studio/7.0/toolchain/avr8/avr8-gnu-toolchain/bin/../lib/gcc/avr/4.9.2/../../../../avr/lib/avr51\libc.a(sprintf.o)

.note.gnu.avr.deviceinfo
                0x00000000       0x40
 .note.gnu.avr.deviceinfo
                0x00000000       0x40 C:/Program Files (x86)/Atmel/Studio/7.0/Packs/atmel/ATmega_DFP/1.0.90/gcc/dev/atmega1284p/avr51/crtatmega1284p.o

.note.gnu.build-id
 *(.note.gnu.build-id)

.debug
 *(.debug)

.line
 *(.line)

.debug_srcinfo
 *(.debug_srcinfo)

.debug_sfnames
 *(.debug_sfnames)

.debug_aranges  0x00000000      0x428
 *(.debug_aranges)
 .debug_aranges
                0x00000000       0xb0 Display.o
 .debug_aranges
                0x000000b0       0x58 I2C.o
 .debug_aranges
                0x00000108       0x58 Interface.o
 .debug_aranges
                0x00000160       0x50 Kompass.o
 .debug_aranges
                0x000001b0       0x70 LSM303D.o
 .debug_aranges
                0x00000220      0x110 main.o
 .debug_aranges
                0x00000330       0x48 Output.o
 .debug_aranges
                0x00000378       0x70 RTC.o
 .debug_aranges
                0x000003e8       0x40 SOUND.o

.debug_pubnames
 *(.debug_pubnames)

.debug_info     0x00000000     0x9d43
 *(.debug_info .gnu.linkonce.wi.*)
 .debug_info    0x00000000     0x1c41 Display.o
 .debug_info    0x00001c41      0x372 I2C.o
 .debug_info    0x00001fb3      0xd25 Interface.o
 .debug_info    0x00002cd8      0x989 Kompass.o
 .debug_info    0x00003661      0xd77 LSM303D.o
 .debug_info    0x000043d8     0x4c06 main.o
 .debug_info    0x00008fde      0x3f7 Output.o
 .debug_info    0x000093d5      0x62e RTC.o
 .debug_info    0x00009a03      0x340 SOUND.o

.debug_abbrev   0x00000000     0x1bf6
 *(.debug_abbrev)
 .debug_abbrev  0x00000000      0x34e Display.o
 .debug_abbrev  0x0000034e      0x190 I2C.o
 .debug_abbrev  0x000004de      0x2b6 Interface.o
 .debug_abbrev  0x00000794      0x2de Kompass.o
 .debug_abbrev  0x00000a72      0x338 LSM303D.o
 .debug_abbrev  0x00000daa      0x846 main.o
 .debug_abbrev  0x000015f0      0x1e0 Output.o
 .debug_abbrev  0x000017d0      0x256 RTC.o
 .debug_abbrev  0x00001a26      0x1d0 SOUND.o

.debug_line     0x00000000     0x332e
 *(.debug_line .debug_line.* .debug_line_end)
 .debug_line    0x00000000      0x839 Display.o
 .debug_line    0x00000839      0x197 I2C.o
 .debug_line    0x000009d0      0x551 Interface.o
 .debug_line    0x00000f21      0x338 Kompass.o
 .debug_line    0x00001259      0x55b LSM303D.o
 .debug_line    0x000017b4     0x13c1 main.o
 .debug_line    0x00002b75      0x217 Output.o
 .debug_line    0x00002d8c      0x44d RTC.o
 .debug_line    0x000031d9      0x155 SOUND.o

.debug_frame    0x00000000      0xfb0
 *(.debug_frame)
 .debug_frame   0x00000000      0x3a0 Display.o
 .debug_frame   0x000003a0       0x94 I2C.o
 .debug_frame   0x00000434       0xb0 Interface.o
 .debug_frame   0x000004e4      0x144 Kompass.o
 .debug_frame   0x00000628      0x238 LSM303D.o
 .debug_frame   0x00000860      0x564 main.o
 .debug_frame   0x00000dc4       0x74 Output.o
 .debug_frame   0x00000e38       0xf4 RTC.o
 .debug_frame   0x00000f2c       0x84 SOUND.o

.debug_str      0x00000000     0x1463
 *(.debug_str)
 .debug_str     0x00000000      0x646 Display.o
                                0x690 (size before relaxing)
 .debug_str     0x00000646       0x2a I2C.o
                                0x290 (size before relaxing)
 .debug_str     0x00000670      0x19d Interface.o
                                0x36d (size before relaxing)
 .debug_str     0x0000080d      0x17d Kompass.o
                                0x417 (size before relaxing)
 .debug_str     0x0000098a      0x213 LSM303D.o
                                0x4d7 (size before relaxing)
 .debug_str     0x00000b9d      0x817 main.o
                               0x1292 (size before relaxing)
 .debug_str     0x000013b4       0x51 Output.o
                                0x277 (size before relaxing)
 .debug_str     0x00001405       0x25 RTC.o
                                0x37d (size before relaxing)
 .debug_str     0x0000142a       0x39 SOUND.o
                                0x26d (size before relaxing)

.debug_loc      0x00000000     0x68bb
 *(.debug_loc)
 .debug_loc     0x00000000     0x1bcd Display.o
 .debug_loc     0x00001bcd      0x128 I2C.o
 .debug_loc     0x00001cf5      0xac7 Interface.o
 .debug_loc     0x000027bc      0x74c Kompass.o
 .debug_loc     0x00002f08      0xf76 LSM303D.o
 .debug_loc     0x00003e7e     0x2230 main.o
 .debug_loc     0x000060ae      0x397 Output.o
 .debug_loc     0x00006445      0x2d3 RTC.o
 .debug_loc     0x00006718      0x1a3 SOUND.o

.debug_macinfo
 *(.debug_macinfo)

.debug_weaknames
 *(.debug_weaknames)

.debug_funcnames
 *(.debug_funcnames)

.debug_typenames
 *(.debug_typenames)

.debug_varnames
 *(.debug_varnames)

.debug_pubtypes
 *(.debug_pubtypes)

.debug_ranges   0x00000000      0x458
 *(.debug_ranges)
 .debug_ranges  0x00000000      0x100 Display.o
 .debug_ranges  0x00000100       0x48 I2C.o
 .debug_ranges  0x00000148       0x48 Interface.o
 .debug_ranges  0x00000190       0x58 Kompass.o
 .debug_ranges  0x000001e8       0x60 LSM303D.o
 .debug_ranges  0x00000248      0x148 main.o
 .debug_ranges  0x00000390       0x38 Output.o
 .debug_ranges  0x000003c8       0x60 RTC.o
 .debug_ranges  0x00000428       0x30 SOUND.o

.debug_macro
 *(.debug_macro)
OUTPUT(FWCP_MK3.elf elf32-avr)
LOAD linker stubs
