Archive member included to satisfy reference by file (symbol)

c:/program files (x86)/atmel/studio/7.0/toolchain/avr8/avr8-gnu-toolchain/bin/../lib/gcc/avr/4.9.2/../../../../avr/lib/avr51\libm.a(addsf3.o)
                              BMP180.o (__subsf3)
c:/program files (x86)/atmel/studio/7.0/toolchain/avr8/avr8-gnu-toolchain/bin/../lib/gcc/avr/4.9.2/../../../../avr/lib/avr51\libm.a(addsf3x.o)
                              c:/program files (x86)/atmel/studio/7.0/toolchain/avr8/avr8-gnu-toolchain/bin/../lib/gcc/avr/4.9.2/../../../../avr/lib/avr51\libm.a(addsf3.o) (__addsf3x)
c:/program files (x86)/atmel/studio/7.0/toolchain/avr8/avr8-gnu-toolchain/bin/../lib/gcc/avr/4.9.2/../../../../avr/lib/avr51\libm.a(atan2.o)
                              Kompass.o (atan2)
c:/program files (x86)/atmel/studio/7.0/toolchain/avr8/avr8-gnu-toolchain/bin/../lib/gcc/avr/4.9.2/../../../../avr/lib/avr51\libm.a(atan.o)
                              c:/program files (x86)/atmel/studio/7.0/toolchain/avr8/avr8-gnu-toolchain/bin/../lib/gcc/avr/4.9.2/../../../../avr/lib/avr51\libm.a(atan2.o) (atan)
c:/program files (x86)/atmel/studio/7.0/toolchain/avr8/avr8-gnu-toolchain/bin/../lib/gcc/avr/4.9.2/../../../../avr/lib/avr51\libm.a(cmpsf2.o)
                              Kompass.o (__ltsf2)
c:/program files (x86)/atmel/studio/7.0/toolchain/avr8/avr8-gnu-toolchain/bin/../lib/gcc/avr/4.9.2/../../../../avr/lib/avr51\libm.a(cos.o)
                              Display.o (cos)
c:/program files (x86)/atmel/studio/7.0/toolchain/avr8/avr8-gnu-toolchain/bin/../lib/gcc/avr/4.9.2/../../../../avr/lib/avr51\libm.a(divsf3.o)
                              BMP180.o (__divsf3)
c:/program files (x86)/atmel/studio/7.0/toolchain/avr8/avr8-gnu-toolchain/bin/../lib/gcc/avr/4.9.2/../../../../avr/lib/avr51\libm.a(divsf3x.o)
                              c:/program files (x86)/atmel/studio/7.0/toolchain/avr8/avr8-gnu-toolchain/bin/../lib/gcc/avr/4.9.2/../../../../avr/lib/avr51\libm.a(divsf3.o) (__divsf3x)
c:/program files (x86)/atmel/studio/7.0/toolchain/avr8/avr8-gnu-toolchain/bin/../lib/gcc/avr/4.9.2/../../../../avr/lib/avr51\libm.a(fixsfsi.o)
                              Kompass.o (__fixsfsi)
c:/program files (x86)/atmel/studio/7.0/toolchain/avr8/avr8-gnu-toolchain/bin/../lib/gcc/avr/4.9.2/../../../../avr/lib/avr51\libm.a(fixunssfsi.o)
                              Display.o (__fixunssfsi)
c:/program files (x86)/atmel/studio/7.0/toolchain/avr8/avr8-gnu-toolchain/bin/../lib/gcc/avr/4.9.2/../../../../avr/lib/avr51\libm.a(floatsisf.o)
                              BMP180.o (__floatunsisf)
c:/program files (x86)/atmel/studio/7.0/toolchain/avr8/avr8-gnu-toolchain/bin/../lib/gcc/avr/4.9.2/../../../../avr/lib/avr51\libm.a(fp_cmp.o)
                              c:/program files (x86)/atmel/studio/7.0/toolchain/avr8/avr8-gnu-toolchain/bin/../lib/gcc/avr/4.9.2/../../../../avr/lib/avr51\libm.a(cmpsf2.o) (__fp_cmp)
c:/program files (x86)/atmel/studio/7.0/toolchain/avr8/avr8-gnu-toolchain/bin/../lib/gcc/avr/4.9.2/../../../../avr/lib/avr51\libm.a(fp_inf.o)
                              c:/program files (x86)/atmel/studio/7.0/toolchain/avr8/avr8-gnu-toolchain/bin/../lib/gcc/avr/4.9.2/../../../../avr/lib/avr51\libm.a(addsf3x.o) (__fp_inf)
c:/program files (x86)/atmel/studio/7.0/toolchain/avr8/avr8-gnu-toolchain/bin/../lib/gcc/avr/4.9.2/../../../../avr/lib/avr51\libm.a(fp_nan.o)
                              c:/program files (x86)/atmel/studio/7.0/toolchain/avr8/avr8-gnu-toolchain/bin/../lib/gcc/avr/4.9.2/../../../../avr/lib/avr51\libm.a(addsf3x.o) (__fp_nan)
c:/program files (x86)/atmel/studio/7.0/toolchain/avr8/avr8-gnu-toolchain/bin/../lib/gcc/avr/4.9.2/../../../../avr/lib/avr51\libm.a(fp_powser.o)
                              c:/program files (x86)/atmel/studio/7.0/toolchain/avr8/avr8-gnu-toolchain/bin/../lib/gcc/avr/4.9.2/../../../../avr/lib/avr51\libm.a(atan.o) (__fp_powser)
c:/program files (x86)/atmel/studio/7.0/toolchain/avr8/avr8-gnu-toolchain/bin/../lib/gcc/avr/4.9.2/../../../../avr/lib/avr51\libm.a(fp_pscA.o)
                              c:/program files (x86)/atmel/studio/7.0/toolchain/avr8/avr8-gnu-toolchain/bin/../lib/gcc/avr/4.9.2/../../../../avr/lib/avr51\libm.a(addsf3x.o) (__fp_pscA)
c:/program files (x86)/atmel/studio/7.0/toolchain/avr8/avr8-gnu-toolchain/bin/../lib/gcc/avr/4.9.2/../../../../avr/lib/avr51\libm.a(fp_pscB.o)
                              c:/program files (x86)/atmel/studio/7.0/toolchain/avr8/avr8-gnu-toolchain/bin/../lib/gcc/avr/4.9.2/../../../../avr/lib/avr51\libm.a(addsf3x.o) (__fp_pscB)
c:/program files (x86)/atmel/studio/7.0/toolchain/avr8/avr8-gnu-toolchain/bin/../lib/gcc/avr/4.9.2/../../../../avr/lib/avr51\libm.a(fp_rempio2.o)
                              c:/program files (x86)/atmel/studio/7.0/toolchain/avr8/avr8-gnu-toolchain/bin/../lib/gcc/avr/4.9.2/../../../../avr/lib/avr51\libm.a(cos.o) (__fp_rempio2)
[...]
Memory Configuration

Name             Origin             Length             Attributes
text             0x00000000         0x00020000         xr
data             0x00800100         0x0000ff00         rw !x
eeprom           0x00810000         0x00010000         rw !x
fuse             0x00820000         0x00000400         rw !x
lock             0x00830000         0x00000400         rw !x
signature        0x00840000         0x00000400         rw !x
user_signatures  0x00850000         0x00000400         rw !x
*default*        0x00000000         0xffffffff

Linker script and memory map

Address of section .data set to 0x800100
LOAD C:/Program Files (x86)/Atmel/Studio/7.0/Packs/atmel/ATmega_DFP/1.0.90/gcc/dev/atmega1284p/avr51/crtatmega1284p.o
LOAD BMP180.o
LOAD diskio.o
LOAD Display.o
LOAD ff.o
LOAD I2C.o
LOAD Interface.o
LOAD Kompass.o
LOAD LSM303D.o
LOAD main.o
LOAD Output.o
LOAD RTC.o
LOAD SOUND.o
START GROUP
LOAD c:/program files (x86)/atmel/studio/7.0/toolchain/avr8/avr8-gnu-toolchain/bin/../lib/gcc/avr/4.9.2/../../../../avr/lib/avr51\libm.a
LOAD c:/program files (x86)/atmel/studio/7.0/toolchain/avr8/avr8-gnu-toolchain/bin/../lib/gcc/avr/4.9.2/../../../../avr/lib/avr51\libprintf_flt.a
END GROUP
LOAD c:/program files (x86)/atmel/studio/7.0/toolchain/avr8/avr8-gnu-toolchain/bin/../lib/gcc/avr/4.9.2/avr51\libgcc.a
LOAD c:/program files (x86)/atmel/studio/7.0/toolchain/avr8/avr8-gnu-toolchain/bin/../lib/gcc/avr/4.9.2/../../../../avr/lib/avr51\libm.a
START GROUP
LOAD c:/program files (x86)/atmel/studio/7.0/toolchain/avr8/avr8-gnu-toolchain/bin/../lib/gcc/avr/4.9.2/avr51\libgcc.a
LOAD c:/program files (x86)/atmel/studio/7.0/toolchain/avr8/avr8-gnu-toolchain/bin/../lib/gcc/avr/4.9.2/../../../../avr/lib/avr51\libm.a
LOAD c:/program files (x86)/atmel/studio/7.0/toolchain/avr8/avr8-gnu-toolchain/bin/../lib/gcc/avr/4.9.2/../../../../avr/lib/avr51\libc.a
LOAD C:/Program Files (x86)/Atmel/Studio/7.0/Packs/atmel/ATmega_DFP/1.0.90/gcc/dev/atmega1284p/avr51\libatmega1284p.a
END GROUP

.hash
 *(.hash)

.dynsym
 *(.dynsym)

.dynstr
 *(.dynstr)

.gnu.version
 *(.gnu.version)

.gnu.version_d
 *(.gnu.version_d)

.gnu.version_r
 *(.gnu.version_r)

.rel.init
 *(.rel.init)

.rela.init
 *(.rela.init)

.rel.text
 *(.rel.text)
 *(.rel.text.*)
 *(.rel.gnu.linkonce.t*)

.rela.text
 *(.rela.text)
 *(.rela.text.*)
 *(.rela.gnu.linkonce.t*)

.rel.fini
 *(.rel.fini)

.rela.fini
 *(.rela.fini)

.rel.rodata
 *(.rel.rodata)
 *(.rel.rodata.*)
 *(.rel.gnu.linkonce.r*)

.rela.rodata
 *(.rela.rodata)
 *(.rela.rodata.*)
 *(.rela.gnu.linkonce.r*)

.rel.data
 *(.rel.data)
 *(.rel.data.*)
 *(.rel.gnu.linkonce.d*)

.rela.data
 *(.rela.data)
 *(.rela.data.*)
 *(.rela.gnu.linkonce.d*)

.rel.ctors
 *(.rel.ctors)

.rela.ctors
 *(.rela.ctors)

.rel.dtors
 *(.rel.dtors)

.rela.dtors
 *(.rela.dtors)

.rel.got
 *(.rel.got)

.rela.got
 *(.rela.got)

.rel.bss
 *(.rel.bss)

.rela.bss
 *(.rela.bss)

.rel.plt
 *(.rel.plt)

.rela.plt
 *(.rela.plt)

.text           0x00000000     0x9498
 *(.vectors)
 .vectors       0x00000000       0x8c C:/Program Files (x86)/Atmel/Studio/7.0/Packs/atmel/ATmega_DFP/1.0.90/gcc/dev/atmega1284p/avr51/crtatmega1284p.o
                0x00000000                __vector_default
                0x00000000                __vectors
 *(.vectors)
 *(.progmem.gcc*)
 .progmem.gcc_sw_table.disk_ioctl
                0x0000008c       0x6e diskio.o
 .progmem.gcc_sw_table.f_printf
                0x000000fa       0x2e ff.o
 .progmem.gcc_sw_table._ZN9Interface7unifiedEv
                0x00000128       0x2e Interface.o
 .progmem.gcc_sw_table._Z15tastaturhandlerP7monitorh
                0x00000156       0x8c main.o
 .progmem.gcc_sw_table._Z13uhreinstellenv
                0x000001e2       0x14 main.o
 .progmem.gcc_fplib
                0x000001f6       0x1e c:/program files (x86)/atmel/studio/7.0/toolchain/avr8/avr8-gnu-toolchain/bin/../lib/gcc/avr/4.9.2/../../../../avr/lib/avr51\libm.a(fp_sinus.o)
 .progmem.gcc_fplib
                0x00000214       0x28 c:/program files (x86)/atmel/studio/7.0/toolchain/avr8/avr8-gnu-toolchain/bin/../lib/gcc/avr/4.9.2/../../../../avr/lib/avr51\libm.a(exp.o)
 .progmem.gcc_fplib
                0x0000023c       0x5a c:/program files (x86)/atmel/studio/7.0/toolchain/avr8/avr8-gnu-toolchain/bin/../lib/gcc/avr/4.9.2/../../../../avr/lib/avr51\libm.a(log.o)
                0x00000296                . = ALIGN (0x2)
                0x00000296                __trampolines_start = .
 *(.trampolines)
 .trampolines   0x00000296        0x0 linker stubs
 *(.trampolines*)
                0x00000296                __trampolines_end = .
 *(.progmem*)
 .progmem.data._ZL11digits16x16
                0x00000296      0x140 Display.o
 .progmem.data._ZL7font5x8
                0x000003d6      0x1d6 Display.o
 .progmem.data  0x000005ac        0x8 c:/program files (x86)/atmel/studio/7.0/toolchain/avr8/avr8-gnu-toolchain/bin/../lib/gcc/avr/4.9.2/../../../../avr/lib/avr51\libprintf_flt.a(vfprintf_flt.o)
 .progmem.data  0x000005b4       0xfa c:/program files (x86)/atmel/studio/7.0/toolchain/avr8/avr8-gnu-toolchain/bin/../lib/gcc/avr/4.9.2/../../../../avr/lib/avr51\libc.a(ftoa_engine.o)
                0x000006ae                . = ALIGN (0x2)
 *(.jumptables)
 *(.jumptables*)
 *(.lowtext)
 *(.lowtext*)
                0x000006ae                __ctors_start = .
 *(.ctors)
 .ctors         0x000006ae        0x2 main.o
                0x000006b0                __ctors_end = .
                0x000006b0                __dtors_start = .
 *(.dtors)
 .dtors         0x000006b0        0x2 main.o
                0x000006b2                __dtors_end = .
 SORT(*)(.ctors)
 SORT(*)(.dtors)
 *(.init0)
 .init0         0x000006b2        0x0 C:/Program Files (x86)/Atmel/Studio/7.0/Packs/atmel/ATmega_DFP/1.0.90/gcc/dev/atmega1284p/avr51/crtatmega1284p.o
                0x000006b2                __init
 *(.init0)
 *(.init1)
 *(.init1)
 *(.init2)
 .init2         0x000006b2        0xc C:/Program Files (x86)/Atmel/Studio/7.0/Packs/atmel/ATmega_DFP/1.0.90/gcc/dev/atmega1284p/avr51/crtatmega1284p.o
 *(.init2)
 *(.init3)
 *(.init3)
 *(.init4)
 .init4         0x000006be       0x1a c:/program files (x86)/atmel/studio/7.0/toolchain/avr8/avr8-gnu-toolchain/bin/../lib/gcc/avr/4.9.2/avr51\libgcc.a(_copy_data.o)
                0x000006be                __do_copy_data
 .init4         0x000006d8       0x10 c:/program files (x86)/atmel/studio/7.0/toolchain/avr8/avr8-gnu-toolchain/bin/../lib/gcc/avr/4.9.2/avr51\libgcc.a(_clear_bss.o)
                0x000006d8                __do_clear_bss
 *(.init4)
 *(.init5)
 *(.init5)
 *(.init6)
 .init6         0x000006e8       0x16 c:/program files (x86)/atmel/studio/7.0/toolchain/avr8/avr8-gnu-toolchain/bin/../lib/gcc/avr/4.9.2/avr51\libgcc.a(_ctors.o)
                0x000006e8                __do_global_ctors
 *(.init6)
 *(.init7)
 *(.init7)
 *(.init8)
 *(.init8)
 *(.init9)
 .init9         0x000006fe        0x8 C:/Program Files (x86)/Atmel/Studio/7.0/Packs/atmel/ATmega_DFP/1.0.90/gcc/dev/atmega1284p/avr51/crtatmega1284p.o
 *(.init9)
 *(.text)
 .text          0x00000706        0x2 C:/Program Files (x86)/Atmel/Studio/7.0/Packs/atmel/ATmega_DFP/1.0.90/gcc/dev/atmega1284p/avr51/crtatmega1284p.o
                0x00000706                __vector_22
                0x00000706                __vector_28
                0x00000706                __vector_1
                0x00000706                __vector_32
                0x00000706                __vector_34
                0x00000706                __vector_24
                0x00000706                __vector_12
                0x00000706                __bad_interrupt
                0x00000706                __vector_6
                0x00000706                __vector_31
                0x00000706                __vector_3
                0x00000706                __vector_23
                0x00000706                __vector_30
                0x00000706                __vector_25
                0x00000706                __vector_17
                0x00000706                __vector_19
                0x00000706                __vector_7
                0x00000706                __vector_27
                0x00000706                __vector_5
                0x00000706                __vector_33
                0x00000706                __vector_4
                0x00000706                __vector_9
                0x00000706                __vector_2
                0x00000706                __vector_21
                0x00000706                __vector_15
                0x00000706                __vector_29
                0x00000706                __vector_8
                0x00000706                __vector_26
                0x00000706                __vector_14
                0x00000706                __vector_10
                0x00000706                __vector_18
                0x00000708                . = ALIGN (0x2)
 *(.text.*)
 .text._ZN6BMP180D2Ev
                0x00000708        0x8 BMP180.o
                0x00000708                _ZN6BMP180D1Ev
                0x00000708                _ZN6BMP180D2Ev
 .text._ZN6BMP18015bmp180_writememEhh
                0x00000710       0x3e BMP180.o
                0x00000710                _ZN6BMP18015bmp180_writememEhh
 .text._ZN6BMP18021bmp180_getcalibrationEv
                0x0000074e      0x1a4 BMP180.o
                0x0000074e                _ZN6BMP18021bmp180_getcalibrationEv
 .text._ZN6BMP180C2Ev
                0x000008f2       0x36 BMP180.o
                0x000008f2                _ZN6BMP180C1Ev
                0x000008f2                _ZN6BMP180C2Ev
 .text._ZN6BMP18021bmp180_gettemperatureEv
                0x00000928      0x146 BMP180.o
                0x00000928                _ZN6BMP18021bmp180_gettemperatureEv
 .text._ZN6BMP18018bmp180_getpressureEv
                0x00000a6e      0x354 BMP180.o
                0x00000a6e                _ZN6BMP18018bmp180_getpressureEv
 .text._ZN6BMP18018bmp180_getaltitudeEv
                0x00000dc2       0x52 BMP180.o
                0x00000dc2                _ZN6BMP18018bmp180_getaltitudeEv
 .text.power_off
                0x00000e14        0xc diskio.o
 .text.xchg_spi
                0x00000e20        0xc diskio.o
 .text.deselect
                0x00000e2c        0x8 diskio.o
 .text.select   0x00000e34       0x2a diskio.o
 .text.rcvr_datablock
                0x00000e5e       0x72 diskio.o
 .text.send_cmd
                0x00000ed0       0xac diskio.o
 .text.xmit_datablock
                0x00000f7c       0x7c diskio.o
 .text.disk_initialize
                0x00000ff8      0x182 diskio.o
                0x00000ff8                disk_initialize
 .text.disk_status
                0x0000117a        0xe diskio.o
                0x0000117a                disk_status
 .text.disk_read
                0x00001188       0xa4 diskio.o
                0x00001188                disk_read
 .text.disk_write
                0x0000122c       0xdc diskio.o
                0x0000122c                disk_write
 .text.disk_ioctl
                0x00001308      0x338 diskio.o
                0x00001308                disk_ioctl
 .text.disk_timerproc
                0x00001640       0x26 diskio.o
                0x00001640                disk_timerproc
 .text._ZN7DisplayD2Ev
                0x00001666        0x8 Display.o
                0x00001666                _ZN7DisplayD2Ev
                0x00001666                _ZN7DisplayD1Ev
 .text._ZN7Display10clearFrameEv
                0x0000166e        0xe Display.o
                0x0000166e                _ZN7Display10clearFrameEv
 .text._ZN7Display15ssd1306_commandEh
                0x0000167c       0x38 Display.o
                0x0000167c                _ZN7Display15ssd1306_commandEh
 .text._ZN7Display17InitializeDisplayEv
                0x000016b4       0xa0 Display.o
                0x000016b4                _ZN7Display17InitializeDisplayEv
 .text._ZN7DisplayC2Ev
                0x00001754       0x1a Display.o
                0x00001754                _ZN7DisplayC2Ev
                0x00001754                _ZN7DisplayC1Ev
 .text._ZN7Display9sendFrameEv
                0x0000176e       0x6e Display.o
                0x0000176e                _ZN7Display9sendFrameEv
 .text._ZN7Display9drawPixelEhhh
                0x000017dc       0x70 Display.o
                0x000017dc                _ZN7Display9drawPixelEhhh
 .text._ZN7Display9drawVLineEhhh
                0x0000184c       0x34 Display.o
                0x0000184c                _ZN7Display9drawVLineEhhh
 .text._ZN7Display9drawHLineEhhh
                0x00001880       0x34 Display.o
                0x00001880                _ZN7Display9drawHLineEhhh
 .text._ZN7Display9draw_ASCIEhhh
                0x000018b4       0x94 Display.o
                0x000018b4                _ZN7Display9draw_ASCIEhhh
 .text._ZN7Display16draw_number16x16Ehhh
                0x00001948       0xf4 Display.o
                0x00001948                _ZN7Display16draw_number16x16Ehhh
 .text._ZN7Display6analogEhhhh
                0x00001a3c      0x4f2 Display.o
                0x00001a3c                _ZN7Display6analogEhhhh
 .text.mem_cpy  0x00001f2e       0x1c ff.o
 .text.ld_clust
                0x00001f4a       0x44 ff.o
 .text.get_ldnumber
                0x00001f8e       0x6e ff.o
 .text.sync_window
                0x00001ffc       0xd2 ff.o
 .text.move_window
                0x000020ce       0x78 ff.o
 .text.check_fs
                0x00002146       0xd0 ff.o
 .text.validate
                0x00002216       0x4a ff.o
 .text.find_volume
                0x00002260      0x784 ff.o
 .text.clust2sect
                0x000029e4       0x5c ff.o
                0x000029e4                clust2sect
 .text.get_fat  0x00002a40      0x1fe ff.o
                0x00002a40                get_fat
 .text.dir_sdi  0x00002c3e      0x176 ff.o
 .text.put_fat  0x00002db4      0x24e ff.o
                0x00002db4                put_fat
 .text.create_chain
                0x00003002      0x21e ff.o
 .text.dir_next
                0x00003220      0x276 ff.o
 .text.f_mount  0x00003496       0xa6 ff.o
                0x00003496                f_mount
 .text.f_open   0x0000353c      0x694 ff.o
                0x0000353c                f_open
 .text.f_write  0x00003bd0      0x3f4 ff.o
                0x00003bd0                f_write
 .text.putc_bfd
                0x00003fc4       0x88 ff.o
 .text.f_sync   0x0000404c      0x19a ff.o
                0x0000404c                f_sync
 .text.f_close  0x000041e6       0x20 ff.o
                0x000041e6                f_close
 .text.f_printf
                0x00004206      0x494 ff.o
                0x00004206                f_printf
 .text._ZN3I2CC2Ev
                0x0000469a        0x8 I2C.o
                0x0000469a                _ZN3I2CC2Ev
                0x0000469a                _ZN3I2CC1Ev
 .text._ZN3I2CD2Ev
                0x000046a2        0x2 I2C.o
                0x000046a2                _ZN3I2CD1Ev
                0x000046a2                _ZN3I2CD2Ev
 .text._ZN3I2C9twi_startEv
                0x000046a4        0x8 I2C.o
                0x000046a4                _ZN3I2C9twi_startEv
 .text._ZN3I2C8twi_stopEv
                0x000046ac        0x8 I2C.o
                0x000046ac                _ZN3I2C8twi_stopEv
 .text._ZN3I2C9twi_writeEh
                0x000046b4       0x20 I2C.o
                0x000046b4                _ZN3I2C9twi_writeEh
 .text._ZN3I2C8twi_readEh
                0x000046d4       0x22 I2C.o
                0x000046d4                _ZN3I2C8twi_readEh
 .text._ZN9InterfaceC2Ev
                0x000046f6       0x26 Interface.o
                0x000046f6                _ZN9InterfaceC1Ev
                0x000046f6                _ZN9InterfaceC2Ev
 .text._ZN9InterfaceD2Ev
                0x0000471c        0x2 Interface.o
                0x0000471c                _ZN9InterfaceD1Ev
                0x0000471c                _ZN9InterfaceD2Ev
 .text._ZN9Interface7paradebEPVhhPh
                0x0000471e       0x4c Interface.o
                0x0000471e                _ZN9Interface7paradebEPVhhPh
 .text._ZN9Interface6TasterEv
                0x0000476a      0x15a Interface.o
                0x0000476a                _ZN9Interface6TasterEv
 .text._ZN9Interface7unifiedEv
                0x000048c4       0x48 Interface.o
                0x000048c4                _ZN9Interface7unifiedEv
 .text._ZN9Interface17ZahlenausTastaturEv
                0x0000490c       0x16 Interface.o
                0x0000490c                _ZN9Interface17ZahlenausTastaturEv
 .text._ZN7LSM303DD2Ev
                0x00004922        0x6 LSM303D.o
                0x00004922                _ZN7LSM303DD1Ev
                0x00004922                _ZN7LSM303DD2Ev
 .text._ZN7LSM303D14LSM303_commandEhh
                0x00004928       0x34 LSM303D.o
                0x00004928                _ZN7LSM303D14LSM303_commandEhh
 .text._ZN7LSM303D13ACCBypassmodeEv
                0x0000495c        0x8 LSM303D.o
                0x0000495c                _ZN7LSM303D13ACCBypassmodeEv
 .text._ZN7LSM303D9acce_initEv
                0x00004964       0x26 LSM303D.o
                0x00004964                _ZN7LSM303D9acce_initEv
 .text._ZN7LSM303DC2Ev
                0x0000498a       0x7c LSM303D.o
                0x0000498a                _ZN7LSM303DC2Ev
                0x0000498a                _ZN7LSM303DC1Ev
 .text._ZN7monitor11tastendruckEPh
                0x00004a06        0x4 main.o
                0x00004a06                _ZN7monitor11tastendruckEPh
 .text._ZN3uhr11tastendruckEPh
                0x00004a0a       0x1c main.o
                0x00004a0a                _ZN3uhr11tastendruckEPh
 .text._ZN13einstellungen11tastendruckEPh
                0x00004a26        0x4 main.o
                0x00004a26                _ZN13einstellungen11tastendruckEPh
 .text._ZN5menue11tastendruckEPh
                0x00004a2a        0x4 main.o
                0x00004a2a                _ZN5menue11tastendruckEPh
 .text._ZN9offscreen4drawEv
                0x00004a2e       0x1c main.o
                0x00004a2e                _ZN9offscreen4drawEv
 .text._ZN9wilkommen4drawEv
                0x00004a4a       0xf8 main.o
                0x00004a4a                _ZN9wilkommen4drawEv
 .text._Z8ADC_Readh
                0x00004b42       0x28 main.o
                0x00004b42                _Z8ADC_Readh
 .text._Z14Batteriestatusv
                0x00004b6a       0xe0 main.o
                0x00004b6a                _Z14Batteriestatusv
 .text._ZN7wandern4drawEv
                0x00004c4a      0x350 main.o
                0x00004c4a                _ZN7wandern4drawEv
 .text._ZN5tacho4drawEv
                0x00004f9a      0x424 main.o
                0x00004f9a                _ZN5tacho4drawEv
 .text._ZN3uhr4drawEv
                0x000053be      0x14c main.o
                0x000053be                _ZN3uhr4drawEv
 .text._ZN5menue4drawEv
                0x0000550a      0x218 main.o
                0x0000550a                _ZN5menue4drawEv
 .text._Z12EEPROM_Writejh
                0x00005722       0x14 main.o
                0x00005722                _Z12EEPROM_Writejh
 .text._ZN7wandern11tastendruckEPh
                0x00005736       0xa8 main.o
                0x00005736                _ZN7wandern11tastendruckEPh
 .text._Z11EEPROM_Readj
                0x000057de       0x12 main.o
                0x000057de                _Z11EEPROM_Readj
 .text.__vector_16
                0x000057f0       0x50 main.o
                0x000057f0                __vector_16
 .text.__vector_11
                0x00005840       0x38 main.o
                0x00005840                __vector_11
 .text.__vector_13
                0x00005878       0x22 main.o
                0x00005878                __vector_13
 .text.__vector_20
                0x0000589a       0xcc main.o
                0x0000589a                __vector_20
 .text._Z6nullenv
                0x00005966       0x42 main.o
                0x00005966                _Z6nullenv
 .text._ZN5tacho11tastendruckEPh
                0x000059a8        0xe main.o
                0x000059a8                _ZN5tacho11tastendruckEPh
 .text._Z13reed_debouncePVhh
                0x000059b6       0x4a main.o
                0x000059b6                _Z13reed_debouncePVhh
 .text._Z15geschwindigkeitf
                0x00005a00       0xd2 main.o
                0x00005a00                _Z15geschwindigkeitf
 .text.get_fattime
                0x00005ad2       0xce main.o
                0x00005ad2                get_fattime
 .text._Z15initialisierungv
                0x00005ba0      0x29e main.o
                0x00005ba0                _Z15initialisierungv
 .text._Z15tastaturhandlerP7monitorh
                0x00005e3e      0x136 main.o
                0x00005e3e                _Z15tastaturhandlerP7monitorh
 .text._Z19maininterupthandlerP7monitor
                0x00005f74      0x4ae main.o
                0x00005f74                _Z19maininterupthandlerP7monitor
 .text._Z12gpsmovingavvdd
                0x00006422      0x12a main.o
                0x00006422                _Z12gpsmovingavvdd
 .text._Z10gpshandlerv
                0x0000654c      0x702 main.o
                0x0000654c                _Z10gpshandlerv
 .text.main     0x00006c4e      0x30c main.o
                0x00006c4e                main
 .text._Z13uhreinstellenv
                0x00006f5a      0x734 main.o
                0x00006f5a                _Z13uhreinstellenv
 .text._ZN13einstellungen4drawEv
                0x0000768e      0x39a main.o
                0x0000768e                _ZN13einstellungen4drawEv
 .text._GLOBAL__sub_I__Znwj
                0x00007a28       0x46 main.o
 .text._GLOBAL__sub_D__Znwj
                0x00007a6e       0x3a main.o
 .text._ZN6OutputC2Ehh
                0x00007aa8       0x74 Output.o
                0x00007aa8                _ZN6OutputC2Ehh
                0x00007aa8                _ZN6OutputC1Ehh
 .text._ZN6OutputD2Ev
                0x00007b1c        0x2 Output.o
                0x00007b1c                _ZN6OutputD1Ev
                0x00007b1c                _ZN6OutputD2Ev
 .text._ZN6Output2onEv
                0x00007b1e       0x7a Output.o
                0x00007b1e                _ZN6Output2onEv
 .text._ZN6Output4isonEv
                0x00007b98       0x76 Output.o
                0x00007b98                _ZN6Output4isonEv
 .text._ZN6Output3offEv
                0x00007c0e       0x82 Output.o
                0x00007c0e                _ZN6Output3offEv
 .text._ZN3RTCD2Ev
                0x00007c90        0x2 RTC.o
                0x00007c90                _ZN3RTCD2Ev
                0x00007c90                _ZN3RTCD1Ev
 .text._ZN3RTC6WeckerEv
                0x00007c92       0x22 RTC.o
                0x00007c92                _ZN3RTC6WeckerEv
 .text._ZN3RTC14ausgabezeitneuEv
                0x00007cb4       0x72 RTC.o
                0x00007cb4                _ZN3RTC14ausgabezeitneuEv
 .text._ZN3RTC15ausgabedatumneuEv
                0x00007d26       0x72 RTC.o
                0x00007d26                _ZN3RTC15ausgabedatumneuEv
 .text._ZN3RTCC2Ev
                0x00007d98       0x52 RTC.o
                0x00007d98                _ZN3RTCC2Ev
                0x00007d98                _ZN3RTCC1Ev
 .text._ZN3RTC8kalenderEv
                0x00007dea       0x88 RTC.o
                0x00007dea                _ZN3RTC8kalenderEv
 .text._ZN3RTC4zeitEv
                0x00007e72       0x76 RTC.o
                0x00007e72                _ZN3RTC4zeitEv
 .text._ZN3RTC8RTCstartEv
                0x00007ee8       0x34 RTC.o
                0x00007ee8                _ZN3RTC8RTCstartEv
 .text._ZN3RTC7RTCstopEv
                0x00007f1c        0xc RTC.o
                0x00007f1c                _ZN3RTC7RTCstopEv
 .text.avr-libc.fplib
                0x00007f28        0xa c:/program files (x86)/atmel/studio/7.0/toolchain/avr8/avr8-gnu-toolchain/bin/../lib/gcc/avr/4.9.2/../../../../avr/lib/avr51\libm.a(addsf3.o)
                0x00007f28                __subsf3
                0x00007f2a                __addsf3
 .text.avr-libc.fplib
                0x00007f32       0xc0 c:/program files (x86)/atmel/studio/7.0/toolchain/avr8/avr8-gnu-toolchain/bin/../lib/gcc/avr/4.9.2/../../../../avr/lib/avr51\libm.a(addsf3x.o)
                0x00007f4c                __addsf3x
 .text.avr-libc.fplib
                0x00007ff2        0x6 c:/program files (x86)/atmel/studio/7.0/toolchain/avr8/avr8-gnu-toolchain/bin/../lib/gcc/avr/4.9.2/../../../../avr/lib/avr51\libm.a(cos.o)
                0x00007ff2                cos
 .text.avr-libc.fplib
                0x00007ff8        0x4 c:/program files (x86)/atmel/studio/7.0/toolchain/avr8/avr8-gnu-toolchain/bin/../lib/gcc/avr/4.9.2/../../../../avr/lib/avr51\libm.a(divsf3.o)
                0x00007ff8                __divsf3
 .text.avr-libc.fplib
                0x00007ffc       0xcc c:/program files (x86)/atmel/studio/7.0/toolchain/avr8/avr8-gnu-toolchain/bin/../lib/gcc/avr/4.9.2/../../../../avr/lib/avr51\libm.a(divsf3x.o)
                0x00008012                __divsf3x
                0x00008016                __divsf3_pse
 .text.avr-libc.fplib
                0x000080c8        0xa c:/program files (x86)/atmel/studio/7.0/toolchain/avr8/avr8-gnu-toolchain/bin/../lib/gcc/avr/4.9.2/../../../../avr/lib/avr51\libm.a(fixsfsi.o)
                0x000080c8                __fixsfsi
 .text.avr-libc.fplib
                0x000080d2       0x58 c:/program files (x86)/atmel/studio/7.0/toolchain/avr8/avr8-gnu-toolchain/bin/../lib/gcc/avr/4.9.2/../../../../avr/lib/avr51\libm.a(fixunssfsi.o)
                0x000080d2                __fixunssfsi
 .text.avr-libc.fplib
                0x0000812a       0x7a c:/program files (x86)/atmel/studio/7.0/toolchain/avr8/avr8-gnu-toolchain/bin/../lib/gcc/avr/4.9.2/../../../../avr/lib/avr51\libm.a(floatsisf.o)
                0x0000812a                __floatunsisf
                0x0000812e                __floatsisf
 .text.avr-libc.fplib
                0x000081a4       0x48 c:/program files (x86)/atmel/studio/7.0/toolchain/avr8/avr8-gnu-toolchain/bin/../lib/gcc/avr/4.9.2/../../../../avr/lib/avr51\libm.a(fp_cmp.o)
                0x000081a4                __fp_cmp
 .text.avr-libc.fplib
                0x000081ec        0xc c:/program files (x86)/atmel/studio/7.0/toolchain/avr8/avr8-gnu-toolchain/bin/../lib/gcc/avr/4.9.2/../../../../avr/lib/avr51\libm.a(fp_inf.o)
                0x000081ec                __fp_inf
 .text.avr-libc.fplib
                0x000081f8        0x6 c:/program files (x86)/atmel/studio/7.0/toolchain/avr8/avr8-gnu-toolchain/bin/../lib/gcc/avr/4.9.2/../../../../avr/lib/avr51\libm.a(fp_nan.o)
                0x000081f8                __fp_nan
 .text.avr-libc.fplib
                0x000081fe       0x4a c:/program files (x86)/atmel/studio/7.0/toolchain/avr8/avr8-gnu-toolchain/bin/../lib/gcc/avr/4.9.2/../../../../avr/lib/avr51\libm.a(fp_powser.o)
                0x000081fe                __fp_powser
 .text.avr-libc.fplib
                0x00008248        0xe c:/program files (x86)/atmel/studio/7.0/toolchain/avr8/avr8-gnu-toolchain/bin/../lib/gcc/avr/4.9.2/../../../../avr/lib/avr51\libm.a(fp_pscA.o)
                0x00008248                __fp_pscA
 .text.avr-libc.fplib
                0x00008256        0xe c:/program files (x86)/atmel/studio/7.0/toolchain/avr8/avr8-gnu-toolchain/bin/../lib/gcc/avr/4.9.2/../../../../avr/lib/avr51\libm.a(fp_pscB.o)
                0x00008256                __fp_pscB
 .text.avr-libc.fplib
                0x00008264       0x50 c:/program files (x86)/atmel/studio/7.0/toolchain/avr8/avr8-gnu-toolchain/bin/../lib/gcc/avr/4.9.2/../../../../avr/lib/avr51\libm.a(fp_rempio2.o)
                0x00008266                __fp_rempio2
 .text.avr-libc.fplib
                0x000082b4       0x22 c:/program files (x86)/atmel/studio/7.0/toolchain/avr8/avr8-gnu-toolchain/bin/../lib/gcc/avr/4.9.2/../../../../avr/lib/avr51\libm.a(fp_round.o)
                0x000082b4                __fp_round
 .text.avr-libc.fplib
                0x000082d6       0x22 c:/program files (x86)/atmel/studio/7.0/toolchain/avr8/avr8-gnu-toolchain/bin/../lib/gcc/avr/4.9.2/../../../../avr/lib/avr51\libm.a(fp_sinus.o)
                0x000082d6                __fp_sinus
 .text.avr-libc.fplib
                0x000082f8       0x44 c:/program files (x86)/atmel/studio/7.0/toolchain/avr8/avr8-gnu-toolchain/bin/../lib/gcc/avr/4.9.2/../../../../avr/lib/avr51\libm.a(fp_split3.o)
                0x000082f8                __fp_split3
                0x00008308                __fp_splitA
 .text.avr-libc.fplib
                0x0000833c        0xe c:/program files (x86)/atmel/studio/7.0/toolchain/avr8/avr8-gnu-toolchain/bin/../lib/gcc/avr/4.9.2/../../../../avr/lib/avr51\libm.a(fp_zero.o)
                0x0000833c                __fp_zero
                0x0000833e                __fp_szero
 .text.avr-libc.fplib
                0x0000834a        0x8 c:/program files (x86)/atmel/studio/7.0/toolchain/avr8/avr8-gnu-toolchain/bin/../lib/gcc/avr/4.9.2/../../../../avr/lib/avr51\libm.a(gesf2.o)
                0x0000834a                __gesf2
                0x0000834a                __gtsf2
 .text.avr-libc.fplib
                0x00008352        0xe c:/program files (x86)/atmel/studio/7.0/toolchain/avr8/avr8-gnu-toolchain/bin/../lib/gcc/avr/4.9.2/../../../../avr/lib/avr51\libm.a(inverse.o)
                0x00008352                inverse
 .text.avr-libc.fplib
                0x00008360        0x4 c:/program files (x86)/atmel/studio/7.0/toolchain/avr8/avr8-gnu-toolchain/bin/../lib/gcc/avr/4.9.2/../../../../avr/lib/avr51\libm.a(mulsf3.o)
                0x00008360                __mulsf3
 .text.avr-libc.fplib
                0x00008364       0xc2 c:/program files (x86)/atmel/studio/7.0/toolchain/avr8/avr8-gnu-toolchain/bin/../lib/gcc/avr/4.9.2/../../../../avr/lib/avr51\libm.a(mulsf3x.o)
                0x00008378                __mulsf3x
                0x0000837c                __mulsf3_pse
 .text.avr-libc.fplib
                0x00008426       0x98 c:/program files (x86)/atmel/studio/7.0/toolchain/avr8/avr8-gnu-toolchain/bin/../lib/gcc/avr/4.9.2/../../../../avr/lib/avr51\libm.a(pow.o)
                0x00008426                pow
 .text.avr-libc.fplib
                0x000084be        0xc c:/program files (x86)/atmel/studio/7.0/toolchain/avr8/avr8-gnu-toolchain/bin/../lib/gcc/avr/4.9.2/../../../../avr/lib/avr51\libm.a(sin.o)
                0x000084be                sin
 .text.avr-libc.fplib
                0x000084ca       0x62 c:/program files (x86)/atmel/studio/7.0/toolchain/avr8/avr8-gnu-toolchain/bin/../lib/gcc/avr/4.9.2/../../../../avr/lib/avr51\libm.a(exp.o)
                0x000084d4                exp
 .text.avr-libc.fplib
                0x0000852c       0x1c c:/program files (x86)/atmel/studio/7.0/toolchain/avr8/avr8-gnu-toolchain/bin/../lib/gcc/avr/4.9.2/../../../../avr/lib/avr51\libm.a(fp_mpack.o)
                0x0000852c                __fp_mpack
                0x00008530                __fp_mpack_finite
 .text.avr-libc.fplib
                0x00008548       0x22 c:/program files (x86)/atmel/studio/7.0/toolchain/avr8/avr8-gnu-toolchain/bin/../lib/gcc/avr/4.9.2/../../../../avr/lib/avr51\libm.a(fp_powsodd.o)
                0x00008548                __fp_powsodd
 .text.avr-libc.fplib
                0x0000856a       0x6c c:/program files (x86)/atmel/studio/7.0/toolchain/avr8/avr8-gnu-toolchain/bin/../lib/gcc/avr/4.9.2/../../../../avr/lib/avr51\libm.a(ldexp.o)
                0x0000856e                ldexp
 .text.avr-libc.fplib
                0x000085d6       0x8a c:/program files (x86)/atmel/studio/7.0/toolchain/avr8/avr8-gnu-toolchain/bin/../lib/gcc/avr/4.9.2/../../../../avr/lib/avr51\libm.a(log.o)
                0x000085e0                log
 .text.avr-libc.fplib
                0x00008660       0x66 c:/program files (x86)/atmel/studio/7.0/toolchain/avr8/avr8-gnu-toolchain/bin/../lib/gcc/avr/4.9.2/../../../../avr/lib/avr51\libm.a(modf.o)
                0x00008660                modf
                0x00008660                modff
 .text.avr-libc
                0x000086c6      0x710 c:/program files (x86)/atmel/studio/7.0/toolchain/avr8/avr8-gnu-toolchain/bin/../lib/gcc/avr/4.9.2/../../../../avr/lib/avr51\libprintf_flt.a(vfprintf_flt.o)
                0x000086c6                vfprintf
 .text.libgcc.mul
                0x00008dd6       0x1e c:/program files (x86)/atmel/studio/7.0/toolchain/avr8/avr8-gnu-toolchain/bin/../lib/gcc/avr/4.9.2/avr51\libgcc.a(_mulsi3.o)
                0x00008dd6                __mulsi3
 .text.libgcc.div
                0x00008df4       0x44 c:/program files (x86)/atmel/studio/7.0/toolchain/avr8/avr8-gnu-toolchain/bin/../lib/gcc/avr/4.9.2/avr51\libgcc.a(_udivmodsi4.o)
                0x00008df4                __udivmodsi4
 .text.libgcc.div
                0x00008e38       0x28 c:/program files (x86)/atmel/studio/7.0/toolchain/avr8/avr8-gnu-toolchain/bin/../lib/gcc/avr/4.9.2/avr51\libgcc.a(_divmodsi4.o)
                0x00008e38                __divmodsi4
 .text.libgcc.div
                0x00008e60       0x10 c:/program files (x86)/atmel/studio/7.0/toolchain/avr8/avr8-gnu-toolchain/bin/../lib/gcc/avr/4.9.2/avr51\libgcc.a(_negsi2.o)
                0x00008e60                __negsi2
 .text.libgcc   0x00008e70       0x12 c:/program files (x86)/atmel/studio/7.0/toolchain/avr8/avr8-gnu-toolchain/bin/../lib/gcc/avr/4.9.2/avr51\libgcc.a(_tablejump2.o)
                0x00008e70                __tablejump2__
 .text.libgcc.mul
                0x00008e82       0x1e c:/program files (x86)/atmel/studio/7.0/toolchain/avr8/avr8-gnu-toolchain/bin/../lib/gcc/avr/4.9.2/avr51\libgcc.a(_umulhisi3.o)
                0x00008e82                __umulhisi3
 .text.libgcc.mul
                0x00008ea0       0x14 c:/program files (x86)/atmel/studio/7.0/toolchain/avr8/avr8-gnu-toolchain/bin/../lib/gcc/avr/4.9.2/avr51\libgcc.a(_muluhisi3.o)
                0x00008ea0                __muluhisi3
 .text.libgcc.mul
                0x00008eb4        0xc c:/program files (x86)/atmel/studio/7.0/toolchain/avr8/avr8-gnu-toolchain/bin/../lib/gcc/avr/4.9.2/avr51\libgcc.a(_mulshisi3.o)
                0x00008eb4                __mulshisi3
                0x00008eb8                __mulohisi3
 .text.avr-libc
                0x00008ec0      0x25a c:/program files (x86)/atmel/studio/7.0/toolchain/avr8/avr8-gnu-toolchain/bin/../lib/gcc/avr/4.9.2/../../../../avr/lib/avr51\libc.a(malloc.o)
                0x00008ec0                malloc
                0x00008fea                free
 .text.avr-libc
                0x0000911a      0x1b0 c:/program files (x86)/atmel/studio/7.0/toolchain/avr8/avr8-gnu-toolchain/bin/../lib/gcc/avr/4.9.2/../../../../avr/lib/avr51\libc.a(ftoa_engine.o)
                0x0000911a                __ftoa_engine
 .text.avr-libc
                0x000092ca       0x16 c:/program files (x86)/atmel/studio/7.0/toolchain/avr8/avr8-gnu-toolchain/bin/../lib/gcc/avr/4.9.2/../../../../avr/lib/avr51\libc.a(strnlen_P.o)
                0x000092ca                strnlen_P
 .text.avr-libc
                0x000092e0       0x16 c:/program files (x86)/atmel/studio/7.0/toolchain/avr8/avr8-gnu-toolchain/bin/../lib/gcc/avr/4.9.2/../../../../avr/lib/avr51\libc.a(strnlen.o)
                0x000092e0                strnlen
 .text.avr-libc
                0x000092f6       0x70 c:/program files (x86)/atmel/studio/7.0/toolchain/avr8/avr8-gnu-toolchain/bin/../lib/gcc/avr/4.9.2/../../../../avr/lib/avr51\libc.a(fputc.o)
                0x000092f6                fputc
 .text.avr-libc
                0x00009366       0x5e c:/program files (x86)/atmel/studio/7.0/toolchain/avr8/avr8-gnu-toolchain/bin/../lib/gcc/avr/4.9.2/../../../../avr/lib/avr51\libc.a(sprintf.o)
                0x00009366                sprintf
 .text.avr-libc
                0x000093c4       0xbc c:/program files (x86)/atmel/studio/7.0/toolchain/avr8/avr8-gnu-toolchain/bin/../lib/gcc/avr/4.9.2/../../../../avr/lib/avr51\libc.a(ultoa_invert.o)
                0x000093c4                __ultoa_invert
                0x00009480                . = ALIGN (0x2)
 *(.fini9)
 .fini9         0x00009480        0x0 c:/program files (x86)/atmel/studio/7.0/toolchain/avr8/avr8-gnu-toolchain/bin/../lib/gcc/avr/4.9.2/avr51\libgcc.a(_exit.o)
                0x00009480                _exit
                0x00009480                exit
 *(.fini9)
 *(.fini8)
 *(.fini8)
 *(.fini7)
 *(.fini7)
 *(.fini6)
 .fini6         0x00009480       0x14 c:/program files (x86)/atmel/studio/7.0/toolchain/avr8/avr8-gnu-toolchain/bin/../lib/gcc/avr/4.9.2/avr51\libgcc.a(_dtors.o)
                0x00009480                __do_global_dtors
 *(.fini6)
 *(.fini5)
 *(.fini5)
 *(.fini4)
 *(.fini4)
 *(.fini3)
 *(.fini3)
 *(.fini2)
 *(.fini2)
 *(.fini1)
 *(.fini1)
 *(.fini0)
 .fini0         0x00009494        0x4 c:/program files (x86)/atmel/studio/7.0/toolchain/avr8/avr8-gnu-toolchain/bin/../lib/gcc/avr/4.9.2/avr51\libgcc.a(_exit.o)
 *(.fini0)
                0x00009498                _etext = .

.data           0x00800100      0x328 load address 0x00009498
                0x00800100                PROVIDE (__data_start, .)
 *(.data)
 .data          0x00800100        0x6 c:/program files (x86)/atmel/studio/7.0/toolchain/avr8/avr8-gnu-toolchain/bin/../lib/gcc/avr/4.9.2/../../../../avr/lib/avr51\libc.a(malloc.o)
                0x00800100                __malloc_heap_end
                0x00800102                __malloc_heap_start
                0x00800104                __malloc_margin
 *(.data*)
 .data.Stat     0x00800106        0x1 diskio.o
 *(.rodata)
 *(.rodata*)
 .rodata.str1.1
                0x00800107        0xf ff.o
 .rodata.ExCvt  0x00800116       0x80 ff.o
 .rodata.str1.1
                0x00800196      0x259 main.o
                                0x264 (size before relaxing)
 .rodata._ZTV3uhr
                0x008003ef        0x8 main.o
                0x008003ef                _ZTV3uhr
 .rodata._ZTV5tacho
                0x008003f7        0x8 main.o
                0x008003f7                _ZTV5tacho
 .rodata._ZTV7wandern
                0x008003ff        0x8 main.o
                0x008003ff                _ZTV7wandern
 .rodata._ZTV13einstellungen
                0x00800407        0x8 main.o
                0x00800407                _ZTV13einstellungen
 .rodata._ZTV9wilkommen
                0x0080040f        0x8 main.o
                0x0080040f                _ZTV9wilkommen
 .rodata._ZTV5menue
                0x00800417        0x8 main.o
                0x00800417                _ZTV5menue
 .rodata._ZTV9offscreen
                0x0080041f        0x8 main.o
                0x0080041f                _ZTV9offscreen
 *(.gnu.linkonce.d*)
                0x00800428                . = ALIGN (0x2)
 *fill*         0x00800427        0x1 
                0x00800428                _edata = .
                0x00800428                PROVIDE (__data_end, .)

.bss            0x00800428      0xa37
                0x00800428                PROVIDE (__bss_start, .)
 *(.bss)
 *(.bss*)
 .bss.CardType  0x00800428        0x1 diskio.o
 .bss.Timer2    0x00800429        0x1 diskio.o
 .bss.Timer1    0x0080042a        0x1 diskio.o
 .bss.Fsid      0x0080042b        0x2 ff.o
 .bss.FatFs     0x0080042d        0x2 ff.o
 .bss.logger    0x0080042f      0x220 main.o
                0x0080042f                logger
 .bss.FATFS_Obj
                0x0080064f      0x22e main.o
                0x0080064f                FATFS_Obj
 .bss.Fahrtzeit
                0x0080087d        0x4 main.o
                0x0080087d                Fahrtzeit
 .bss.maxgeschw
                0x00800881        0x4 main.o
                0x00800881                maxgeschw
 .bss.strecke   0x00800885        0x4 main.o
                0x00800885                strecke
 .bss.geschw    0x00800889        0x4 main.o
                0x00800889                geschw
 .bss.gpsJahr   0x0080088d        0x1 main.o
                0x0080088d                gpsJahr
 .bss.gpsMonat  0x0080088e        0x1 main.o
                0x0080088e                gpsMonat
 .bss.gpsTag    0x0080088f        0x1 main.o
                0x0080088f                gpsTag
 .bss.gpssekunde
                0x00800890        0x1 main.o
                0x00800890                gpssekunde
 .bss.gpsminute
                0x00800891        0x1 main.o
                0x00800891                gpsminute
 .bss.gpsstunde
                0x00800892        0x1 main.o
                0x00800892                gpsstunde
 .bss.gpsspeed  0x00800893        0x4 main.o
                0x00800893                gpsspeed
 .bss.lonavv    0x00800897       0x10 main.o
                0x00800897                lonavv
 .bss.lon       0x008008a7        0x4 main.o
                0x008008a7                lon
 .bss.latavv    0x008008ab       0x10 main.o
                0x008008ab                latavv
 .bss.lat       0x008008bb        0x4 main.o
                0x008008bb                lat
 .bss.gpscounter
                0x008008bf        0x1 main.o
                0x008008bf                gpscounter
 .bss.gpsdata   0x008008c0       0x48 main.o
                0x008008c0                gpsdata
 .bss.gpsstatus
                0x00800908        0x1 main.o
                0x00800908                gpsstatus
 .bss.FPS       0x00800909        0x1 main.o
                0x00800909                FPS
 .bss.position  0x0080090a        0x1 main.o
                0x0080090a                position
 .bss.statusreg
                0x0080090b        0x1 main.o
                0x0080090b                statusreg
 .bss.anzeige   0x0080090c        0x1 main.o
                0x0080090c                anzeige
 .bss.IRLED     0x0080090d        0x2 main.o
                0x0080090d                IRLED
 .bss.Vibrationsmotor
                0x0080090f        0x2 main.o
                0x0080090f                Vibrationsmotor
 .bss.LED       0x00800911        0x2 main.o
                0x00800911                LED
 .bss.batterie  0x00800913        0x4 main.o
                0x00800913                batterie
 .bss.druck     0x00800917       0x2f main.o
                0x00800917                druck
 .bss.Accelerometer
                0x00800946       0xe9 main.o
                0x00800946                Accelerometer
 .bss.Tastatur  0x00800a2f        0xc main.o
                0x00800a2f                Tastatur
 .bss.oled      0x00800a3b      0x401 main.o
                0x00800a3b                oled
 .bss.rtc       0x00800e3c       0x1f main.o
                0x00800e3c                rtc
 *(COMMON)
 COMMON         0x00800e5b        0x4 c:/program files (x86)/atmel/studio/7.0/toolchain/avr8/avr8-gnu-toolchain/bin/../lib/gcc/avr/4.9.2/../../../../avr/lib/avr51\libc.a(malloc.o)
                0x00800e5b                __brkval
                0x00800e5d                __flp
                0x00800e5f                PROVIDE (__bss_end, .)
                0x00009498                __data_load_start = LOADADDR (.data)
                0x000097c0                __data_load_end = (__data_load_start + SIZEOF (.data))

.noinit         0x00800e5f        0x0
                0x00800e5f                PROVIDE (__noinit_start, .)
 *(.noinit*)
                0x00800e5f                PROVIDE (__noinit_end, .)
                0x00800e5f                _end = .
                0x00800e5f                PROVIDE (__heap_start, .)

.eeprom         0x00810000        0x0
 *(.eeprom*)
                0x00810000                __eeprom_end = .

.fuse
 *(.fuse)
 *(.lfuse)
 *(.hfuse)
 *(.efuse)

.lock
 *(.lock*)

.signature
 *(.signature*)

.user_signatures
 *(.user_signatures*)

.stab
 *(.stab)

.stabstr
 *(.stabstr)

.stab.excl
 *(.stab.excl)

.stab.exclstr
 *(.stab.exclstr)

.stab.index
 *(.stab.index)

.stab.indexstr
 *(.stab.indexstr)

.comment        0x00000000       0x5c
 *(.comment)
 .comment       0x00000000       0x30 BMP180.o
                                 0x31 (size before relaxing)
 .comment       0x00000030       0x31 diskio.o
 .comment       0x00000030       0x31 Display.o
 .comment       0x00000030       0x31 ff.o
 .comment       0x00000030       0x31 I2C.o
 .comment       0x00000030       0x31 Interface.o
 .comment       0x00000030       0x31 LSM303D.o
 .comment       0x00000030       0x31 main.o
 .comment       0x00000030       0x31 Output.o
 .comment       0x00000030       0x31 RTC.o
 .comment       0x00000030       0x2c c:/program files (x86)/atmel/studio/7.0/toolchain/avr8/avr8-gnu-toolchain/bin/../lib/gcc/avr/4.9.2/../../../../avr/lib/avr51\libprintf_flt.a(vfprintf_flt.o)
                                 0x2d (size before relaxing)
 .comment       0x0000005c       0x31 c:/program files (x86)/atmel/studio/7.0/toolchain/avr8/avr8-gnu-toolchain/bin/../lib/gcc/avr/4.9.2/../../../../avr/lib/avr51\libc.a(malloc.o)
 .comment       0x0000005c       0x31 c:/program files (x86)/atmel/studio/7.0/toolchain/avr8/avr8-gnu-toolchain/bin/../lib/gcc/avr/4.9.2/../../../../avr/lib/avr51\libc.a(fputc.o)
 .comment       0x0000005c       0x31 c:/program files (x86)/atmel/studio/7.0/toolchain/avr8/avr8-gnu-toolchain/bin/../lib/gcc/avr/4.9.2/../../../../avr/lib/avr51\libc.a(sprintf.o)

.note.gnu.avr.deviceinfo
                0x00000000       0x40
 .note.gnu.avr.deviceinfo
                0x00000000       0x40 C:/Program Files (x86)/Atmel/Studio/7.0/Packs/atmel/ATmega_DFP/1.0.90/gcc/dev/atmega1284p/avr51/crtatmega1284p.o

.note.gnu.build-id
 *(.note.gnu.build-id)

.debug
 *(.debug)

.line
 *(.line)

.debug_srcinfo
 *(.debug_srcinfo)

.debug_sfnames
 *(.debug_sfnames)

.debug_aranges  0x00000000      0x588
 *(.debug_aranges)
 .debug_aranges
                0x00000000       0x50 BMP180.o
 .debug_aranges
                0x00000050       0x80 diskio.o
 .debug_aranges
                0x000000d0       0xb0 Display.o
 .debug_aranges
                0x00000180       0xe8 ff.o
 .debug_aranges
                0x00000268       0x58 I2C.o
 .debug_aranges
                0x000002c0       0x58 Interface.o
 .debug_aranges
                0x00000318       0x70 LSM303D.o
 .debug_aranges
                0x00000388      0x148 main.o
 .debug_aranges
                0x000004d0       0x48 Output.o
 .debug_aranges
                0x00000518       0x70 RTC.o

.debug_pubnames
 *(.debug_pubnames)

.debug_info     0x00000000     0xdd86
 *(.debug_info .gnu.linkonce.wi.*)
 .debug_info    0x00000000      0xdc8 BMP180.o
 .debug_info    0x00000dc8      0xd52 diskio.o
 .debug_info    0x00001b1a     0x1c41 Display.o
 .debug_info    0x0000375b     0x24b1 ff.o
 .debug_info    0x00005c0c      0x371 I2C.o
 .debug_info    0x00005f7d      0xd25 Interface.o
 .debug_info    0x00006ca2      0xd77 LSM303D.o
 .debug_info    0x00007a19     0x5948 main.o
 .debug_info    0x0000d361      0x3f7 Output.o
 .debug_info    0x0000d758      0x62e RTC.o

.debug_abbrev   0x00000000     0x2056
 *(.debug_abbrev)
 .debug_abbrev  0x00000000      0x2f2 BMP180.o
 .debug_abbrev  0x000002f2      0x27a diskio.o
 .debug_abbrev  0x0000056c      0x34e Display.o
 .debug_abbrev  0x000008ba      0x310 ff.o
 .debug_abbrev  0x00000bca      0x1a6 I2C.o
 .debug_abbrev  0x00000d70      0x2b6 Interface.o
 .debug_abbrev  0x00001026      0x338 LSM303D.o
 .debug_abbrev  0x0000135e      0x8c2 main.o
 .debug_abbrev  0x00001c20      0x1e0 Output.o
 .debug_abbrev  0x00001e00      0x256 RTC.o

.debug_line     0x00000000     0x5b68
 *(.debug_line .debug_line.* .debug_line_end)
 .debug_line    0x00000000      0x46d BMP180.o
 .debug_line    0x0000046d      0x77d diskio.o
 .debug_line    0x00000bea      0x839 Display.o
 .debug_line    0x00001423     0x19ab ff.o
 .debug_line    0x00002dce      0x197 I2C.o
 .debug_line    0x00002f65      0x551 Interface.o
 .debug_line    0x000034b6      0x55b LSM303D.o
 .debug_line    0x00003a11     0x1af3 main.o
 .debug_line    0x00005504      0x217 Output.o
 .debug_line    0x0000571b      0x44d RTC.o

.debug_frame    0x00000000     0x1a84
 *(.debug_frame)
 .debug_frame   0x00000000      0x160 BMP180.o
 .debug_frame   0x00000160      0x1bc diskio.o
 .debug_frame   0x0000031c      0x3a0 Display.o
 .debug_frame   0x000006bc      0x6b8 ff.o
 .debug_frame   0x00000d74       0x94 I2C.o
 .debug_frame   0x00000e08       0xb0 Interface.o
 .debug_frame   0x00000eb8      0x238 LSM303D.o
 .debug_frame   0x000010f0      0x82c main.o
 .debug_frame   0x0000191c       0x74 Output.o
 .debug_frame   0x00001990       0xf4 RTC.o

.debug_str      0x00000000     0x1b9d
 *(.debug_str)
 .debug_str     0x00000000      0x4ad BMP180.o
                                0x516 (size before relaxing)
 .debug_str     0x000004ad      0x236 diskio.o
                                0x2fa (size before relaxing)
 .debug_str     0x000006e3      0x3df Display.o
                                0x690 (size before relaxing)
 .debug_str     0x00000ac2      0x3ce ff.o
                                0x60e (size before relaxing)
 .debug_str     0x00000e90       0x25 I2C.o
                                0x290 (size before relaxing)
 .debug_str     0x00000eb5      0x159 Interface.o
                                0x36d (size before relaxing)
 .debug_str     0x0000100e      0x224 LSM303D.o
                                0x4d7 (size before relaxing)
 .debug_str     0x00001232      0x8f5 main.o
                               0x16cf (size before relaxing)
 .debug_str     0x00001b27       0x51 Output.o
                                0x277 (size before relaxing)
 .debug_str     0x00001b78       0x25 RTC.o
                                0x37d (size before relaxing)

.debug_loc      0x00000000     0xd621
 *(.debug_loc)
 .debug_loc     0x00000000      0xb53 BMP180.o
 .debug_loc     0x00000b53      0xd1e diskio.o
 .debug_loc     0x00001871     0x1bcd Display.o
 .debug_loc     0x0000343e     0x4f59 ff.o
 .debug_loc     0x00008397      0x128 I2C.o
 .debug_loc     0x000084bf      0xac7 Interface.o
 .debug_loc     0x00008f86      0xf76 LSM303D.o
 .debug_loc     0x00009efc     0x30bb main.o
 .debug_loc     0x0000cfb7      0x397 Output.o
 .debug_loc     0x0000d34e      0x2d3 RTC.o

.debug_macinfo
 *(.debug_macinfo)

.debug_weaknames
 *(.debug_weaknames)

.debug_funcnames
 *(.debug_funcnames)

.debug_typenames
 *(.debug_typenames)

.debug_varnames
 *(.debug_varnames)

.debug_pubtypes
 *(.debug_pubtypes)

.debug_ranges   0x00000000      0x6b8
 *(.debug_ranges)
 .debug_ranges  0x00000000       0x40 BMP180.o
 .debug_ranges  0x00000040       0x70 diskio.o
 .debug_ranges  0x000000b0      0x100 Display.o
 .debug_ranges  0x000001b0      0x1d0 ff.o
 .debug_ranges  0x00000380       0x48 I2C.o
 .debug_ranges  0x000003c8       0x48 Interface.o
 .debug_ranges  0x00000410       0x60 LSM303D.o
 .debug_ranges  0x00000470      0x1b0 main.o
 .debug_ranges  0x00000620       0x38 Output.o
 .debug_ranges  0x00000658       0x60 RTC.o

.debug_macro
 *(.debug_macro)
OUTPUT(FWCP_MK3.elf elf32-avr)
LOAD linker stubs
