Archive member included to satisfy reference by file (symbol)

c:/program files (x86)/atmel/studio/7.0/toolchain/avr8/avr8-gnu-toolchain/bin/../lib/gcc/avr/4.9.2/../../../../avr/lib/avr51\libm.a(addsf3.o)
                              Display.o (__subsf3)
c:/program files (x86)/atmel/studio/7.0/toolchain/avr8/avr8-gnu-toolchain/bin/../lib/gcc/avr/4.9.2/../../../../avr/lib/avr51\libm.a(addsf3x.o)
                              c:/program files (x86)/atmel/studio/7.0/toolchain/avr8/avr8-gnu-toolchain/bin/../lib/gcc/avr/4.9.2/../../../../avr/lib/avr51\libm.a(addsf3.o) (__addsf3x)
c:/program files (x86)/atmel/studio/7.0/toolchain/avr8/avr8-gnu-toolchain/bin/../lib/gcc/avr/4.9.2/../../../../avr/lib/avr51\libm.a(atan2.o)
                              Kompass.o (atan2)
c:/program files (x86)/atmel/studio/7.0/toolchain/avr8/avr8-gnu-toolchain/bin/../lib/gcc/avr/4.9.2/../../../../avr/lib/avr51\libm.a(atan.o)
                              c:/program files (x86)/atmel/studio/7.0/toolchain/avr8/avr8-gnu-toolchain/bin/../lib/gcc/avr/4.9.2/../../../../avr/lib/avr51\libm.a(atan2.o) (atan)
c:/program files (x86)/atmel/studio/7.0/toolchain/avr8/avr8-gnu-toolchain/bin/../lib/gcc/avr/4.9.2/../../../../avr/lib/avr51\libm.a(cmpsf2.o)
                              Kompass.o (__ltsf2)
c:/program files (x86)/atmel/studio/7.0/toolchain/avr8/avr8-gnu-toolchain/bin/../lib/gcc/avr/4.9.2/../../../../avr/lib/avr51\libm.a(cos.o)
                              Display.o (cos)
c:/program files (x86)/atmel/studio/7.0/toolchain/avr8/avr8-gnu-toolchain/bin/../lib/gcc/avr/4.9.2/../../../../avr/lib/avr51\libm.a(divsf3.o)
                              Display.o (__divsf3)
c:/program files (x86)/atmel/studio/7.0/toolchain/avr8/avr8-gnu-toolchain/bin/../lib/gcc/avr/4.9.2/../../../../avr/lib/avr51\libm.a(divsf3x.o)
                              c:/program files (x86)/atmel/studio/7.0/toolchain/avr8/avr8-gnu-toolchain/bin/../lib/gcc/avr/4.9.2/../../../../avr/lib/avr51\libm.a(divsf3.o) (__divsf3x)
c:/program files (x86)/atmel/studio/7.0/toolchain/avr8/avr8-gnu-toolchain/bin/../lib/gcc/avr/4.9.2/../../../../avr/lib/avr51\libm.a(fixsfsi.o)
                              Kompass.o (__fixsfsi)
c:/program files (x86)/atmel/studio/7.0/toolchain/avr8/avr8-gnu-toolchain/bin/../lib/gcc/avr/4.9.2/../../../../avr/lib/avr51\libm.a(fixunssfsi.o)
                              Display.o (__fixunssfsi)
c:/program files (x86)/atmel/studio/7.0/toolchain/avr8/avr8-gnu-toolchain/bin/../lib/gcc/avr/4.9.2/../../../../avr/lib/avr51\libm.a(floatsisf.o)
                              LSM303D.o (__floatunsisf)
c:/program files (x86)/atmel/studio/7.0/toolchain/avr8/avr8-gnu-toolchain/bin/../lib/gcc/avr/4.9.2/../../../../avr/lib/avr51\libm.a(fp_cmp.o)
                              c:/program files (x86)/atmel/studio/7.0/toolchain/avr8/avr8-gnu-toolchain/bin/../lib/gcc/avr/4.9.2/../../../../avr/lib/avr51\libm.a(cmpsf2.o) (__fp_cmp)
c:/program files (x86)/atmel/studio/7.0/toolchain/avr8/avr8-gnu-toolchain/bin/../lib/gcc/avr/4.9.2/../../../../avr/lib/avr51\libm.a(fp_inf.o)
                              c:/program files (x86)/atmel/studio/7.0/toolchain/avr8/avr8-gnu-toolchain/bin/../lib/gcc/avr/4.9.2/../../../../avr/lib/avr51\libm.a(addsf3x.o) (__fp_inf)
c:/program files (x86)/atmel/studio/7.0/toolchain/avr8/avr8-gnu-toolchain/bin/../lib/gcc/avr/4.9.2/../../../../avr/lib/avr51\libm.a(fp_nan.o)
                              c:/program files (x86)/atmel/studio/7.0/toolchain/avr8/avr8-gnu-toolchain/bin/../lib/gcc/avr/4.9.2/../../../../avr/lib/avr51\libm.a(addsf3x.o) (__fp_nan)
c:/program files (x86)/atmel/studio/7.0/toolchain/avr8/avr8-gnu-toolchain/bin/../lib/gcc/avr/4.9.2/../../../../avr/lib/avr51\libm.a(fp_powser.o)
                              c:/program files (x86)/atmel/studio/7.0/toolchain/avr8/avr8-gnu-toolchain/bin/../lib/gcc/avr/4.9.2/../../../../avr/lib/avr51\libm.a(atan.o) (__fp_powser)
c:/program files (x86)/atmel/studio/7.0/toolchain/avr8/avr8-gnu-toolchain/bin/../lib/gcc/avr/4.9.2/../../../../avr/lib/avr51\libm.a(fp_pscA.o)
                              c:/program files (x86)/atmel/studio/7.0/toolchain/avr8/avr8-gnu-toolchain/bin/../lib/gcc/avr/4.9.2/../../../../avr/lib/avr51\libm.a(addsf3x.o) (__fp_pscA)
c:/program files (x86)/atmel/studio/7.0/toolchain/avr8/avr8-gnu-toolchain/bin/../lib/gcc/avr/4.9.2/../../../../avr/lib/avr51\libm.a(fp_pscB.o)
                              c:/program files (x86)/atmel/studio/7.0/toolchain/avr8/avr8-gnu-toolchain/bin/../lib/gcc/avr/4.9.2/../../../../avr/lib/avr51\libm.a(addsf3x.o) (__fp_pscB)
c:/program files (x86)/atmel/studio/7.0/toolchain/avr8/avr8-gnu-toolchain/bin/../lib/gcc/avr/4.9.2/../../../../avr/lib/avr51\libm.a(fp_rempio2.o)
                              c:/program files (x86)/atmel/studio/7.0/toolchain/avr8/avr8-gnu-toolchain/bin/../lib/gcc/avr/4.9.2/../../../../avr/lib/avr51\libm.a(cos.o) (__fp_rempio2)
[...]
Memory Configuration

Name             Origin             Length             Attributes
text             0x00000000         0x00020000         xr
data             0x00800100         0x0000ff00         rw !x
eeprom           0x00810000         0x00010000         rw !x
fuse             0x00820000         0x00000400         rw !x
lock             0x00830000         0x00000400         rw !x
signature        0x00840000         0x00000400         rw !x
user_signatures  0x00850000         0x00000400         rw !x
*default*        0x00000000         0xffffffff

Linker script and memory map

Address of section .data set to 0x800100
LOAD C:/Program Files (x86)/Atmel/Studio/7.0/Packs/atmel/ATmega_DFP/1.0.90/gcc/dev/atmega1284p/avr51/crtatmega1284p.o
LOAD Display.o
LOAD I2C.o
LOAD Interface.o
LOAD Kompass.o
LOAD LSM303D.o
LOAD main.o
LOAD Output.o
LOAD RTC.o
LOAD SOUND.o
START GROUP
LOAD c:/program files (x86)/atmel/studio/7.0/toolchain/avr8/avr8-gnu-toolchain/bin/../lib/gcc/avr/4.9.2/../../../../avr/lib/avr51\libm.a
LOAD c:/program files (x86)/atmel/studio/7.0/toolchain/avr8/avr8-gnu-toolchain/bin/../lib/gcc/avr/4.9.2/../../../../avr/lib/avr51\libprintf_flt.a
END GROUP
LOAD c:/program files (x86)/atmel/studio/7.0/toolchain/avr8/avr8-gnu-toolchain/bin/../lib/gcc/avr/4.9.2/avr51\libgcc.a
LOAD c:/program files (x86)/atmel/studio/7.0/toolchain/avr8/avr8-gnu-toolchain/bin/../lib/gcc/avr/4.9.2/../../../../avr/lib/avr51\libm.a
START GROUP
LOAD c:/program files (x86)/atmel/studio/7.0/toolchain/avr8/avr8-gnu-toolchain/bin/../lib/gcc/avr/4.9.2/avr51\libgcc.a
LOAD c:/program files (x86)/atmel/studio/7.0/toolchain/avr8/avr8-gnu-toolchain/bin/../lib/gcc/avr/4.9.2/../../../../avr/lib/avr51\libm.a
LOAD c:/program files (x86)/atmel/studio/7.0/toolchain/avr8/avr8-gnu-toolchain/bin/../lib/gcc/avr/4.9.2/../../../../avr/lib/avr51\libc.a
LOAD C:/Program Files (x86)/Atmel/Studio/7.0/Packs/atmel/ATmega_DFP/1.0.90/gcc/dev/atmega1284p/avr51\libatmega1284p.a
END GROUP

.hash
 *(.hash)

.dynsym
 *(.dynsym)

.dynstr
 *(.dynstr)

.gnu.version
 *(.gnu.version)

.gnu.version_d
 *(.gnu.version_d)

.gnu.version_r
 *(.gnu.version_r)

.rel.init
 *(.rel.init)

.rela.init
 *(.rela.init)

.rel.text
 *(.rel.text)
 *(.rel.text.*)
 *(.rel.gnu.linkonce.t*)

.rela.text
 *(.rela.text)
 *(.rela.text.*)
 *(.rela.gnu.linkonce.t*)

.rel.fini
 *(.rel.fini)

.rela.fini
 *(.rela.fini)

.rel.rodata
 *(.rel.rodata)
 *(.rel.rodata.*)
 *(.rel.gnu.linkonce.r*)

.rela.rodata
 *(.rela.rodata)
 *(.rela.rodata.*)
 *(.rela.gnu.linkonce.r*)

.rel.data
 *(.rel.data)
 *(.rel.data.*)
 *(.rel.gnu.linkonce.d*)

.rela.data
 *(.rela.data)
 *(.rela.data.*)
 *(.rela.gnu.linkonce.d*)

.rel.ctors
 *(.rel.ctors)

.rela.ctors
 *(.rela.ctors)

.rel.dtors
 *(.rel.dtors)

.rela.dtors
 *(.rela.dtors)

.rel.got
 *(.rel.got)

.rela.got
 *(.rela.got)

.rel.bss
 *(.rel.bss)

.rela.bss
 *(.rela.bss)

.rel.plt
 *(.rel.plt)

.rela.plt
 *(.rela.plt)

.text           0x00000000     0x5162
 *(.vectors)
 .vectors       0x00000000       0x8c C:/Program Files (x86)/Atmel/Studio/7.0/Packs/atmel/ATmega_DFP/1.0.90/gcc/dev/atmega1284p/avr51/crtatmega1284p.o
                0x00000000                __vector_default
                0x00000000                __vectors
 *(.vectors)
 *(.progmem.gcc*)
 .progmem.gcc_sw_table._ZN9Interface7unifiedEv
                0x0000008c       0x2e Interface.o
 .progmem.gcc_sw_table._Z19maininterupthandlerP7monitorh
                0x000000ba       0x8c main.o
 .progmem.gcc_sw_table._Z13uhreinstellenv
                0x00000146       0x14 main.o
 .progmem.gcc_fplib
                0x0000015a       0x1e c:/program files (x86)/atmel/studio/7.0/toolchain/avr8/avr8-gnu-toolchain/bin/../lib/gcc/avr/4.9.2/../../../../avr/lib/avr51\libm.a(fp_sinus.o)
                0x00000178                . = ALIGN (0x2)
                0x00000178                __trampolines_start = .
 *(.trampolines)
 .trampolines   0x00000178        0x0 linker stubs
 *(.trampolines*)
                0x00000178                __trampolines_end = .
 *(.progmem*)
 .progmem.data._ZL11digits16x16
                0x00000178      0x140 Display.o
 .progmem.data._ZL7font5x8
                0x000002b8      0x1d6 Display.o
 .progmem.data  0x0000048e        0x8 c:/program files (x86)/atmel/studio/7.0/toolchain/avr8/avr8-gnu-toolchain/bin/../lib/gcc/avr/4.9.2/../../../../avr/lib/avr51\libprintf_flt.a(vfprintf_flt.o)
 .progmem.data  0x00000496       0xfa c:/program files (x86)/atmel/studio/7.0/toolchain/avr8/avr8-gnu-toolchain/bin/../lib/gcc/avr/4.9.2/../../../../avr/lib/avr51\libc.a(ftoa_engine.o)
                0x00000590                . = ALIGN (0x2)
 *(.jumptables)
 *(.jumptables*)
 *(.lowtext)
 *(.lowtext*)
                0x00000590                __ctors_start = .
 *(.ctors)
 .ctors         0x00000590        0x2 main.o
                0x00000592                __ctors_end = .
                0x00000592                __dtors_start = .
 *(.dtors)
 .dtors         0x00000592        0x2 main.o
                0x00000594                __dtors_end = .
 SORT(*)(.ctors)
 SORT(*)(.dtors)
 *(.init0)
 .init0         0x00000594        0x0 C:/Program Files (x86)/Atmel/Studio/7.0/Packs/atmel/ATmega_DFP/1.0.90/gcc/dev/atmega1284p/avr51/crtatmega1284p.o
                0x00000594                __init
 *(.init0)
 *(.init1)
 *(.init1)
 *(.init2)
 .init2         0x00000594        0xc C:/Program Files (x86)/Atmel/Studio/7.0/Packs/atmel/ATmega_DFP/1.0.90/gcc/dev/atmega1284p/avr51/crtatmega1284p.o
 *(.init2)
 *(.init3)
 *(.init3)
 *(.init4)
 .init4         0x000005a0       0x1a c:/program files (x86)/atmel/studio/7.0/toolchain/avr8/avr8-gnu-toolchain/bin/../lib/gcc/avr/4.9.2/avr51\libgcc.a(_copy_data.o)
                0x000005a0                __do_copy_data
 .init4         0x000005ba       0x10 c:/program files (x86)/atmel/studio/7.0/toolchain/avr8/avr8-gnu-toolchain/bin/../lib/gcc/avr/4.9.2/avr51\libgcc.a(_clear_bss.o)
                0x000005ba                __do_clear_bss
 *(.init4)
 *(.init5)
 *(.init5)
 *(.init6)
 .init6         0x000005ca       0x16 c:/program files (x86)/atmel/studio/7.0/toolchain/avr8/avr8-gnu-toolchain/bin/../lib/gcc/avr/4.9.2/avr51\libgcc.a(_ctors.o)
                0x000005ca                __do_global_ctors
 *(.init6)
 *(.init7)
 *(.init7)
 *(.init8)
 *(.init8)
 *(.init9)
 .init9         0x000005e0        0x8 C:/Program Files (x86)/Atmel/Studio/7.0/Packs/atmel/ATmega_DFP/1.0.90/gcc/dev/atmega1284p/avr51/crtatmega1284p.o
 *(.init9)
 *(.text)
 .text          0x000005e8        0x2 C:/Program Files (x86)/Atmel/Studio/7.0/Packs/atmel/ATmega_DFP/1.0.90/gcc/dev/atmega1284p/avr51/crtatmega1284p.o
                0x000005e8                __vector_22
                0x000005e8                __vector_28
                0x000005e8                __vector_1
                0x000005e8                __vector_32
                0x000005e8                __vector_34
                0x000005e8                __vector_24
                0x000005e8                __vector_12
                0x000005e8                __bad_interrupt
                0x000005e8                __vector_6
                0x000005e8                __vector_31
                0x000005e8                __vector_3
                0x000005e8                __vector_23
                0x000005e8                __vector_30
                0x000005e8                __vector_25
                0x000005e8                __vector_17
                0x000005e8                __vector_19
                0x000005e8                __vector_7
                0x000005e8                __vector_27
                0x000005e8                __vector_5
                0x000005e8                __vector_33
                0x000005e8                __vector_4
                0x000005e8                __vector_9
                0x000005e8                __vector_2
                0x000005e8                __vector_21
                0x000005e8                __vector_15
                0x000005e8                __vector_29
                0x000005e8                __vector_8
                0x000005e8                __vector_26
                0x000005e8                __vector_14
                0x000005e8                __vector_10
                0x000005e8                __vector_16
                0x000005e8                __vector_18
                0x000005ea                . = ALIGN (0x2)
 *(.text.*)
 .text._ZN7DisplayD2Ev
                0x000005ea        0x6 Display.o
                0x000005ea                _ZN7DisplayD2Ev
                0x000005ea                _ZN7DisplayD1Ev
 .text._ZN7Display10clearFrameEv
                0x000005f0        0xe Display.o
                0x000005f0                _ZN7Display10clearFrameEv
 .text._ZN7Display15ssd1306_commandEh
                0x000005fe       0x2e Display.o
                0x000005fe                _ZN7Display15ssd1306_commandEh
 .text._ZN7Display17InitializeDisplayEv
                0x0000062c       0xa0 Display.o
                0x0000062c                _ZN7Display17InitializeDisplayEv
 .text._ZN7DisplayC2Ev
                0x000006cc       0x18 Display.o
                0x000006cc                _ZN7DisplayC2Ev
                0x000006cc                _ZN7DisplayC1Ev
 .text._ZN7Display9sendFrameEv
                0x000006e4       0x64 Display.o
                0x000006e4                _ZN7Display9sendFrameEv
 .text._ZN7Display9drawPixelEhhh
                0x00000748       0x70 Display.o
                0x00000748                _ZN7Display9drawPixelEhhh
 .text._ZN7Display9drawVLineEhhh
                0x000007b8       0x34 Display.o
                0x000007b8                _ZN7Display9drawVLineEhhh
 .text._ZN7Display9drawHLineEhhh
                0x000007ec       0x34 Display.o
                0x000007ec                _ZN7Display9drawHLineEhhh
 .text._ZN7Display9draw_ASCIEhhh
                0x00000820       0x94 Display.o
                0x00000820                _ZN7Display9draw_ASCIEhhh
 .text._ZN7Display16draw_number16x16Ehhh
                0x000008b4       0xf4 Display.o
                0x000008b4                _ZN7Display16draw_number16x16Ehhh
 .text._ZN7Display6analogEhhhh
                0x000009a8      0x4f2 Display.o
                0x000009a8                _ZN7Display6analogEhhhh
 .text._ZN3I2CC2Ev
                0x00000e9a        0x8 I2C.o
                0x00000e9a                _ZN3I2CC2Ev
                0x00000e9a                _ZN3I2CC1Ev
 .text._ZN3I2CD2Ev
                0x00000ea2        0x2 I2C.o
                0x00000ea2                _ZN3I2CD1Ev
                0x00000ea2                _ZN3I2CD2Ev
 .text._ZN3I2C9twi_startEv
                0x00000ea4        0x8 I2C.o
                0x00000ea4                _ZN3I2C9twi_startEv
 .text._ZN3I2C8twi_stopEv
                0x00000eac        0x8 I2C.o
                0x00000eac                _ZN3I2C8twi_stopEv
 .text._ZN3I2C9twi_writeEh
                0x00000eb4       0x20 I2C.o
                0x00000eb4                _ZN3I2C9twi_writeEh
 .text._ZN9InterfaceC2Ev
                0x00000ed4       0x26 Interface.o
                0x00000ed4                _ZN9InterfaceC1Ev
                0x00000ed4                _ZN9InterfaceC2Ev
 .text._ZN9InterfaceD2Ev
                0x00000efa        0x2 Interface.o
                0x00000efa                _ZN9InterfaceD1Ev
                0x00000efa                _ZN9InterfaceD2Ev
 .text._ZN9Interface7paradebEPVhhPh
                0x00000efc       0x4c Interface.o
                0x00000efc                _ZN9Interface7paradebEPVhhPh
 .text._ZN9Interface6TasterEv
                0x00000f48      0x15a Interface.o
                0x00000f48                _ZN9Interface6TasterEv
 .text._ZN9Interface7unifiedEv
                0x000010a2       0x48 Interface.o
                0x000010a2                _ZN9Interface7unifiedEv
 .text._ZN9Interface17ZahlenausTastaturEv
                0x000010ea       0x16 Interface.o
                0x000010ea                _ZN9Interface17ZahlenausTastaturEv
 .text._ZN7LSM303DD2Ev
                0x00001100        0x6 LSM303D.o
                0x00001100                _ZN7LSM303DD1Ev
                0x00001100                _ZN7LSM303DD2Ev
 .text._ZN7LSM303D14LSM303_commandEhh
                0x00001106       0x34 LSM303D.o
                0x00001106                _ZN7LSM303D14LSM303_commandEhh
 .text._ZN7LSM303D13ACCBypassmodeEv
                0x0000113a        0x8 LSM303D.o
                0x0000113a                _ZN7LSM303D13ACCBypassmodeEv
 .text._ZN7LSM303D9acce_initEv
                0x00001142       0x26 LSM303D.o
                0x00001142                _ZN7LSM303D9acce_initEv
 .text._ZN7LSM303DC2Ev
                0x00001168       0x7c LSM303D.o
                0x00001168                _ZN7LSM303DC2Ev
                0x00001168                _ZN7LSM303DC1Ev
 .text._ZN7monitor11tastendruckEPh
                0x000011e4        0x4 main.o
                0x000011e4                _ZN7monitor11tastendruckEPh
 .text._ZN3uhr11tastendruckEPh
                0x000011e8       0x1c main.o
                0x000011e8                _ZN3uhr11tastendruckEPh
 .text._ZN13einstellungen11tastendruckEPh
                0x00001204        0x4 main.o
                0x00001204                _ZN13einstellungen11tastendruckEPh
 .text._ZN5menue11tastendruckEPh
                0x00001208        0x4 main.o
                0x00001208                _ZN5menue11tastendruckEPh
 .text._ZN9offscreen4drawEv
                0x0000120c       0x18 main.o
                0x0000120c                _ZN9offscreen4drawEv
 .text._ZN9wilkommen4drawEv
                0x00001224       0xf0 main.o
                0x00001224                _ZN9wilkommen4drawEv
 .text._Z8ADC_Readh
                0x00001314       0x28 main.o
                0x00001314                _Z8ADC_Readh
 .text._Z14Batteriestatusv
                0x0000133c       0xe0 main.o
                0x0000133c                _Z14Batteriestatusv
 .text._ZN5menue4drawEv
                0x0000141c      0x202 main.o
                0x0000141c                _ZN5menue4drawEv
 .text._ZN5tacho4drawEv
                0x0000161e      0x406 main.o
                0x0000161e                _ZN5tacho4drawEv
 .text._ZN3uhr4drawEv
                0x00001a24      0x14c main.o
                0x00001a24                _ZN3uhr4drawEv
 .text._ZN7wandern4drawEv
                0x00001b70      0x232 main.o
                0x00001b70                _ZN7wandern4drawEv
 .text._Z12EEPROM_Writejh
                0x00001da2       0x14 main.o
                0x00001da2                _Z12EEPROM_Writejh
 .text._ZN7wandern11tastendruckEPh
                0x00001db6       0x98 main.o
                0x00001db6                _ZN7wandern11tastendruckEPh
 .text._Z11EEPROM_Readj
                0x00001e4e       0x12 main.o
                0x00001e4e                _Z11EEPROM_Readj
 .text.__vector_11
                0x00001e60       0x46 main.o
                0x00001e60                __vector_11
 .text.__vector_13
                0x00001ea6       0x22 main.o
                0x00001ea6                __vector_13
 .text.__vector_20
                0x00001ec8       0xcc main.o
                0x00001ec8                __vector_20
 .text._Z6nullenv
                0x00001f94       0x42 main.o
                0x00001f94                _Z6nullenv
 .text._ZN5tacho11tastendruckEPh
                0x00001fd6        0xe main.o
                0x00001fd6                _ZN5tacho11tastendruckEPh
 .text._Z13reed_debouncePVhh
                0x00001fe4       0x4a main.o
                0x00001fe4                _Z13reed_debouncePVhh
 .text._Z15geschwindigkeitf
                0x0000202e       0xd2 main.o
                0x0000202e                _Z15geschwindigkeitf
 .text._Z15initialisierungv
                0x00002100      0x28a main.o
                0x00002100                _Z15initialisierungv
 .text._Z19maininterupthandlerP7monitorh
                0x0000238a      0x2ce main.o
                0x0000238a                _Z19maininterupthandlerP7monitorh
 .text._Z10gpshandlerv
                0x00002658      0x5e4 main.o
                0x00002658                _Z10gpshandlerv
 .text.main     0x00002c3c      0x2f2 main.o
                0x00002c3c                main
 .text._Z13uhreinstellenv
                0x00002f2e      0x734 main.o
                0x00002f2e                _Z13uhreinstellenv
 .text._ZN13einstellungen4drawEv
                0x00003662      0x2fa main.o
                0x00003662                _ZN13einstellungen4drawEv
 .text._GLOBAL__sub_I__Znwj
                0x0000395c       0x4e main.o
 .text._GLOBAL__sub_D__Znwj
                0x000039aa       0x3e main.o
 .text._ZN6OutputC2Ehh
                0x000039e8       0x74 Output.o
                0x000039e8                _ZN6OutputC2Ehh
                0x000039e8                _ZN6OutputC1Ehh
 .text._ZN6OutputD2Ev
                0x00003a5c        0x2 Output.o
                0x00003a5c                _ZN6OutputD1Ev
                0x00003a5c                _ZN6OutputD2Ev
 .text._ZN6Output2onEv
                0x00003a5e       0x7a Output.o
                0x00003a5e                _ZN6Output2onEv
 .text._ZN6Output4isonEv
                0x00003ad8       0x76 Output.o
                0x00003ad8                _ZN6Output4isonEv
 .text._ZN6Output3offEv
                0x00003b4e       0x82 Output.o
                0x00003b4e                _ZN6Output3offEv
 .text._ZN3RTCD2Ev
                0x00003bd0        0x2 RTC.o
                0x00003bd0                _ZN3RTCD2Ev
                0x00003bd0                _ZN3RTCD1Ev
 .text._ZN3RTC6WeckerEv
                0x00003bd2       0x22 RTC.o
                0x00003bd2                _ZN3RTC6WeckerEv
 .text._ZN3RTC14ausgabezeitneuEv
                0x00003bf4       0x72 RTC.o
                0x00003bf4                _ZN3RTC14ausgabezeitneuEv
 .text._ZN3RTC15ausgabedatumneuEv
                0x00003c66       0x72 RTC.o
                0x00003c66                _ZN3RTC15ausgabedatumneuEv
 .text._ZN3RTCC2Ev
                0x00003cd8       0x52 RTC.o
                0x00003cd8                _ZN3RTCC2Ev
                0x00003cd8                _ZN3RTCC1Ev
 .text._ZN3RTC8kalenderEv
                0x00003d2a       0x88 RTC.o
                0x00003d2a                _ZN3RTC8kalenderEv
 .text._ZN3RTC4zeitEv
                0x00003db2       0x76 RTC.o
                0x00003db2                _ZN3RTC4zeitEv
 .text._ZN3RTC8RTCstartEv
                0x00003e28       0x34 RTC.o
                0x00003e28                _ZN3RTC8RTCstartEv
 .text._ZN3RTC7RTCstopEv
                0x00003e5c        0xc RTC.o
                0x00003e5c                _ZN3RTC7RTCstopEv
 .text._ZN5SOUNDD2Ev
                0x00003e68        0x2 SOUND.o
                0x00003e68                _ZN5SOUNDD2Ev
                0x00003e68                _ZN5SOUNDD1Ev
 .text._ZN5SOUND2onEv
                0x00003e6a       0x12 SOUND.o
                0x00003e6a                _ZN5SOUND2onEv
 .text._ZN5SOUND3offEv
                0x00003e7c        0x8 SOUND.o
                0x00003e7c                _ZN5SOUND3offEv
 .text._ZN5SOUND12setfrequenciEj
                0x00003e84       0x38 SOUND.o
                0x00003e84                _ZN5SOUND12setfrequenciEj
 .text._ZN5SOUNDC2Ev
                0x00003ebc       0x2e SOUND.o
                0x00003ebc                _ZN5SOUNDC2Ev
                0x00003ebc                _ZN5SOUNDC1Ev
 .text.avr-libc.fplib
                0x00003eea        0xa c:/program files (x86)/atmel/studio/7.0/toolchain/avr8/avr8-gnu-toolchain/bin/../lib/gcc/avr/4.9.2/../../../../avr/lib/avr51\libm.a(addsf3.o)
                0x00003eea                __subsf3
                0x00003eec                __addsf3
 .text.avr-libc.fplib
                0x00003ef4       0xc0 c:/program files (x86)/atmel/studio/7.0/toolchain/avr8/avr8-gnu-toolchain/bin/../lib/gcc/avr/4.9.2/../../../../avr/lib/avr51\libm.a(addsf3x.o)
                0x00003f0e                __addsf3x
 .text.avr-libc.fplib
                0x00003fb4        0x6 c:/program files (x86)/atmel/studio/7.0/toolchain/avr8/avr8-gnu-toolchain/bin/../lib/gcc/avr/4.9.2/../../../../avr/lib/avr51\libm.a(cos.o)
                0x00003fb4                cos
 .text.avr-libc.fplib
                0x00003fba        0x4 c:/program files (x86)/atmel/studio/7.0/toolchain/avr8/avr8-gnu-toolchain/bin/../lib/gcc/avr/4.9.2/../../../../avr/lib/avr51\libm.a(divsf3.o)
                0x00003fba                __divsf3
 .text.avr-libc.fplib
                0x00003fbe       0xcc c:/program files (x86)/atmel/studio/7.0/toolchain/avr8/avr8-gnu-toolchain/bin/../lib/gcc/avr/4.9.2/../../../../avr/lib/avr51\libm.a(divsf3x.o)
                0x00003fd4                __divsf3x
                0x00003fd8                __divsf3_pse
 .text.avr-libc.fplib
                0x0000408a        0xa c:/program files (x86)/atmel/studio/7.0/toolchain/avr8/avr8-gnu-toolchain/bin/../lib/gcc/avr/4.9.2/../../../../avr/lib/avr51\libm.a(fixsfsi.o)
                0x0000408a                __fixsfsi
 .text.avr-libc.fplib
                0x00004094       0x58 c:/program files (x86)/atmel/studio/7.0/toolchain/avr8/avr8-gnu-toolchain/bin/../lib/gcc/avr/4.9.2/../../../../avr/lib/avr51\libm.a(fixunssfsi.o)
                0x00004094                __fixunssfsi
 .text.avr-libc.fplib
                0x000040ec       0x7a c:/program files (x86)/atmel/studio/7.0/toolchain/avr8/avr8-gnu-toolchain/bin/../lib/gcc/avr/4.9.2/../../../../avr/lib/avr51\libm.a(floatsisf.o)
                0x000040ec                __floatunsisf
                0x000040f0                __floatsisf
 .text.avr-libc.fplib
                0x00004166       0x48 c:/program files (x86)/atmel/studio/7.0/toolchain/avr8/avr8-gnu-toolchain/bin/../lib/gcc/avr/4.9.2/../../../../avr/lib/avr51\libm.a(fp_cmp.o)
                0x00004166                __fp_cmp
 .text.avr-libc.fplib
                0x000041ae        0xc c:/program files (x86)/atmel/studio/7.0/toolchain/avr8/avr8-gnu-toolchain/bin/../lib/gcc/avr/4.9.2/../../../../avr/lib/avr51\libm.a(fp_inf.o)
                0x000041ae                __fp_inf
 .text.avr-libc.fplib
                0x000041ba        0x6 c:/program files (x86)/atmel/studio/7.0/toolchain/avr8/avr8-gnu-toolchain/bin/../lib/gcc/avr/4.9.2/../../../../avr/lib/avr51\libm.a(fp_nan.o)
                0x000041ba                __fp_nan
 .text.avr-libc.fplib
                0x000041c0       0x4a c:/program files (x86)/atmel/studio/7.0/toolchain/avr8/avr8-gnu-toolchain/bin/../lib/gcc/avr/4.9.2/../../../../avr/lib/avr51\libm.a(fp_powser.o)
                0x000041c0                __fp_powser
 .text.avr-libc.fplib
                0x0000420a        0xe c:/program files (x86)/atmel/studio/7.0/toolchain/avr8/avr8-gnu-toolchain/bin/../lib/gcc/avr/4.9.2/../../../../avr/lib/avr51\libm.a(fp_pscA.o)
                0x0000420a                __fp_pscA
 .text.avr-libc.fplib
                0x00004218        0xe c:/program files (x86)/atmel/studio/7.0/toolchain/avr8/avr8-gnu-toolchain/bin/../lib/gcc/avr/4.9.2/../../../../avr/lib/avr51\libm.a(fp_pscB.o)
                0x00004218                __fp_pscB
 .text.avr-libc.fplib
                0x00004226       0x50 c:/program files (x86)/atmel/studio/7.0/toolchain/avr8/avr8-gnu-toolchain/bin/../lib/gcc/avr/4.9.2/../../../../avr/lib/avr51\libm.a(fp_rempio2.o)
                0x00004228                __fp_rempio2
 .text.avr-libc.fplib
                0x00004276       0x22 c:/program files (x86)/atmel/studio/7.0/toolchain/avr8/avr8-gnu-toolchain/bin/../lib/gcc/avr/4.9.2/../../../../avr/lib/avr51\libm.a(fp_round.o)
                0x00004276                __fp_round
 .text.avr-libc.fplib
                0x00004298       0x22 c:/program files (x86)/atmel/studio/7.0/toolchain/avr8/avr8-gnu-toolchain/bin/../lib/gcc/avr/4.9.2/../../../../avr/lib/avr51\libm.a(fp_sinus.o)
                0x00004298                __fp_sinus
 .text.avr-libc.fplib
                0x000042ba       0x44 c:/program files (x86)/atmel/studio/7.0/toolchain/avr8/avr8-gnu-toolchain/bin/../lib/gcc/avr/4.9.2/../../../../avr/lib/avr51\libm.a(fp_split3.o)
                0x000042ba                __fp_split3
                0x000042ca                __fp_splitA
 .text.avr-libc.fplib
                0x000042fe        0xe c:/program files (x86)/atmel/studio/7.0/toolchain/avr8/avr8-gnu-toolchain/bin/../lib/gcc/avr/4.9.2/../../../../avr/lib/avr51\libm.a(fp_zero.o)
                0x000042fe                __fp_zero
                0x00004300                __fp_szero
 .text.avr-libc.fplib
                0x0000430c        0x8 c:/program files (x86)/atmel/studio/7.0/toolchain/avr8/avr8-gnu-toolchain/bin/../lib/gcc/avr/4.9.2/../../../../avr/lib/avr51\libm.a(gesf2.o)
                0x0000430c                __gesf2
                0x0000430c                __gtsf2
 .text.avr-libc.fplib
                0x00004314        0x4 c:/program files (x86)/atmel/studio/7.0/toolchain/avr8/avr8-gnu-toolchain/bin/../lib/gcc/avr/4.9.2/../../../../avr/lib/avr51\libm.a(mulsf3.o)
                0x00004314                __mulsf3
 .text.avr-libc.fplib
                0x00004318       0xc2 c:/program files (x86)/atmel/studio/7.0/toolchain/avr8/avr8-gnu-toolchain/bin/../lib/gcc/avr/4.9.2/../../../../avr/lib/avr51\libm.a(mulsf3x.o)
                0x0000432c                __mulsf3x
                0x00004330                __mulsf3_pse
 .text.avr-libc.fplib
                0x000043da        0xc c:/program files (x86)/atmel/studio/7.0/toolchain/avr8/avr8-gnu-toolchain/bin/../lib/gcc/avr/4.9.2/../../../../avr/lib/avr51\libm.a(sin.o)
                0x000043da                sin
 .text.avr-libc.fplib
                0x000043e6       0x1c c:/program files (x86)/atmel/studio/7.0/toolchain/avr8/avr8-gnu-toolchain/bin/../lib/gcc/avr/4.9.2/../../../../avr/lib/avr51\libm.a(fp_mpack.o)
                0x000043e6                __fp_mpack
                0x000043ea                __fp_mpack_finite
 .text.avr-libc.fplib
                0x00004402       0x22 c:/program files (x86)/atmel/studio/7.0/toolchain/avr8/avr8-gnu-toolchain/bin/../lib/gcc/avr/4.9.2/../../../../avr/lib/avr51\libm.a(fp_powsodd.o)
                0x00004402                __fp_powsodd
 .text.avr-libc
                0x00004424      0x710 c:/program files (x86)/atmel/studio/7.0/toolchain/avr8/avr8-gnu-toolchain/bin/../lib/gcc/avr/4.9.2/../../../../avr/lib/avr51\libprintf_flt.a(vfprintf_flt.o)
                0x00004424                vfprintf
 .text.libgcc.div
                0x00004b34       0x44 c:/program files (x86)/atmel/studio/7.0/toolchain/avr8/avr8-gnu-toolchain/bin/../lib/gcc/avr/4.9.2/avr51\libgcc.a(_udivmodsi4.o)
                0x00004b34                __udivmodsi4
 .text.libgcc   0x00004b78       0x12 c:/program files (x86)/atmel/studio/7.0/toolchain/avr8/avr8-gnu-toolchain/bin/../lib/gcc/avr/4.9.2/avr51\libgcc.a(_tablejump2.o)
                0x00004b78                __tablejump2__
 .text.avr-libc
                0x00004b8a      0x25a c:/program files (x86)/atmel/studio/7.0/toolchain/avr8/avr8-gnu-toolchain/bin/../lib/gcc/avr/4.9.2/../../../../avr/lib/avr51\libc.a(malloc.o)
                0x00004b8a                malloc
                0x00004cb4                free
 .text.avr-libc
                0x00004de4      0x1b0 c:/program files (x86)/atmel/studio/7.0/toolchain/avr8/avr8-gnu-toolchain/bin/../lib/gcc/avr/4.9.2/../../../../avr/lib/avr51\libc.a(ftoa_engine.o)
                0x00004de4                __ftoa_engine
 .text.avr-libc
                0x00004f94       0x16 c:/program files (x86)/atmel/studio/7.0/toolchain/avr8/avr8-gnu-toolchain/bin/../lib/gcc/avr/4.9.2/../../../../avr/lib/avr51\libc.a(strnlen_P.o)
                0x00004f94                strnlen_P
 .text.avr-libc
                0x00004faa       0x16 c:/program files (x86)/atmel/studio/7.0/toolchain/avr8/avr8-gnu-toolchain/bin/../lib/gcc/avr/4.9.2/../../../../avr/lib/avr51\libc.a(strnlen.o)
                0x00004faa                strnlen
 .text.avr-libc
                0x00004fc0       0x70 c:/program files (x86)/atmel/studio/7.0/toolchain/avr8/avr8-gnu-toolchain/bin/../lib/gcc/avr/4.9.2/../../../../avr/lib/avr51\libc.a(fputc.o)
                0x00004fc0                fputc
 .text.avr-libc
                0x00005030       0x5e c:/program files (x86)/atmel/studio/7.0/toolchain/avr8/avr8-gnu-toolchain/bin/../lib/gcc/avr/4.9.2/../../../../avr/lib/avr51\libc.a(sprintf.o)
                0x00005030                sprintf
 .text.avr-libc
                0x0000508e       0xbc c:/program files (x86)/atmel/studio/7.0/toolchain/avr8/avr8-gnu-toolchain/bin/../lib/gcc/avr/4.9.2/../../../../avr/lib/avr51\libc.a(ultoa_invert.o)
                0x0000508e                __ultoa_invert
                0x0000514a                . = ALIGN (0x2)
 *(.fini9)
 .fini9         0x0000514a        0x0 c:/program files (x86)/atmel/studio/7.0/toolchain/avr8/avr8-gnu-toolchain/bin/../lib/gcc/avr/4.9.2/avr51\libgcc.a(_exit.o)
                0x0000514a                _exit
                0x0000514a                exit
 *(.fini9)
 *(.fini8)
 *(.fini8)
 *(.fini7)
 *(.fini7)
 *(.fini6)
 .fini6         0x0000514a       0x14 c:/program files (x86)/atmel/studio/7.0/toolchain/avr8/avr8-gnu-toolchain/bin/../lib/gcc/avr/4.9.2/avr51\libgcc.a(_dtors.o)
                0x0000514a                __do_global_dtors
 *(.fini6)
 *(.fini5)
 *(.fini5)
 *(.fini4)
 *(.fini4)
 *(.fini3)
 *(.fini3)
 *(.fini2)
 *(.fini2)
 *(.fini1)
 *(.fini1)
 *(.fini0)
 .fini0         0x0000515e        0x4 c:/program files (x86)/atmel/studio/7.0/toolchain/avr8/avr8-gnu-toolchain/bin/../lib/gcc/avr/4.9.2/avr51\libgcc.a(_exit.o)
 *(.fini0)
                0x00005162                _etext = .

.data           0x00800100      0x1bc load address 0x00005162
                0x00800100                PROVIDE (__data_start, .)
 *(.data)
 .data          0x00800100        0x6 c:/program files (x86)/atmel/studio/7.0/toolchain/avr8/avr8-gnu-toolchain/bin/../lib/gcc/avr/4.9.2/../../../../avr/lib/avr51\libc.a(malloc.o)
                0x00800100                __malloc_heap_end
                0x00800102                __malloc_heap_start
                0x00800104                __malloc_margin
 *(.data*)
 *(.rodata)
 *(.rodata*)
 .rodata.str1.1
                0x00800106      0x17e main.o
                                0x183 (size before relaxing)
 .rodata._ZTV3uhr
                0x00800284        0x8 main.o
                0x00800284                _ZTV3uhr
 .rodata._ZTV5tacho
                0x0080028c        0x8 main.o
                0x0080028c                _ZTV5tacho
 .rodata._ZTV7wandern
                0x00800294        0x8 main.o
                0x00800294                _ZTV7wandern
 .rodata._ZTV13einstellungen
                0x0080029c        0x8 main.o
                0x0080029c                _ZTV13einstellungen
 .rodata._ZTV9wilkommen
                0x008002a4        0x8 main.o
                0x008002a4                _ZTV9wilkommen
 .rodata._ZTV5menue
                0x008002ac        0x8 main.o
                0x008002ac                _ZTV5menue
 .rodata._ZTV9offscreen
                0x008002b4        0x8 main.o
                0x008002b4                _ZTV9offscreen
 *(.gnu.linkonce.d*)
                0x008002bc                . = ALIGN (0x2)
                0x008002bc                _edata = .
                0x008002bc                PROVIDE (__data_end, .)

.bss            0x008002bc      0x597
                0x008002bc                PROVIDE (__bss_start, .)
 *(.bss)
 *(.bss*)
 .bss.Fahrtzeit
                0x008002bc        0x4 main.o
                0x008002bc                Fahrtzeit
 .bss.maxgeschw
                0x008002c0        0x4 main.o
                0x008002c0                maxgeschw
 .bss.strecke   0x008002c4        0x4 main.o
                0x008002c4                strecke
 .bss.geschw    0x008002c8        0x4 main.o
                0x008002c8                geschw
 .bss.gpsJahr   0x008002cc        0x1 main.o
                0x008002cc                gpsJahr
 .bss.gpsMonat  0x008002cd        0x1 main.o
                0x008002cd                gpsMonat
 .bss.gpsTag    0x008002ce        0x1 main.o
                0x008002ce                gpsTag
 .bss.gpssekunde
                0x008002cf        0x1 main.o
                0x008002cf                gpssekunde
 .bss.gpsminute
                0x008002d0        0x1 main.o
                0x008002d0                gpsminute
 .bss.gpsstunde
                0x008002d1        0x1 main.o
                0x008002d1                gpsstunde
 .bss.gpsspeed  0x008002d2        0x4 main.o
                0x008002d2                gpsspeed
 .bss.lon       0x008002d6        0x4 main.o
                0x008002d6                lon
 .bss.lat       0x008002da        0x4 main.o
                0x008002da                lat
 .bss.gpscounter
                0x008002de        0x1 main.o
                0x008002de                gpscounter
 .bss.gpsdata   0x008002df       0x48 main.o
                0x008002df                gpsdata
 .bss.gpsstatus
                0x00800327        0x1 main.o
                0x00800327                gpsstatus
 .bss.FPS       0x00800328        0x1 main.o
                0x00800328                FPS
 .bss.position  0x00800329        0x1 main.o
                0x00800329                position
 .bss.statusreg
                0x0080032a        0x1 main.o
                0x0080032a                statusreg
 .bss.anzeige   0x0080032b        0x1 main.o
                0x0080032b                anzeige
 .bss.Sound     0x0080032c        0x2 main.o
                0x0080032c                Sound
 .bss.IRLED     0x0080032e        0x2 main.o
                0x0080032e                IRLED
 .bss.Vibrationsmotor
                0x00800330        0x2 main.o
                0x00800330                Vibrationsmotor
 .bss.LED       0x00800332        0x2 main.o
                0x00800332                LED
 .bss.batterie  0x00800334        0x4 main.o
                0x00800334                batterie
 .bss.Accelerometer
                0x00800338       0xe9 main.o
                0x00800338                Accelerometer
 .bss.Lautsprecher
                0x00800421        0x2 main.o
                0x00800421                Lautsprecher
 .bss.Tastatur  0x00800423        0xc main.o
                0x00800423                Tastatur
 .bss.oled      0x0080042f      0x401 main.o
                0x0080042f                oled
 .bss.rtc       0x00800830       0x1f main.o
                0x00800830                rtc
 *(COMMON)
 COMMON         0x0080084f        0x4 c:/program files (x86)/atmel/studio/7.0/toolchain/avr8/avr8-gnu-toolchain/bin/../lib/gcc/avr/4.9.2/../../../../avr/lib/avr51\libc.a(malloc.o)
                0x0080084f                __brkval
                0x00800851                __flp
                0x00800853                PROVIDE (__bss_end, .)
                0x00005162                __data_load_start = LOADADDR (.data)
                0x0000531e                __data_load_end = (__data_load_start + SIZEOF (.data))

.noinit         0x00800853        0x0
                0x00800853                PROVIDE (__noinit_start, .)
 *(.noinit*)
                0x00800853                PROVIDE (__noinit_end, .)
                0x00800853                _end = .
                0x00800853                PROVIDE (__heap_start, .)

.eeprom         0x00810000        0x0
 *(.eeprom*)
                0x00810000                __eeprom_end = .

.fuse
 *(.fuse)
 *(.lfuse)
 *(.hfuse)
 *(.efuse)

.lock
 *(.lock*)

.signature
 *(.signature*)

.user_signatures
 *(.user_signatures*)

.stab
 *(.stab)

.stabstr
 *(.stabstr)

.stab.excl
 *(.stab.excl)

.stab.exclstr
 *(.stab.exclstr)

.stab.index
 *(.stab.index)

.stab.indexstr
 *(.stab.indexstr)

.comment        0x00000000       0x5c
 *(.comment)
 .comment       0x00000000       0x30 Display.o
                                 0x31 (size before relaxing)
 .comment       0x00000030       0x31 I2C.o
 .comment       0x00000030       0x31 Interface.o
 .comment       0x00000030       0x31 LSM303D.o
 .comment       0x00000030       0x31 main.o
 .comment       0x00000030       0x31 Output.o
 .comment       0x00000030       0x31 RTC.o
 .comment       0x00000030       0x31 SOUND.o
 .comment       0x00000030       0x2c c:/program files (x86)/atmel/studio/7.0/toolchain/avr8/avr8-gnu-toolchain/bin/../lib/gcc/avr/4.9.2/../../../../avr/lib/avr51\libprintf_flt.a(vfprintf_flt.o)
                                 0x2d (size before relaxing)
 .comment       0x0000005c       0x31 c:/program files (x86)/atmel/studio/7.0/toolchain/avr8/avr8-gnu-toolchain/bin/../lib/gcc/avr/4.9.2/../../../../avr/lib/avr51\libc.a(malloc.o)
 .comment       0x0000005c       0x31 c:/program files (x86)/atmel/studio/7.0/toolchain/avr8/avr8-gnu-toolchain/bin/../lib/gcc/avr/4.9.2/../../../../avr/lib/avr51\libc.a(fputc.o)
 .comment       0x0000005c       0x31 c:/program files (x86)/atmel/studio/7.0/toolchain/avr8/avr8-gnu-toolchain/bin/../lib/gcc/avr/4.9.2/../../../../avr/lib/avr51\libc.a(sprintf.o)

.note.gnu.avr.deviceinfo
                0x00000000       0x40
 .note.gnu.avr.deviceinfo
                0x00000000       0x40 C:/Program Files (x86)/Atmel/Studio/7.0/Packs/atmel/ATmega_DFP/1.0.90/gcc/dev/atmega1284p/avr51/crtatmega1284p.o

.note.gnu.build-id
 *(.note.gnu.build-id)

.debug
 *(.debug)

.line
 *(.line)

.debug_srcinfo
 *(.debug_srcinfo)

.debug_sfnames
 *(.debug_sfnames)

.debug_aranges  0x00000000      0x3f0
 *(.debug_aranges)
 .debug_aranges
                0x00000000       0xb0 Display.o
 .debug_aranges
                0x000000b0       0x58 I2C.o
 .debug_aranges
                0x00000108       0x58 Interface.o
 .debug_aranges
                0x00000160       0x70 LSM303D.o
 .debug_aranges
                0x000001d0      0x128 main.o
 .debug_aranges
                0x000002f8       0x48 Output.o
 .debug_aranges
                0x00000340       0x70 RTC.o
 .debug_aranges
                0x000003b0       0x40 SOUND.o

.debug_pubnames
 *(.debug_pubnames)

.debug_info     0x00000000     0x97b8
 *(.debug_info .gnu.linkonce.wi.*)
 .debug_info    0x00000000     0x1c41 Display.o
 .debug_info    0x00001c41      0x372 I2C.o
 .debug_info    0x00001fb3      0xd25 Interface.o
 .debug_info    0x00002cd8      0xd77 LSM303D.o
 .debug_info    0x00003a4f     0x5004 main.o
 .debug_info    0x00008a53      0x3f7 Output.o
 .debug_info    0x00008e4a      0x62e RTC.o
 .debug_info    0x00009478      0x340 SOUND.o

.debug_abbrev   0x00000000     0x191b
 *(.debug_abbrev)
 .debug_abbrev  0x00000000      0x34e Display.o
 .debug_abbrev  0x0000034e      0x190 I2C.o
 .debug_abbrev  0x000004de      0x2b6 Interface.o
 .debug_abbrev  0x00000794      0x338 LSM303D.o
 .debug_abbrev  0x00000acc      0x849 main.o
 .debug_abbrev  0x00001315      0x1e0 Output.o
 .debug_abbrev  0x000014f5      0x256 RTC.o
 .debug_abbrev  0x0000174b      0x1d0 SOUND.o

.debug_line     0x00000000     0x3438
 *(.debug_line .debug_line.* .debug_line_end)
 .debug_line    0x00000000      0x839 Display.o
 .debug_line    0x00000839      0x197 I2C.o
 .debug_line    0x000009d0      0x551 Interface.o
 .debug_line    0x00000f21      0x55b LSM303D.o
 .debug_line    0x0000147c     0x1803 main.o
 .debug_line    0x00002c7f      0x217 Output.o
 .debug_line    0x00002e96      0x44d RTC.o
 .debug_line    0x000032e3      0x155 SOUND.o

.debug_frame    0x00000000      0xfbc
 *(.debug_frame)
 .debug_frame   0x00000000      0x3a0 Display.o
 .debug_frame   0x000003a0       0x94 I2C.o
 .debug_frame   0x00000434       0xb0 Interface.o
 .debug_frame   0x000004e4      0x238 LSM303D.o
 .debug_frame   0x0000071c      0x6b4 main.o
 .debug_frame   0x00000dd0       0x74 Output.o
 .debug_frame   0x00000e44       0xf4 RTC.o
 .debug_frame   0x00000f38       0x84 SOUND.o

.debug_str      0x00000000     0x137c
 *(.debug_str)
 .debug_str     0x00000000      0x630 Display.o
                                0x690 (size before relaxing)
 .debug_str     0x00000630       0x25 I2C.o
                                0x290 (size before relaxing)
 .debug_str     0x00000655      0x19d Interface.o
                                0x36d (size before relaxing)
 .debug_str     0x000007f2      0x224 LSM303D.o
                                0x4d7 (size before relaxing)
 .debug_str     0x00000a16      0x8b7 main.o
                               0x1204 (size before relaxing)
 .debug_str     0x000012cd       0x51 Output.o
                                0x277 (size before relaxing)
 .debug_str     0x0000131e       0x25 RTC.o
                                0x37d (size before relaxing)
 .debug_str     0x00001343       0x39 SOUND.o
                                0x26d (size before relaxing)

.debug_loc      0x00000000     0x694c
 *(.debug_loc)
 .debug_loc     0x00000000     0x1bcd Display.o
 .debug_loc     0x00001bcd      0x128 I2C.o
 .debug_loc     0x00001cf5      0xac7 Interface.o
 .debug_loc     0x000027bc      0xf76 LSM303D.o
 .debug_loc     0x00003732     0x2a0d main.o
 .debug_loc     0x0000613f      0x397 Output.o
 .debug_loc     0x000064d6      0x2d3 RTC.o
 .debug_loc     0x000067a9      0x1a3 SOUND.o

.debug_macinfo
 *(.debug_macinfo)

.debug_weaknames
 *(.debug_weaknames)

.debug_funcnames
 *(.debug_funcnames)

.debug_typenames
 *(.debug_typenames)

.debug_varnames
 *(.debug_varnames)

.debug_pubtypes
 *(.debug_pubtypes)

.debug_ranges   0x00000000      0x430
 *(.debug_ranges)
 .debug_ranges  0x00000000      0x100 Display.o
 .debug_ranges  0x00000100       0x48 I2C.o
 .debug_ranges  0x00000148       0x48 Interface.o
 .debug_ranges  0x00000190       0x60 LSM303D.o
 .debug_ranges  0x000001f0      0x178 main.o
 .debug_ranges  0x00000368       0x38 Output.o
 .debug_ranges  0x000003a0       0x60 RTC.o
 .debug_ranges  0x00000400       0x30 SOUND.o

.debug_macro
 *(.debug_macro)
OUTPUT(FWCP_MK3.elf elf32-avr)
LOAD linker stubs
