Archive member included to satisfy reference by file (symbol)

c:/program files/atmel/studio/7.0/toolchain/avr8/avr8-gnu-toolchain/bin/../lib/gcc/avr/4.9.2/../../../../avr/lib/avr51\libm.a(addsf3.o)
                              Display.o (__subsf3)
c:/program files/atmel/studio/7.0/toolchain/avr8/avr8-gnu-toolchain/bin/../lib/gcc/avr/4.9.2/../../../../avr/lib/avr51\libm.a(addsf3x.o)
                              c:/program files/atmel/studio/7.0/toolchain/avr8/avr8-gnu-toolchain/bin/../lib/gcc/avr/4.9.2/../../../../avr/lib/avr51\libm.a(addsf3.o) (__addsf3x)
c:/program files/atmel/studio/7.0/toolchain/avr8/avr8-gnu-toolchain/bin/../lib/gcc/avr/4.9.2/../../../../avr/lib/avr51\libm.a(atan2.o)
                              Kompass.o (atan2)
c:/program files/atmel/studio/7.0/toolchain/avr8/avr8-gnu-toolchain/bin/../lib/gcc/avr/4.9.2/../../../../avr/lib/avr51\libm.a(atan.o)
                              c:/program files/atmel/studio/7.0/toolchain/avr8/avr8-gnu-toolchain/bin/../lib/gcc/avr/4.9.2/../../../../avr/lib/avr51\libm.a(atan2.o) (atan)
c:/program files/atmel/studio/7.0/toolchain/avr8/avr8-gnu-toolchain/bin/../lib/gcc/avr/4.9.2/../../../../avr/lib/avr51\libm.a(cmpsf2.o)
                              Kompass.o (__ltsf2)
c:/program files/atmel/studio/7.0/toolchain/avr8/avr8-gnu-toolchain/bin/../lib/gcc/avr/4.9.2/../../../../avr/lib/avr51\libm.a(cos.o)
                              Display.o (cos)
c:/program files/atmel/studio/7.0/toolchain/avr8/avr8-gnu-toolchain/bin/../lib/gcc/avr/4.9.2/../../../../avr/lib/avr51\libm.a(divsf3.o)
                              BMP180.o (__divsf3)
c:/program files/atmel/studio/7.0/toolchain/avr8/avr8-gnu-toolchain/bin/../lib/gcc/avr/4.9.2/../../../../avr/lib/avr51\libm.a(divsf3x.o)
                              c:/program files/atmel/studio/7.0/toolchain/avr8/avr8-gnu-toolchain/bin/../lib/gcc/avr/4.9.2/../../../../avr/lib/avr51\libm.a(divsf3.o) (__divsf3x)
c:/program files/atmel/studio/7.0/toolchain/avr8/avr8-gnu-toolchain/bin/../lib/gcc/avr/4.9.2/../../../../avr/lib/avr51\libm.a(fixsfsi.o)
                              Kompass.o (__fixsfsi)
c:/program files/atmel/studio/7.0/toolchain/avr8/avr8-gnu-toolchain/bin/../lib/gcc/avr/4.9.2/../../../../avr/lib/avr51\libm.a(fixunssfsi.o)
                              Display.o (__fixunssfsi)
c:/program files/atmel/studio/7.0/toolchain/avr8/avr8-gnu-toolchain/bin/../lib/gcc/avr/4.9.2/../../../../avr/lib/avr51\libm.a(floatsisf.o)
                              BMP180.o (__floatunsisf)
c:/program files/atmel/studio/7.0/toolchain/avr8/avr8-gnu-toolchain/bin/../lib/gcc/avr/4.9.2/../../../../avr/lib/avr51\libm.a(fp_cmp.o)
                              c:/program files/atmel/studio/7.0/toolchain/avr8/avr8-gnu-toolchain/bin/../lib/gcc/avr/4.9.2/../../../../avr/lib/avr51\libm.a(cmpsf2.o) (__fp_cmp)
c:/program files/atmel/studio/7.0/toolchain/avr8/avr8-gnu-toolchain/bin/../lib/gcc/avr/4.9.2/../../../../avr/lib/avr51\libm.a(fp_inf.o)
                              c:/program files/atmel/studio/7.0/toolchain/avr8/avr8-gnu-toolchain/bin/../lib/gcc/avr/4.9.2/../../../../avr/lib/avr51\libm.a(addsf3x.o) (__fp_inf)
c:/program files/atmel/studio/7.0/toolchain/avr8/avr8-gnu-toolchain/bin/../lib/gcc/avr/4.9.2/../../../../avr/lib/avr51\libm.a(fp_nan.o)
                              c:/program files/atmel/studio/7.0/toolchain/avr8/avr8-gnu-toolchain/bin/../lib/gcc/avr/4.9.2/../../../../avr/lib/avr51\libm.a(addsf3x.o) (__fp_nan)
c:/program files/atmel/studio/7.0/toolchain/avr8/avr8-gnu-toolchain/bin/../lib/gcc/avr/4.9.2/../../../../avr/lib/avr51\libm.a(fp_powser.o)
                              c:/program files/atmel/studio/7.0/toolchain/avr8/avr8-gnu-toolchain/bin/../lib/gcc/avr/4.9.2/../../../../avr/lib/avr51\libm.a(atan.o) (__fp_powser)
c:/program files/atmel/studio/7.0/toolchain/avr8/avr8-gnu-toolchain/bin/../lib/gcc/avr/4.9.2/../../../../avr/lib/avr51\libm.a(fp_pscA.o)
                              c:/program files/atmel/studio/7.0/toolchain/avr8/avr8-gnu-toolchain/bin/../lib/gcc/avr/4.9.2/../../../../avr/lib/avr51\libm.a(addsf3x.o) (__fp_pscA)
c:/program files/atmel/studio/7.0/toolchain/avr8/avr8-gnu-toolchain/bin/../lib/gcc/avr/4.9.2/../../../../avr/lib/avr51\libm.a(fp_pscB.o)
                              c:/program files/atmel/studio/7.0/toolchain/avr8/avr8-gnu-toolchain/bin/../lib/gcc/avr/4.9.2/../../../../avr/lib/avr51\libm.a(addsf3x.o) (__fp_pscB)
c:/program files/atmel/studio/7.0/toolchain/avr8/avr8-gnu-toolchain/bin/../lib/gcc/avr/4.9.2/../../../../avr/lib/avr51\libm.a(fp_rempio2.o)
                              c:/program files/atmel/studio/7.0/toolchain/avr8/avr8-gnu-toolchain/bin/../lib/gcc/avr/4.9.2/../../../../avr/lib/avr51\libm.a(cos.o) (__fp_rempio2)
c:/program files/atmel/studio/7.0/toolchain/avr8/avr8-gnu-toolchain/bin/../lib/gcc/avr/4.9.2/../../../../avr/lib/avr51\libm.a(fp_round.o)
[...]
Memory Configuration

Name             Origin             Length             Attributes
text             0x00000000         0x00020000         xr
data             0x00800100         0x0000ff00         rw !x
eeprom           0x00810000         0x00010000         rw !x
fuse             0x00820000         0x00000400         rw !x
lock             0x00830000         0x00000400         rw !x
signature        0x00840000         0x00000400         rw !x
user_signatures  0x00850000         0x00000400         rw !x
*default*        0x00000000         0xffffffff

Linker script and memory map

Address of section .data set to 0x800100
LOAD C:/Program Files/Atmel/Studio/7.0/Packs/atmel/ATmega_DFP/1.0.90/gcc/dev/atmega1284p/avr51/crtatmega1284p.o
LOAD BMP180.o
LOAD diskio.o
LOAD Display.o
LOAD ff.o
LOAD I2C.o
LOAD Interface.o
LOAD Kompass.o
LOAD LSM303D.o
LOAD main.o
LOAD Output.o
LOAD RTC.o
LOAD SOUND.o
START GROUP
LOAD c:/program files/atmel/studio/7.0/toolchain/avr8/avr8-gnu-toolchain/bin/../lib/gcc/avr/4.9.2/../../../../avr/lib/avr51\libm.a
LOAD c:/program files/atmel/studio/7.0/toolchain/avr8/avr8-gnu-toolchain/bin/../lib/gcc/avr/4.9.2/../../../../avr/lib/avr51\libprintf_flt.a
END GROUP
LOAD c:/program files/atmel/studio/7.0/toolchain/avr8/avr8-gnu-toolchain/bin/../lib/gcc/avr/4.9.2/avr51\libgcc.a
LOAD c:/program files/atmel/studio/7.0/toolchain/avr8/avr8-gnu-toolchain/bin/../lib/gcc/avr/4.9.2/../../../../avr/lib/avr51\libm.a
START GROUP
LOAD c:/program files/atmel/studio/7.0/toolchain/avr8/avr8-gnu-toolchain/bin/../lib/gcc/avr/4.9.2/avr51\libgcc.a
LOAD c:/program files/atmel/studio/7.0/toolchain/avr8/avr8-gnu-toolchain/bin/../lib/gcc/avr/4.9.2/../../../../avr/lib/avr51\libm.a
LOAD c:/program files/atmel/studio/7.0/toolchain/avr8/avr8-gnu-toolchain/bin/../lib/gcc/avr/4.9.2/../../../../avr/lib/avr51\libc.a
LOAD C:/Program Files/Atmel/Studio/7.0/Packs/atmel/ATmega_DFP/1.0.90/gcc/dev/atmega1284p/avr51\libatmega1284p.a
END GROUP

.hash
 *(.hash)

.dynsym
 *(.dynsym)

.dynstr
 *(.dynstr)

.gnu.version
 *(.gnu.version)

.gnu.version_d
 *(.gnu.version_d)

.gnu.version_r
 *(.gnu.version_r)

.rel.init
 *(.rel.init)

.rela.init
 *(.rela.init)

.rel.text
 *(.rel.text)
 *(.rel.text.*)
 *(.rel.gnu.linkonce.t*)

.rela.text
 *(.rela.text)
 *(.rela.text.*)
 *(.rela.gnu.linkonce.t*)

.rel.fini
 *(.rel.fini)

.rela.fini
 *(.rela.fini)

.rel.rodata
 *(.rel.rodata)
 *(.rel.rodata.*)
 *(.rel.gnu.linkonce.r*)

.rela.rodata
 *(.rela.rodata)
 *(.rela.rodata.*)
 *(.rela.gnu.linkonce.r*)

.rel.data
 *(.rel.data)
 *(.rel.data.*)
 *(.rel.gnu.linkonce.d*)

.rela.data
 *(.rela.data)
 *(.rela.data.*)
 *(.rela.gnu.linkonce.d*)

.rel.ctors
 *(.rel.ctors)

.rela.ctors
 *(.rela.ctors)

.rel.dtors
 *(.rel.dtors)

.rela.dtors
 *(.rela.dtors)

.rel.got
 *(.rel.got)

.rela.got
 *(.rela.got)

.rel.bss
 *(.rel.bss)

.rela.bss
 *(.rela.bss)

.rel.plt
 *(.rel.plt)

.rela.plt
 *(.rela.plt)

.text           0x00000000     0x9200
 *(.vectors)
 .vectors       0x00000000       0x8c C:/Program Files/Atmel/Studio/7.0/Packs/atmel/ATmega_DFP/1.0.90/gcc/dev/atmega1284p/avr51/crtatmega1284p.o
                0x00000000                __vector_default
                0x00000000                __vectors
 *(.vectors)
 *(.progmem.gcc*)
 .progmem.gcc_sw_table.disk_ioctl
                0x0000008c       0x6e diskio.o
 .progmem.gcc_sw_table.f_printf
                0x000000fa       0x2e ff.o
 .progmem.gcc_sw_table._ZN9Interface7unifiedEv
                0x00000128       0x2e Interface.o
 .progmem.gcc_sw_table._Z15tastaturhandlerP7monitorh
                0x00000156       0x8c main.o
 .progmem.gcc_sw_table._Z13uhreinstellenv
                0x000001e2       0x14 main.o
 .progmem.gcc_fplib
                0x000001f6       0x1e c:/program files/atmel/studio/7.0/toolchain/avr8/avr8-gnu-toolchain/bin/../lib/gcc/avr/4.9.2/../../../../avr/lib/avr51\libm.a(fp_sinus.o)
 .progmem.gcc_fplib
                0x00000214       0x28 c:/program files/atmel/studio/7.0/toolchain/avr8/avr8-gnu-toolchain/bin/../lib/gcc/avr/4.9.2/../../../../avr/lib/avr51\libm.a(exp.o)
 .progmem.gcc_fplib
                0x0000023c       0x5a c:/program files/atmel/studio/7.0/toolchain/avr8/avr8-gnu-toolchain/bin/../lib/gcc/avr/4.9.2/../../../../avr/lib/avr51\libm.a(log.o)
                0x00000296                . = ALIGN (0x2)
                0x00000296                __trampolines_start = .
 *(.trampolines)
 .trampolines   0x00000296        0x0 linker stubs
 *(.trampolines*)
                0x00000296                __trampolines_end = .
 *(.progmem*)
 .progmem.data._ZL11digits16x16
                0x00000296      0x140 Display.o
 .progmem.data._ZL7font5x8
                0x000003d6      0x1d6 Display.o
 .progmem.data  0x000005ac        0x8 c:/program files/atmel/studio/7.0/toolchain/avr8/avr8-gnu-toolchain/bin/../lib/gcc/avr/4.9.2/../../../../avr/lib/avr51\libprintf_flt.a(vfprintf_flt.o)
 .progmem.data  0x000005b4       0xfa c:/program files/atmel/studio/7.0/toolchain/avr8/avr8-gnu-toolchain/bin/../lib/gcc/avr/4.9.2/../../../../avr/lib/avr51\libc.a(ftoa_engine.o)
                0x000006ae                . = ALIGN (0x2)
 *(.jumptables)
 *(.jumptables*)
 *(.lowtext)
 *(.lowtext*)
                0x000006ae                __ctors_start = .
 *(.ctors)
 .ctors         0x000006ae        0x2 main.o
                0x000006b0                __ctors_end = .
                0x000006b0                __dtors_start = .
 *(.dtors)
 .dtors         0x000006b0        0x2 main.o
                0x000006b2                __dtors_end = .
 SORT(*)(.ctors)
 SORT(*)(.dtors)
 *(.init0)
 .init0         0x000006b2        0x0 C:/Program Files/Atmel/Studio/7.0/Packs/atmel/ATmega_DFP/1.0.90/gcc/dev/atmega1284p/avr51/crtatmega1284p.o
                0x000006b2                __init
 *(.init0)
 *(.init1)
 *(.init1)
 *(.init2)
 .init2         0x000006b2        0xc C:/Program Files/Atmel/Studio/7.0/Packs/atmel/ATmega_DFP/1.0.90/gcc/dev/atmega1284p/avr51/crtatmega1284p.o
 *(.init2)
 *(.init3)
 *(.init3)
 *(.init4)
 .init4         0x000006be       0x1a c:/program files/atmel/studio/7.0/toolchain/avr8/avr8-gnu-toolchain/bin/../lib/gcc/avr/4.9.2/avr51\libgcc.a(_copy_data.o)
                0x000006be                __do_copy_data
 .init4         0x000006d8       0x10 c:/program files/atmel/studio/7.0/toolchain/avr8/avr8-gnu-toolchain/bin/../lib/gcc/avr/4.9.2/avr51\libgcc.a(_clear_bss.o)
                0x000006d8                __do_clear_bss
 *(.init4)
 *(.init5)
 *(.init5)
 *(.init6)
 .init6         0x000006e8       0x16 c:/program files/atmel/studio/7.0/toolchain/avr8/avr8-gnu-toolchain/bin/../lib/gcc/avr/4.9.2/avr51\libgcc.a(_ctors.o)
                0x000006e8                __do_global_ctors
 *(.init6)
 *(.init7)
 *(.init7)
 *(.init8)
 *(.init8)
 *(.init9)
 .init9         0x000006fe        0x8 C:/Program Files/Atmel/Studio/7.0/Packs/atmel/ATmega_DFP/1.0.90/gcc/dev/atmega1284p/avr51/crtatmega1284p.o
 *(.init9)
 *(.text)
 .text          0x00000706        0x2 C:/Program Files/Atmel/Studio/7.0/Packs/atmel/ATmega_DFP/1.0.90/gcc/dev/atmega1284p/avr51/crtatmega1284p.o
                0x00000706                __vector_22
                0x00000706                __vector_28
                0x00000706                __vector_1
                0x00000706                __vector_32
                0x00000706                __vector_34
                0x00000706                __vector_24
                0x00000706                __vector_12
                0x00000706                __bad_interrupt
                0x00000706                __vector_6
                0x00000706                __vector_31
                0x00000706                __vector_3
                0x00000706                __vector_23
                0x00000706                __vector_30
                0x00000706                __vector_25
                0x00000706                __vector_17
                0x00000706                __vector_19
                0x00000706                __vector_7
                0x00000706                __vector_27
                0x00000706                __vector_5
                0x00000706                __vector_33
                0x00000706                __vector_4
                0x00000706                __vector_9
                0x00000706                __vector_2
                0x00000706                __vector_21
                0x00000706                __vector_15
                0x00000706                __vector_29
                0x00000706                __vector_8
                0x00000706                __vector_26
                0x00000706                __vector_14
                0x00000706                __vector_10
                0x00000706                __vector_18
                0x00000708                . = ALIGN (0x2)
 *(.text.*)
 .text._ZN6BMP180D2Ev
                0x00000708        0x8 BMP180.o
                0x00000708                _ZN6BMP180D1Ev
                0x00000708                _ZN6BMP180D2Ev
 .text._ZN6BMP18015bmp180_writememEhh
                0x00000710       0x3e BMP180.o
                0x00000710                _ZN6BMP18015bmp180_writememEhh
 .text._ZN6BMP18021bmp180_getcalibrationEv
                0x0000074e      0x1a4 BMP180.o
                0x0000074e                _ZN6BMP18021bmp180_getcalibrationEv
 .text._ZN6BMP180C2Ev
                0x000008f2       0x26 BMP180.o
                0x000008f2                _ZN6BMP180C1Ev
                0x000008f2                _ZN6BMP180C2Ev
 .text._ZN6BMP18021bmp180_gettemperatureEv
                0x00000918      0x148 BMP180.o
                0x00000918                _ZN6BMP18021bmp180_gettemperatureEv
 .text._ZN6BMP18018bmp180_getpressureEv
                0x00000a60      0x2fc BMP180.o
                0x00000a60                _ZN6BMP18018bmp180_getpressureEv
 .text._ZN6BMP18018bmp180_getaltitudeEv
                0x00000d5c        0x4 BMP180.o
                0x00000d5c                _ZN6BMP18018bmp180_getaltitudeEv
 .text.power_off
                0x00000d60        0xc diskio.o
 .text.xchg_spi
                0x00000d6c        0xc diskio.o
 .text.deselect
                0x00000d78        0x8 diskio.o
 .text.select   0x00000d80       0x2a diskio.o
 .text.rcvr_datablock
                0x00000daa       0x72 diskio.o
 .text.send_cmd
                0x00000e1c       0xac diskio.o
 .text.xmit_datablock
                0x00000ec8       0x7c diskio.o
 .text.disk_initialize
                0x00000f44      0x182 diskio.o
                0x00000f44                disk_initialize
 .text.disk_status
                0x000010c6        0xe diskio.o
                0x000010c6                disk_status
 .text.disk_read
                0x000010d4       0xa4 diskio.o
                0x000010d4                disk_read
 .text.disk_write
                0x00001178       0xdc diskio.o
                0x00001178                disk_write
 .text.disk_ioctl
                0x00001254      0x338 diskio.o
                0x00001254                disk_ioctl
 .text.disk_timerproc
                0x0000158c       0x26 diskio.o
                0x0000158c                disk_timerproc
 .text._ZN7DisplayD2Ev
                0x000015b2        0x8 Display.o
                0x000015b2                _ZN7DisplayD2Ev
                0x000015b2                _ZN7DisplayD1Ev
 .text._ZN7Display10clearFrameEv
                0x000015ba        0xe Display.o
                0x000015ba                _ZN7Display10clearFrameEv
 .text._ZN7Display15ssd1306_commandEh
                0x000015c8       0x38 Display.o
                0x000015c8                _ZN7Display15ssd1306_commandEh
 .text._ZN7Display17InitializeDisplayEv
                0x00001600       0xa0 Display.o
                0x00001600                _ZN7Display17InitializeDisplayEv
 .text._ZN7DisplayC2Ev
                0x000016a0       0x1a Display.o
                0x000016a0                _ZN7DisplayC2Ev
                0x000016a0                _ZN7DisplayC1Ev
 .text._ZN7Display9sendFrameEv
                0x000016ba       0x6e Display.o
                0x000016ba                _ZN7Display9sendFrameEv
 .text._ZN7Display9drawPixelEhhh
                0x00001728       0x70 Display.o
                0x00001728                _ZN7Display9drawPixelEhhh
 .text._ZN7Display9drawVLineEhhh
                0x00001798       0x34 Display.o
                0x00001798                _ZN7Display9drawVLineEhhh
 .text._ZN7Display9drawHLineEhhh
                0x000017cc       0x34 Display.o
                0x000017cc                _ZN7Display9drawHLineEhhh
 .text._ZN7Display9draw_ASCIEhhh
                0x00001800       0x94 Display.o
                0x00001800                _ZN7Display9draw_ASCIEhhh
 .text._ZN7Display16draw_number16x16Ehhh
                0x00001894       0xf4 Display.o
                0x00001894                _ZN7Display16draw_number16x16Ehhh
 .text._ZN7Display6analogEhhhh
                0x00001988      0x4f2 Display.o
                0x00001988                _ZN7Display6analogEhhhh
 .text.mem_cpy  0x00001e7a       0x1c ff.o
 .text.ld_clust
                0x00001e96       0x44 ff.o
 .text.get_ldnumber
                0x00001eda       0x6e ff.o
 .text.sync_window
                0x00001f48       0xd2 ff.o
 .text.move_window
                0x0000201a       0x78 ff.o
 .text.check_fs
                0x00002092       0xd0 ff.o
 .text.validate
                0x00002162       0x4a ff.o
 .text.find_volume
                0x000021ac      0x784 ff.o
 .text.clust2sect
                0x00002930       0x5c ff.o
                0x00002930                clust2sect
 .text.get_fat  0x0000298c      0x1fe ff.o
                0x0000298c                get_fat
 .text.dir_sdi  0x00002b8a      0x176 ff.o
 .text.put_fat  0x00002d00      0x24e ff.o
                0x00002d00                put_fat
 .text.create_chain
                0x00002f4e      0x21e ff.o
 .text.dir_next
                0x0000316c      0x276 ff.o
 .text.f_mount  0x000033e2       0xa6 ff.o
                0x000033e2                f_mount
 .text.f_open   0x00003488      0x694 ff.o
                0x00003488                f_open
 .text.f_write  0x00003b1c      0x3f4 ff.o
                0x00003b1c                f_write
 .text.putc_bfd
                0x00003f10       0x88 ff.o
 .text.f_sync   0x00003f98      0x19a ff.o
                0x00003f98                f_sync
 .text.f_close  0x00004132       0x20 ff.o
                0x00004132                f_close
 .text.f_printf
                0x00004152      0x494 ff.o
                0x00004152                f_printf
 .text._ZN3I2CC2Ev
                0x000045e6        0x8 I2C.o
                0x000045e6                _ZN3I2CC2Ev
                0x000045e6                _ZN3I2CC1Ev
 .text._ZN3I2CD2Ev
                0x000045ee        0x2 I2C.o
                0x000045ee                _ZN3I2CD1Ev
                0x000045ee                _ZN3I2CD2Ev
 .text._ZN3I2C9twi_startEv
                0x000045f0        0x8 I2C.o
                0x000045f0                _ZN3I2C9twi_startEv
 .text._ZN3I2C8twi_stopEv
                0x000045f8        0x8 I2C.o
                0x000045f8                _ZN3I2C8twi_stopEv
 .text._ZN3I2C9twi_writeEh
                0x00004600       0x20 I2C.o
                0x00004600                _ZN3I2C9twi_writeEh
 .text._ZN3I2C8twi_readEh
                0x00004620       0x22 I2C.o
                0x00004620                _ZN3I2C8twi_readEh
 .text._ZN9InterfaceC2Ev
                0x00004642       0x26 Interface.o
                0x00004642                _ZN9InterfaceC1Ev
                0x00004642                _ZN9InterfaceC2Ev
 .text._ZN9InterfaceD2Ev
                0x00004668        0x2 Interface.o
                0x00004668                _ZN9InterfaceD1Ev
                0x00004668                _ZN9InterfaceD2Ev
 .text._ZN9Interface7paradebEPVhhPh
                0x0000466a       0x4c Interface.o
                0x0000466a                _ZN9Interface7paradebEPVhhPh
 .text._ZN9Interface6TasterEv
                0x000046b6      0x15a Interface.o
                0x000046b6                _ZN9Interface6TasterEv
 .text._ZN9Interface7unifiedEv
                0x00004810       0x48 Interface.o
                0x00004810                _ZN9Interface7unifiedEv
 .text._ZN9Interface17ZahlenausTastaturEv
                0x00004858       0x16 Interface.o
                0x00004858                _ZN9Interface17ZahlenausTastaturEv
 .text._ZN7LSM303DD2Ev
                0x0000486e        0x6 LSM303D.o
                0x0000486e                _ZN7LSM303DD1Ev
                0x0000486e                _ZN7LSM303DD2Ev
 .text._ZN7LSM303D14LSM303_commandEhh
                0x00004874       0x34 LSM303D.o
                0x00004874                _ZN7LSM303D14LSM303_commandEhh
 .text._ZN7LSM303D13ACCBypassmodeEv
                0x000048a8        0x8 LSM303D.o
                0x000048a8                _ZN7LSM303D13ACCBypassmodeEv
 .text._ZN7LSM303D9acce_initEv
                0x000048b0       0x26 LSM303D.o
                0x000048b0                _ZN7LSM303D9acce_initEv
 .text._ZN7LSM303DC2Ev
                0x000048d6       0x7c LSM303D.o
                0x000048d6                _ZN7LSM303DC2Ev
                0x000048d6                _ZN7LSM303DC1Ev
 .text._ZN7monitor11tastendruckEPh
                0x00004952        0x4 main.o
                0x00004952                _ZN7monitor11tastendruckEPh
 .text._ZN3uhr11tastendruckEPh
                0x00004956       0x1c main.o
                0x00004956                _ZN3uhr11tastendruckEPh
 .text._ZN13einstellungen11tastendruckEPh
                0x00004972        0x4 main.o
                0x00004972                _ZN13einstellungen11tastendruckEPh
 .text._ZN5menue11tastendruckEPh
                0x00004976        0x4 main.o
                0x00004976                _ZN5menue11tastendruckEPh
 .text._ZN9offscreen4drawEv
                0x0000497a       0x1c main.o
                0x0000497a                _ZN9offscreen4drawEv
 .text._ZN9wilkommen4drawEv
                0x00004996       0xfa main.o
                0x00004996                _ZN9wilkommen4drawEv
 .text._Z8ADC_Readh
                0x00004a90       0x28 main.o
                0x00004a90                _Z8ADC_Readh
 .text._Z14Batteriestatusv
                0x00004ab8       0xe0 main.o
                0x00004ab8                _Z14Batteriestatusv
 .text._ZN5menue4drawEv
                0x00004b98      0x218 main.o
                0x00004b98                _ZN5menue4drawEv
 .text._ZN5tacho4drawEv
                0x00004db0      0x424 main.o
                0x00004db0                _ZN5tacho4drawEv
 .text._ZN3uhr4drawEv
                0x000051d4      0x14c main.o
                0x000051d4                _ZN3uhr4drawEv
 .text._ZN7wandern4drawEv
                0x00005320      0x294 main.o
                0x00005320                _ZN7wandern4drawEv
 .text._Z12EEPROM_Writejh
                0x000055b4       0x14 main.o
                0x000055b4                _Z12EEPROM_Writejh
 .text._ZN7wandern11tastendruckEPh
                0x000055c8       0x98 main.o
                0x000055c8                _ZN7wandern11tastendruckEPh
 .text._Z11EEPROM_Readj
                0x00005660       0x12 main.o
                0x00005660                _Z11EEPROM_Readj
 .text.__vector_16
                0x00005672       0x50 main.o
                0x00005672                __vector_16
 .text.__vector_11
                0x000056c2       0x38 main.o
                0x000056c2                __vector_11
 .text.__vector_13
                0x000056fa       0x22 main.o
                0x000056fa                __vector_13
 .text.__vector_20
                0x0000571c       0xcc main.o
                0x0000571c                __vector_20
 .text._Z6nullenv
                0x000057e8       0x42 main.o
                0x000057e8                _Z6nullenv
 .text._ZN5tacho11tastendruckEPh
                0x0000582a        0xe main.o
                0x0000582a                _ZN5tacho11tastendruckEPh
 .text._Z13reed_debouncePVhh
                0x00005838       0x4a main.o
                0x00005838                _Z13reed_debouncePVhh
 .text._Z15geschwindigkeitf
                0x00005882       0xd2 main.o
                0x00005882                _Z15geschwindigkeitf
 .text.get_fattime
                0x00005954       0xce main.o
                0x00005954                get_fattime
 .text._Z15initialisierungv
                0x00005a22      0x29c main.o
                0x00005a22                _Z15initialisierungv
 .text._Z15tastaturhandlerP7monitorh
                0x00005cbe      0x136 main.o
                0x00005cbe                _Z15tastaturhandlerP7monitorh
 .text._Z19maininterupthandlerP7monitor
                0x00005df4      0x464 main.o
                0x00005df4                _Z19maininterupthandlerP7monitor
 .text._Z10gpshandlerv
                0x00006258      0x760 main.o
                0x00006258                _Z10gpshandlerv
 .text.main     0x000069b8      0x308 main.o
                0x000069b8                main
 .text._Z13uhreinstellenv
                0x00006cc0      0x734 main.o
                0x00006cc0                _Z13uhreinstellenv
 .text._ZN13einstellungen4drawEv
                0x000073f4      0x39c main.o
                0x000073f4                _ZN13einstellungen4drawEv
 .text._GLOBAL__sub_I__Znwj
                0x00007790       0x46 main.o
 .text._GLOBAL__sub_D__Znwj
                0x000077d6       0x3a main.o
 .text._ZN6OutputC2Ehh
                0x00007810       0x74 Output.o
                0x00007810                _ZN6OutputC2Ehh
                0x00007810                _ZN6OutputC1Ehh
 .text._ZN6OutputD2Ev
                0x00007884        0x2 Output.o
                0x00007884                _ZN6OutputD1Ev
                0x00007884                _ZN6OutputD2Ev
 .text._ZN6Output2onEv
                0x00007886       0x7a Output.o
                0x00007886                _ZN6Output2onEv
 .text._ZN6Output4isonEv
                0x00007900       0x76 Output.o
                0x00007900                _ZN6Output4isonEv
 .text._ZN6Output3offEv
                0x00007976       0x82 Output.o
                0x00007976                _ZN6Output3offEv
 .text._ZN3RTCD2Ev
                0x000079f8        0x2 RTC.o
                0x000079f8                _ZN3RTCD2Ev
                0x000079f8                _ZN3RTCD1Ev
 .text._ZN3RTC6WeckerEv
                0x000079fa       0x22 RTC.o
                0x000079fa                _ZN3RTC6WeckerEv
 .text._ZN3RTC14ausgabezeitneuEv
                0x00007a1c       0x72 RTC.o
                0x00007a1c                _ZN3RTC14ausgabezeitneuEv
 .text._ZN3RTC15ausgabedatumneuEv
                0x00007a8e       0x72 RTC.o
                0x00007a8e                _ZN3RTC15ausgabedatumneuEv
 .text._ZN3RTCC2Ev
                0x00007b00       0x52 RTC.o
                0x00007b00                _ZN3RTCC2Ev
                0x00007b00                _ZN3RTCC1Ev
 .text._ZN3RTC8kalenderEv
                0x00007b52       0x88 RTC.o
                0x00007b52                _ZN3RTC8kalenderEv
 .text._ZN3RTC4zeitEv
                0x00007bda       0x76 RTC.o
                0x00007bda                _ZN3RTC4zeitEv
 .text._ZN3RTC8RTCstartEv
                0x00007c50       0x34 RTC.o
                0x00007c50                _ZN3RTC8RTCstartEv
 .text._ZN3RTC7RTCstopEv
                0x00007c84        0xc RTC.o
                0x00007c84                _ZN3RTC7RTCstopEv
 .text.avr-libc.fplib
                0x00007c90        0xa c:/program files/atmel/studio/7.0/toolchain/avr8/avr8-gnu-toolchain/bin/../lib/gcc/avr/4.9.2/../../../../avr/lib/avr51\libm.a(addsf3.o)
                0x00007c90                __subsf3
                0x00007c92                __addsf3
 .text.avr-libc.fplib
                0x00007c9a       0xc0 c:/program files/atmel/studio/7.0/toolchain/avr8/avr8-gnu-toolchain/bin/../lib/gcc/avr/4.9.2/../../../../avr/lib/avr51\libm.a(addsf3x.o)
                0x00007cb4                __addsf3x
 .text.avr-libc.fplib
                0x00007d5a        0x6 c:/program files/atmel/studio/7.0/toolchain/avr8/avr8-gnu-toolchain/bin/../lib/gcc/avr/4.9.2/../../../../avr/lib/avr51\libm.a(cos.o)
                0x00007d5a                cos
 .text.avr-libc.fplib
                0x00007d60        0x4 c:/program files/atmel/studio/7.0/toolchain/avr8/avr8-gnu-toolchain/bin/../lib/gcc/avr/4.9.2/../../../../avr/lib/avr51\libm.a(divsf3.o)
                0x00007d60                __divsf3
 .text.avr-libc.fplib
                0x00007d64       0xcc c:/program files/atmel/studio/7.0/toolchain/avr8/avr8-gnu-toolchain/bin/../lib/gcc/avr/4.9.2/../../../../avr/lib/avr51\libm.a(divsf3x.o)
                0x00007d7a                __divsf3x
                0x00007d7e                __divsf3_pse
 .text.avr-libc.fplib
                0x00007e30        0xa c:/program files/atmel/studio/7.0/toolchain/avr8/avr8-gnu-toolchain/bin/../lib/gcc/avr/4.9.2/../../../../avr/lib/avr51\libm.a(fixsfsi.o)
                0x00007e30                __fixsfsi
 .text.avr-libc.fplib
                0x00007e3a       0x58 c:/program files/atmel/studio/7.0/toolchain/avr8/avr8-gnu-toolchain/bin/../lib/gcc/avr/4.9.2/../../../../avr/lib/avr51\libm.a(fixunssfsi.o)
                0x00007e3a                __fixunssfsi
 .text.avr-libc.fplib
                0x00007e92       0x7a c:/program files/atmel/studio/7.0/toolchain/avr8/avr8-gnu-toolchain/bin/../lib/gcc/avr/4.9.2/../../../../avr/lib/avr51\libm.a(floatsisf.o)
                0x00007e92                __floatunsisf
                0x00007e96                __floatsisf
 .text.avr-libc.fplib
                0x00007f0c       0x48 c:/program files/atmel/studio/7.0/toolchain/avr8/avr8-gnu-toolchain/bin/../lib/gcc/avr/4.9.2/../../../../avr/lib/avr51\libm.a(fp_cmp.o)
                0x00007f0c                __fp_cmp
 .text.avr-libc.fplib
                0x00007f54        0xc c:/program files/atmel/studio/7.0/toolchain/avr8/avr8-gnu-toolchain/bin/../lib/gcc/avr/4.9.2/../../../../avr/lib/avr51\libm.a(fp_inf.o)
                0x00007f54                __fp_inf
 .text.avr-libc.fplib
                0x00007f60        0x6 c:/program files/atmel/studio/7.0/toolchain/avr8/avr8-gnu-toolchain/bin/../lib/gcc/avr/4.9.2/../../../../avr/lib/avr51\libm.a(fp_nan.o)
                0x00007f60                __fp_nan
 .text.avr-libc.fplib
                0x00007f66       0x4a c:/program files/atmel/studio/7.0/toolchain/avr8/avr8-gnu-toolchain/bin/../lib/gcc/avr/4.9.2/../../../../avr/lib/avr51\libm.a(fp_powser.o)
                0x00007f66                __fp_powser
 .text.avr-libc.fplib
                0x00007fb0        0xe c:/program files/atmel/studio/7.0/toolchain/avr8/avr8-gnu-toolchain/bin/../lib/gcc/avr/4.9.2/../../../../avr/lib/avr51\libm.a(fp_pscA.o)
                0x00007fb0                __fp_pscA
 .text.avr-libc.fplib
                0x00007fbe        0xe c:/program files/atmel/studio/7.0/toolchain/avr8/avr8-gnu-toolchain/bin/../lib/gcc/avr/4.9.2/../../../../avr/lib/avr51\libm.a(fp_pscB.o)
                0x00007fbe                __fp_pscB
 .text.avr-libc.fplib
                0x00007fcc       0x50 c:/program files/atmel/studio/7.0/toolchain/avr8/avr8-gnu-toolchain/bin/../lib/gcc/avr/4.9.2/../../../../avr/lib/avr51\libm.a(fp_rempio2.o)
                0x00007fce                __fp_rempio2
 .text.avr-libc.fplib
                0x0000801c       0x22 c:/program files/atmel/studio/7.0/toolchain/avr8/avr8-gnu-toolchain/bin/../lib/gcc/avr/4.9.2/../../../../avr/lib/avr51\libm.a(fp_round.o)
                0x0000801c                __fp_round
 .text.avr-libc.fplib
                0x0000803e       0x22 c:/program files/atmel/studio/7.0/toolchain/avr8/avr8-gnu-toolchain/bin/../lib/gcc/avr/4.9.2/../../../../avr/lib/avr51\libm.a(fp_sinus.o)
                0x0000803e                __fp_sinus
 .text.avr-libc.fplib
                0x00008060       0x44 c:/program files/atmel/studio/7.0/toolchain/avr8/avr8-gnu-toolchain/bin/../lib/gcc/avr/4.9.2/../../../../avr/lib/avr51\libm.a(fp_split3.o)
                0x00008060                __fp_split3
                0x00008070                __fp_splitA
 .text.avr-libc.fplib
                0x000080a4        0xe c:/program files/atmel/studio/7.0/toolchain/avr8/avr8-gnu-toolchain/bin/../lib/gcc/avr/4.9.2/../../../../avr/lib/avr51\libm.a(fp_zero.o)
                0x000080a4                __fp_zero
                0x000080a6                __fp_szero
 .text.avr-libc.fplib
                0x000080b2        0x8 c:/program files/atmel/studio/7.0/toolchain/avr8/avr8-gnu-toolchain/bin/../lib/gcc/avr/4.9.2/../../../../avr/lib/avr51\libm.a(gesf2.o)
                0x000080b2                __gesf2
                0x000080b2                __gtsf2
 .text.avr-libc.fplib
                0x000080ba        0xe c:/program files/atmel/studio/7.0/toolchain/avr8/avr8-gnu-toolchain/bin/../lib/gcc/avr/4.9.2/../../../../avr/lib/avr51\libm.a(inverse.o)
                0x000080ba                inverse
 .text.avr-libc.fplib
                0x000080c8        0x4 c:/program files/atmel/studio/7.0/toolchain/avr8/avr8-gnu-toolchain/bin/../lib/gcc/avr/4.9.2/../../../../avr/lib/avr51\libm.a(mulsf3.o)
                0x000080c8                __mulsf3
 .text.avr-libc.fplib
                0x000080cc       0xc2 c:/program files/atmel/studio/7.0/toolchain/avr8/avr8-gnu-toolchain/bin/../lib/gcc/avr/4.9.2/../../../../avr/lib/avr51\libm.a(mulsf3x.o)
                0x000080e0                __mulsf3x
                0x000080e4                __mulsf3_pse
 .text.avr-libc.fplib
                0x0000818e       0x98 c:/program files/atmel/studio/7.0/toolchain/avr8/avr8-gnu-toolchain/bin/../lib/gcc/avr/4.9.2/../../../../avr/lib/avr51\libm.a(pow.o)
                0x0000818e                pow
 .text.avr-libc.fplib
                0x00008226        0xc c:/program files/atmel/studio/7.0/toolchain/avr8/avr8-gnu-toolchain/bin/../lib/gcc/avr/4.9.2/../../../../avr/lib/avr51\libm.a(sin.o)
                0x00008226                sin
 .text.avr-libc.fplib
                0x00008232       0x62 c:/program files/atmel/studio/7.0/toolchain/avr8/avr8-gnu-toolchain/bin/../lib/gcc/avr/4.9.2/../../../../avr/lib/avr51\libm.a(exp.o)
                0x0000823c                exp
 .text.avr-libc.fplib
                0x00008294       0x1c c:/program files/atmel/studio/7.0/toolchain/avr8/avr8-gnu-toolchain/bin/../lib/gcc/avr/4.9.2/../../../../avr/lib/avr51\libm.a(fp_mpack.o)
                0x00008294                __fp_mpack
                0x00008298                __fp_mpack_finite
 .text.avr-libc.fplib
                0x000082b0       0x22 c:/program files/atmel/studio/7.0/toolchain/avr8/avr8-gnu-toolchain/bin/../lib/gcc/avr/4.9.2/../../../../avr/lib/avr51\libm.a(fp_powsodd.o)
                0x000082b0                __fp_powsodd
 .text.avr-libc.fplib
                0x000082d2       0x6c c:/program files/atmel/studio/7.0/toolchain/avr8/avr8-gnu-toolchain/bin/../lib/gcc/avr/4.9.2/../../../../avr/lib/avr51\libm.a(ldexp.o)
                0x000082d6                ldexp
 .text.avr-libc.fplib
                0x0000833e       0x8a c:/program files/atmel/studio/7.0/toolchain/avr8/avr8-gnu-toolchain/bin/../lib/gcc/avr/4.9.2/../../../../avr/lib/avr51\libm.a(log.o)
                0x00008348                log
 .text.avr-libc.fplib
                0x000083c8       0x66 c:/program files/atmel/studio/7.0/toolchain/avr8/avr8-gnu-toolchain/bin/../lib/gcc/avr/4.9.2/../../../../avr/lib/avr51\libm.a(modf.o)
                0x000083c8                modf
                0x000083c8                modff
 .text.avr-libc
                0x0000842e      0x710 c:/program files/atmel/studio/7.0/toolchain/avr8/avr8-gnu-toolchain/bin/../lib/gcc/avr/4.9.2/../../../../avr/lib/avr51\libprintf_flt.a(vfprintf_flt.o)
                0x0000842e                vfprintf
 .text.libgcc.mul
                0x00008b3e       0x1e c:/program files/atmel/studio/7.0/toolchain/avr8/avr8-gnu-toolchain/bin/../lib/gcc/avr/4.9.2/avr51\libgcc.a(_mulsi3.o)
                0x00008b3e                __mulsi3
 .text.libgcc.div
                0x00008b5c       0x44 c:/program files/atmel/studio/7.0/toolchain/avr8/avr8-gnu-toolchain/bin/../lib/gcc/avr/4.9.2/avr51\libgcc.a(_udivmodsi4.o)
                0x00008b5c                __udivmodsi4
 .text.libgcc.div
                0x00008ba0       0x28 c:/program files/atmel/studio/7.0/toolchain/avr8/avr8-gnu-toolchain/bin/../lib/gcc/avr/4.9.2/avr51\libgcc.a(_divmodsi4.o)
                0x00008ba0                __divmodsi4
 .text.libgcc.div
                0x00008bc8       0x10 c:/program files/atmel/studio/7.0/toolchain/avr8/avr8-gnu-toolchain/bin/../lib/gcc/avr/4.9.2/avr51\libgcc.a(_negsi2.o)
                0x00008bc8                __negsi2
 .text.libgcc   0x00008bd8       0x12 c:/program files/atmel/studio/7.0/toolchain/avr8/avr8-gnu-toolchain/bin/../lib/gcc/avr/4.9.2/avr51\libgcc.a(_tablejump2.o)
                0x00008bd8                __tablejump2__
 .text.libgcc.mul
                0x00008bea       0x1e c:/program files/atmel/studio/7.0/toolchain/avr8/avr8-gnu-toolchain/bin/../lib/gcc/avr/4.9.2/avr51\libgcc.a(_umulhisi3.o)
                0x00008bea                __umulhisi3
 .text.libgcc.mul
                0x00008c08       0x14 c:/program files/atmel/studio/7.0/toolchain/avr8/avr8-gnu-toolchain/bin/../lib/gcc/avr/4.9.2/avr51\libgcc.a(_muluhisi3.o)
                0x00008c08                __muluhisi3
 .text.libgcc.mul
                0x00008c1c        0xc c:/program files/atmel/studio/7.0/toolchain/avr8/avr8-gnu-toolchain/bin/../lib/gcc/avr/4.9.2/avr51\libgcc.a(_mulshisi3.o)
                0x00008c1c                __mulshisi3
                0x00008c20                __mulohisi3
 .text.avr-libc
                0x00008c28      0x25a c:/program files/atmel/studio/7.0/toolchain/avr8/avr8-gnu-toolchain/bin/../lib/gcc/avr/4.9.2/../../../../avr/lib/avr51\libc.a(malloc.o)
                0x00008c28                malloc
                0x00008d52                free
 .text.avr-libc
                0x00008e82      0x1b0 c:/program files/atmel/studio/7.0/toolchain/avr8/avr8-gnu-toolchain/bin/../lib/gcc/avr/4.9.2/../../../../avr/lib/avr51\libc.a(ftoa_engine.o)
                0x00008e82                __ftoa_engine
 .text.avr-libc
                0x00009032       0x16 c:/program files/atmel/studio/7.0/toolchain/avr8/avr8-gnu-toolchain/bin/../lib/gcc/avr/4.9.2/../../../../avr/lib/avr51\libc.a(strnlen_P.o)
                0x00009032                strnlen_P
 .text.avr-libc
                0x00009048       0x16 c:/program files/atmel/studio/7.0/toolchain/avr8/avr8-gnu-toolchain/bin/../lib/gcc/avr/4.9.2/../../../../avr/lib/avr51\libc.a(strnlen.o)
                0x00009048                strnlen
 .text.avr-libc
                0x0000905e       0x70 c:/program files/atmel/studio/7.0/toolchain/avr8/avr8-gnu-toolchain/bin/../lib/gcc/avr/4.9.2/../../../../avr/lib/avr51\libc.a(fputc.o)
                0x0000905e                fputc
 .text.avr-libc
                0x000090ce       0x5e c:/program files/atmel/studio/7.0/toolchain/avr8/avr8-gnu-toolchain/bin/../lib/gcc/avr/4.9.2/../../../../avr/lib/avr51\libc.a(sprintf.o)
                0x000090ce                sprintf
 .text.avr-libc
                0x0000912c       0xbc c:/program files/atmel/studio/7.0/toolchain/avr8/avr8-gnu-toolchain/bin/../lib/gcc/avr/4.9.2/../../../../avr/lib/avr51\libc.a(ultoa_invert.o)
                0x0000912c                __ultoa_invert
                0x000091e8                . = ALIGN (0x2)
 *(.fini9)
 .fini9         0x000091e8        0x0 c:/program files/atmel/studio/7.0/toolchain/avr8/avr8-gnu-toolchain/bin/../lib/gcc/avr/4.9.2/avr51\libgcc.a(_exit.o)
                0x000091e8                _exit
                0x000091e8                exit
 *(.fini9)
 *(.fini8)
 *(.fini8)
 *(.fini7)
 *(.fini7)
 *(.fini6)
 .fini6         0x000091e8       0x14 c:/program files/atmel/studio/7.0/toolchain/avr8/avr8-gnu-toolchain/bin/../lib/gcc/avr/4.9.2/avr51\libgcc.a(_dtors.o)
                0x000091e8                __do_global_dtors
 *(.fini6)
 *(.fini5)
 *(.fini5)
 *(.fini4)
 *(.fini4)
 *(.fini3)
 *(.fini3)
 *(.fini2)
 *(.fini2)
 *(.fini1)
 *(.fini1)
 *(.fini0)
 .fini0         0x000091fc        0x4 c:/program files/atmel/studio/7.0/toolchain/avr8/avr8-gnu-toolchain/bin/../lib/gcc/avr/4.9.2/avr51\libgcc.a(_exit.o)
 *(.fini0)
                0x00009200                _etext = .

.data           0x00800100      0x322 load address 0x00009200
                0x00800100                PROVIDE (__data_start, .)
 *(.data)
 .data          0x00800100        0x6 c:/program files/atmel/studio/7.0/toolchain/avr8/avr8-gnu-toolchain/bin/../lib/gcc/avr/4.9.2/../../../../avr/lib/avr51\libc.a(malloc.o)
                0x00800100                __malloc_heap_end
                0x00800102                __malloc_heap_start
                0x00800104                __malloc_margin
 *(.data*)
 .data.Stat     0x00800106        0x1 diskio.o
 *(.rodata)
 *(.rodata*)
 .rodata.str1.1
                0x00800107        0xf ff.o
 .rodata.ExCvt  0x00800116       0x80 ff.o
 .rodata.str1.1
                0x00800196      0x254 main.o
                                0x25a (size before relaxing)
 .rodata._ZTV3uhr
                0x008003ea        0x8 main.o
                0x008003ea                _ZTV3uhr
 .rodata._ZTV5tacho
                0x008003f2        0x8 main.o
                0x008003f2                _ZTV5tacho
 .rodata._ZTV7wandern
                0x008003fa        0x8 main.o
                0x008003fa                _ZTV7wandern
 .rodata._ZTV13einstellungen
                0x00800402        0x8 main.o
                0x00800402                _ZTV13einstellungen
 .rodata._ZTV9wilkommen
                0x0080040a        0x8 main.o
                0x0080040a                _ZTV9wilkommen
 .rodata._ZTV5menue
                0x00800412        0x8 main.o
                0x00800412                _ZTV5menue
 .rodata._ZTV9offscreen
                0x0080041a        0x8 main.o
                0x0080041a                _ZTV9offscreen
 *(.gnu.linkonce.d*)
                0x00800422                . = ALIGN (0x2)
                0x00800422                _edata = .
                0x00800422                PROVIDE (__data_end, .)

.bss            0x00800422      0xa13
                0x00800422                PROVIDE (__bss_start, .)
 *(.bss)
 *(.bss*)
 .bss.CardType  0x00800422        0x1 diskio.o
 .bss.Timer2    0x00800423        0x1 diskio.o
 .bss.Timer1    0x00800424        0x1 diskio.o
 .bss.Fsid      0x00800425        0x2 ff.o
 .bss.FatFs     0x00800427        0x2 ff.o
 .bss.logger    0x00800429      0x220 main.o
                0x00800429                logger
 .bss.FATFS_Obj
                0x00800649      0x22e main.o
                0x00800649                FATFS_Obj
 .bss.Fahrtzeit
                0x00800877        0x4 main.o
                0x00800877                Fahrtzeit
 .bss.maxgeschw
                0x0080087b        0x4 main.o
                0x0080087b                maxgeschw
 .bss.strecke   0x0080087f        0x4 main.o
                0x0080087f                strecke
 .bss.geschw    0x00800883        0x4 main.o
                0x00800883                geschw
 .bss.gpsJahr   0x00800887        0x1 main.o
                0x00800887                gpsJahr
 .bss.gpsMonat  0x00800888        0x1 main.o
                0x00800888                gpsMonat
 .bss.gpsTag    0x00800889        0x1 main.o
                0x00800889                gpsTag
 .bss.gpssekunde
                0x0080088a        0x1 main.o
                0x0080088a                gpssekunde
 .bss.gpsminute
                0x0080088b        0x1 main.o
                0x0080088b                gpsminute
 .bss.gpsstunde
                0x0080088c        0x1 main.o
                0x0080088c                gpsstunde
 .bss.gpsspeed  0x0080088d        0x4 main.o
                0x0080088d                gpsspeed
 .bss.lon       0x00800891        0x4 main.o
                0x00800891                lon
 .bss.lat       0x00800895        0x4 main.o
                0x00800895                lat
 .bss.gpscounter
                0x00800899        0x1 main.o
                0x00800899                gpscounter
 .bss.gpsdata   0x0080089a       0x48 main.o
                0x0080089a                gpsdata
 .bss.gpsstatus
                0x008008e2        0x1 main.o
                0x008008e2                gpsstatus
 .bss.FPS       0x008008e3        0x1 main.o
                0x008008e3                FPS
 .bss.position  0x008008e4        0x1 main.o
                0x008008e4                position
 .bss.statusreg
                0x008008e5        0x1 main.o
                0x008008e5                statusreg
 .bss.anzeige   0x008008e6        0x1 main.o
                0x008008e6                anzeige
 .bss.IRLED     0x008008e7        0x2 main.o
                0x008008e7                IRLED
 .bss.Vibrationsmotor
                0x008008e9        0x2 main.o
                0x008008e9                Vibrationsmotor
 .bss.LED       0x008008eb        0x2 main.o
                0x008008eb                LED
 .bss.batterie  0x008008ed        0x4 main.o
                0x008008ed                batterie
 .bss.druck     0x008008f1       0x2b main.o
                0x008008f1                druck
 .bss.Accelerometer
                0x0080091c       0xe9 main.o
                0x0080091c                Accelerometer
 .bss.Tastatur  0x00800a05        0xc main.o
                0x00800a05                Tastatur
 .bss.oled      0x00800a11      0x401 main.o
                0x00800a11                oled
 .bss.rtc       0x00800e12       0x1f main.o
                0x00800e12                rtc
 *(COMMON)
 COMMON         0x00800e31        0x4 c:/program files/atmel/studio/7.0/toolchain/avr8/avr8-gnu-toolchain/bin/../lib/gcc/avr/4.9.2/../../../../avr/lib/avr51\libc.a(malloc.o)
                0x00800e31                __brkval
                0x00800e33                __flp
                0x00800e35                PROVIDE (__bss_end, .)
                0x00009200                __data_load_start = LOADADDR (.data)
                0x00009522                __data_load_end = (__data_load_start + SIZEOF (.data))

.noinit         0x00800e35        0x0
                0x00800e35                PROVIDE (__noinit_start, .)
 *(.noinit*)
                0x00800e35                PROVIDE (__noinit_end, .)
                0x00800e35                _end = .
                0x00800e35                PROVIDE (__heap_start, .)

.eeprom         0x00810000        0x0
 *(.eeprom*)
                0x00810000                __eeprom_end = .

.fuse
 *(.fuse)
 *(.lfuse)
 *(.hfuse)
 *(.efuse)

.lock
 *(.lock*)

.signature
 *(.signature*)

.user_signatures
 *(.user_signatures*)

.stab
 *(.stab)

.stabstr
 *(.stabstr)

.stab.excl
 *(.stab.excl)

.stab.exclstr
 *(.stab.exclstr)

.stab.index
 *(.stab.index)

.stab.indexstr
 *(.stab.indexstr)

.comment        0x00000000       0x5c
 *(.comment)
 .comment       0x00000000       0x30 BMP180.o
                                 0x31 (size before relaxing)
 .comment       0x00000030       0x31 diskio.o
 .comment       0x00000030       0x31 Display.o
 .comment       0x00000030       0x31 ff.o
 .comment       0x00000030       0x31 I2C.o
 .comment       0x00000030       0x31 Interface.o
 .comment       0x00000030       0x31 LSM303D.o
 .comment       0x00000030       0x31 main.o
 .comment       0x00000030       0x31 Output.o
 .comment       0x00000030       0x31 RTC.o
 .comment       0x00000030       0x2c c:/program files/atmel/studio/7.0/toolchain/avr8/avr8-gnu-toolchain/bin/../lib/gcc/avr/4.9.2/../../../../avr/lib/avr51\libprintf_flt.a(vfprintf_flt.o)
                                 0x2d (size before relaxing)
 .comment       0x0000005c       0x31 c:/program files/atmel/studio/7.0/toolchain/avr8/avr8-gnu-toolchain/bin/../lib/gcc/avr/4.9.2/../../../../avr/lib/avr51\libc.a(malloc.o)
 .comment       0x0000005c       0x31 c:/program files/atmel/studio/7.0/toolchain/avr8/avr8-gnu-toolchain/bin/../lib/gcc/avr/4.9.2/../../../../avr/lib/avr51\libc.a(fputc.o)
 .comment       0x0000005c       0x31 c:/program files/atmel/studio/7.0/toolchain/avr8/avr8-gnu-toolchain/bin/../lib/gcc/avr/4.9.2/../../../../avr/lib/avr51\libc.a(sprintf.o)

.note.gnu.avr.deviceinfo
                0x00000000       0x40
 .note.gnu.avr.deviceinfo
                0x00000000       0x40 C:/Program Files/Atmel/Studio/7.0/Packs/atmel/ATmega_DFP/1.0.90/gcc/dev/atmega1284p/avr51/crtatmega1284p.o

.note.gnu.build-id
 *(.note.gnu.build-id)

.debug
 *(.debug)

.line
 *(.line)

.debug_srcinfo
 *(.debug_srcinfo)

.debug_sfnames
 *(.debug_sfnames)

.debug_aranges  0x00000000      0x588
 *(.debug_aranges)
 .debug_aranges
                0x00000000       0x58 BMP180.o
 .debug_aranges
                0x00000058       0x80 diskio.o
 .debug_aranges
                0x000000d8       0xb0 Display.o
 .debug_aranges
                0x00000188       0xe8 ff.o
 .debug_aranges
                0x00000270       0x58 I2C.o
 .debug_aranges
                0x000002c8       0x58 Interface.o
 .debug_aranges
                0x00000320       0x70 LSM303D.o
 .debug_aranges
                0x00000390      0x140 main.o
 .debug_aranges
                0x000004d0       0x48 Output.o
 .debug_aranges
                0x00000518       0x70 RTC.o

.debug_pubnames
 *(.debug_pubnames)

.debug_info     0x00000000     0xdd25
 *(.debug_info .gnu.linkonce.wi.*)
 .debug_info    0x00000000      0xef4 BMP180.o
 .debug_info    0x00000ef4      0xd52 diskio.o
 .debug_info    0x00001c46     0x1c41 Display.o
 .debug_info    0x00003887     0x24b1 ff.o
 .debug_info    0x00005d38      0x371 I2C.o
 .debug_info    0x000060a9      0xd25 Interface.o
 .debug_info    0x00006dce      0xd77 LSM303D.o
 .debug_info    0x00007b45     0x57bb main.o
 .debug_info    0x0000d300      0x3f7 Output.o
 .debug_info    0x0000d6f7      0x62e RTC.o

.debug_abbrev   0x00000000     0x207c
 *(.debug_abbrev)
 .debug_abbrev  0x00000000      0x31a BMP180.o
 .debug_abbrev  0x0000031a      0x27a diskio.o
 .debug_abbrev  0x00000594      0x34e Display.o
 .debug_abbrev  0x000008e2      0x310 ff.o
 .debug_abbrev  0x00000bf2      0x1a6 I2C.o
 .debug_abbrev  0x00000d98      0x2b6 Interface.o
 .debug_abbrev  0x0000104e      0x338 LSM303D.o
 .debug_abbrev  0x00001386      0x8c0 main.o
 .debug_abbrev  0x00001c46      0x1e0 Output.o
 .debug_abbrev  0x00001e26      0x256 RTC.o

.debug_line     0x00000000     0x5a17
 *(.debug_line .debug_line.* .debug_line_end)
 .debug_line    0x00000000      0x431 BMP180.o
 .debug_line    0x00000431      0x777 diskio.o
 .debug_line    0x00000ba8      0x833 Display.o
 .debug_line    0x000013db     0x19a5 ff.o
 .debug_line    0x00002d80      0x191 I2C.o
 .debug_line    0x00002f11      0x545 Interface.o
 .debug_line    0x00003456      0x555 LSM303D.o
 .debug_line    0x000039ab     0x1a14 main.o
 .debug_line    0x000053bf      0x211 Output.o
 .debug_line    0x000055d0      0x447 RTC.o

.debug_frame    0x00000000     0x1a2c
 *(.debug_frame)
 .debug_frame   0x00000000      0x198 BMP180.o
 .debug_frame   0x00000198      0x1bc diskio.o
 .debug_frame   0x00000354      0x3a0 Display.o
 .debug_frame   0x000006f4      0x6b8 ff.o
 .debug_frame   0x00000dac       0x94 I2C.o
 .debug_frame   0x00000e40       0xb0 Interface.o
 .debug_frame   0x00000ef0      0x238 LSM303D.o
 .debug_frame   0x00001128      0x79c main.o
 .debug_frame   0x000018c4       0x74 Output.o
 .debug_frame   0x00001938       0xf4 RTC.o

.debug_str      0x00000000     0x1b7c
 *(.debug_str)
 .debug_str     0x00000000      0x4d2 BMP180.o
                                0x540 (size before relaxing)
 .debug_str     0x000004d2      0x236 diskio.o
                                0x2fa (size before relaxing)
 .debug_str     0x00000708      0x3e5 Display.o
                                0x690 (size before relaxing)
 .debug_str     0x00000aed      0x3ce ff.o
                                0x60e (size before relaxing)
 .debug_str     0x00000ebb       0x25 I2C.o
                                0x290 (size before relaxing)
 .debug_str     0x00000ee0      0x159 Interface.o
                                0x36d (size before relaxing)
 .debug_str     0x00001039      0x224 LSM303D.o
                                0x4d7 (size before relaxing)
 .debug_str     0x0000125d      0x8a9 main.o
                               0x16a8 (size before relaxing)
 .debug_str     0x00001b06       0x51 Output.o
                                0x277 (size before relaxing)
 .debug_str     0x00001b57       0x25 RTC.o
                                0x37d (size before relaxing)

.debug_loc      0x00000000     0xd46f
 *(.debug_loc)
 .debug_loc     0x00000000      0xd19 BMP180.o
 .debug_loc     0x00000d19      0xd1e diskio.o
 .debug_loc     0x00001a37     0x1bcd Display.o
 .debug_loc     0x00003604     0x4f59 ff.o
 .debug_loc     0x0000855d      0x128 I2C.o
 .debug_loc     0x00008685      0xac7 Interface.o
 .debug_loc     0x0000914c      0xf76 LSM303D.o
 .debug_loc     0x0000a0c2     0x2d43 main.o
 .debug_loc     0x0000ce05      0x397 Output.o
 .debug_loc     0x0000d19c      0x2d3 RTC.o

.debug_macinfo
 *(.debug_macinfo)

.debug_weaknames
 *(.debug_weaknames)

.debug_funcnames
 *(.debug_funcnames)

.debug_typenames
 *(.debug_typenames)

.debug_varnames
 *(.debug_varnames)

.debug_pubtypes
 *(.debug_pubtypes)

.debug_ranges   0x00000000      0x6b8
 *(.debug_ranges)
 .debug_ranges  0x00000000       0x48 BMP180.o
 .debug_ranges  0x00000048       0x70 diskio.o
 .debug_ranges  0x000000b8      0x100 Display.o
 .debug_ranges  0x000001b8      0x1d0 ff.o
 .debug_ranges  0x00000388       0x48 I2C.o
 .debug_ranges  0x000003d0       0x48 Interface.o
 .debug_ranges  0x00000418       0x60 LSM303D.o
 .debug_ranges  0x00000478      0x1a8 main.o
 .debug_ranges  0x00000620       0x38 Output.o
 .debug_ranges  0x00000658       0x60 RTC.o

.debug_macro
 *(.debug_macro)
OUTPUT(FWCP_MK3.elf elf32-avr)
LOAD linker stubs
