Archive member included because of file (symbol)

c:/program files (x86)/atmel/atmel toolchain/avr8 gcc/native/3.4.1061/avr8-gnu-toolchain/bin/../lib/gcc/avr/4.8.1/../../../../avr/lib/avr5\libm.a(addsf3.o)
                              Display.o (__subsf3)
c:/program files (x86)/atmel/atmel toolchain/avr8 gcc/native/3.4.1061/avr8-gnu-toolchain/bin/../lib/gcc/avr/4.8.1/../../../../avr/lib/avr5\libm.a(addsf3x.o)
                              c:/program files (x86)/atmel/atmel toolchain/avr8 gcc/native/3.4.1061/avr8-gnu-toolchain/bin/../lib/gcc/avr/4.8.1/../../../../avr/lib/avr5\libm.a(addsf3.o) (__addsf3x)
c:/program files (x86)/atmel/atmel toolchain/avr8 gcc/native/3.4.1061/avr8-gnu-toolchain/bin/../lib/gcc/avr/4.8.1/../../../../avr/lib/avr5\libm.a(atan2.o)
                              Kompass.o (atan2)
c:/program files (x86)/atmel/atmel toolchain/avr8 gcc/native/3.4.1061/avr8-gnu-toolchain/bin/../lib/gcc/avr/4.8.1/../../../../avr/lib/avr5\libm.a(atan.o)
                              c:/program files (x86)/atmel/atmel toolchain/avr8 gcc/native/3.4.1061/avr8-gnu-toolchain/bin/../lib/gcc/avr/4.8.1/../../../../avr/lib/avr5\libm.a(atan2.o) (atan)
c:/program files (x86)/atmel/atmel toolchain/avr8 gcc/native/3.4.1061/avr8-gnu-toolchain/bin/../lib/gcc/avr/4.8.1/../../../../avr/lib/avr5\libm.a(cmpsf2.o)
                              Fahradcomputer.o (__nesf2)
c:/program files (x86)/atmel/atmel toolchain/avr8 gcc/native/3.4.1061/avr8-gnu-toolchain/bin/../lib/gcc/avr/4.8.1/../../../../avr/lib/avr5\libm.a(cos.o)
                              Display.o (cos)
c:/program files (x86)/atmel/atmel toolchain/avr8 gcc/native/3.4.1061/avr8-gnu-toolchain/bin/../lib/gcc/avr/4.8.1/../../../../avr/lib/avr5\libm.a(divsf3.o)
                              Display.o (__divsf3)
c:/program files (x86)/atmel/atmel toolchain/avr8 gcc/native/3.4.1061/avr8-gnu-toolchain/bin/../lib/gcc/avr/4.8.1/../../../../avr/lib/avr5\libm.a(divsf3x.o)
                              c:/program files (x86)/atmel/atmel toolchain/avr8 gcc/native/3.4.1061/avr8-gnu-toolchain/bin/../lib/gcc/avr/4.8.1/../../../../avr/lib/avr5\libm.a(divsf3.o) (__divsf3x)
c:/program files (x86)/atmel/atmel toolchain/avr8 gcc/native/3.4.1061/avr8-gnu-toolchain/bin/../lib/gcc/avr/4.8.1/../../../../avr/lib/avr5\libm.a(fixsfsi.o)
                              Fahradcomputer.o (__fixsfsi)
c:/program files (x86)/atmel/atmel toolchain/avr8 gcc/native/3.4.1061/avr8-gnu-toolchain/bin/../lib/gcc/avr/4.8.1/../../../../avr/lib/avr5\libm.a(fixunssfsi.o)
                              Display.o (__fixunssfsi)
c:/program files (x86)/atmel/atmel toolchain/avr8 gcc/native/3.4.1061/avr8-gnu-toolchain/bin/../lib/gcc/avr/4.8.1/../../../../avr/lib/avr5\libm.a(floatsisf.o)
                              Fahradcomputer.o (__floatunsisf)
c:/program files (x86)/atmel/atmel toolchain/avr8 gcc/native/3.4.1061/avr8-gnu-toolchain/bin/../lib/gcc/avr/4.8.1/../../../../avr/lib/avr5\libm.a(fp_cmp.o)
                              c:/program files (x86)/atmel/atmel toolchain/avr8 gcc/native/3.4.1061/avr8-gnu-toolchain/bin/../lib/gcc/avr/4.8.1/../../../../avr/lib/avr5\libm.a(cmpsf2.o) (__fp_cmp)
c:/program files (x86)/atmel/atmel toolchain/avr8 gcc/native/3.4.1061/avr8-gnu-toolchain/bin/../lib/gcc/avr/4.8.1/../../../../avr/lib/avr5\libm.a(fp_inf.o)
                              c:/program files (x86)/atmel/atmel toolchain/avr8 gcc/native/3.4.1061/avr8-gnu-toolchain/bin/../lib/gcc/avr/4.8.1/../../../../avr/lib/avr5\libm.a(addsf3x.o) (__fp_inf)
c:/program files (x86)/atmel/atmel toolchain/avr8 gcc/native/3.4.1061/avr8-gnu-toolchain/bin/../lib/gcc/avr/4.8.1/../../../../avr/lib/avr5\libm.a(fp_nan.o)
                              c:/program files (x86)/atmel/atmel toolchain/avr8 gcc/native/3.4.1061/avr8-gnu-toolchain/bin/../lib/gcc/avr/4.8.1/../../../../avr/lib/avr5\libm.a(addsf3x.o) (__fp_nan)
c:/program files (x86)/atmel/atmel toolchain/avr8 gcc/native/3.4.1061/avr8-gnu-toolchain/bin/../lib/gcc/avr/4.8.1/../../../../avr/lib/avr5\libm.a(fp_powser.o)
                              c:/program files (x86)/atmel/atmel toolchain/avr8 gcc/native/3.4.1061/avr8-gnu-toolchain/bin/../lib/gcc/avr/4.8.1/../../../../avr/lib/avr5\libm.a(atan.o) (__fp_powser)
c:/program files (x86)/atmel/atmel toolchain/avr8 gcc/native/3.4.1061/avr8-gnu-toolchain/bin/../lib/gcc/avr/4.8.1/../../../../avr/lib/avr5\libm.a(fp_pscA.o)
                              c:/program files (x86)/atmel/atmel toolchain/avr8 gcc/native/3.4.1061/avr8-gnu-toolchain/bin/../lib/gcc/avr/4.8.1/../../../../avr/lib/avr5\libm.a(addsf3x.o) (__fp_pscA)
c:/program files (x86)/atmel/atmel toolchain/avr8 gcc/native/3.4.1061/avr8-gnu-toolchain/bin/../lib/gcc/avr/4.8.1/../../../../avr/lib/avr5\libm.a(fp_pscB.o)
                              c:/program files (x86)/atmel/atmel toolchain/avr8 gcc/native/3.4.1061/avr8-gnu-toolchain/bin/../lib/gcc/avr/4.8.1/../../../../avr/lib/avr5\libm.a(addsf3x.o) (__fp_pscB)
[...]
Memory Configuration

Name             Origin             Length             Attributes
text             0x00000000         0x00020000         xr
data             0x00800060         0x0000ffa0         rw !x
eeprom           0x00810000         0x00010000         rw !x
fuse             0x00820000         0x00000400         rw !x
lock             0x00830000         0x00000400         rw !x
signature        0x00840000         0x00000400         rw !x
user_signatures  0x00850000         0x00000400         rw !x
*default*        0x00000000         0xffffffff

Linker script and memory map

Address of section .data set to 0x800100
LOAD c:/program files (x86)/atmel/atmel toolchain/avr8 gcc/native/3.4.1061/avr8-gnu-toolchain/bin/../lib/gcc/avr/4.8.1/../../../../avr/lib/avr5/crtm328p.o
LOAD Display.o
LOAD Fahradcomputer.o
LOAD I2C.o
LOAD Interface.o
LOAD Kompass.o
LOAD LSM303D.o
LOAD Output.o
LOAD Pressure.o
LOAD RTC.o
START GROUP
LOAD c:/program files (x86)/atmel/atmel toolchain/avr8 gcc/native/3.4.1061/avr8-gnu-toolchain/bin/../lib/gcc/avr/4.8.1/../../../../avr/lib/avr5\libm.a
LOAD c:/program files (x86)/atmel/atmel toolchain/avr8 gcc/native/3.4.1061/avr8-gnu-toolchain/bin/../lib/gcc/avr/4.8.1/../../../../avr/lib/avr5\libprintf_flt.a
END GROUP
LOAD c:/program files (x86)/atmel/atmel toolchain/avr8 gcc/native/3.4.1061/avr8-gnu-toolchain/bin/../lib/gcc/avr/4.8.1/avr5\libgcc.a
LOAD c:/program files (x86)/atmel/atmel toolchain/avr8 gcc/native/3.4.1061/avr8-gnu-toolchain/bin/../lib/gcc/avr/4.8.1/../../../../avr/lib/avr5\libm.a
START GROUP
LOAD c:/program files (x86)/atmel/atmel toolchain/avr8 gcc/native/3.4.1061/avr8-gnu-toolchain/bin/../lib/gcc/avr/4.8.1/avr5\libgcc.a
LOAD c:/program files (x86)/atmel/atmel toolchain/avr8 gcc/native/3.4.1061/avr8-gnu-toolchain/bin/../lib/gcc/avr/4.8.1/../../../../avr/lib/avr5\libm.a
LOAD c:/program files (x86)/atmel/atmel toolchain/avr8 gcc/native/3.4.1061/avr8-gnu-toolchain/bin/../lib/gcc/avr/4.8.1/../../../../avr/lib/avr5\libc.a
END GROUP

.hash
 *(.hash)

.dynsym
 *(.dynsym)

.dynstr
 *(.dynstr)

.gnu.version
 *(.gnu.version)

.gnu.version_d
 *(.gnu.version_d)

.gnu.version_r
 *(.gnu.version_r)

.rel.init
 *(.rel.init)

.rela.init
 *(.rela.init)

.rel.text
 *(.rel.text)
 *(.rel.text.*)
 *(.rel.gnu.linkonce.t*)

.rela.text
 *(.rela.text)
 *(.rela.text.*)
 *(.rela.gnu.linkonce.t*)

.rel.fini
 *(.rel.fini)

.rela.fini
 *(.rela.fini)

.rel.rodata
 *(.rel.rodata)
 *(.rel.rodata.*)
 *(.rel.gnu.linkonce.r*)

.rela.rodata
 *(.rela.rodata)
 *(.rela.rodata.*)
 *(.rela.gnu.linkonce.r*)

.rel.data
 *(.rel.data)
 *(.rel.data.*)
 *(.rel.gnu.linkonce.d*)

.rela.data
 *(.rela.data)
 *(.rela.data.*)
 *(.rela.gnu.linkonce.d*)

.rel.ctors
 *(.rel.ctors)

.rela.ctors
 *(.rela.ctors)

.rel.dtors
 *(.rel.dtors)

.rela.dtors
 *(.rela.dtors)

.rel.got
 *(.rel.got)

.rela.got
 *(.rela.got)

.rel.bss
 *(.rel.bss)

.rela.bss
 *(.rela.bss)

.rel.plt
 *(.rel.plt)

.rela.plt
 *(.rela.plt)

.text           0x00000000     0x5fa6
 *(.vectors)
 .vectors       0x00000000       0x68 c:/program files (x86)/atmel/atmel toolchain/avr8 gcc/native/3.4.1061/avr8-gnu-toolchain/bin/../lib/gcc/avr/4.8.1/../../../../avr/lib/avr5/crtm328p.o
                0x00000000                __vector_default
                0x00000000                __vectors
 *(.vectors)
 *(.progmem.gcc*)
 .progmem.gcc_sw_table._Z13uhreinstellenv
                0x00000068       0x14 Fahradcomputer.o
 .progmem.gcc_sw_table._Z14eingabehandlerh
                0x0000007c       0x1e Fahradcomputer.o
 .progmem.gcc_fplib
                0x0000009a       0x2d c:/program files (x86)/atmel/atmel toolchain/avr8 gcc/native/3.4.1061/avr8-gnu-toolchain/bin/../lib/gcc/avr/4.8.1/../../../../avr/lib/avr5\libm.a(atan.o)
 .progmem.gcc_fplib
                0x000000c7       0x1e c:/program files (x86)/atmel/atmel toolchain/avr8 gcc/native/3.4.1061/avr8-gnu-toolchain/bin/../lib/gcc/avr/4.8.1/../../../../avr/lib/avr5\libm.a(fp_sinus.o)
 .progmem.gcc_fplib
                0x000000e5       0x5a c:/program files (x86)/atmel/atmel toolchain/avr8 gcc/native/3.4.1061/avr8-gnu-toolchain/bin/../lib/gcc/avr/4.8.1/../../../../avr/lib/avr5\libm.a(log.o)
 .progmem.gcc_fplib
                0x0000013f       0x23 c:/program files (x86)/atmel/atmel toolchain/avr8 gcc/native/3.4.1061/avr8-gnu-toolchain/bin/../lib/gcc/avr/4.8.1/../../../../avr/lib/avr5\libm.a(tan.o)
                0x00000162                . = ALIGN (0x2)
                0x00000162                __trampolines_start = .
 *(.trampolines)
 .trampolines   0x00000162        0x0 linker stubs
 *(.trampolines*)
                0x00000162                __trampolines_end = .
 *(.progmem*)
 .progmem.data._ZL11digits16x16
                0x00000162      0x140 Display.o
 .progmem.data._ZL7font5x8
                0x000002a2      0x1d6 Display.o
 .progmem.data  0x00000478        0x8 c:/program files (x86)/atmel/atmel toolchain/avr8 gcc/native/3.4.1061/avr8-gnu-toolchain/bin/../lib/gcc/avr/4.8.1/../../../../avr/lib/avr5\libprintf_flt.a(vfprintf_flt.o)
 .progmem.data  0x00000480       0xfa c:/program files (x86)/atmel/atmel toolchain/avr8 gcc/native/3.4.1061/avr8-gnu-toolchain/bin/../lib/gcc/avr/4.8.1/../../../../avr/lib/avr5\libc.a(ftoa_engine.o)
                0x0000057a                . = ALIGN (0x2)
 *(.jumptables)
 *(.jumptables*)
 *(.lowtext)
 *(.lowtext*)
                0x0000057a                __ctors_start = .
 *(.ctors)
 .ctors         0x0000057a        0x2 Fahradcomputer.o
                0x0000057c                __ctors_end = .
                0x0000057c                __dtors_start = .
 *(.dtors)
 .dtors         0x0000057c        0x2 Fahradcomputer.o
                0x0000057e                __dtors_end = .
 SORT(*)(.ctors)
 SORT(*)(.dtors)
 *(.init0)
 .init0         0x0000057e        0x0 c:/program files (x86)/atmel/atmel toolchain/avr8 gcc/native/3.4.1061/avr8-gnu-toolchain/bin/../lib/gcc/avr/4.8.1/../../../../avr/lib/avr5/crtm328p.o
                0x0000057e                __init
 *(.init0)
 *(.init1)
 *(.init1)
 *(.init2)
 .init2         0x0000057e        0xc c:/program files (x86)/atmel/atmel toolchain/avr8 gcc/native/3.4.1061/avr8-gnu-toolchain/bin/../lib/gcc/avr/4.8.1/../../../../avr/lib/avr5/crtm328p.o
 *(.init2)
 *(.init3)
 *(.init3)
 *(.init4)
 .init4         0x0000058a       0x16 c:/program files (x86)/atmel/atmel toolchain/avr8 gcc/native/3.4.1061/avr8-gnu-toolchain/bin/../lib/gcc/avr/4.8.1/avr5\libgcc.a(_copy_data.o)
                0x0000058a                __do_copy_data
 .init4         0x000005a0       0x10 c:/program files (x86)/atmel/atmel toolchain/avr8 gcc/native/3.4.1061/avr8-gnu-toolchain/bin/../lib/gcc/avr/4.8.1/avr5\libgcc.a(_clear_bss.o)
                0x000005a0                __do_clear_bss
 *(.init4)
 *(.init5)
 *(.init5)
 *(.init6)
 .init6         0x000005b0       0x16 c:/program files (x86)/atmel/atmel toolchain/avr8 gcc/native/3.4.1061/avr8-gnu-toolchain/bin/../lib/gcc/avr/4.8.1/avr5\libgcc.a(_ctors.o)
                0x000005b0                __do_global_ctors
 *(.init6)
 *(.init7)
 *(.init7)
 *(.init8)
 *(.init8)
 *(.init9)
 .init9         0x000005c6        0x8 c:/program files (x86)/atmel/atmel toolchain/avr8 gcc/native/3.4.1061/avr8-gnu-toolchain/bin/../lib/gcc/avr/4.8.1/../../../../avr/lib/avr5/crtm328p.o
 *(.init9)
 *(.text)
 .text          0x000005ce        0x4 c:/program files (x86)/atmel/atmel toolchain/avr8 gcc/native/3.4.1061/avr8-gnu-toolchain/bin/../lib/gcc/avr/4.8.1/../../../../avr/lib/avr5/crtm328p.o
                0x000005ce                __vector_22
                0x000005ce                __vector_1
                0x000005ce                __vector_24
                0x000005ce                __vector_12
                0x000005ce                __bad_interrupt
                0x000005ce                __vector_6
                0x000005ce                __vector_3
                0x000005ce                __vector_23
                0x000005ce                __vector_25
                0x000005ce                __vector_11
                0x000005ce                __vector_13
                0x000005ce                __vector_17
                0x000005ce                __vector_19
                0x000005ce                __vector_7
                0x000005ce                __vector_5
                0x000005ce                __vector_4
                0x000005ce                __vector_2
                0x000005ce                __vector_21
                0x000005ce                __vector_15
                0x000005ce                __vector_8
                0x000005ce                __vector_14
                0x000005ce                __vector_10
                0x000005ce                __vector_16
                0x000005ce                __vector_18
                0x000005ce                __vector_20
                0x000005d2                . = ALIGN (0x2)
 *(.text.*)
 .text._ZN7DisplayD2Ev
                0x000005d2        0x8 Display.o
                0x000005d2                _ZN7DisplayD2Ev
                0x000005d2                _ZN7DisplayD1Ev
 .text._ZN7Display10clearFrameEv
                0x000005da       0x16 Display.o
                0x000005da                _ZN7Display10clearFrameEv
 .text._ZN7Display15ssd1306_commandEh
                0x000005f0       0x38 Display.o
                0x000005f0                _ZN7Display15ssd1306_commandEh
 .text._ZN7Display17InitializeDisplayEv
                0x00000628       0xd2 Display.o
                0x00000628                _ZN7Display17InitializeDisplayEv
 .text._ZN7DisplayC2Ev
                0x000006fa       0x18 Display.o
                0x000006fa                _ZN7DisplayC2Ev
                0x000006fa                _ZN7DisplayC1Ev
 .text._ZN7Display6invertEh
                0x00000712       0x14 Display.o
                0x00000712                _ZN7Display6invertEh
 .text._ZN7Display9sendFrameEv
                0x00000726       0x86 Display.o
                0x00000726                _ZN7Display9sendFrameEv
 .text._ZN7Display9drawPixelEhhh
                0x000007ac       0x74 Display.o
                0x000007ac                _ZN7Display9drawPixelEhhh
 .text._ZN7Display9draw_lineEhhhf
                0x00000820      0x146 Display.o
                0x00000820                _ZN7Display9draw_lineEhhhf
 .text._ZN7Display13draw_triangleEhhhff
                0x00000966      0x24a Display.o
                0x00000966                _ZN7Display13draw_triangleEhhhff
 .text._ZN7Display9draw_ASCIEhhh
                0x00000bb0       0x9c Display.o
                0x00000bb0                _ZN7Display9draw_ASCIEhhh
 .text._ZN7Display16draw_number16x16Ehhh
                0x00000c4c       0xec Display.o
                0x00000c4c                _ZN7Display16draw_number16x16Ehhh
 .text._ZN7Display6analogEhhhh
                0x00000d38      0x516 Display.o
                0x00000d38                _ZN7Display6analogEhhhh
 .text._Z8ADC_Readh
                0x0000124e       0x28 Fahradcomputer.o
                0x0000124e                _Z8ADC_Readh
 .text._Z14Batteriestatusv
                0x00001276       0x70 Fahradcomputer.o
                0x00001276                _Z14Batteriestatusv
 .text._Z14willkommenpagev
                0x000012e6      0x14c Fahradcomputer.o
                0x000012e6                _Z14willkommenpagev
 .text._Z6headerh
                0x00001432      0x1d0 Fahradcomputer.o
                0x00001432                _Z6headerh
 .text._Z6bottomh
                0x00001602       0x4e Fahradcomputer.o
                0x00001602                _Z6bottomh
 .text._Z16anzeige_richtungf
                0x00001650      0x17c Fahradcomputer.o
                0x00001650                _Z16anzeige_richtungf
 .text._Z13anzeige_nadelhhf
                0x000017cc       0x3c Fahradcomputer.o
                0x000017cc                _Z13anzeige_nadelhhf
 .text._Z19anzeige_kleinenadelhhf
                0x00001808       0x3c Fahradcomputer.o
                0x00001808                _Z19anzeige_kleinenadelhhf
 .text._Z11menue_hauptv
                0x00001844      0x19c Fahradcomputer.o
                0x00001844                _Z11menue_hauptv
 .text._Z11menue_einstv
                0x000019e0      0x10c Fahradcomputer.o
                0x000019e0                _Z11menue_einstv
 .text._Z9menue_uhrv
                0x00001aec      0x16c Fahradcomputer.o
                0x00001aec                _Z9menue_uhrv
 .text._Z11uhranzeigenv
                0x00001c58      0x1a8 Fahradcomputer.o
                0x00001c58                _Z11uhranzeigenv
 .text._Z14uhranzeigenminv
                0x00001e00       0xb2 Fahradcomputer.o
                0x00001e00                _Z14uhranzeigenminv
 .text._Z13Weckeranzeigev
                0x00001eb2      0x124 Fahradcomputer.o
                0x00001eb2                _Z13Weckeranzeigev
 .text._Z12fahradschirmddddm
                0x00001fd6      0x2c6 Fahradcomputer.o
                0x00001fd6                _Z12fahradschirmddddm
 .text._Z14Gaineinstellenv
                0x0000229c      0x1cc Fahradcomputer.o
                0x0000229c                _Z14Gaineinstellenv
 .text._Z15anzeige_kompassd
                0x00002468      0x228 Fahradcomputer.o
                0x00002468                _Z15anzeige_kompassd
 .text._Z10timerseitev
                0x00002690      0x12a Fahradcomputer.o
                0x00002690                _Z10timerseitev
 .text._Z13Stoppuhrseitev
                0x000027ba      0x114 Fahradcomputer.o
                0x000027ba                _Z13Stoppuhrseitev
 .text._Z14Pressuresensorv
                0x000028ce      0x1e6 Fahradcomputer.o
                0x000028ce                _Z14Pressuresensorv
 .text._Z13uhreinstellenv
                0x00002ab4      0x7a4 Fahradcomputer.o
                0x00002ab4                _Z13uhreinstellenv
 .text.__vector_9
                0x00003258       0x38 Fahradcomputer.o
                0x00003258                __vector_9
 .text._Z15geschwindigkeitf
                0x00003290       0xb6 Fahradcomputer.o
                0x00003290                _Z15geschwindigkeitf
 .text._Z13reed_debouncePVhh
                0x00003346       0x4c Fahradcomputer.o
                0x00003346                _Z13reed_debouncePVhh
 .text._Z15initialisierungv
                0x00003392       0xc8 Fahradcomputer.o
                0x00003392                _Z15initialisierungv
 .text._Z19maininterupthandlerv
                0x0000345a       0x48 Fahradcomputer.o
                0x0000345a                _Z19maininterupthandlerv
 .text._Z14anzeigehandlerv
                0x000034a2      0x3c2 Fahradcomputer.o
                0x000034a2                _Z14anzeigehandlerv
 .text._Z14eingabehandlerh
                0x00003864      0x7b2 Fahradcomputer.o
                0x00003864                _Z14eingabehandlerh
 .text.main     0x00004016       0x1a Fahradcomputer.o
                0x00004016                main
 .text._GLOBAL__sub_I_kompass
                0x00004030       0x52 Fahradcomputer.o
 .text._GLOBAL__sub_D_kompass
                0x00004082       0x4a Fahradcomputer.o
 .text._ZN3I2CC2Ev
                0x000040cc        0x8 I2C.o
                0x000040cc                _ZN3I2CC2Ev
                0x000040cc                _ZN3I2CC1Ev
 .text._ZN3I2CD2Ev
                0x000040d4        0x2 I2C.o
                0x000040d4                _ZN3I2CD1Ev
                0x000040d4                _ZN3I2CD2Ev
 .text._ZN3I2C9twi_startEv
                0x000040d6        0x8 I2C.o
                0x000040d6                _ZN3I2C9twi_startEv
 .text._ZN3I2C8twi_stopEv
                0x000040de        0x8 I2C.o
                0x000040de                _ZN3I2C8twi_stopEv
 .text._ZN3I2C9twi_writeEh
                0x000040e6       0x20 I2C.o
                0x000040e6                _ZN3I2C9twi_writeEh
 .text._ZN3I2C8twi_readEh
                0x00004106       0x22 I2C.o
                0x00004106                _ZN3I2C8twi_readEh
 .text._ZN9InterfaceC2Ev
                0x00004128        0x2 Interface.o
                0x00004128                _ZN9InterfaceC1Ev
                0x00004128                _ZN9InterfaceC2Ev
 .text._ZN9InterfaceD2Ev
                0x0000412a        0x2 Interface.o
                0x0000412a                _ZN9InterfaceD1Ev
                0x0000412a                _ZN9InterfaceD2Ev
 .text._ZN9Interface8debounceEPVhh
                0x0000412c       0x4c Interface.o
                0x0000412c                _ZN9Interface8debounceEPVhh
 .text._ZN9Interface6TasterEv
                0x00004178      0x134 Interface.o
                0x00004178                _ZN9Interface6TasterEv
 .text._ZN9Interface17ZahlenausTastaturEv
                0x000042ac       0x18 Interface.o
                0x000042ac                _ZN9Interface17ZahlenausTastaturEv
 .text._ZN7KompassD2Ev
                0x000042c4        0x8 Kompass.o
                0x000042c4                _ZN7KompassD1Ev
                0x000042c4                _ZN7KompassD2Ev
 .text._ZN7Kompass16HMC5883L_commandEhh
                0x000042cc       0x3e Kompass.o
                0x000042cc                _ZN7Kompass16HMC5883L_commandEhh
 .text._ZN7KompassC2Ev
                0x0000430a       0x48 Kompass.o
                0x0000430a                _ZN7KompassC1Ev
                0x0000430a                _ZN7KompassC2Ev
 .text._ZN7Kompass20HMC5883L_readHeadingEv
                0x00004352      0x180 Kompass.o
                0x00004352                _ZN7Kompass20HMC5883L_readHeadingEv
 .text._ZN7Kompass5angleEv
                0x000044d2       0xf0 Kompass.o
                0x000044d2                _ZN7Kompass5angleEv
 .text._ZN7Kompass25kallibrierung_ruecksetzenEv
                0x000045c2       0x28 Kompass.o
                0x000045c2                _ZN7Kompass25kallibrierung_ruecksetzenEv
 .text._ZN6OutputC2Ehh
                0x000045ea       0x60 Output.o
                0x000045ea                _ZN6OutputC2Ehh
                0x000045ea                _ZN6OutputC1Ehh
 .text._ZN6OutputD2Ev
                0x0000464a        0x2 Output.o
                0x0000464a                _ZN6OutputD1Ev
                0x0000464a                _ZN6OutputD2Ev
 .text._ZN6Output2onEv
                0x0000464c       0x68 Output.o
                0x0000464c                _ZN6Output2onEv
 .text._ZN6Output4isonEv
                0x000046b4       0x60 Output.o
                0x000046b4                _ZN6Output4isonEv
 .text._ZN6Output3offEv
                0x00004714       0x6e Output.o
                0x00004714                _ZN6Output3offEv
 .text._ZN6Output6toggleEv
                0x00004782       0x74 Output.o
                0x00004782                _ZN6Output6toggleEv
 .text._ZN8PressureD2Ev
                0x000047f6        0x8 Pressure.o
                0x000047f6                _ZN8PressureD1Ev
                0x000047f6                _ZN8PressureD2Ev
 .text._ZN8Pressure14LPS25H_commandEhh
                0x000047fe       0x3e Pressure.o
                0x000047fe                _ZN8Pressure14LPS25H_commandEhh
 .text._ZN8Pressure17LPS25H_initializeEv
                0x0000483c       0x32 Pressure.o
                0x0000483c                _ZN8Pressure17LPS25H_initializeEv
 .text._ZN8PressureC2Ev
                0x0000486e       0x3c Pressure.o
                0x0000486e                _ZN8PressureC1Ev
                0x0000486e                _ZN8PressureC2Ev
 .text._ZN8Pressure18READ_Pressure_onceEv
                0x000048aa      0x110 Pressure.o
                0x000048aa                _ZN8Pressure18READ_Pressure_onceEv
 .text._ZN8Pressure16READ_TemperatureEv
                0x000049ba       0xfa Pressure.o
                0x000049ba                _ZN8Pressure16READ_TemperatureEv
 .text._ZN8Pressure8altitudeEd
                0x00004ab4       0x64 Pressure.o
                0x00004ab4                _ZN8Pressure8altitudeEd
 .text._ZN8Pressure13set_Pressure0Ed
                0x00004b18        0xc Pressure.o
                0x00004b18                _ZN8Pressure13set_Pressure0Ed
 .text._ZN3RTCD2Ev
                0x00004b24        0x2 RTC.o
                0x00004b24                _ZN3RTCD2Ev
                0x00004b24                _ZN3RTCD1Ev
 .text._ZN3RTC6WeckerEv
                0x00004b26       0x22 RTC.o
                0x00004b26                _ZN3RTC6WeckerEv
 .text._ZN3RTC14ausgabezeitneuEv
                0x00004b48       0x72 RTC.o
                0x00004b48                _ZN3RTC14ausgabezeitneuEv
 .text._ZN3RTC15ausgabedatumneuEv
                0x00004bba       0x72 RTC.o
                0x00004bba                _ZN3RTC15ausgabedatumneuEv
 .text._ZN3RTCC2Ev
                0x00004c2c       0x4e RTC.o
                0x00004c2c                _ZN3RTCC2Ev
                0x00004c2c                _ZN3RTCC1Ev
 .text._ZN3RTC8kalenderEv
                0x00004c7a       0x8a RTC.o
                0x00004c7a                _ZN3RTC8kalenderEv
 .text._ZN3RTC4zeitEv
                0x00004d04       0x50 RTC.o
                0x00004d04                _ZN3RTC4zeitEv
 .text._ZN3RTC10dummyeinstEv
                0x00004d54       0x2c RTC.o
                0x00004d54                _ZN3RTC10dummyeinstEv
 .text._ZN3RTC8RTCstartEv
                0x00004d80       0x32 RTC.o
                0x00004d80                _ZN3RTC8RTCstartEv
 .text._ZN3RTC7RTCstopEv
                0x00004db2        0xc RTC.o
                0x00004db2                _ZN3RTC7RTCstopEv
 .text._ZN3RTC5timerEv
                0x00004dbe       0x3a RTC.o
                0x00004dbe                _ZN3RTC5timerEv
 .text.avr-libc.fplib
                0x00004df8        0xa c:/program files (x86)/atmel/atmel toolchain/avr8 gcc/native/3.4.1061/avr8-gnu-toolchain/bin/../lib/gcc/avr/4.8.1/../../../../avr/lib/avr5\libm.a(addsf3.o)
                0x00004df8                __subsf3
                0x00004dfa                __addsf3
 .text.avr-libc.fplib
                0x00004e02       0xc0 c:/program files (x86)/atmel/atmel toolchain/avr8 gcc/native/3.4.1061/avr8-gnu-toolchain/bin/../lib/gcc/avr/4.8.1/../../../../avr/lib/avr5\libm.a(addsf3x.o)
                0x00004e1c                __addsf3x
 .text.avr-libc.fplib
                0x00004ec2       0x74 c:/program files (x86)/atmel/atmel toolchain/avr8 gcc/native/3.4.1061/avr8-gnu-toolchain/bin/../lib/gcc/avr/4.8.1/../../../../avr/lib/avr5\libm.a(atan2.o)
                0x00004ee0                atan2
 .text.avr-libc.fplib
                0x00004f36       0x50 c:/program files (x86)/atmel/atmel toolchain/avr8 gcc/native/3.4.1061/avr8-gnu-toolchain/bin/../lib/gcc/avr/4.8.1/../../../../avr/lib/avr5\libm.a(atan.o)
                0x00004f36                atan
 .text.avr-libc.fplib
                0x00004f86        0x8 c:/program files (x86)/atmel/atmel toolchain/avr8 gcc/native/3.4.1061/avr8-gnu-toolchain/bin/../lib/gcc/avr/4.8.1/../../../../avr/lib/avr5\libm.a(cmpsf2.o)
                0x00004f86                __nesf2
                0x00004f86                __eqsf2
                0x00004f86                __cmpsf2
                0x00004f86                __ltsf2
                0x00004f86                __lesf2
 .text.avr-libc.fplib
                0x00004f8e        0x6 c:/program files (x86)/atmel/atmel toolchain/avr8 gcc/native/3.4.1061/avr8-gnu-toolchain/bin/../lib/gcc/avr/4.8.1/../../../../avr/lib/avr5\libm.a(cos.o)
                0x00004f8e                cos
 .text.avr-libc.fplib
                0x00004f94        0x4 c:/program files (x86)/atmel/atmel toolchain/avr8 gcc/native/3.4.1061/avr8-gnu-toolchain/bin/../lib/gcc/avr/4.8.1/../../../../avr/lib/avr5\libm.a(divsf3.o)
                0x00004f94                __divsf3
 .text.avr-libc.fplib
                0x00004f98       0xcc c:/program files (x86)/atmel/atmel toolchain/avr8 gcc/native/3.4.1061/avr8-gnu-toolchain/bin/../lib/gcc/avr/4.8.1/../../../../avr/lib/avr5\libm.a(divsf3x.o)
                0x00004fae                __divsf3x
                0x00004fb2                __divsf3_pse
 .text.avr-libc.fplib
                0x00005064        0xa c:/program files (x86)/atmel/atmel toolchain/avr8 gcc/native/3.4.1061/avr8-gnu-toolchain/bin/../lib/gcc/avr/4.8.1/../../../../avr/lib/avr5\libm.a(fixsfsi.o)
                0x00005064                __fixsfsi
 .text.avr-libc.fplib
                0x0000506e       0x58 c:/program files (x86)/atmel/atmel toolchain/avr8 gcc/native/3.4.1061/avr8-gnu-toolchain/bin/../lib/gcc/avr/4.8.1/../../../../avr/lib/avr5\libm.a(fixunssfsi.o)
                0x0000506e                __fixunssfsi
 .text.avr-libc.fplib
                0x000050c6       0x7a c:/program files (x86)/atmel/atmel toolchain/avr8 gcc/native/3.4.1061/avr8-gnu-toolchain/bin/../lib/gcc/avr/4.8.1/../../../../avr/lib/avr5\libm.a(floatsisf.o)
                0x000050c6                __floatunsisf
                0x000050ca                __floatsisf
 .text.avr-libc.fplib
                0x00005140       0x48 c:/program files (x86)/atmel/atmel toolchain/avr8 gcc/native/3.4.1061/avr8-gnu-toolchain/bin/../lib/gcc/avr/4.8.1/../../../../avr/lib/avr5\libm.a(fp_cmp.o)
                0x00005140                __fp_cmp
 .text.avr-libc.fplib
                0x00005188        0xc c:/program files (x86)/atmel/atmel toolchain/avr8 gcc/native/3.4.1061/avr8-gnu-toolchain/bin/../lib/gcc/avr/4.8.1/../../../../avr/lib/avr5\libm.a(fp_inf.o)
                0x00005188                __fp_inf
 .text.avr-libc.fplib
                0x00005194        0x6 c:/program files (x86)/atmel/atmel toolchain/avr8 gcc/native/3.4.1061/avr8-gnu-toolchain/bin/../lib/gcc/avr/4.8.1/../../../../avr/lib/avr5\libm.a(fp_nan.o)
                0x00005194                __fp_nan
 .text.avr-libc.fplib
                0x0000519a       0x4a c:/program files (x86)/atmel/atmel toolchain/avr8 gcc/native/3.4.1061/avr8-gnu-toolchain/bin/../lib/gcc/avr/4.8.1/../../../../avr/lib/avr5\libm.a(fp_powser.o)
                0x0000519a                __fp_powser
 .text.avr-libc.fplib
                0x000051e4        0xe c:/program files (x86)/atmel/atmel toolchain/avr8 gcc/native/3.4.1061/avr8-gnu-toolchain/bin/../lib/gcc/avr/4.8.1/../../../../avr/lib/avr5\libm.a(fp_pscA.o)
                0x000051e4                __fp_pscA
 .text.avr-libc.fplib
                0x000051f2        0xe c:/program files (x86)/atmel/atmel toolchain/avr8 gcc/native/3.4.1061/avr8-gnu-toolchain/bin/../lib/gcc/avr/4.8.1/../../../../avr/lib/avr5\libm.a(fp_pscB.o)
                0x000051f2                __fp_pscB
 .text.avr-libc.fplib
                0x00005200       0x50 c:/program files (x86)/atmel/atmel toolchain/avr8 gcc/native/3.4.1061/avr8-gnu-toolchain/bin/../lib/gcc/avr/4.8.1/../../../../avr/lib/avr5\libm.a(fp_rempio2.o)
                0x00005202                __fp_rempio2
 .text.avr-libc.fplib
                0x00005250       0x22 c:/program files (x86)/atmel/atmel toolchain/avr8 gcc/native/3.4.1061/avr8-gnu-toolchain/bin/../lib/gcc/avr/4.8.1/../../../../avr/lib/avr5\libm.a(fp_round.o)
                0x00005250                __fp_round
 .text.avr-libc.fplib
                0x00005272       0x22 c:/program files (x86)/atmel/atmel toolchain/avr8 gcc/native/3.4.1061/avr8-gnu-toolchain/bin/../lib/gcc/avr/4.8.1/../../../../avr/lib/avr5\libm.a(fp_sinus.o)
                0x00005272                __fp_sinus
 .text.avr-libc.fplib
                0x00005294       0x44 c:/program files (x86)/atmel/atmel toolchain/avr8 gcc/native/3.4.1061/avr8-gnu-toolchain/bin/../lib/gcc/avr/4.8.1/../../../../avr/lib/avr5\libm.a(fp_split3.o)
                0x00005294                __fp_split3
                0x000052a4                __fp_splitA
 .text.avr-libc.fplib
                0x000052d8        0xe c:/program files (x86)/atmel/atmel toolchain/avr8 gcc/native/3.4.1061/avr8-gnu-toolchain/bin/../lib/gcc/avr/4.8.1/../../../../avr/lib/avr5\libm.a(fp_zero.o)
                0x000052d8                __fp_zero
                0x000052da                __fp_szero
 .text.avr-libc.fplib
                0x000052e6        0x8 c:/program files (x86)/atmel/atmel toolchain/avr8 gcc/native/3.4.1061/avr8-gnu-toolchain/bin/../lib/gcc/avr/4.8.1/../../../../avr/lib/avr5\libm.a(gesf2.o)
                0x000052e6                __gesf2
                0x000052e6                __gtsf2
 .text.avr-libc.fplib
                0x000052ee        0xe c:/program files (x86)/atmel/atmel toolchain/avr8 gcc/native/3.4.1061/avr8-gnu-toolchain/bin/../lib/gcc/avr/4.8.1/../../../../avr/lib/avr5\libm.a(inverse.o)
                0x000052ee                inverse
 .text.avr-libc.fplib
                0x000052fc       0x8a c:/program files (x86)/atmel/atmel toolchain/avr8 gcc/native/3.4.1061/avr8-gnu-toolchain/bin/../lib/gcc/avr/4.8.1/../../../../avr/lib/avr5\libm.a(log.o)
                0x00005306                log
 .text.avr-libc.fplib
                0x00005386        0x4 c:/program files (x86)/atmel/atmel toolchain/avr8 gcc/native/3.4.1061/avr8-gnu-toolchain/bin/../lib/gcc/avr/4.8.1/../../../../avr/lib/avr5\libm.a(mulsf3.o)
                0x00005386                __mulsf3
 .text.avr-libc.fplib
                0x0000538a       0xc2 c:/program files (x86)/atmel/atmel toolchain/avr8 gcc/native/3.4.1061/avr8-gnu-toolchain/bin/../lib/gcc/avr/4.8.1/../../../../avr/lib/avr5\libm.a(mulsf3x.o)
                0x0000539e                __mulsf3x
                0x000053a2                __mulsf3_pse
 .text.avr-libc.fplib
                0x0000544c        0xc c:/program files (x86)/atmel/atmel toolchain/avr8 gcc/native/3.4.1061/avr8-gnu-toolchain/bin/../lib/gcc/avr/4.8.1/../../../../avr/lib/avr5\libm.a(sin.o)
                0x0000544c                sin
 .text.avr-libc.fplib
                0x00005458        0x6 c:/program files (x86)/atmel/atmel toolchain/avr8 gcc/native/3.4.1061/avr8-gnu-toolchain/bin/../lib/gcc/avr/4.8.1/../../../../avr/lib/avr5\libm.a(square.o)
                0x00005458                square
 .text.avr-libc.fplib
                0x0000545e       0x40 c:/program files (x86)/atmel/atmel toolchain/avr8 gcc/native/3.4.1061/avr8-gnu-toolchain/bin/../lib/gcc/avr/4.8.1/../../../../avr/lib/avr5\libm.a(tan.o)
                0x0000545e                tan
 .text.avr-libc.fplib
                0x0000549e       0x1c c:/program files (x86)/atmel/atmel toolchain/avr8 gcc/native/3.4.1061/avr8-gnu-toolchain/bin/../lib/gcc/avr/4.8.1/../../../../avr/lib/avr5\libm.a(fp_mpack.o)
                0x0000549e                __fp_mpack
                0x000054a2                __fp_mpack_finite
 .text.avr-libc.fplib
                0x000054ba       0x22 c:/program files (x86)/atmel/atmel toolchain/avr8 gcc/native/3.4.1061/avr8-gnu-toolchain/bin/../lib/gcc/avr/4.8.1/../../../../avr/lib/avr5\libm.a(fp_powsodd.o)
                0x000054ba                __fp_powsodd
 .text.avr-libc
                0x000054dc      0x6f6 c:/program files (x86)/atmel/atmel toolchain/avr8 gcc/native/3.4.1061/avr8-gnu-toolchain/bin/../lib/gcc/avr/4.8.1/../../../../avr/lib/avr5\libprintf_flt.a(vfprintf_flt.o)
                0x000054dc                vfprintf
 .text.libgcc   0x00005bd2        0xc c:/program files (x86)/atmel/atmel toolchain/avr8 gcc/native/3.4.1061/avr8-gnu-toolchain/bin/../lib/gcc/avr/4.8.1/avr5\libgcc.a(_tablejump.o)
                0x00005bd2                __tablejump2__
                0x00005bd6                __tablejump__
 .text.libgcc.prologue
                0x00005bde       0x38 c:/program files (x86)/atmel/atmel toolchain/avr8 gcc/native/3.4.1061/avr8-gnu-toolchain/bin/../lib/gcc/avr/4.8.1/avr5\libgcc.a(_prologue.o)
                0x00005bde                __prologue_saves__
 .text.libgcc.prologue
                0x00005c16       0x36 c:/program files (x86)/atmel/atmel toolchain/avr8 gcc/native/3.4.1061/avr8-gnu-toolchain/bin/../lib/gcc/avr/4.8.1/avr5\libgcc.a(_epilogue.o)
                0x00005c16                __epilogue_restores__
 .text.avr-libc
                0x00005c4c      0x1b0 c:/program files (x86)/atmel/atmel toolchain/avr8 gcc/native/3.4.1061/avr8-gnu-toolchain/bin/../lib/gcc/avr/4.8.1/../../../../avr/lib/avr5\libc.a(ftoa_engine.o)
                0x00005c4c                __ftoa_engine
 .text.avr-libc
                0x00005dfc       0x16 c:/program files (x86)/atmel/atmel toolchain/avr8 gcc/native/3.4.1061/avr8-gnu-toolchain/bin/../lib/gcc/avr/4.8.1/../../../../avr/lib/avr5\libc.a(strnlen_P.o)
                0x00005dfc                strnlen_P
 .text.avr-libc
                0x00005e12       0x16 c:/program files (x86)/atmel/atmel toolchain/avr8 gcc/native/3.4.1061/avr8-gnu-toolchain/bin/../lib/gcc/avr/4.8.1/../../../../avr/lib/avr5\libc.a(strnlen.o)
                0x00005e12                strnlen
 .text.avr-libc
                0x00005e28       0x64 c:/program files (x86)/atmel/atmel toolchain/avr8 gcc/native/3.4.1061/avr8-gnu-toolchain/bin/../lib/gcc/avr/4.8.1/../../../../avr/lib/avr5\libc.a(fputc.o)
                0x00005e28                fputc
 .text.avr-libc
                0x00005e8c       0x44 c:/program files (x86)/atmel/atmel toolchain/avr8 gcc/native/3.4.1061/avr8-gnu-toolchain/bin/../lib/gcc/avr/4.8.1/../../../../avr/lib/avr5\libc.a(sprintf.o)
                0x00005e8c                sprintf
 .text.avr-libc
                0x00005ed0       0xbc c:/program files (x86)/atmel/atmel toolchain/avr8 gcc/native/3.4.1061/avr8-gnu-toolchain/bin/../lib/gcc/avr/4.8.1/../../../../avr/lib/avr5\libc.a(ultoa_invert.o)
                0x00005ed0                __ultoa_invert
                0x00005f8c                . = ALIGN (0x2)
 *(.fini9)
 .fini9         0x00005f8c        0x0 c:/program files (x86)/atmel/atmel toolchain/avr8 gcc/native/3.4.1061/avr8-gnu-toolchain/bin/../lib/gcc/avr/4.8.1/avr5\libgcc.a(_exit.o)
                0x00005f8c                _exit
                0x00005f8c                exit
 *(.fini9)
 *(.fini8)
 *(.fini8)
 *(.fini7)
 *(.fini7)
 *(.fini6)
 .fini6         0x00005f8c       0x16 c:/program files (x86)/atmel/atmel toolchain/avr8 gcc/native/3.4.1061/avr8-gnu-toolchain/bin/../lib/gcc/avr/4.8.1/avr5\libgcc.a(_dtors.o)
                0x00005f8c                __do_global_dtors
 *(.fini6)
 *(.fini5)
 *(.fini5)
 *(.fini4)
 *(.fini4)
 *(.fini3)
 *(.fini3)
 *(.fini2)
 *(.fini2)
 *(.fini1)
 *(.fini1)
 *(.fini0)
 .fini0         0x00005fa2        0x4 c:/program files (x86)/atmel/atmel toolchain/avr8 gcc/native/3.4.1061/avr8-gnu-toolchain/bin/../lib/gcc/avr/4.8.1/avr5\libgcc.a(_exit.o)
 *(.fini0)
                0x00005fa6                _etext = .

.data           0x00800100      0x218 load address 0x00005fa6
                0x00800100                PROVIDE (__data_start, .)
 *(.data)
 *(.data*)
 *(.rodata)
 *(.rodata*)
 .rodata.str1.1
                0x00800100      0x218 Fahradcomputer.o
                                0x21d (size before relaxing)
 *(.gnu.linkonce.d*)
                0x00800318                . = ALIGN (0x2)
                0x00800318                _edata = .
                0x00800318                PROVIDE (__data_end, .)

.bss            0x00800318      0x495
                0x00800318                PROVIDE (__bss_start, .)
 *(.bss)
 *(.bss*)
 .bss.Fahrtzeit
                0x00800318        0x4 Fahradcomputer.o
                0x00800318                Fahrtzeit
 .bss.maxgeschw
                0x0080031c        0x4 Fahradcomputer.o
                0x0080031c                maxgeschw
 .bss.strecke   0x00800320        0x4 Fahradcomputer.o
                0x00800320                strecke
 .bss.geschw    0x00800324        0x4 Fahradcomputer.o
                0x00800324                geschw
 .bss.pos       0x00800328        0x1 Fahradcomputer.o
                0x00800328                pos
 .bss.anzeige   0x00800329        0x2 Fahradcomputer.o
                0x00800329                anzeige
 .bss.batterie  0x0080032b        0x4 Fahradcomputer.o
                0x0080032b                batterie
 .bss.Baro      0x0080032f        0xe Fahradcomputer.o
                0x0080032f                Baro
 .bss.Vibrationsmotor
                0x0080033d        0x2 Fahradcomputer.o
                0x0080033d                Vibrationsmotor
 .bss.LED       0x0080033f        0x2 Fahradcomputer.o
                0x0080033f                LED
 .bss.Tastatur  0x00800341        0x1 Fahradcomputer.o
                0x00800341                Tastatur
 .bss.oled      0x00800342      0x401 Fahradcomputer.o
                0x00800342                oled
 .bss.stoppuhr  0x00800743       0x1b Fahradcomputer.o
                0x00800743                stoppuhr
 .bss.zaehler   0x0080075e       0x1b Fahradcomputer.o
                0x0080075e                zaehler
 .bss.rtc       0x00800779       0x1b Fahradcomputer.o
                0x00800779                rtc
 .bss.kompass   0x00800794       0x19 Fahradcomputer.o
                0x00800794                kompass
 *(COMMON)
                0x008007ad                PROVIDE (__bss_end, .)
                0x00005fa6                __data_load_start = LOADADDR (.data)
                0x000061be                __data_load_end = (__data_load_start + SIZEOF (.data))

.noinit         0x008007ad        0x0
                0x008007ad                PROVIDE (__noinit_start, .)
 *(.noinit*)
                0x008007ad                PROVIDE (__noinit_end, .)
                0x008007ad                _end = .
                0x008007ad                PROVIDE (__heap_start, .)

.eeprom         0x00810000        0x0
 *(.eeprom*)
                0x00810000                __eeprom_end = .

.fuse
 *(.fuse)
 *(.lfuse)
 *(.hfuse)
 *(.efuse)

.lock
 *(.lock*)

.signature
 *(.signature*)

.user_signatures
 *(.user_signatures*)

.stab
 *(.stab)

.stabstr
 *(.stabstr)

.stab.excl
 *(.stab.excl)

.stab.exclstr
 *(.stab.exclstr)

.stab.index
 *(.stab.index)

.stab.indexstr
 *(.stab.indexstr)

.comment        0x00000000       0x5c
 *(.comment)
 .comment       0x00000000       0x30 Display.o
                                 0x31 (size before relaxing)
 .comment       0x00000000       0x31 Fahradcomputer.o
 .comment       0x00000000       0x31 I2C.o
 .comment       0x00000000       0x31 Interface.o
 .comment       0x00000000       0x31 Kompass.o
 .comment       0x00000000       0x31 Output.o
 .comment       0x00000000       0x31 Pressure.o
 .comment       0x00000000       0x31 RTC.o
 .comment       0x00000030       0x2c c:/program files (x86)/atmel/atmel toolchain/avr8 gcc/native/3.4.1061/avr8-gnu-toolchain/bin/../lib/gcc/avr/4.8.1/../../../../avr/lib/avr5\libprintf_flt.a(vfprintf_flt.o)
                                 0x2d (size before relaxing)
 .comment       0x00000000       0x31 c:/program files (x86)/atmel/atmel toolchain/avr8 gcc/native/3.4.1061/avr8-gnu-toolchain/bin/../lib/gcc/avr/4.8.1/../../../../avr/lib/avr5\libc.a(fputc.o)
 .comment       0x00000000       0x31 c:/program files (x86)/atmel/atmel toolchain/avr8 gcc/native/3.4.1061/avr8-gnu-toolchain/bin/../lib/gcc/avr/4.8.1/../../../../avr/lib/avr5\libc.a(sprintf.o)

.note.gnu.build-id
 *(.note.gnu.build-id)

.debug
 *(.debug)

.line
 *(.line)

.debug_srcinfo
 *(.debug_srcinfo)

.debug_sfnames
 *(.debug_sfnames)

.debug_aranges  0x00000000      0x3b8
 *(.debug_aranges)
 .debug_aranges
                0x00000000       0x98 Display.o
 .debug_aranges
                0x00000098      0x118 Fahradcomputer.o
 .debug_aranges
                0x000001b0       0x58 I2C.o
 .debug_aranges
                0x00000208       0x48 Interface.o
 .debug_aranges
                0x00000250       0x50 Kompass.o
 .debug_aranges
                0x000002a0       0x48 Output.o
 .debug_aranges
                0x000002e8       0x58 Pressure.o
 .debug_aranges
                0x00000340       0x78 RTC.o

.debug_pubnames
 *(.debug_pubnames)

.debug_info     0x00000000     0x847c
 *(.debug_info .gnu.linkonce.wi.*)
 .debug_info    0x00000000     0x1992 Display.o
 .debug_info    0x00001992     0x4039 Fahradcomputer.o
 .debug_info    0x000059cb      0x372 I2C.o
 .debug_info    0x00005d3d      0xb6e Interface.o
 .debug_info    0x000068ab      0x89a Kompass.o
 .debug_info    0x00007145      0x398 Output.o
 .debug_info    0x000074dd      0x942 Pressure.o
 .debug_info    0x00007e1f      0x65d RTC.o

.debug_abbrev   0x00000000     0x1611
 *(.debug_abbrev)
 .debug_abbrev  0x00000000      0x2fe Display.o
 .debug_abbrev  0x000002fe      0x514 Fahradcomputer.o
 .debug_abbrev  0x00000812      0x190 I2C.o
 .debug_abbrev  0x000009a2      0x277 Interface.o
 .debug_abbrev  0x00000c19      0x2c2 Kompass.o
 .debug_abbrev  0x00000edb      0x1e0 Output.o
 .debug_abbrev  0x000010bb      0x300 Pressure.o
 .debug_abbrev  0x000013bb      0x256 RTC.o

.debug_line     0x00000000     0x1716
 *(.debug_line .debug_line.* .debug_line_end)
 .debug_line    0x00000000      0x368 Display.o
 .debug_line    0x00000368      0x986 Fahradcomputer.o
 .debug_line    0x00000cee      0x13f I2C.o
 .debug_line    0x00000e2d      0x2a8 Interface.o
 .debug_line    0x000010d5      0x18a Kompass.o
 .debug_line    0x0000125f      0x12a Output.o
 .debug_line    0x00001389      0x17f Pressure.o
 .debug_line    0x00001508      0x20e RTC.o

.debug_frame    0x00000000      0xe58
 *(.debug_frame)
 .debug_frame   0x00000000      0x334 Display.o
 .debug_frame   0x00000334      0x638 Fahradcomputer.o
 .debug_frame   0x0000096c       0x94 I2C.o
 .debug_frame   0x00000a00       0x90 Interface.o
 .debug_frame   0x00000a90      0x104 Kompass.o
 .debug_frame   0x00000b94       0x74 Output.o
 .debug_frame   0x00000c08      0x14c Pressure.o
 .debug_frame   0x00000d54      0x104 RTC.o

.debug_str      0x00000000     0x1163
 *(.debug_str)
 .debug_str     0x00000000      0x579 Display.o
                                0x5c3 (size before relaxing)
 .debug_str     0x00000579      0xa68 Fahradcomputer.o
                                0xfb9 (size before relaxing)
 .debug_str     0x00000fe1       0x2a I2C.o
                                0x264 (size before relaxing)
 .debug_str     0x0000100b       0x44 Interface.o
                                0x2e3 (size before relaxing)
 .debug_str     0x0000104f       0x47 Kompass.o
                                0x3d8 (size before relaxing)
 .debug_str     0x00001096       0x51 Output.o
                                0x24b (size before relaxing)
 .debug_str     0x000010e7       0x57 Pressure.o
                                0x425 (size before relaxing)
 .debug_str     0x0000113e       0x25 RTC.o
                                0x34c (size before relaxing)

.debug_loc      0x00000000     0x622c
 *(.debug_loc)
 .debug_loc     0x00000000     0x1718 Display.o
 .debug_loc     0x00001718     0x2fdf Fahradcomputer.o
 .debug_loc     0x000046f7      0x128 I2C.o
 .debug_loc     0x0000481f      0x9fa Interface.o
 .debug_loc     0x00005219      0x4cc Kompass.o
 .debug_loc     0x000056e5      0x375 Output.o
 .debug_loc     0x00005a5a      0x4fd Pressure.o
 .debug_loc     0x00005f57      0x2d5 RTC.o

.debug_macinfo
 *(.debug_macinfo)

.debug_weaknames
 *(.debug_weaknames)

.debug_funcnames
 *(.debug_funcnames)

.debug_typenames
 *(.debug_typenames)

.debug_varnames
 *(.debug_varnames)

.debug_pubtypes
 *(.debug_pubtypes)

.debug_ranges   0x00000000      0x3a0
 *(.debug_ranges)
 .debug_ranges  0x00000000       0xd8 Display.o
 .debug_ranges  0x000000d8      0x120 Fahradcomputer.o
 .debug_ranges  0x000001f8       0x48 I2C.o
 .debug_ranges  0x00000240       0x38 Interface.o
 .debug_ranges  0x00000278       0x40 Kompass.o
 .debug_ranges  0x000002b8       0x38 Output.o
 .debug_ranges  0x000002f0       0x48 Pressure.o
 .debug_ranges  0x00000338       0x68 RTC.o

.debug_macro
 *(.debug_macro)
OUTPUT(Fahradcomputer.elf elf32-avr)
LOAD linker stubs
