Archive member included because of file (symbol)

c:/program files (x86)/atmel/atmel toolchain/avr8 gcc/native/3.4.1061/avr8-gnu-toolchain/bin/../lib/gcc/avr/4.8.1/../../../../avr/lib/avr5\libm.a(addsf3.o)
                              Display.o (__subsf3)
c:/program files (x86)/atmel/atmel toolchain/avr8 gcc/native/3.4.1061/avr8-gnu-toolchain/bin/../lib/gcc/avr/4.8.1/../../../../avr/lib/avr5\libm.a(addsf3x.o)
                              c:/program files (x86)/atmel/atmel toolchain/avr8 gcc/native/3.4.1061/avr8-gnu-toolchain/bin/../lib/gcc/avr/4.8.1/../../../../avr/lib/avr5\libm.a(addsf3.o) (__addsf3x)
c:/program files (x86)/atmel/atmel toolchain/avr8 gcc/native/3.4.1061/avr8-gnu-toolchain/bin/../lib/gcc/avr/4.8.1/../../../../avr/lib/avr5\libm.a(atan2.o)
                              Kompass.o (atan2)
c:/program files (x86)/atmel/atmel toolchain/avr8 gcc/native/3.4.1061/avr8-gnu-toolchain/bin/../lib/gcc/avr/4.8.1/../../../../avr/lib/avr5\libm.a(atan.o)
                              c:/program files (x86)/atmel/atmel toolchain/avr8 gcc/native/3.4.1061/avr8-gnu-toolchain/bin/../lib/gcc/avr/4.8.1/../../../../avr/lib/avr5\libm.a(atan2.o) (atan)
c:/program files (x86)/atmel/atmel toolchain/avr8 gcc/native/3.4.1061/avr8-gnu-toolchain/bin/../lib/gcc/avr/4.8.1/../../../../avr/lib/avr5\libm.a(cmpsf2.o)
                              Fahradcomputer.o (__nesf2)
c:/program files (x86)/atmel/atmel toolchain/avr8 gcc/native/3.4.1061/avr8-gnu-toolchain/bin/../lib/gcc/avr/4.8.1/../../../../avr/lib/avr5\libm.a(cos.o)
                              Display.o (cos)
c:/program files (x86)/atmel/atmel toolchain/avr8 gcc/native/3.4.1061/avr8-gnu-toolchain/bin/../lib/gcc/avr/4.8.1/../../../../avr/lib/avr5\libm.a(divsf3.o)
                              Display.o (__divsf3)
c:/program files (x86)/atmel/atmel toolchain/avr8 gcc/native/3.4.1061/avr8-gnu-toolchain/bin/../lib/gcc/avr/4.8.1/../../../../avr/lib/avr5\libm.a(divsf3x.o)
                              c:/program files (x86)/atmel/atmel toolchain/avr8 gcc/native/3.4.1061/avr8-gnu-toolchain/bin/../lib/gcc/avr/4.8.1/../../../../avr/lib/avr5\libm.a(divsf3.o) (__divsf3x)
c:/program files (x86)/atmel/atmel toolchain/avr8 gcc/native/3.4.1061/avr8-gnu-toolchain/bin/../lib/gcc/avr/4.8.1/../../../../avr/lib/avr5\libm.a(fixsfsi.o)
                              Fahradcomputer.o (__fixsfsi)
c:/program files (x86)/atmel/atmel toolchain/avr8 gcc/native/3.4.1061/avr8-gnu-toolchain/bin/../lib/gcc/avr/4.8.1/../../../../avr/lib/avr5\libm.a(fixunssfsi.o)
                              Display.o (__fixunssfsi)
c:/program files (x86)/atmel/atmel toolchain/avr8 gcc/native/3.4.1061/avr8-gnu-toolchain/bin/../lib/gcc/avr/4.8.1/../../../../avr/lib/avr5\libm.a(floatsisf.o)
                              Fahradcomputer.o (__floatunsisf)
c:/program files (x86)/atmel/atmel toolchain/avr8 gcc/native/3.4.1061/avr8-gnu-toolchain/bin/../lib/gcc/avr/4.8.1/../../../../avr/lib/avr5\libm.a(fp_cmp.o)
                              c:/program files (x86)/atmel/atmel toolchain/avr8 gcc/native/3.4.1061/avr8-gnu-toolchain/bin/../lib/gcc/avr/4.8.1/../../../../avr/lib/avr5\libm.a(cmpsf2.o) (__fp_cmp)
c:/program files (x86)/atmel/atmel toolchain/avr8 gcc/native/3.4.1061/avr8-gnu-toolchain/bin/../lib/gcc/avr/4.8.1/../../../../avr/lib/avr5\libm.a(fp_inf.o)
                              c:/program files (x86)/atmel/atmel toolchain/avr8 gcc/native/3.4.1061/avr8-gnu-toolchain/bin/../lib/gcc/avr/4.8.1/../../../../avr/lib/avr5\libm.a(addsf3x.o) (__fp_inf)
c:/program files (x86)/atmel/atmel toolchain/avr8 gcc/native/3.4.1061/avr8-gnu-toolchain/bin/../lib/gcc/avr/4.8.1/../../../../avr/lib/avr5\libm.a(fp_nan.o)
                              c:/program files (x86)/atmel/atmel toolchain/avr8 gcc/native/3.4.1061/avr8-gnu-toolchain/bin/../lib/gcc/avr/4.8.1/../../../../avr/lib/avr5\libm.a(addsf3x.o) (__fp_nan)
c:/program files (x86)/atmel/atmel toolchain/avr8 gcc/native/3.4.1061/avr8-gnu-toolchain/bin/../lib/gcc/avr/4.8.1/../../../../avr/lib/avr5\libm.a(fp_powser.o)
                              c:/program files (x86)/atmel/atmel toolchain/avr8 gcc/native/3.4.1061/avr8-gnu-toolchain/bin/../lib/gcc/avr/4.8.1/../../../../avr/lib/avr5\libm.a(atan.o) (__fp_powser)
c:/program files (x86)/atmel/atmel toolchain/avr8 gcc/native/3.4.1061/avr8-gnu-toolchain/bin/../lib/gcc/avr/4.8.1/../../../../avr/lib/avr5\libm.a(fp_pscA.o)
                              c:/program files (x86)/atmel/atmel toolchain/avr8 gcc/native/3.4.1061/avr8-gnu-toolchain/bin/../lib/gcc/avr/4.8.1/../../../../avr/lib/avr5\libm.a(addsf3x.o) (__fp_pscA)
c:/program files (x86)/atmel/atmel toolchain/avr8 gcc/native/3.4.1061/avr8-gnu-toolchain/bin/../lib/gcc/avr/4.8.1/../../../../avr/lib/avr5\libm.a(fp_pscB.o)
                              c:/program files (x86)/atmel/atmel toolchain/avr8 gcc/native/3.4.1061/avr8-gnu-toolchain/bin/../lib/gcc/avr/4.8.1/../../../../avr/lib/avr5\libm.a(addsf3x.o) (__fp_pscB)
[...]
Memory Configuration

Name             Origin             Length             Attributes
text             0x00000000         0x00020000         xr
data             0x00800060         0x0000ffa0         rw !x
eeprom           0x00810000         0x00010000         rw !x
fuse             0x00820000         0x00000400         rw !x
lock             0x00830000         0x00000400         rw !x
signature        0x00840000         0x00000400         rw !x
user_signatures  0x00850000         0x00000400         rw !x
*default*        0x00000000         0xffffffff

Linker script and memory map

Address of section .data set to 0x800100
LOAD c:/program files (x86)/atmel/atmel toolchain/avr8 gcc/native/3.4.1061/avr8-gnu-toolchain/bin/../lib/gcc/avr/4.8.1/../../../../avr/lib/avr5/crtm328p.o
LOAD Display.o
LOAD Fahradcomputer.o
LOAD I2C.o
LOAD Interface.o
LOAD Kompass.o
LOAD LSM303D.o
LOAD Output.o
LOAD Pressure.o
LOAD RTC.o
START GROUP
LOAD c:/program files (x86)/atmel/atmel toolchain/avr8 gcc/native/3.4.1061/avr8-gnu-toolchain/bin/../lib/gcc/avr/4.8.1/../../../../avr/lib/avr5\libm.a
LOAD c:/program files (x86)/atmel/atmel toolchain/avr8 gcc/native/3.4.1061/avr8-gnu-toolchain/bin/../lib/gcc/avr/4.8.1/../../../../avr/lib/avr5\libprintf_flt.a
END GROUP
LOAD c:/program files (x86)/atmel/atmel toolchain/avr8 gcc/native/3.4.1061/avr8-gnu-toolchain/bin/../lib/gcc/avr/4.8.1/avr5\libgcc.a
LOAD c:/program files (x86)/atmel/atmel toolchain/avr8 gcc/native/3.4.1061/avr8-gnu-toolchain/bin/../lib/gcc/avr/4.8.1/../../../../avr/lib/avr5\libm.a
START GROUP
LOAD c:/program files (x86)/atmel/atmel toolchain/avr8 gcc/native/3.4.1061/avr8-gnu-toolchain/bin/../lib/gcc/avr/4.8.1/avr5\libgcc.a
LOAD c:/program files (x86)/atmel/atmel toolchain/avr8 gcc/native/3.4.1061/avr8-gnu-toolchain/bin/../lib/gcc/avr/4.8.1/../../../../avr/lib/avr5\libm.a
LOAD c:/program files (x86)/atmel/atmel toolchain/avr8 gcc/native/3.4.1061/avr8-gnu-toolchain/bin/../lib/gcc/avr/4.8.1/../../../../avr/lib/avr5\libc.a
END GROUP

.hash
 *(.hash)

.dynsym
 *(.dynsym)

.dynstr
 *(.dynstr)

.gnu.version
 *(.gnu.version)

.gnu.version_d
 *(.gnu.version_d)

.gnu.version_r
 *(.gnu.version_r)

.rel.init
 *(.rel.init)

.rela.init
 *(.rela.init)

.rel.text
 *(.rel.text)
 *(.rel.text.*)
 *(.rel.gnu.linkonce.t*)

.rela.text
 *(.rela.text)
 *(.rela.text.*)
 *(.rela.gnu.linkonce.t*)

.rel.fini
 *(.rel.fini)

.rela.fini
 *(.rela.fini)

.rel.rodata
 *(.rel.rodata)
 *(.rel.rodata.*)
 *(.rel.gnu.linkonce.r*)

.rela.rodata
 *(.rela.rodata)
 *(.rela.rodata.*)
 *(.rela.gnu.linkonce.r*)

.rel.data
 *(.rel.data)
 *(.rel.data.*)
 *(.rel.gnu.linkonce.d*)

.rela.data
 *(.rela.data)
 *(.rela.data.*)
 *(.rela.gnu.linkonce.d*)

.rel.ctors
 *(.rel.ctors)

.rela.ctors
 *(.rela.ctors)

.rel.dtors
 *(.rel.dtors)

.rela.dtors
 *(.rela.dtors)

.rel.got
 *(.rel.got)

.rela.got
 *(.rela.got)

.rel.bss
 *(.rel.bss)

.rela.bss
 *(.rela.bss)

.rel.plt
 *(.rel.plt)

.rela.plt
 *(.rela.plt)

.text           0x00000000     0x5aba
 *(.vectors)
 .vectors       0x00000000       0x68 c:/program files (x86)/atmel/atmel toolchain/avr8 gcc/native/3.4.1061/avr8-gnu-toolchain/bin/../lib/gcc/avr/4.8.1/../../../../avr/lib/avr5/crtm328p.o
                0x00000000                __vector_default
                0x00000000                __vectors
 *(.vectors)
 *(.progmem.gcc*)
 .progmem.gcc_sw_table._Z13uhreinstellenv
                0x00000068       0x14 Fahradcomputer.o
 .progmem.gcc_sw_table._Z14eingabehandlerh
                0x0000007c       0x1e Fahradcomputer.o
 .progmem.gcc_fplib
                0x0000009a       0x2d c:/program files (x86)/atmel/atmel toolchain/avr8 gcc/native/3.4.1061/avr8-gnu-toolchain/bin/../lib/gcc/avr/4.8.1/../../../../avr/lib/avr5\libm.a(atan.o)
 .progmem.gcc_fplib
                0x000000c7       0x1e c:/program files (x86)/atmel/atmel toolchain/avr8 gcc/native/3.4.1061/avr8-gnu-toolchain/bin/../lib/gcc/avr/4.8.1/../../../../avr/lib/avr5\libm.a(fp_sinus.o)
 .progmem.gcc_fplib
                0x000000e5       0x5a c:/program files (x86)/atmel/atmel toolchain/avr8 gcc/native/3.4.1061/avr8-gnu-toolchain/bin/../lib/gcc/avr/4.8.1/../../../../avr/lib/avr5\libm.a(log.o)
 .progmem.gcc_fplib
                0x0000013f       0x23 c:/program files (x86)/atmel/atmel toolchain/avr8 gcc/native/3.4.1061/avr8-gnu-toolchain/bin/../lib/gcc/avr/4.8.1/../../../../avr/lib/avr5\libm.a(tan.o)
                0x00000162                . = ALIGN (0x2)
                0x00000162                __trampolines_start = .
 *(.trampolines)
 .trampolines   0x00000162        0x0 linker stubs
 *(.trampolines*)
                0x00000162                __trampolines_end = .
 *(.progmem*)
 .progmem.data._ZL11digits16x16
                0x00000162      0x140 Display.o
 .progmem.data._ZL7font5x8
                0x000002a2      0x1d6 Display.o
 .progmem.data  0x00000478        0x8 c:/program files (x86)/atmel/atmel toolchain/avr8 gcc/native/3.4.1061/avr8-gnu-toolchain/bin/../lib/gcc/avr/4.8.1/../../../../avr/lib/avr5\libprintf_flt.a(vfprintf_flt.o)
 .progmem.data  0x00000480       0xfa c:/program files (x86)/atmel/atmel toolchain/avr8 gcc/native/3.4.1061/avr8-gnu-toolchain/bin/../lib/gcc/avr/4.8.1/../../../../avr/lib/avr5\libc.a(ftoa_engine.o)
                0x0000057a                . = ALIGN (0x2)
 *(.jumptables)
 *(.jumptables*)
 *(.lowtext)
 *(.lowtext*)
                0x0000057a                __ctors_start = .
 *(.ctors)
 .ctors         0x0000057a        0x2 Fahradcomputer.o
                0x0000057c                __ctors_end = .
                0x0000057c                __dtors_start = .
 *(.dtors)
 .dtors         0x0000057c        0x2 Fahradcomputer.o
                0x0000057e                __dtors_end = .
 SORT(*)(.ctors)
 SORT(*)(.dtors)
 *(.init0)
 .init0         0x0000057e        0x0 c:/program files (x86)/atmel/atmel toolchain/avr8 gcc/native/3.4.1061/avr8-gnu-toolchain/bin/../lib/gcc/avr/4.8.1/../../../../avr/lib/avr5/crtm328p.o
                0x0000057e                __init
 *(.init0)
 *(.init1)
 *(.init1)
 *(.init2)
 .init2         0x0000057e        0xc c:/program files (x86)/atmel/atmel toolchain/avr8 gcc/native/3.4.1061/avr8-gnu-toolchain/bin/../lib/gcc/avr/4.8.1/../../../../avr/lib/avr5/crtm328p.o
 *(.init2)
 *(.init3)
 *(.init3)
 *(.init4)
 .init4         0x0000058a       0x16 c:/program files (x86)/atmel/atmel toolchain/avr8 gcc/native/3.4.1061/avr8-gnu-toolchain/bin/../lib/gcc/avr/4.8.1/avr5\libgcc.a(_copy_data.o)
                0x0000058a                __do_copy_data
 .init4         0x000005a0       0x10 c:/program files (x86)/atmel/atmel toolchain/avr8 gcc/native/3.4.1061/avr8-gnu-toolchain/bin/../lib/gcc/avr/4.8.1/avr5\libgcc.a(_clear_bss.o)
                0x000005a0                __do_clear_bss
 *(.init4)
 *(.init5)
 *(.init5)
 *(.init6)
 .init6         0x000005b0       0x16 c:/program files (x86)/atmel/atmel toolchain/avr8 gcc/native/3.4.1061/avr8-gnu-toolchain/bin/../lib/gcc/avr/4.8.1/avr5\libgcc.a(_ctors.o)
                0x000005b0                __do_global_ctors
 *(.init6)
 *(.init7)
 *(.init7)
 *(.init8)
 *(.init8)
 *(.init9)
 .init9         0x000005c6        0x8 c:/program files (x86)/atmel/atmel toolchain/avr8 gcc/native/3.4.1061/avr8-gnu-toolchain/bin/../lib/gcc/avr/4.8.1/../../../../avr/lib/avr5/crtm328p.o
 *(.init9)
 *(.text)
 .text          0x000005ce        0x4 c:/program files (x86)/atmel/atmel toolchain/avr8 gcc/native/3.4.1061/avr8-gnu-toolchain/bin/../lib/gcc/avr/4.8.1/../../../../avr/lib/avr5/crtm328p.o
                0x000005ce                __vector_22
                0x000005ce                __vector_1
                0x000005ce                __vector_24
                0x000005ce                __vector_12
                0x000005ce                __bad_interrupt
                0x000005ce                __vector_6
                0x000005ce                __vector_3
                0x000005ce                __vector_23
                0x000005ce                __vector_25
                0x000005ce                __vector_11
                0x000005ce                __vector_13
                0x000005ce                __vector_17
                0x000005ce                __vector_19
                0x000005ce                __vector_7
                0x000005ce                __vector_5
                0x000005ce                __vector_4
                0x000005ce                __vector_2
                0x000005ce                __vector_21
                0x000005ce                __vector_15
                0x000005ce                __vector_8
                0x000005ce                __vector_14
                0x000005ce                __vector_10
                0x000005ce                __vector_16
                0x000005ce                __vector_18
                0x000005ce                __vector_20
                0x000005d2                . = ALIGN (0x2)
 *(.text.*)
 .text._ZN7DisplayD2Ev
                0x000005d2        0x8 Display.o
                0x000005d2                _ZN7DisplayD2Ev
                0x000005d2                _ZN7DisplayD1Ev
 .text._ZN7Display10clearFrameEv
                0x000005da       0x16 Display.o
                0x000005da                _ZN7Display10clearFrameEv
 .text._ZN7Display15ssd1306_commandEh
                0x000005f0       0x38 Display.o
                0x000005f0                _ZN7Display15ssd1306_commandEh
 .text._ZN7Display17InitializeDisplayEv
                0x00000628       0xd2 Display.o
                0x00000628                _ZN7Display17InitializeDisplayEv
 .text._ZN7DisplayC2Ev
                0x000006fa       0x18 Display.o
                0x000006fa                _ZN7DisplayC2Ev
                0x000006fa                _ZN7DisplayC1Ev
 .text._ZN7Display6invertEh
                0x00000712       0x14 Display.o
                0x00000712                _ZN7Display6invertEh
 .text._ZN7Display9sendFrameEv
                0x00000726       0x86 Display.o
                0x00000726                _ZN7Display9sendFrameEv
 .text._ZN7Display9drawPixelEhhh
                0x000007ac       0x74 Display.o
                0x000007ac                _ZN7Display9drawPixelEhhh
 .text._ZN7Display9draw_lineEhhhf
                0x00000820      0x146 Display.o
                0x00000820                _ZN7Display9draw_lineEhhhf
 .text._ZN7Display13draw_triangleEhhhff
                0x00000966      0x24a Display.o
                0x00000966                _ZN7Display13draw_triangleEhhhff
 .text._ZN7Display9draw_ASCIEhhh
                0x00000bb0       0x9c Display.o
                0x00000bb0                _ZN7Display9draw_ASCIEhhh
 .text._ZN7Display16draw_number16x16Ehhh
                0x00000c4c       0xec Display.o
                0x00000c4c                _ZN7Display16draw_number16x16Ehhh
 .text._ZN7Display6analogEhhhh
                0x00000d38      0x516 Display.o
                0x00000d38                _ZN7Display6analogEhhhh
 .text._Z8ADC_Readh
                0x0000124e       0x28 Fahradcomputer.o
                0x0000124e                _Z8ADC_Readh
 .text._Z14Batteriestatusv
                0x00001276       0x70 Fahradcomputer.o
                0x00001276                _Z14Batteriestatusv
 .text._Z14willkommenpagev
                0x000012e6      0x14a Fahradcomputer.o
                0x000012e6                _Z14willkommenpagev
 .text._Z6headerh
                0x00001430       0xd4 Fahradcomputer.o
                0x00001430                _Z6headerh
 .text._Z6bottomh
                0x00001504       0x2c Fahradcomputer.o
                0x00001504                _Z6bottomh
 .text._Z16anzeige_richtungf
                0x00001530      0x17c Fahradcomputer.o
                0x00001530                _Z16anzeige_richtungf
 .text._Z13anzeige_nadelhhf
                0x000016ac       0x3c Fahradcomputer.o
                0x000016ac                _Z13anzeige_nadelhhf
 .text._Z19anzeige_kleinenadelhhf
                0x000016e8       0x3c Fahradcomputer.o
                0x000016e8                _Z19anzeige_kleinenadelhhf
 .text._Z11menue_hauptv
                0x00001724      0x19c Fahradcomputer.o
                0x00001724                _Z11menue_hauptv
 .text._Z11menue_einstv
                0x000018c0       0xdc Fahradcomputer.o
                0x000018c0                _Z11menue_einstv
 .text._Z9menue_uhrv
                0x0000199c      0x13c Fahradcomputer.o
                0x0000199c                _Z9menue_uhrv
 .text._Z11uhranzeigenv
                0x00001ad8      0x1a8 Fahradcomputer.o
                0x00001ad8                _Z11uhranzeigenv
 .text._Z14uhranzeigenminv
                0x00001c80       0xac Fahradcomputer.o
                0x00001c80                _Z14uhranzeigenminv
 .text._Z12fahradschirmddddm
                0x00001d2c      0x2c6 Fahradcomputer.o
                0x00001d2c                _Z12fahradschirmddddm
 .text._Z14Gaineinstellenv
                0x00001ff2      0x1cc Fahradcomputer.o
                0x00001ff2                _Z14Gaineinstellenv
 .text._Z15anzeige_kompassd
                0x000021be      0x228 Fahradcomputer.o
                0x000021be                _Z15anzeige_kompassd
 .text._Z10timerseitev
                0x000023e6      0x12a Fahradcomputer.o
                0x000023e6                _Z10timerseitev
 .text._Z13Stoppuhrseitev
                0x00002510      0x114 Fahradcomputer.o
                0x00002510                _Z13Stoppuhrseitev
 .text._Z14Pressuresensorv
                0x00002624      0x1e6 Fahradcomputer.o
                0x00002624                _Z14Pressuresensorv
 .text._Z13uhreinstellenv
                0x0000280a      0x7a4 Fahradcomputer.o
                0x0000280a                _Z13uhreinstellenv
 .text.__vector_9
                0x00002fae       0x38 Fahradcomputer.o
                0x00002fae                __vector_9
 .text._Z15geschwindigkeitf
                0x00002fe6       0x90 Fahradcomputer.o
                0x00002fe6                _Z15geschwindigkeitf
 .text._Z13reed_debouncePVhh
                0x00003076       0x48 Fahradcomputer.o
                0x00003076                _Z13reed_debouncePVhh
 .text._Z15initialisierungv
                0x000030be       0xd0 Fahradcomputer.o
                0x000030be                _Z15initialisierungv
 .text._Z19maininterupthandlerv
                0x0000318e       0x24 Fahradcomputer.o
                0x0000318e                _Z19maininterupthandlerv
 .text._Z14anzeigehandlerv
                0x000031b2      0x370 Fahradcomputer.o
                0x000031b2                _Z14anzeigehandlerv
 .text._Z14eingabehandlerh
                0x00003522      0x640 Fahradcomputer.o
                0x00003522                _Z14eingabehandlerh
 .text.main     0x00003b62       0x1a Fahradcomputer.o
                0x00003b62                main
 .text._GLOBAL__sub_I_kompass
                0x00003b7c       0x52 Fahradcomputer.o
 .text._GLOBAL__sub_D_kompass
                0x00003bce       0x4a Fahradcomputer.o
 .text._ZN3I2CC2Ev
                0x00003c18        0x8 I2C.o
                0x00003c18                _ZN3I2CC2Ev
                0x00003c18                _ZN3I2CC1Ev
 .text._ZN3I2CD2Ev
                0x00003c20        0x2 I2C.o
                0x00003c20                _ZN3I2CD1Ev
                0x00003c20                _ZN3I2CD2Ev
 .text._ZN3I2C9twi_startEv
                0x00003c22        0x8 I2C.o
                0x00003c22                _ZN3I2C9twi_startEv
 .text._ZN3I2C8twi_stopEv
                0x00003c2a        0x8 I2C.o
                0x00003c2a                _ZN3I2C8twi_stopEv
 .text._ZN3I2C9twi_writeEh
                0x00003c32       0x20 I2C.o
                0x00003c32                _ZN3I2C9twi_writeEh
 .text._ZN3I2C8twi_readEh
                0x00003c52       0x22 I2C.o
                0x00003c52                _ZN3I2C8twi_readEh
 .text._ZN9InterfaceC2Ev
                0x00003c74        0x2 Interface.o
                0x00003c74                _ZN9InterfaceC1Ev
                0x00003c74                _ZN9InterfaceC2Ev
 .text._ZN9InterfaceD2Ev
                0x00003c76        0x2 Interface.o
                0x00003c76                _ZN9InterfaceD1Ev
                0x00003c76                _ZN9InterfaceD2Ev
 .text._ZN9Interface8debounceEPVhh
                0x00003c78       0x4c Interface.o
                0x00003c78                _ZN9Interface8debounceEPVhh
 .text._ZN9Interface6TasterEv
                0x00003cc4      0x134 Interface.o
                0x00003cc4                _ZN9Interface6TasterEv
 .text._ZN9Interface17ZahlenausTastaturEv
                0x00003df8       0x18 Interface.o
                0x00003df8                _ZN9Interface17ZahlenausTastaturEv
 .text._ZN7KompassD2Ev
                0x00003e10        0x8 Kompass.o
                0x00003e10                _ZN7KompassD1Ev
                0x00003e10                _ZN7KompassD2Ev
 .text._ZN7Kompass16HMC5883L_commandEhh
                0x00003e18       0x3e Kompass.o
                0x00003e18                _ZN7Kompass16HMC5883L_commandEhh
 .text._ZN7KompassC2Ev
                0x00003e56       0x48 Kompass.o
                0x00003e56                _ZN7KompassC1Ev
                0x00003e56                _ZN7KompassC2Ev
 .text._ZN7Kompass20HMC5883L_readHeadingEv
                0x00003e9e      0x180 Kompass.o
                0x00003e9e                _ZN7Kompass20HMC5883L_readHeadingEv
 .text._ZN7Kompass5angleEv
                0x0000401e       0xf0 Kompass.o
                0x0000401e                _ZN7Kompass5angleEv
 .text._ZN7Kompass25kallibrierung_ruecksetzenEv
                0x0000410e       0x28 Kompass.o
                0x0000410e                _ZN7Kompass25kallibrierung_ruecksetzenEv
 .text._ZN6OutputC2Ehh
                0x00004136       0x60 Output.o
                0x00004136                _ZN6OutputC2Ehh
                0x00004136                _ZN6OutputC1Ehh
 .text._ZN6OutputD2Ev
                0x00004196        0x2 Output.o
                0x00004196                _ZN6OutputD1Ev
                0x00004196                _ZN6OutputD2Ev
 .text._ZN6Output2onEv
                0x00004198       0x68 Output.o
                0x00004198                _ZN6Output2onEv
 .text._ZN6Output4isonEv
                0x00004200       0x60 Output.o
                0x00004200                _ZN6Output4isonEv
 .text._ZN6Output3offEv
                0x00004260       0x6e Output.o
                0x00004260                _ZN6Output3offEv
 .text._ZN6Output6toggleEv
                0x000042ce       0x74 Output.o
                0x000042ce                _ZN6Output6toggleEv
 .text._ZN8PressureD2Ev
                0x00004342        0x8 Pressure.o
                0x00004342                _ZN8PressureD1Ev
                0x00004342                _ZN8PressureD2Ev
 .text._ZN8Pressure14LPS25H_commandEhh
                0x0000434a       0x3e Pressure.o
                0x0000434a                _ZN8Pressure14LPS25H_commandEhh
 .text._ZN8Pressure17LPS25H_initializeEv
                0x00004388       0x32 Pressure.o
                0x00004388                _ZN8Pressure17LPS25H_initializeEv
 .text._ZN8PressureC2Ev
                0x000043ba       0x3c Pressure.o
                0x000043ba                _ZN8PressureC1Ev
                0x000043ba                _ZN8PressureC2Ev
 .text._ZN8Pressure18READ_Pressure_onceEv
                0x000043f6      0x110 Pressure.o
                0x000043f6                _ZN8Pressure18READ_Pressure_onceEv
 .text._ZN8Pressure16READ_TemperatureEv
                0x00004506       0xfa Pressure.o
                0x00004506                _ZN8Pressure16READ_TemperatureEv
 .text._ZN8Pressure8altitudeEd
                0x00004600       0x64 Pressure.o
                0x00004600                _ZN8Pressure8altitudeEd
 .text._ZN8Pressure13set_Pressure0Ed
                0x00004664        0xc Pressure.o
                0x00004664                _ZN8Pressure13set_Pressure0Ed
 .text._ZN3RTCD2Ev
                0x00004670        0x2 RTC.o
                0x00004670                _ZN3RTCD2Ev
                0x00004670                _ZN3RTCD1Ev
 .text._ZN3RTC14ausgabezeitneuEv
                0x00004672       0x72 RTC.o
                0x00004672                _ZN3RTC14ausgabezeitneuEv
 .text._ZN3RTC15ausgabedatumneuEv
                0x000046e4       0x72 RTC.o
                0x000046e4                _ZN3RTC15ausgabedatumneuEv
 .text._ZN3RTCC2Ev
                0x00004756       0x3e RTC.o
                0x00004756                _ZN3RTCC2Ev
                0x00004756                _ZN3RTCC1Ev
 .text._ZN3RTC8kalenderEv
                0x00004794       0x8a RTC.o
                0x00004794                _ZN3RTC8kalenderEv
 .text._ZN3RTC4zeitEv
                0x0000481e       0x4a RTC.o
                0x0000481e                _ZN3RTC4zeitEv
 .text._ZN3RTC10dummyeinstEv
                0x00004868       0x2c RTC.o
                0x00004868                _ZN3RTC10dummyeinstEv
 .text._ZN3RTC8RTCstartEv
                0x00004894       0x32 RTC.o
                0x00004894                _ZN3RTC8RTCstartEv
 .text._ZN3RTC7RTCstopEv
                0x000048c6        0xc RTC.o
                0x000048c6                _ZN3RTC7RTCstopEv
 .text._ZN3RTC5timerEv
                0x000048d2       0x3a RTC.o
                0x000048d2                _ZN3RTC5timerEv
 .text.avr-libc.fplib
                0x0000490c        0xa c:/program files (x86)/atmel/atmel toolchain/avr8 gcc/native/3.4.1061/avr8-gnu-toolchain/bin/../lib/gcc/avr/4.8.1/../../../../avr/lib/avr5\libm.a(addsf3.o)
                0x0000490c                __subsf3
                0x0000490e                __addsf3
 .text.avr-libc.fplib
                0x00004916       0xc0 c:/program files (x86)/atmel/atmel toolchain/avr8 gcc/native/3.4.1061/avr8-gnu-toolchain/bin/../lib/gcc/avr/4.8.1/../../../../avr/lib/avr5\libm.a(addsf3x.o)
                0x00004930                __addsf3x
 .text.avr-libc.fplib
                0x000049d6       0x74 c:/program files (x86)/atmel/atmel toolchain/avr8 gcc/native/3.4.1061/avr8-gnu-toolchain/bin/../lib/gcc/avr/4.8.1/../../../../avr/lib/avr5\libm.a(atan2.o)
                0x000049f4                atan2
 .text.avr-libc.fplib
                0x00004a4a       0x50 c:/program files (x86)/atmel/atmel toolchain/avr8 gcc/native/3.4.1061/avr8-gnu-toolchain/bin/../lib/gcc/avr/4.8.1/../../../../avr/lib/avr5\libm.a(atan.o)
                0x00004a4a                atan
 .text.avr-libc.fplib
                0x00004a9a        0x8 c:/program files (x86)/atmel/atmel toolchain/avr8 gcc/native/3.4.1061/avr8-gnu-toolchain/bin/../lib/gcc/avr/4.8.1/../../../../avr/lib/avr5\libm.a(cmpsf2.o)
                0x00004a9a                __nesf2
                0x00004a9a                __eqsf2
                0x00004a9a                __cmpsf2
                0x00004a9a                __ltsf2
                0x00004a9a                __lesf2
 .text.avr-libc.fplib
                0x00004aa2        0x6 c:/program files (x86)/atmel/atmel toolchain/avr8 gcc/native/3.4.1061/avr8-gnu-toolchain/bin/../lib/gcc/avr/4.8.1/../../../../avr/lib/avr5\libm.a(cos.o)
                0x00004aa2                cos
 .text.avr-libc.fplib
                0x00004aa8        0x4 c:/program files (x86)/atmel/atmel toolchain/avr8 gcc/native/3.4.1061/avr8-gnu-toolchain/bin/../lib/gcc/avr/4.8.1/../../../../avr/lib/avr5\libm.a(divsf3.o)
                0x00004aa8                __divsf3
 .text.avr-libc.fplib
                0x00004aac       0xcc c:/program files (x86)/atmel/atmel toolchain/avr8 gcc/native/3.4.1061/avr8-gnu-toolchain/bin/../lib/gcc/avr/4.8.1/../../../../avr/lib/avr5\libm.a(divsf3x.o)
                0x00004ac2                __divsf3x
                0x00004ac6                __divsf3_pse
 .text.avr-libc.fplib
                0x00004b78        0xa c:/program files (x86)/atmel/atmel toolchain/avr8 gcc/native/3.4.1061/avr8-gnu-toolchain/bin/../lib/gcc/avr/4.8.1/../../../../avr/lib/avr5\libm.a(fixsfsi.o)
                0x00004b78                __fixsfsi
 .text.avr-libc.fplib
                0x00004b82       0x58 c:/program files (x86)/atmel/atmel toolchain/avr8 gcc/native/3.4.1061/avr8-gnu-toolchain/bin/../lib/gcc/avr/4.8.1/../../../../avr/lib/avr5\libm.a(fixunssfsi.o)
                0x00004b82                __fixunssfsi
 .text.avr-libc.fplib
                0x00004bda       0x7a c:/program files (x86)/atmel/atmel toolchain/avr8 gcc/native/3.4.1061/avr8-gnu-toolchain/bin/../lib/gcc/avr/4.8.1/../../../../avr/lib/avr5\libm.a(floatsisf.o)
                0x00004bda                __floatunsisf
                0x00004bde                __floatsisf
 .text.avr-libc.fplib
                0x00004c54       0x48 c:/program files (x86)/atmel/atmel toolchain/avr8 gcc/native/3.4.1061/avr8-gnu-toolchain/bin/../lib/gcc/avr/4.8.1/../../../../avr/lib/avr5\libm.a(fp_cmp.o)
                0x00004c54                __fp_cmp
 .text.avr-libc.fplib
                0x00004c9c        0xc c:/program files (x86)/atmel/atmel toolchain/avr8 gcc/native/3.4.1061/avr8-gnu-toolchain/bin/../lib/gcc/avr/4.8.1/../../../../avr/lib/avr5\libm.a(fp_inf.o)
                0x00004c9c                __fp_inf
 .text.avr-libc.fplib
                0x00004ca8        0x6 c:/program files (x86)/atmel/atmel toolchain/avr8 gcc/native/3.4.1061/avr8-gnu-toolchain/bin/../lib/gcc/avr/4.8.1/../../../../avr/lib/avr5\libm.a(fp_nan.o)
                0x00004ca8                __fp_nan
 .text.avr-libc.fplib
                0x00004cae       0x4a c:/program files (x86)/atmel/atmel toolchain/avr8 gcc/native/3.4.1061/avr8-gnu-toolchain/bin/../lib/gcc/avr/4.8.1/../../../../avr/lib/avr5\libm.a(fp_powser.o)
                0x00004cae                __fp_powser
 .text.avr-libc.fplib
                0x00004cf8        0xe c:/program files (x86)/atmel/atmel toolchain/avr8 gcc/native/3.4.1061/avr8-gnu-toolchain/bin/../lib/gcc/avr/4.8.1/../../../../avr/lib/avr5\libm.a(fp_pscA.o)
                0x00004cf8                __fp_pscA
 .text.avr-libc.fplib
                0x00004d06        0xe c:/program files (x86)/atmel/atmel toolchain/avr8 gcc/native/3.4.1061/avr8-gnu-toolchain/bin/../lib/gcc/avr/4.8.1/../../../../avr/lib/avr5\libm.a(fp_pscB.o)
                0x00004d06                __fp_pscB
 .text.avr-libc.fplib
                0x00004d14       0x50 c:/program files (x86)/atmel/atmel toolchain/avr8 gcc/native/3.4.1061/avr8-gnu-toolchain/bin/../lib/gcc/avr/4.8.1/../../../../avr/lib/avr5\libm.a(fp_rempio2.o)
                0x00004d16                __fp_rempio2
 .text.avr-libc.fplib
                0x00004d64       0x22 c:/program files (x86)/atmel/atmel toolchain/avr8 gcc/native/3.4.1061/avr8-gnu-toolchain/bin/../lib/gcc/avr/4.8.1/../../../../avr/lib/avr5\libm.a(fp_round.o)
                0x00004d64                __fp_round
 .text.avr-libc.fplib
                0x00004d86       0x22 c:/program files (x86)/atmel/atmel toolchain/avr8 gcc/native/3.4.1061/avr8-gnu-toolchain/bin/../lib/gcc/avr/4.8.1/../../../../avr/lib/avr5\libm.a(fp_sinus.o)
                0x00004d86                __fp_sinus
 .text.avr-libc.fplib
                0x00004da8       0x44 c:/program files (x86)/atmel/atmel toolchain/avr8 gcc/native/3.4.1061/avr8-gnu-toolchain/bin/../lib/gcc/avr/4.8.1/../../../../avr/lib/avr5\libm.a(fp_split3.o)
                0x00004da8                __fp_split3
                0x00004db8                __fp_splitA
 .text.avr-libc.fplib
                0x00004dec        0xe c:/program files (x86)/atmel/atmel toolchain/avr8 gcc/native/3.4.1061/avr8-gnu-toolchain/bin/../lib/gcc/avr/4.8.1/../../../../avr/lib/avr5\libm.a(fp_zero.o)
                0x00004dec                __fp_zero
                0x00004dee                __fp_szero
 .text.avr-libc.fplib
                0x00004dfa        0x8 c:/program files (x86)/atmel/atmel toolchain/avr8 gcc/native/3.4.1061/avr8-gnu-toolchain/bin/../lib/gcc/avr/4.8.1/../../../../avr/lib/avr5\libm.a(gesf2.o)
                0x00004dfa                __gesf2
                0x00004dfa                __gtsf2
 .text.avr-libc.fplib
                0x00004e02        0xe c:/program files (x86)/atmel/atmel toolchain/avr8 gcc/native/3.4.1061/avr8-gnu-toolchain/bin/../lib/gcc/avr/4.8.1/../../../../avr/lib/avr5\libm.a(inverse.o)
                0x00004e02                inverse
 .text.avr-libc.fplib
                0x00004e10       0x8a c:/program files (x86)/atmel/atmel toolchain/avr8 gcc/native/3.4.1061/avr8-gnu-toolchain/bin/../lib/gcc/avr/4.8.1/../../../../avr/lib/avr5\libm.a(log.o)
                0x00004e1a                log
 .text.avr-libc.fplib
                0x00004e9a        0x4 c:/program files (x86)/atmel/atmel toolchain/avr8 gcc/native/3.4.1061/avr8-gnu-toolchain/bin/../lib/gcc/avr/4.8.1/../../../../avr/lib/avr5\libm.a(mulsf3.o)
                0x00004e9a                __mulsf3
 .text.avr-libc.fplib
                0x00004e9e       0xc2 c:/program files (x86)/atmel/atmel toolchain/avr8 gcc/native/3.4.1061/avr8-gnu-toolchain/bin/../lib/gcc/avr/4.8.1/../../../../avr/lib/avr5\libm.a(mulsf3x.o)
                0x00004eb2                __mulsf3x
                0x00004eb6                __mulsf3_pse
 .text.avr-libc.fplib
                0x00004f60        0xc c:/program files (x86)/atmel/atmel toolchain/avr8 gcc/native/3.4.1061/avr8-gnu-toolchain/bin/../lib/gcc/avr/4.8.1/../../../../avr/lib/avr5\libm.a(sin.o)
                0x00004f60                sin
 .text.avr-libc.fplib
                0x00004f6c        0x6 c:/program files (x86)/atmel/atmel toolchain/avr8 gcc/native/3.4.1061/avr8-gnu-toolchain/bin/../lib/gcc/avr/4.8.1/../../../../avr/lib/avr5\libm.a(square.o)
                0x00004f6c                square
 .text.avr-libc.fplib
                0x00004f72       0x40 c:/program files (x86)/atmel/atmel toolchain/avr8 gcc/native/3.4.1061/avr8-gnu-toolchain/bin/../lib/gcc/avr/4.8.1/../../../../avr/lib/avr5\libm.a(tan.o)
                0x00004f72                tan
 .text.avr-libc.fplib
                0x00004fb2       0x1c c:/program files (x86)/atmel/atmel toolchain/avr8 gcc/native/3.4.1061/avr8-gnu-toolchain/bin/../lib/gcc/avr/4.8.1/../../../../avr/lib/avr5\libm.a(fp_mpack.o)
                0x00004fb2                __fp_mpack
                0x00004fb6                __fp_mpack_finite
 .text.avr-libc.fplib
                0x00004fce       0x22 c:/program files (x86)/atmel/atmel toolchain/avr8 gcc/native/3.4.1061/avr8-gnu-toolchain/bin/../lib/gcc/avr/4.8.1/../../../../avr/lib/avr5\libm.a(fp_powsodd.o)
                0x00004fce                __fp_powsodd
 .text.avr-libc
                0x00004ff0      0x6f6 c:/program files (x86)/atmel/atmel toolchain/avr8 gcc/native/3.4.1061/avr8-gnu-toolchain/bin/../lib/gcc/avr/4.8.1/../../../../avr/lib/avr5\libprintf_flt.a(vfprintf_flt.o)
                0x00004ff0                vfprintf
 .text.libgcc   0x000056e6        0xc c:/program files (x86)/atmel/atmel toolchain/avr8 gcc/native/3.4.1061/avr8-gnu-toolchain/bin/../lib/gcc/avr/4.8.1/avr5\libgcc.a(_tablejump.o)
                0x000056e6                __tablejump2__
                0x000056ea                __tablejump__
 .text.libgcc.prologue
                0x000056f2       0x38 c:/program files (x86)/atmel/atmel toolchain/avr8 gcc/native/3.4.1061/avr8-gnu-toolchain/bin/../lib/gcc/avr/4.8.1/avr5\libgcc.a(_prologue.o)
                0x000056f2                __prologue_saves__
 .text.libgcc.prologue
                0x0000572a       0x36 c:/program files (x86)/atmel/atmel toolchain/avr8 gcc/native/3.4.1061/avr8-gnu-toolchain/bin/../lib/gcc/avr/4.8.1/avr5\libgcc.a(_epilogue.o)
                0x0000572a                __epilogue_restores__
 .text.avr-libc
                0x00005760      0x1b0 c:/program files (x86)/atmel/atmel toolchain/avr8 gcc/native/3.4.1061/avr8-gnu-toolchain/bin/../lib/gcc/avr/4.8.1/../../../../avr/lib/avr5\libc.a(ftoa_engine.o)
                0x00005760                __ftoa_engine
 .text.avr-libc
                0x00005910       0x16 c:/program files (x86)/atmel/atmel toolchain/avr8 gcc/native/3.4.1061/avr8-gnu-toolchain/bin/../lib/gcc/avr/4.8.1/../../../../avr/lib/avr5\libc.a(strnlen_P.o)
                0x00005910                strnlen_P
 .text.avr-libc
                0x00005926       0x16 c:/program files (x86)/atmel/atmel toolchain/avr8 gcc/native/3.4.1061/avr8-gnu-toolchain/bin/../lib/gcc/avr/4.8.1/../../../../avr/lib/avr5\libc.a(strnlen.o)
                0x00005926                strnlen
 .text.avr-libc
                0x0000593c       0x64 c:/program files (x86)/atmel/atmel toolchain/avr8 gcc/native/3.4.1061/avr8-gnu-toolchain/bin/../lib/gcc/avr/4.8.1/../../../../avr/lib/avr5\libc.a(fputc.o)
                0x0000593c                fputc
 .text.avr-libc
                0x000059a0       0x44 c:/program files (x86)/atmel/atmel toolchain/avr8 gcc/native/3.4.1061/avr8-gnu-toolchain/bin/../lib/gcc/avr/4.8.1/../../../../avr/lib/avr5\libc.a(sprintf.o)
                0x000059a0                sprintf
 .text.avr-libc
                0x000059e4       0xbc c:/program files (x86)/atmel/atmel toolchain/avr8 gcc/native/3.4.1061/avr8-gnu-toolchain/bin/../lib/gcc/avr/4.8.1/../../../../avr/lib/avr5\libc.a(ultoa_invert.o)
                0x000059e4                __ultoa_invert
                0x00005aa0                . = ALIGN (0x2)
 *(.fini9)
 .fini9         0x00005aa0        0x0 c:/program files (x86)/atmel/atmel toolchain/avr8 gcc/native/3.4.1061/avr8-gnu-toolchain/bin/../lib/gcc/avr/4.8.1/avr5\libgcc.a(_exit.o)
                0x00005aa0                _exit
                0x00005aa0                exit
 *(.fini9)
 *(.fini8)
 *(.fini8)
 *(.fini7)
 *(.fini7)
 *(.fini6)
 .fini6         0x00005aa0       0x16 c:/program files (x86)/atmel/atmel toolchain/avr8 gcc/native/3.4.1061/avr8-gnu-toolchain/bin/../lib/gcc/avr/4.8.1/avr5\libgcc.a(_dtors.o)
                0x00005aa0                __do_global_dtors
 *(.fini6)
 *(.fini5)
 *(.fini5)
 *(.fini4)
 *(.fini4)
 *(.fini3)
 *(.fini3)
 *(.fini2)
 *(.fini2)
 *(.fini1)
 *(.fini1)
 *(.fini0)
 .fini0         0x00005ab6        0x4 c:/program files (x86)/atmel/atmel toolchain/avr8 gcc/native/3.4.1061/avr8-gnu-toolchain/bin/../lib/gcc/avr/4.8.1/avr5\libgcc.a(_exit.o)
 *(.fini0)
                0x00005aba                _etext = .

.data           0x00800100      0x1fc load address 0x00005aba
                0x00800100                PROVIDE (__data_start, .)
 *(.data)
 *(.data*)
 *(.rodata)
 *(.rodata*)
 .rodata.str1.1
                0x00800100      0x1fb Fahradcomputer.o
                                0x200 (size before relaxing)
 *(.gnu.linkonce.d*)
                0x008002fc                . = ALIGN (0x2)
 *fill*         0x008002fb        0x1 
                0x008002fc                _edata = .
                0x008002fc                PROVIDE (__data_end, .)

.bss            0x008002fc      0x48c
                0x008002fc                PROVIDE (__bss_start, .)
 *(.bss)
 *(.bss*)
 .bss.Fahrtzeit
                0x008002fc        0x4 Fahradcomputer.o
                0x008002fc                Fahrtzeit
 .bss.maxgeschw
                0x00800300        0x4 Fahradcomputer.o
                0x00800300                maxgeschw
 .bss.strecke   0x00800304        0x4 Fahradcomputer.o
                0x00800304                strecke
 .bss.geschw    0x00800308        0x4 Fahradcomputer.o
                0x00800308                geschw
 .bss.pos       0x0080030c        0x1 Fahradcomputer.o
                0x0080030c                pos
 .bss.anzeige   0x0080030d        0x2 Fahradcomputer.o
                0x0080030d                anzeige
 .bss.batterie  0x0080030f        0x4 Fahradcomputer.o
                0x0080030f                batterie
 .bss.Baro      0x00800313        0xe Fahradcomputer.o
                0x00800313                Baro
 .bss.Vibrationsmotor
                0x00800321        0x2 Fahradcomputer.o
                0x00800321                Vibrationsmotor
 .bss.LED       0x00800323        0x2 Fahradcomputer.o
                0x00800323                LED
 .bss.Tastatur  0x00800325        0x1 Fahradcomputer.o
                0x00800325                Tastatur
 .bss.oled      0x00800326      0x401 Fahradcomputer.o
                0x00800326                oled
 .bss.stoppuhr  0x00800727       0x18 Fahradcomputer.o
                0x00800727                stoppuhr
 .bss.zaehler   0x0080073f       0x18 Fahradcomputer.o
                0x0080073f                zaehler
 .bss.rtc       0x00800757       0x18 Fahradcomputer.o
                0x00800757                rtc
 .bss.kompass   0x0080076f       0x19 Fahradcomputer.o
                0x0080076f                kompass
 *(COMMON)
                0x00800788                PROVIDE (__bss_end, .)
                0x00005aba                __data_load_start = LOADADDR (.data)
                0x00005cb6                __data_load_end = (__data_load_start + SIZEOF (.data))

.noinit         0x00800788        0x0
                0x00800788                PROVIDE (__noinit_start, .)
 *(.noinit*)
                0x00800788                PROVIDE (__noinit_end, .)
                0x00800788                _end = .
                0x00800788                PROVIDE (__heap_start, .)

.eeprom         0x00810000        0x0
 *(.eeprom*)
                0x00810000                __eeprom_end = .

.fuse
 *(.fuse)
 *(.lfuse)
 *(.hfuse)
 *(.efuse)

.lock
 *(.lock*)

.signature
 *(.signature*)

.user_signatures
 *(.user_signatures*)

.stab
 *(.stab)

.stabstr
 *(.stabstr)

.stab.excl
 *(.stab.excl)

.stab.exclstr
 *(.stab.exclstr)

.stab.index
 *(.stab.index)

.stab.indexstr
 *(.stab.indexstr)

.comment        0x00000000       0x5c
 *(.comment)
 .comment       0x00000000       0x30 Display.o
                                 0x31 (size before relaxing)
 .comment       0x00000000       0x31 Fahradcomputer.o
 .comment       0x00000000       0x31 I2C.o
 .comment       0x00000000       0x31 Interface.o
 .comment       0x00000000       0x31 Kompass.o
 .comment       0x00000000       0x31 Output.o
 .comment       0x00000000       0x31 Pressure.o
 .comment       0x00000000       0x31 RTC.o
 .comment       0x00000030       0x2c c:/program files (x86)/atmel/atmel toolchain/avr8 gcc/native/3.4.1061/avr8-gnu-toolchain/bin/../lib/gcc/avr/4.8.1/../../../../avr/lib/avr5\libprintf_flt.a(vfprintf_flt.o)
                                 0x2d (size before relaxing)
 .comment       0x00000000       0x31 c:/program files (x86)/atmel/atmel toolchain/avr8 gcc/native/3.4.1061/avr8-gnu-toolchain/bin/../lib/gcc/avr/4.8.1/../../../../avr/lib/avr5\libc.a(fputc.o)
 .comment       0x00000000       0x31 c:/program files (x86)/atmel/atmel toolchain/avr8 gcc/native/3.4.1061/avr8-gnu-toolchain/bin/../lib/gcc/avr/4.8.1/../../../../avr/lib/avr5\libc.a(sprintf.o)

.note.gnu.build-id
 *(.note.gnu.build-id)

.debug
 *(.debug)

.line
 *(.line)

.debug_srcinfo
 *(.debug_srcinfo)

.debug_sfnames
 *(.debug_sfnames)

.debug_aranges  0x00000000      0x3a8
 *(.debug_aranges)
 .debug_aranges
                0x00000000       0x98 Display.o
 .debug_aranges
                0x00000098      0x110 Fahradcomputer.o
 .debug_aranges
                0x000001a8       0x58 I2C.o
 .debug_aranges
                0x00000200       0x48 Interface.o
 .debug_aranges
                0x00000248       0x50 Kompass.o
 .debug_aranges
                0x00000298       0x48 Output.o
 .debug_aranges
                0x000002e0       0x58 Pressure.o
 .debug_aranges
                0x00000338       0x70 RTC.o

.debug_pubnames
 *(.debug_pubnames)

.debug_info     0x00000000     0x800e
 *(.debug_info .gnu.linkonce.wi.*)
 .debug_info    0x00000000     0x1992 Display.o
 .debug_info    0x00001992     0x3c6f Fahradcomputer.o
 .debug_info    0x00005601      0x372 I2C.o
 .debug_info    0x00005973      0xb6e Interface.o
 .debug_info    0x000064e1      0x89a Kompass.o
 .debug_info    0x00006d7b      0x398 Output.o
 .debug_info    0x00007113      0x942 Pressure.o
 .debug_info    0x00007a55      0x5b9 RTC.o

.debug_abbrev   0x00000000     0x15e1
 *(.debug_abbrev)
 .debug_abbrev  0x00000000      0x2fe Display.o
 .debug_abbrev  0x000002fe      0x4fc Fahradcomputer.o
 .debug_abbrev  0x000007fa      0x190 I2C.o
 .debug_abbrev  0x0000098a      0x277 Interface.o
 .debug_abbrev  0x00000c01      0x2c2 Kompass.o
 .debug_abbrev  0x00000ec3      0x1e0 Output.o
 .debug_abbrev  0x000010a3      0x300 Pressure.o
 .debug_abbrev  0x000013a3      0x23e RTC.o

.debug_line     0x00000000     0x1659
 *(.debug_line .debug_line.* .debug_line_end)
 .debug_line    0x00000000      0x368 Display.o
 .debug_line    0x00000368      0x8f4 Fahradcomputer.o
 .debug_line    0x00000c5c      0x13f I2C.o
 .debug_line    0x00000d9b      0x2a8 Interface.o
 .debug_line    0x00001043      0x18a Kompass.o
 .debug_line    0x000011cd      0x12a Output.o
 .debug_line    0x000012f7      0x17f Pressure.o
 .debug_line    0x00001476      0x1e3 RTC.o

.debug_frame    0x00000000      0xe30
 *(.debug_frame)
 .debug_frame   0x00000000      0x334 Display.o
 .debug_frame   0x00000334      0x620 Fahradcomputer.o
 .debug_frame   0x00000954       0x94 I2C.o
 .debug_frame   0x000009e8       0x90 Interface.o
 .debug_frame   0x00000a78      0x104 Kompass.o
 .debug_frame   0x00000b7c       0x74 Output.o
 .debug_frame   0x00000bf0      0x14c Pressure.o
 .debug_frame   0x00000d3c       0xf4 RTC.o

.debug_str      0x00000000     0x1119
 *(.debug_str)
 .debug_str     0x00000000      0x579 Display.o
                                0x5c3 (size before relaxing)
 .debug_str     0x00000579      0xa1e Fahradcomputer.o
                                0xf5f (size before relaxing)
 .debug_str     0x00000f97       0x2a I2C.o
                                0x264 (size before relaxing)
 .debug_str     0x00000fc1       0x44 Interface.o
                                0x2e3 (size before relaxing)
 .debug_str     0x00001005       0x47 Kompass.o
                                0x3d8 (size before relaxing)
 .debug_str     0x0000104c       0x51 Output.o
                                0x24b (size before relaxing)
 .debug_str     0x0000109d       0x57 Pressure.o
                                0x425 (size before relaxing)
 .debug_str     0x000010f4       0x25 RTC.o
                                0x31d (size before relaxing)

.debug_loc      0x00000000     0x5fa7
 *(.debug_loc)
 .debug_loc     0x00000000     0x1718 Display.o
 .debug_loc     0x00001718     0x2d82 Fahradcomputer.o
 .debug_loc     0x0000449a      0x128 I2C.o
 .debug_loc     0x000045c2      0x9fa Interface.o
 .debug_loc     0x00004fbc      0x4cc Kompass.o
 .debug_loc     0x00005488      0x375 Output.o
 .debug_loc     0x000057fd      0x4fd Pressure.o
 .debug_loc     0x00005cfa      0x2ad RTC.o

.debug_macinfo
 *(.debug_macinfo)

.debug_weaknames
 *(.debug_weaknames)

.debug_funcnames
 *(.debug_funcnames)

.debug_typenames
 *(.debug_typenames)

.debug_varnames
 *(.debug_varnames)

.debug_pubtypes
 *(.debug_pubtypes)

.debug_ranges   0x00000000      0x390
 *(.debug_ranges)
 .debug_ranges  0x00000000       0xd8 Display.o
 .debug_ranges  0x000000d8      0x118 Fahradcomputer.o
 .debug_ranges  0x000001f0       0x48 I2C.o
 .debug_ranges  0x00000238       0x38 Interface.o
 .debug_ranges  0x00000270       0x40 Kompass.o
 .debug_ranges  0x000002b0       0x38 Output.o
 .debug_ranges  0x000002e8       0x48 Pressure.o
 .debug_ranges  0x00000330       0x60 RTC.o

.debug_macro
 *(.debug_macro)
OUTPUT(Fahradcomputer.elf elf32-avr)
LOAD linker stubs
