Archive member included to satisfy reference by file (symbol)

c:/program files (x86)/atmel/studio/7.0/toolchain/avr8/avr8-gnu-toolchain/bin/../lib/gcc/avr/4.9.2/../../../../avr/lib/avr51\libm.a(addsf3.o)
                              Display.o (__subsf3)
c:/program files (x86)/atmel/studio/7.0/toolchain/avr8/avr8-gnu-toolchain/bin/../lib/gcc/avr/4.9.2/../../../../avr/lib/avr51\libm.a(addsf3x.o)
                              c:/program files (x86)/atmel/studio/7.0/toolchain/avr8/avr8-gnu-toolchain/bin/../lib/gcc/avr/4.9.2/../../../../avr/lib/avr51\libm.a(addsf3.o) (__addsf3x)
c:/program files (x86)/atmel/studio/7.0/toolchain/avr8/avr8-gnu-toolchain/bin/../lib/gcc/avr/4.9.2/../../../../avr/lib/avr51\libm.a(atan2.o)
                              Kompass.o (atan2)
c:/program files (x86)/atmel/studio/7.0/toolchain/avr8/avr8-gnu-toolchain/bin/../lib/gcc/avr/4.9.2/../../../../avr/lib/avr51\libm.a(atan.o)
                              c:/program files (x86)/atmel/studio/7.0/toolchain/avr8/avr8-gnu-toolchain/bin/../lib/gcc/avr/4.9.2/../../../../avr/lib/avr51\libm.a(atan2.o) (atan)
c:/program files (x86)/atmel/studio/7.0/toolchain/avr8/avr8-gnu-toolchain/bin/../lib/gcc/avr/4.9.2/../../../../avr/lib/avr51\libm.a(cmpsf2.o)
                              FWCP_MK2.o (__ltsf2)
c:/program files (x86)/atmel/studio/7.0/toolchain/avr8/avr8-gnu-toolchain/bin/../lib/gcc/avr/4.9.2/../../../../avr/lib/avr51\libm.a(cos.o)
                              Display.o (cos)
c:/program files (x86)/atmel/studio/7.0/toolchain/avr8/avr8-gnu-toolchain/bin/../lib/gcc/avr/4.9.2/../../../../avr/lib/avr51\libm.a(divsf3.o)
                              Display.o (__divsf3)
c:/program files (x86)/atmel/studio/7.0/toolchain/avr8/avr8-gnu-toolchain/bin/../lib/gcc/avr/4.9.2/../../../../avr/lib/avr51\libm.a(divsf3x.o)
                              c:/program files (x86)/atmel/studio/7.0/toolchain/avr8/avr8-gnu-toolchain/bin/../lib/gcc/avr/4.9.2/../../../../avr/lib/avr51\libm.a(divsf3.o) (__divsf3x)
c:/program files (x86)/atmel/studio/7.0/toolchain/avr8/avr8-gnu-toolchain/bin/../lib/gcc/avr/4.9.2/../../../../avr/lib/avr51\libm.a(fixsfsi.o)
                              FWCP_MK2.o (__fixsfsi)
c:/program files (x86)/atmel/studio/7.0/toolchain/avr8/avr8-gnu-toolchain/bin/../lib/gcc/avr/4.9.2/../../../../avr/lib/avr51\libm.a(fixunssfsi.o)
                              Display.o (__fixunssfsi)
c:/program files (x86)/atmel/studio/7.0/toolchain/avr8/avr8-gnu-toolchain/bin/../lib/gcc/avr/4.9.2/../../../../avr/lib/avr51\libm.a(floatsisf.o)
                              FWCP_MK2.o (__floatunsisf)
c:/program files (x86)/atmel/studio/7.0/toolchain/avr8/avr8-gnu-toolchain/bin/../lib/gcc/avr/4.9.2/../../../../avr/lib/avr51\libm.a(fp_cmp.o)
                              c:/program files (x86)/atmel/studio/7.0/toolchain/avr8/avr8-gnu-toolchain/bin/../lib/gcc/avr/4.9.2/../../../../avr/lib/avr51\libm.a(cmpsf2.o) (__fp_cmp)
c:/program files (x86)/atmel/studio/7.0/toolchain/avr8/avr8-gnu-toolchain/bin/../lib/gcc/avr/4.9.2/../../../../avr/lib/avr51\libm.a(fp_inf.o)
                              c:/program files (x86)/atmel/studio/7.0/toolchain/avr8/avr8-gnu-toolchain/bin/../lib/gcc/avr/4.9.2/../../../../avr/lib/avr51\libm.a(addsf3x.o) (__fp_inf)
c:/program files (x86)/atmel/studio/7.0/toolchain/avr8/avr8-gnu-toolchain/bin/../lib/gcc/avr/4.9.2/../../../../avr/lib/avr51\libm.a(fp_nan.o)
                              c:/program files (x86)/atmel/studio/7.0/toolchain/avr8/avr8-gnu-toolchain/bin/../lib/gcc/avr/4.9.2/../../../../avr/lib/avr51\libm.a(addsf3x.o) (__fp_nan)
c:/program files (x86)/atmel/studio/7.0/toolchain/avr8/avr8-gnu-toolchain/bin/../lib/gcc/avr/4.9.2/../../../../avr/lib/avr51\libm.a(fp_powser.o)
                              c:/program files (x86)/atmel/studio/7.0/toolchain/avr8/avr8-gnu-toolchain/bin/../lib/gcc/avr/4.9.2/../../../../avr/lib/avr51\libm.a(atan.o) (__fp_powser)
c:/program files (x86)/atmel/studio/7.0/toolchain/avr8/avr8-gnu-toolchain/bin/../lib/gcc/avr/4.9.2/../../../../avr/lib/avr51\libm.a(fp_pscA.o)
                              c:/program files (x86)/atmel/studio/7.0/toolchain/avr8/avr8-gnu-toolchain/bin/../lib/gcc/avr/4.9.2/../../../../avr/lib/avr51\libm.a(addsf3x.o) (__fp_pscA)
c:/program files (x86)/atmel/studio/7.0/toolchain/avr8/avr8-gnu-toolchain/bin/../lib/gcc/avr/4.9.2/../../../../avr/lib/avr51\libm.a(fp_pscB.o)
                              c:/program files (x86)/atmel/studio/7.0/toolchain/avr8/avr8-gnu-toolchain/bin/../lib/gcc/avr/4.9.2/../../../../avr/lib/avr51\libm.a(addsf3x.o) (__fp_pscB)
c:/program files (x86)/atmel/studio/7.0/toolchain/avr8/avr8-gnu-toolchain/bin/../lib/gcc/avr/4.9.2/../../../../avr/lib/avr51\libm.a(fp_rempio2.o)
                              c:/program files (x86)/atmel/studio/7.0/toolchain/avr8/avr8-gnu-toolchain/bin/../lib/gcc/avr/4.9.2/../../../../avr/lib/avr51\libm.a(cos.o) (__fp_rempio2)
[...]
Memory Configuration

Name             Origin             Length             Attributes
text             0x00000000         0x00020000         xr
data             0x00800100         0x0000ff00         rw !x
eeprom           0x00810000         0x00010000         rw !x
fuse             0x00820000         0x00000400         rw !x
lock             0x00830000         0x00000400         rw !x
signature        0x00840000         0x00000400         rw !x
user_signatures  0x00850000         0x00000400         rw !x
*default*        0x00000000         0xffffffff

Linker script and memory map

Address of section .data set to 0x800100
LOAD C:/Program Files (x86)/Atmel/Studio/7.0/Packs/atmel/ATmega_DFP/1.0.90/gcc/dev/atmega1284p/avr51/crtatmega1284p.o
LOAD Display.o
LOAD FWCP_MK2.o
LOAD GOL.o
LOAD I2C.o
LOAD Interface.o
LOAD Kompass.o
LOAD LSM303D.o
LOAD Output.o
LOAD Pressure.o
LOAD RTC.o
LOAD SOUND.o
START GROUP
LOAD c:/program files (x86)/atmel/studio/7.0/toolchain/avr8/avr8-gnu-toolchain/bin/../lib/gcc/avr/4.9.2/../../../../avr/lib/avr51\libm.a
LOAD c:/program files (x86)/atmel/studio/7.0/toolchain/avr8/avr8-gnu-toolchain/bin/../lib/gcc/avr/4.9.2/../../../../avr/lib/avr51\libprintf_flt.a
END GROUP
LOAD c:/program files (x86)/atmel/studio/7.0/toolchain/avr8/avr8-gnu-toolchain/bin/../lib/gcc/avr/4.9.2/avr51\libgcc.a
LOAD c:/program files (x86)/atmel/studio/7.0/toolchain/avr8/avr8-gnu-toolchain/bin/../lib/gcc/avr/4.9.2/../../../../avr/lib/avr51\libm.a
START GROUP
LOAD c:/program files (x86)/atmel/studio/7.0/toolchain/avr8/avr8-gnu-toolchain/bin/../lib/gcc/avr/4.9.2/avr51\libgcc.a
LOAD c:/program files (x86)/atmel/studio/7.0/toolchain/avr8/avr8-gnu-toolchain/bin/../lib/gcc/avr/4.9.2/../../../../avr/lib/avr51\libm.a
LOAD c:/program files (x86)/atmel/studio/7.0/toolchain/avr8/avr8-gnu-toolchain/bin/../lib/gcc/avr/4.9.2/../../../../avr/lib/avr51\libc.a
LOAD C:/Program Files (x86)/Atmel/Studio/7.0/Packs/atmel/ATmega_DFP/1.0.90/gcc/dev/atmega1284p/avr51\libatmega1284p.a
END GROUP

.hash
 *(.hash)

.dynsym
 *(.dynsym)

.dynstr
 *(.dynstr)

.gnu.version
 *(.gnu.version)

.gnu.version_d
 *(.gnu.version_d)

.gnu.version_r
 *(.gnu.version_r)

.rel.init
 *(.rel.init)

.rela.init
 *(.rela.init)

.rel.text
 *(.rel.text)
 *(.rel.text.*)
 *(.rel.gnu.linkonce.t*)

.rela.text
 *(.rela.text)
 *(.rela.text.*)
 *(.rela.gnu.linkonce.t*)

.rel.fini
 *(.rel.fini)

.rela.fini
 *(.rela.fini)

.rel.rodata
 *(.rel.rodata)
 *(.rel.rodata.*)
 *(.rel.gnu.linkonce.r*)

.rela.rodata
 *(.rela.rodata)
 *(.rela.rodata.*)
 *(.rela.gnu.linkonce.r*)

.rel.data
 *(.rel.data)
 *(.rel.data.*)
 *(.rel.gnu.linkonce.d*)

.rela.data
 *(.rela.data)
 *(.rela.data.*)
 *(.rela.gnu.linkonce.d*)

.rel.ctors
 *(.rel.ctors)

.rela.ctors
 *(.rela.ctors)

.rel.dtors
 *(.rel.dtors)

.rela.dtors
 *(.rela.dtors)

.rel.got
 *(.rel.got)

.rela.got
 *(.rela.got)

.rel.bss
 *(.rel.bss)

.rela.bss
 *(.rela.bss)

.rel.plt
 *(.rel.plt)

.rela.plt
 *(.rela.plt)

.text           0x00000000     0x73ae
 *(.vectors)
 .vectors       0x00000000       0x8c C:/Program Files (x86)/Atmel/Studio/7.0/Packs/atmel/ATmega_DFP/1.0.90/gcc/dev/atmega1284p/avr51/crtatmega1284p.o
                0x00000000                __vector_default
                0x00000000                __vectors
 *(.vectors)
 *(.progmem.gcc*)
 .progmem.gcc_sw_table._Z13uhreinstellenv
                0x0000008c       0x14 FWCP_MK2.o
 .progmem.gcc_sw_table._Z14eingabehandlerh
                0x000000a0       0x1e FWCP_MK2.o
 .progmem.gcc_fplib
                0x000000be       0x2d c:/program files (x86)/atmel/studio/7.0/toolchain/avr8/avr8-gnu-toolchain/bin/../lib/gcc/avr/4.9.2/../../../../avr/lib/avr51\libm.a(atan.o)
 .progmem.gcc_fplib
                0x000000eb       0x1e c:/program files (x86)/atmel/studio/7.0/toolchain/avr8/avr8-gnu-toolchain/bin/../lib/gcc/avr/4.9.2/../../../../avr/lib/avr51\libm.a(fp_sinus.o)
 .progmem.gcc_fplib
                0x00000109       0x23 c:/program files (x86)/atmel/studio/7.0/toolchain/avr8/avr8-gnu-toolchain/bin/../lib/gcc/avr/4.9.2/../../../../avr/lib/avr51\libm.a(tan.o)
                0x0000012c                . = ALIGN (0x2)
                0x0000012c                __trampolines_start = .
 *(.trampolines)
 .trampolines   0x0000012c        0x0 linker stubs
 *(.trampolines*)
                0x0000012c                __trampolines_end = .
 *(.progmem*)
 .progmem.data._ZL11digits16x16
                0x0000012c      0x140 Display.o
 .progmem.data._ZL7font5x8
                0x0000026c      0x1d6 Display.o
 .progmem.data  0x00000442        0x8 c:/program files (x86)/atmel/studio/7.0/toolchain/avr8/avr8-gnu-toolchain/bin/../lib/gcc/avr/4.9.2/../../../../avr/lib/avr51\libprintf_flt.a(vfprintf_flt.o)
 .progmem.data  0x0000044a       0xfa c:/program files (x86)/atmel/studio/7.0/toolchain/avr8/avr8-gnu-toolchain/bin/../lib/gcc/avr/4.9.2/../../../../avr/lib/avr51\libc.a(ftoa_engine.o)
                0x00000544                . = ALIGN (0x2)
 *(.jumptables)
 *(.jumptables*)
 *(.lowtext)
 *(.lowtext*)
                0x00000544                __ctors_start = .
 *(.ctors)
 .ctors         0x00000544        0x2 FWCP_MK2.o
                0x00000546                __ctors_end = .
                0x00000546                __dtors_start = .
 *(.dtors)
 .dtors         0x00000546        0x2 FWCP_MK2.o
                0x00000548                __dtors_end = .
 SORT(*)(.ctors)
 SORT(*)(.dtors)
 *(.init0)
 .init0         0x00000548        0x0 C:/Program Files (x86)/Atmel/Studio/7.0/Packs/atmel/ATmega_DFP/1.0.90/gcc/dev/atmega1284p/avr51/crtatmega1284p.o
                0x00000548                __init
 *(.init0)
 *(.init1)
 *(.init1)
 *(.init2)
 .init2         0x00000548        0xc C:/Program Files (x86)/Atmel/Studio/7.0/Packs/atmel/ATmega_DFP/1.0.90/gcc/dev/atmega1284p/avr51/crtatmega1284p.o
 *(.init2)
 *(.init3)
 *(.init3)
 *(.init4)
 .init4         0x00000554       0x1a c:/program files (x86)/atmel/studio/7.0/toolchain/avr8/avr8-gnu-toolchain/bin/../lib/gcc/avr/4.9.2/avr51\libgcc.a(_copy_data.o)
                0x00000554                __do_copy_data
 .init4         0x0000056e       0x10 c:/program files (x86)/atmel/studio/7.0/toolchain/avr8/avr8-gnu-toolchain/bin/../lib/gcc/avr/4.9.2/avr51\libgcc.a(_clear_bss.o)
                0x0000056e                __do_clear_bss
 *(.init4)
 *(.init5)
 *(.init5)
 *(.init6)
 .init6         0x0000057e       0x16 c:/program files (x86)/atmel/studio/7.0/toolchain/avr8/avr8-gnu-toolchain/bin/../lib/gcc/avr/4.9.2/avr51\libgcc.a(_ctors.o)
                0x0000057e                __do_global_ctors
 *(.init6)
 *(.init7)
 *(.init7)
 *(.init8)
 *(.init8)
 *(.init9)
 .init9         0x00000594        0x8 C:/Program Files (x86)/Atmel/Studio/7.0/Packs/atmel/ATmega_DFP/1.0.90/gcc/dev/atmega1284p/avr51/crtatmega1284p.o
 *(.init9)
 *(.text)
 .text          0x0000059c        0x2 C:/Program Files (x86)/Atmel/Studio/7.0/Packs/atmel/ATmega_DFP/1.0.90/gcc/dev/atmega1284p/avr51/crtatmega1284p.o
                0x0000059c                __vector_22
                0x0000059c                __vector_28
                0x0000059c                __vector_1
                0x0000059c                __vector_32
                0x0000059c                __vector_34
                0x0000059c                __vector_24
                0x0000059c                __vector_12
                0x0000059c                __bad_interrupt
                0x0000059c                __vector_6
                0x0000059c                __vector_31
                0x0000059c                __vector_3
                0x0000059c                __vector_23
                0x0000059c                __vector_30
                0x0000059c                __vector_25
                0x0000059c                __vector_17
                0x0000059c                __vector_19
                0x0000059c                __vector_7
                0x0000059c                __vector_27
                0x0000059c                __vector_5
                0x0000059c                __vector_33
                0x0000059c                __vector_4
                0x0000059c                __vector_9
                0x0000059c                __vector_2
                0x0000059c                __vector_21
                0x0000059c                __vector_15
                0x0000059c                __vector_29
                0x0000059c                __vector_8
                0x0000059c                __vector_26
                0x0000059c                __vector_14
                0x0000059c                __vector_10
                0x0000059c                __vector_16
                0x0000059c                __vector_18
                0x0000059c                __vector_20
                0x0000059e                . = ALIGN (0x2)
 *(.text.*)
 .text._ZN7DisplayD2Ev
                0x0000059e        0x8 Display.o
                0x0000059e                _ZN7DisplayD2Ev
                0x0000059e                _ZN7DisplayD1Ev
 .text._ZN7Display10clearFrameEv
                0x000005a6        0xe Display.o
                0x000005a6                _ZN7Display10clearFrameEv
 .text._ZN7Display15ssd1306_commandEh
                0x000005b4       0x38 Display.o
                0x000005b4                _ZN7Display15ssd1306_commandEh
 .text._ZN7Display17InitializeDisplayEv
                0x000005ec       0xa0 Display.o
                0x000005ec                _ZN7Display17InitializeDisplayEv
 .text._ZN7DisplayC2Ev
                0x0000068c       0x16 Display.o
                0x0000068c                _ZN7DisplayC2Ev
                0x0000068c                _ZN7DisplayC1Ev
 .text._ZN7Display6invertEh
                0x000006a2       0x10 Display.o
                0x000006a2                _ZN7Display6invertEh
 .text._ZN7Display9sendFrameEv
                0x000006b2       0x6e Display.o
                0x000006b2                _ZN7Display9sendFrameEv
 .text._ZN7Display9drawPixelEhhh
                0x00000720       0x70 Display.o
                0x00000720                _ZN7Display9drawPixelEhhh
 .text._ZN7Display9drawVLineEhhh
                0x00000790       0x34 Display.o
                0x00000790                _ZN7Display9drawVLineEhhh
 .text._ZN7Display9drawHLineEhhh
                0x000007c4       0x34 Display.o
                0x000007c4                _ZN7Display9drawHLineEhhh
 .text._ZN7Display13drawRectangleEhhhhh
                0x000007f8       0xba Display.o
                0x000007f8                _ZN7Display13drawRectangleEhhhhh
 .text._ZN7Display9draw_lineEhhhf
                0x000008b2      0x148 Display.o
                0x000008b2                _ZN7Display9draw_lineEhhhf
 .text._ZN7Display13draw_triangleEhhhff
                0x000009fa      0x250 Display.o
                0x000009fa                _ZN7Display13draw_triangleEhhhff
 .text._ZN7Display9draw_ASCIEhhh
                0x00000c4a       0x94 Display.o
                0x00000c4a                _ZN7Display9draw_ASCIEhhh
 .text._ZN7Display16draw_number16x16Ehhh
                0x00000cde       0xf4 Display.o
                0x00000cde                _ZN7Display16draw_number16x16Ehhh
 .text._ZN7Display6analogEhhhh
                0x00000dd2      0x4f2 Display.o
                0x00000dd2                _ZN7Display6analogEhhhh
 .text._Z8ADC_Readh
                0x000012c4       0x28 FWCP_MK2.o
                0x000012c4                _Z8ADC_Readh
 .text._Z14Batteriestatusv
                0x000012ec       0xe0 FWCP_MK2.o
                0x000012ec                _Z14Batteriestatusv
 .text._Z12EEPROM_Writejh
                0x000013cc       0x14 FWCP_MK2.o
                0x000013cc                _Z12EEPROM_Writejh
 .text._Z11EEPROM_Readj
                0x000013e0       0x12 FWCP_MK2.o
                0x000013e0                _Z11EEPROM_Readj
 .text._Z14willkommenpagev
                0x000013f2      0x136 FWCP_MK2.o
                0x000013f2                _Z14willkommenpagev
 .text._Z6headerh
                0x00001528      0x1aa FWCP_MK2.o
                0x00001528                _Z6headerh
 .text._Z6bottomh
                0x000016d2       0x52 FWCP_MK2.o
                0x000016d2                _Z6bottomh
 .text._Z16anzeige_richtungfhh
                0x00001724      0x1b0 FWCP_MK2.o
                0x00001724                _Z16anzeige_richtungfhh
 .text._Z13anzeige_nadelhhf
                0x000018d4       0x3a FWCP_MK2.o
                0x000018d4                _Z13anzeige_nadelhhf
 .text._Z19anzeige_kleinenadelhhf
                0x0000190e       0x3a FWCP_MK2.o
                0x0000190e                _Z19anzeige_kleinenadelhhf
 .text._Z9GOL_seitev
                0x00001948       0x18 FWCP_MK2.o
                0x00001948                _Z9GOL_seitev
 .text._Z11menue_hauptv
                0x00001960      0x17a FWCP_MK2.o
                0x00001960                _Z11menue_hauptv
 .text._Z11menue_einstv
                0x00001ada      0x122 FWCP_MK2.o
                0x00001ada                _Z11menue_einstv
 .text._Z9menue_uhrv
                0x00001bfc      0x12c FWCP_MK2.o
                0x00001bfc                _Z9menue_uhrv
 .text._Z12find_gravityv
                0x00001d28      0x108 FWCP_MK2.o
                0x00001d28                _Z12find_gravityv
 .text._Z11uhranzeigenv
                0x00001e30      0x128 FWCP_MK2.o
                0x00001e30                _Z11uhranzeigenv
 .text._Z14uhranzeigenminv
                0x00001f58       0xb2 FWCP_MK2.o
                0x00001f58                _Z14uhranzeigenminv
 .text._Z13Weckeranzeigev
                0x0000200a      0x128 FWCP_MK2.o
                0x0000200a                _Z13Weckeranzeigev
 .text._Z12fahradschirmddddm
                0x00002132      0x2f8 FWCP_MK2.o
                0x00002132                _Z12fahradschirmddddm
 .text._Z14Gaineinstellenv
                0x0000242a      0x1b6 FWCP_MK2.o
                0x0000242a                _Z14Gaineinstellenv
 .text._Z15anzeige_kompassd
                0x000025e0      0x126 FWCP_MK2.o
                0x000025e0                _Z15anzeige_kompassd
 .text._Z10timerseitev
                0x00002706      0x18e FWCP_MK2.o
                0x00002706                _Z10timerseitev
 .text._Z13Stoppuhrseitev
                0x00002894      0x178 FWCP_MK2.o
                0x00002894                _Z13Stoppuhrseitev
 .text._Z11Wanderseitev
                0x00002a0c      0x320 FWCP_MK2.o
                0x00002a0c                _Z11Wanderseitev
 .text._Z13uhreinstellenv
                0x00002d2c      0x73c FWCP_MK2.o
                0x00002d2c                _Z13uhreinstellenv
 .text.__vector_11
                0x00003468       0x38 FWCP_MK2.o
                0x00003468                __vector_11
 .text.__vector_13
                0x000034a0       0x22 FWCP_MK2.o
                0x000034a0                __vector_13
 .text._Z15geschwindigkeitf
                0x000034c2       0xd2 FWCP_MK2.o
                0x000034c2                _Z15geschwindigkeitf
 .text._Z13reed_debouncePVhh
                0x00003594       0x4a FWCP_MK2.o
                0x00003594                _Z13reed_debouncePVhh
 .text._Z9inittimerh
                0x000035de       0x36 FWCP_MK2.o
                0x000035de                _Z9inittimerh
 .text._Z15initialisierungv
                0x00003614      0x102 FWCP_MK2.o
                0x00003614                _Z15initialisierungv
 .text._Z19maininterupthandlerv
                0x00003716       0x6c FWCP_MK2.o
                0x00003716                _Z19maininterupthandlerv
 .text._Z14anzeigehandlerv
                0x00003782      0x556 FWCP_MK2.o
                0x00003782                _Z14anzeigehandlerv
 .text._Z14eingabehandlerh
                0x00003cd8      0x9a0 FWCP_MK2.o
                0x00003cd8                _Z14eingabehandlerh
 .text.main     0x00004678       0x12 FWCP_MK2.o
                0x00004678                main
 .text._GLOBAL__sub_I_kompass
                0x0000468a       0x64 FWCP_MK2.o
 .text._GLOBAL__sub_D_kompass
                0x000046ee       0x52 FWCP_MK2.o
 .text._ZN3GOLD2Ev
                0x00004740        0x2 GOL.o
                0x00004740                _ZN3GOLD1Ev
                0x00004740                _ZN3GOLD2Ev
 .text._ZN3GOL17delete_playgroundEh
                0x00004742       0x3c GOL.o
                0x00004742                _ZN3GOL17delete_playgroundEh
 .text._ZN3GOLC2Ev
                0x0000477e        0x6 GOL.o
                0x0000477e                _ZN3GOLC1Ev
                0x0000477e                _ZN3GOLC2Ev
 .text._ZN3GOL14set_startvalueEv
                0x00004784        0x6 GOL.o
                0x00004784                _ZN3GOL14set_startvalueEv
 .text._ZN3GOL7check_xEPa
                0x0000478a        0xe GOL.o
                0x0000478a                _ZN3GOL7check_xEPa
 .text._ZN3GOL7check_yEPa
                0x00004798       0x1a GOL.o
                0x00004798                _ZN3GOL7check_yEPa
 .text._ZN3GOL9build_sumEhh
                0x000047b2      0x3e4 GOL.o
                0x000047b2                _ZN3GOL9build_sumEhh
 .text._ZN3GOL12delete_valueEhh
                0x00004b96       0x36 GOL.o
                0x00004b96                _ZN3GOL12delete_valueEhh
 .text._ZN3GOL9iterationEv
                0x00004bcc      0x138 GOL.o
                0x00004bcc                _ZN3GOL9iterationEv
 .text._ZN3I2CC2Ev
                0x00004d04        0x8 I2C.o
                0x00004d04                _ZN3I2CC2Ev
                0x00004d04                _ZN3I2CC1Ev
 .text._ZN3I2CD2Ev
                0x00004d0c        0x2 I2C.o
                0x00004d0c                _ZN3I2CD1Ev
                0x00004d0c                _ZN3I2CD2Ev
 .text._ZN3I2C9twi_startEv
                0x00004d0e        0x8 I2C.o
                0x00004d0e                _ZN3I2C9twi_startEv
 .text._ZN3I2C8twi_stopEv
                0x00004d16        0x8 I2C.o
                0x00004d16                _ZN3I2C8twi_stopEv
 .text._ZN3I2C9twi_writeEh
                0x00004d1e       0x20 I2C.o
                0x00004d1e                _ZN3I2C9twi_writeEh
 .text._ZN3I2C8twi_readEh
                0x00004d3e       0x22 I2C.o
                0x00004d3e                _ZN3I2C8twi_readEh
 .text._ZN9InterfaceC2Ev
                0x00004d60       0x26 Interface.o
                0x00004d60                _ZN9InterfaceC1Ev
                0x00004d60                _ZN9InterfaceC2Ev
 .text._ZN9InterfaceD2Ev
                0x00004d86        0x2 Interface.o
                0x00004d86                _ZN9InterfaceD1Ev
                0x00004d86                _ZN9InterfaceD2Ev
 .text._ZN9Interface7paradebEPVhhPh
                0x00004d88       0x4c Interface.o
                0x00004d88                _ZN9Interface7paradebEPVhhPh
 .text._ZN9Interface6TasterEv
                0x00004dd4      0x15a Interface.o
                0x00004dd4                _ZN9Interface6TasterEv
 .text._ZN9Interface17ZahlenausTastaturEv
                0x00004f2e       0x16 Interface.o
                0x00004f2e                _ZN9Interface17ZahlenausTastaturEv
 .text._ZN7KompassD2Ev
                0x00004f44        0x6 Kompass.o
                0x00004f44                _ZN7KompassD1Ev
                0x00004f44                _ZN7KompassD2Ev
 .text._ZN7Kompass16HMC5883L_commandEhh
                0x00004f4a       0x34 Kompass.o
                0x00004f4a                _ZN7Kompass16HMC5883L_commandEhh
 .text._ZN7KompassC2Ev
                0x00004f7e       0x40 Kompass.o
                0x00004f7e                _ZN7KompassC1Ev
                0x00004f7e                _ZN7KompassC2Ev
 .text._ZN7Kompass20HMC5883L_readHeadingEv
                0x00004fbe      0x170 Kompass.o
                0x00004fbe                _ZN7Kompass20HMC5883L_readHeadingEv
 .text._ZN7Kompass5angleEdd
                0x0000512e      0x27a Kompass.o
                0x0000512e                _ZN7Kompass5angleEdd
 .text._ZN7Kompass25kallibrierung_ruecksetzenEv
                0x000053a8       0x28 Kompass.o
                0x000053a8                _ZN7Kompass25kallibrierung_ruecksetzenEv
 .text._ZN7LSM303DD2Ev
                0x000053d0        0x6 LSM303D.o
                0x000053d0                _ZN7LSM303DD1Ev
                0x000053d0                _ZN7LSM303DD2Ev
 .text._ZN7LSM303D7readaccEv
                0x000053d6      0x13a LSM303D.o
                0x000053d6                _ZN7LSM303D7readaccEv
 .text._ZN7LSM303D12readacc_fastEv
                0x00005510       0xc4 LSM303D.o
                0x00005510                _ZN7LSM303D12readacc_fastEv
 .text._ZN7LSM303D11readtemperaEv
                0x000055d4       0xa2 LSM303D.o
                0x000055d4                _ZN7LSM303D11readtemperaEv
 .text._ZN7LSM303D14LSM303_commandEhh
                0x00005676       0x34 LSM303D.o
                0x00005676                _ZN7LSM303D14LSM303_commandEhh
 .text._ZN7LSM303D13ACCStreammodeEv
                0x000056aa        0x8 LSM303D.o
                0x000056aa                _ZN7LSM303D13ACCStreammodeEv
 .text._ZN7LSM303D13ACCBypassmodeEv
                0x000056b2        0x8 LSM303D.o
                0x000056b2                _ZN7LSM303D13ACCBypassmodeEv
 .text._ZN7LSM303D9acce_initEv
                0x000056ba       0x26 LSM303D.o
                0x000056ba                _ZN7LSM303D9acce_initEv
 .text._ZN7LSM303DC2Ev
                0x000056e0       0x7c LSM303D.o
                0x000056e0                _ZN7LSM303DC2Ev
                0x000056e0                _ZN7LSM303DC1Ev
 .text._ZN7LSM303D11get_gravityEv
                0x0000575c       0xc4 LSM303D.o
                0x0000575c                _ZN7LSM303D11get_gravityEv
 .text._ZN7LSM303D7schrittEh
                0x00005820      0x3a0 LSM303D.o
                0x00005820                _ZN7LSM303D7schrittEh
 .text._ZN6OutputC2Ehh
                0x00005bc0       0x74 Output.o
                0x00005bc0                _ZN6OutputC2Ehh
                0x00005bc0                _ZN6OutputC1Ehh
 .text._ZN6OutputD2Ev
                0x00005c34        0x2 Output.o
                0x00005c34                _ZN6OutputD1Ev
                0x00005c34                _ZN6OutputD2Ev
 .text._ZN6Output2onEv
                0x00005c36       0x7a Output.o
                0x00005c36                _ZN6Output2onEv
 .text._ZN6Output4isonEv
                0x00005cb0       0x76 Output.o
                0x00005cb0                _ZN6Output4isonEv
 .text._ZN6Output3offEv
                0x00005d26       0x82 Output.o
                0x00005d26                _ZN6Output3offEv
 .text._ZN6Output6toggleEv
                0x00005da8       0x9a Output.o
                0x00005da8                _ZN6Output6toggleEv
 .text._ZN3RTCD2Ev
                0x00005e42        0x2 RTC.o
                0x00005e42                _ZN3RTCD2Ev
                0x00005e42                _ZN3RTCD1Ev
 .text._ZN3RTC6WeckerEv
                0x00005e44       0x22 RTC.o
                0x00005e44                _ZN3RTC6WeckerEv
 .text._ZN3RTC14ausgabezeitneuEv
                0x00005e66       0x72 RTC.o
                0x00005e66                _ZN3RTC14ausgabezeitneuEv
 .text._ZN3RTC15ausgabedatumneuEv
                0x00005ed8       0x72 RTC.o
                0x00005ed8                _ZN3RTC15ausgabedatumneuEv
 .text._ZN3RTCC2Ev
                0x00005f4a       0x52 RTC.o
                0x00005f4a                _ZN3RTCC2Ev
                0x00005f4a                _ZN3RTCC1Ev
 .text._ZN3RTC8kalenderEv
                0x00005f9c       0x88 RTC.o
                0x00005f9c                _ZN3RTC8kalenderEv
 .text._ZN3RTC4zeitEv
                0x00006024       0x76 RTC.o
                0x00006024                _ZN3RTC4zeitEv
 .text._ZN3RTC8RTCstartEv
                0x0000609a       0x32 RTC.o
                0x0000609a                _ZN3RTC8RTCstartEv
 .text._ZN3RTC7RTCstopEv
                0x000060cc        0xc RTC.o
                0x000060cc                _ZN3RTC7RTCstopEv
 .text._ZN5SOUNDD2Ev
                0x000060d8        0x2 SOUND.o
                0x000060d8                _ZN5SOUNDD2Ev
                0x000060d8                _ZN5SOUNDD1Ev
 .text._ZN5SOUND2onEv
                0x000060da       0x12 SOUND.o
                0x000060da                _ZN5SOUND2onEv
 .text._ZN5SOUND3offEv
                0x000060ec        0x8 SOUND.o
                0x000060ec                _ZN5SOUND3offEv
 .text._ZN5SOUND12setfrequenciEj
                0x000060f4       0x38 SOUND.o
                0x000060f4                _ZN5SOUND12setfrequenciEj
 .text._ZN5SOUNDC2Ev
                0x0000612c       0x2e SOUND.o
                0x0000612c                _ZN5SOUNDC2Ev
                0x0000612c                _ZN5SOUNDC1Ev
 .text.avr-libc.fplib
                0x0000615a        0xa c:/program files (x86)/atmel/studio/7.0/toolchain/avr8/avr8-gnu-toolchain/bin/../lib/gcc/avr/4.9.2/../../../../avr/lib/avr51\libm.a(addsf3.o)
                0x0000615a                __subsf3
                0x0000615c                __addsf3
 .text.avr-libc.fplib
                0x00006164       0xc0 c:/program files (x86)/atmel/studio/7.0/toolchain/avr8/avr8-gnu-toolchain/bin/../lib/gcc/avr/4.9.2/../../../../avr/lib/avr51\libm.a(addsf3x.o)
                0x0000617e                __addsf3x
 .text.avr-libc.fplib
                0x00006224       0x74 c:/program files (x86)/atmel/studio/7.0/toolchain/avr8/avr8-gnu-toolchain/bin/../lib/gcc/avr/4.9.2/../../../../avr/lib/avr51\libm.a(atan2.o)
                0x00006242                atan2
 .text.avr-libc.fplib
                0x00006298       0x50 c:/program files (x86)/atmel/studio/7.0/toolchain/avr8/avr8-gnu-toolchain/bin/../lib/gcc/avr/4.9.2/../../../../avr/lib/avr51\libm.a(atan.o)
                0x00006298                atan
 .text.avr-libc.fplib
                0x000062e8        0x8 c:/program files (x86)/atmel/studio/7.0/toolchain/avr8/avr8-gnu-toolchain/bin/../lib/gcc/avr/4.9.2/../../../../avr/lib/avr51\libm.a(cmpsf2.o)
                0x000062e8                __nesf2
                0x000062e8                __eqsf2
                0x000062e8                __cmpsf2
                0x000062e8                __ltsf2
                0x000062e8                __lesf2
 .text.avr-libc.fplib
                0x000062f0        0x6 c:/program files (x86)/atmel/studio/7.0/toolchain/avr8/avr8-gnu-toolchain/bin/../lib/gcc/avr/4.9.2/../../../../avr/lib/avr51\libm.a(cos.o)
                0x000062f0                cos
 .text.avr-libc.fplib
                0x000062f6        0x4 c:/program files (x86)/atmel/studio/7.0/toolchain/avr8/avr8-gnu-toolchain/bin/../lib/gcc/avr/4.9.2/../../../../avr/lib/avr51\libm.a(divsf3.o)
                0x000062f6                __divsf3
 .text.avr-libc.fplib
                0x000062fa       0xcc c:/program files (x86)/atmel/studio/7.0/toolchain/avr8/avr8-gnu-toolchain/bin/../lib/gcc/avr/4.9.2/../../../../avr/lib/avr51\libm.a(divsf3x.o)
                0x00006310                __divsf3x
                0x00006314                __divsf3_pse
 .text.avr-libc.fplib
                0x000063c6        0xa c:/program files (x86)/atmel/studio/7.0/toolchain/avr8/avr8-gnu-toolchain/bin/../lib/gcc/avr/4.9.2/../../../../avr/lib/avr51\libm.a(fixsfsi.o)
                0x000063c6                __fixsfsi
 .text.avr-libc.fplib
                0x000063d0       0x58 c:/program files (x86)/atmel/studio/7.0/toolchain/avr8/avr8-gnu-toolchain/bin/../lib/gcc/avr/4.9.2/../../../../avr/lib/avr51\libm.a(fixunssfsi.o)
                0x000063d0                __fixunssfsi
 .text.avr-libc.fplib
                0x00006428       0x7a c:/program files (x86)/atmel/studio/7.0/toolchain/avr8/avr8-gnu-toolchain/bin/../lib/gcc/avr/4.9.2/../../../../avr/lib/avr51\libm.a(floatsisf.o)
                0x00006428                __floatunsisf
                0x0000642c                __floatsisf
 .text.avr-libc.fplib
                0x000064a2       0x48 c:/program files (x86)/atmel/studio/7.0/toolchain/avr8/avr8-gnu-toolchain/bin/../lib/gcc/avr/4.9.2/../../../../avr/lib/avr51\libm.a(fp_cmp.o)
                0x000064a2                __fp_cmp
 .text.avr-libc.fplib
                0x000064ea        0xc c:/program files (x86)/atmel/studio/7.0/toolchain/avr8/avr8-gnu-toolchain/bin/../lib/gcc/avr/4.9.2/../../../../avr/lib/avr51\libm.a(fp_inf.o)
                0x000064ea                __fp_inf
 .text.avr-libc.fplib
                0x000064f6        0x6 c:/program files (x86)/atmel/studio/7.0/toolchain/avr8/avr8-gnu-toolchain/bin/../lib/gcc/avr/4.9.2/../../../../avr/lib/avr51\libm.a(fp_nan.o)
                0x000064f6                __fp_nan
 .text.avr-libc.fplib
                0x000064fc       0x4a c:/program files (x86)/atmel/studio/7.0/toolchain/avr8/avr8-gnu-toolchain/bin/../lib/gcc/avr/4.9.2/../../../../avr/lib/avr51\libm.a(fp_powser.o)
                0x000064fc                __fp_powser
 .text.avr-libc.fplib
                0x00006546        0xe c:/program files (x86)/atmel/studio/7.0/toolchain/avr8/avr8-gnu-toolchain/bin/../lib/gcc/avr/4.9.2/../../../../avr/lib/avr51\libm.a(fp_pscA.o)
                0x00006546                __fp_pscA
 .text.avr-libc.fplib
                0x00006554        0xe c:/program files (x86)/atmel/studio/7.0/toolchain/avr8/avr8-gnu-toolchain/bin/../lib/gcc/avr/4.9.2/../../../../avr/lib/avr51\libm.a(fp_pscB.o)
                0x00006554                __fp_pscB
 .text.avr-libc.fplib
                0x00006562       0x50 c:/program files (x86)/atmel/studio/7.0/toolchain/avr8/avr8-gnu-toolchain/bin/../lib/gcc/avr/4.9.2/../../../../avr/lib/avr51\libm.a(fp_rempio2.o)
                0x00006564                __fp_rempio2
 .text.avr-libc.fplib
                0x000065b2       0x22 c:/program files (x86)/atmel/studio/7.0/toolchain/avr8/avr8-gnu-toolchain/bin/../lib/gcc/avr/4.9.2/../../../../avr/lib/avr51\libm.a(fp_round.o)
                0x000065b2                __fp_round
 .text.avr-libc.fplib
                0x000065d4       0x22 c:/program files (x86)/atmel/studio/7.0/toolchain/avr8/avr8-gnu-toolchain/bin/../lib/gcc/avr/4.9.2/../../../../avr/lib/avr51\libm.a(fp_sinus.o)
                0x000065d4                __fp_sinus
 .text.avr-libc.fplib
                0x000065f6       0x44 c:/program files (x86)/atmel/studio/7.0/toolchain/avr8/avr8-gnu-toolchain/bin/../lib/gcc/avr/4.9.2/../../../../avr/lib/avr51\libm.a(fp_split3.o)
                0x000065f6                __fp_split3
                0x00006606                __fp_splitA
 .text.avr-libc.fplib
                0x0000663a        0xe c:/program files (x86)/atmel/studio/7.0/toolchain/avr8/avr8-gnu-toolchain/bin/../lib/gcc/avr/4.9.2/../../../../avr/lib/avr51\libm.a(fp_zero.o)
                0x0000663a                __fp_zero
                0x0000663c                __fp_szero
 .text.avr-libc.fplib
                0x00006648        0x8 c:/program files (x86)/atmel/studio/7.0/toolchain/avr8/avr8-gnu-toolchain/bin/../lib/gcc/avr/4.9.2/../../../../avr/lib/avr51\libm.a(gesf2.o)
                0x00006648                __gesf2
                0x00006648                __gtsf2
 .text.avr-libc.fplib
                0x00006650        0xe c:/program files (x86)/atmel/studio/7.0/toolchain/avr8/avr8-gnu-toolchain/bin/../lib/gcc/avr/4.9.2/../../../../avr/lib/avr51\libm.a(inverse.o)
                0x00006650                inverse
 .text.avr-libc.fplib
                0x0000665e        0x4 c:/program files (x86)/atmel/studio/7.0/toolchain/avr8/avr8-gnu-toolchain/bin/../lib/gcc/avr/4.9.2/../../../../avr/lib/avr51\libm.a(mulsf3.o)
                0x0000665e                __mulsf3
 .text.avr-libc.fplib
                0x00006662       0xc2 c:/program files (x86)/atmel/studio/7.0/toolchain/avr8/avr8-gnu-toolchain/bin/../lib/gcc/avr/4.9.2/../../../../avr/lib/avr51\libm.a(mulsf3x.o)
                0x00006676                __mulsf3x
                0x0000667a                __mulsf3_pse
 .text.avr-libc.fplib
                0x00006724        0xc c:/program files (x86)/atmel/studio/7.0/toolchain/avr8/avr8-gnu-toolchain/bin/../lib/gcc/avr/4.9.2/../../../../avr/lib/avr51\libm.a(sin.o)
                0x00006724                sin
 .text.avr-libc.fplib
                0x00006730       0x84 c:/program files (x86)/atmel/studio/7.0/toolchain/avr8/avr8-gnu-toolchain/bin/../lib/gcc/avr/4.9.2/../../../../avr/lib/avr51\libm.a(sqrt.o)
                0x00006738                sqrtf
                0x00006738                sqrt
 .text.avr-libc.fplib
                0x000067b4        0x6 c:/program files (x86)/atmel/studio/7.0/toolchain/avr8/avr8-gnu-toolchain/bin/../lib/gcc/avr/4.9.2/../../../../avr/lib/avr51\libm.a(square.o)
                0x000067b4                square
 .text.avr-libc.fplib
                0x000067ba       0x40 c:/program files (x86)/atmel/studio/7.0/toolchain/avr8/avr8-gnu-toolchain/bin/../lib/gcc/avr/4.9.2/../../../../avr/lib/avr51\libm.a(tan.o)
                0x000067ba                tan
 .text.avr-libc.fplib
                0x000067fa       0x1c c:/program files (x86)/atmel/studio/7.0/toolchain/avr8/avr8-gnu-toolchain/bin/../lib/gcc/avr/4.9.2/../../../../avr/lib/avr51\libm.a(fp_mpack.o)
                0x000067fa                __fp_mpack
                0x000067fe                __fp_mpack_finite
 .text.avr-libc.fplib
                0x00006816        0xe c:/program files (x86)/atmel/studio/7.0/toolchain/avr8/avr8-gnu-toolchain/bin/../lib/gcc/avr/4.9.2/../../../../avr/lib/avr51\libm.a(fp_norm2.o)
                0x00006816                __fp_norm2
 .text.avr-libc.fplib
                0x00006824       0x22 c:/program files (x86)/atmel/studio/7.0/toolchain/avr8/avr8-gnu-toolchain/bin/../lib/gcc/avr/4.9.2/../../../../avr/lib/avr51\libm.a(fp_powsodd.o)
                0x00006824                __fp_powsodd
 .text.avr-libc
                0x00006846      0x710 c:/program files (x86)/atmel/studio/7.0/toolchain/avr8/avr8-gnu-toolchain/bin/../lib/gcc/avr/4.9.2/../../../../avr/lib/avr51\libprintf_flt.a(vfprintf_flt.o)
                0x00006846                vfprintf
 .text.libgcc.div
                0x00006f56       0x28 c:/program files (x86)/atmel/studio/7.0/toolchain/avr8/avr8-gnu-toolchain/bin/../lib/gcc/avr/4.9.2/avr51\libgcc.a(_udivmodhi4.o)
                0x00006f56                __udivmodhi4
 .text.libgcc.div
                0x00006f7e       0x26 c:/program files (x86)/atmel/studio/7.0/toolchain/avr8/avr8-gnu-toolchain/bin/../lib/gcc/avr/4.9.2/avr51\libgcc.a(_divmodhi4.o)
                0x00006f7e                _div
                0x00006f7e                __divmodhi4
 .text.libgcc.div
                0x00006fa4       0x44 c:/program files (x86)/atmel/studio/7.0/toolchain/avr8/avr8-gnu-toolchain/bin/../lib/gcc/avr/4.9.2/avr51\libgcc.a(_udivmodsi4.o)
                0x00006fa4                __udivmodsi4
 .text.libgcc   0x00006fe8       0x12 c:/program files (x86)/atmel/studio/7.0/toolchain/avr8/avr8-gnu-toolchain/bin/../lib/gcc/avr/4.9.2/avr51\libgcc.a(_tablejump2.o)
                0x00006fe8                __tablejump2__
 .text.libgcc.mul
                0x00006ffa        0xc c:/program files (x86)/atmel/studio/7.0/toolchain/avr8/avr8-gnu-toolchain/bin/../lib/gcc/avr/4.9.2/avr51\libgcc.a(_mulhisi3.o)
                0x00006ffa                __mulhisi3
 .text.libgcc.mul
                0x00007006       0x1e c:/program files (x86)/atmel/studio/7.0/toolchain/avr8/avr8-gnu-toolchain/bin/../lib/gcc/avr/4.9.2/avr51\libgcc.a(_umulhisi3.o)
                0x00007006                __umulhisi3
 .text.libgcc.mul
                0x00007024        0xc c:/program files (x86)/atmel/studio/7.0/toolchain/avr8/avr8-gnu-toolchain/bin/../lib/gcc/avr/4.9.2/avr51\libgcc.a(_usmulhisi3.o)
                0x00007024                __usmulhisi3
                0x00007026                __usmulhisi3_tail
 .text.avr-libc
                0x00007030      0x1b0 c:/program files (x86)/atmel/studio/7.0/toolchain/avr8/avr8-gnu-toolchain/bin/../lib/gcc/avr/4.9.2/../../../../avr/lib/avr51\libc.a(ftoa_engine.o)
                0x00007030                __ftoa_engine
 .text.avr-libc
                0x000071e0       0x16 c:/program files (x86)/atmel/studio/7.0/toolchain/avr8/avr8-gnu-toolchain/bin/../lib/gcc/avr/4.9.2/../../../../avr/lib/avr51\libc.a(strnlen_P.o)
                0x000071e0                strnlen_P
 .text.avr-libc
                0x000071f6       0x16 c:/program files (x86)/atmel/studio/7.0/toolchain/avr8/avr8-gnu-toolchain/bin/../lib/gcc/avr/4.9.2/../../../../avr/lib/avr51\libc.a(strnlen.o)
                0x000071f6                strnlen
 .text.avr-libc
                0x0000720c       0x70 c:/program files (x86)/atmel/studio/7.0/toolchain/avr8/avr8-gnu-toolchain/bin/../lib/gcc/avr/4.9.2/../../../../avr/lib/avr51\libc.a(fputc.o)
                0x0000720c                fputc
 .text.avr-libc
                0x0000727c       0x5e c:/program files (x86)/atmel/studio/7.0/toolchain/avr8/avr8-gnu-toolchain/bin/../lib/gcc/avr/4.9.2/../../../../avr/lib/avr51\libc.a(sprintf.o)
                0x0000727c                sprintf
 .text.avr-libc
                0x000072da       0xbc c:/program files (x86)/atmel/studio/7.0/toolchain/avr8/avr8-gnu-toolchain/bin/../lib/gcc/avr/4.9.2/../../../../avr/lib/avr51\libc.a(ultoa_invert.o)
                0x000072da                __ultoa_invert
                0x00007396                . = ALIGN (0x2)
 *(.fini9)
 .fini9         0x00007396        0x0 c:/program files (x86)/atmel/studio/7.0/toolchain/avr8/avr8-gnu-toolchain/bin/../lib/gcc/avr/4.9.2/avr51\libgcc.a(_exit.o)
                0x00007396                _exit
                0x00007396                exit
 *(.fini9)
 *(.fini8)
 *(.fini8)
 *(.fini7)
 *(.fini7)
 *(.fini6)
 .fini6         0x00007396       0x14 c:/program files (x86)/atmel/studio/7.0/toolchain/avr8/avr8-gnu-toolchain/bin/../lib/gcc/avr/4.9.2/avr51\libgcc.a(_dtors.o)
                0x00007396                __do_global_dtors
 *(.fini6)
 *(.fini5)
 *(.fini5)
 *(.fini4)
 *(.fini4)
 *(.fini3)
 *(.fini3)
 *(.fini2)
 *(.fini2)
 *(.fini1)
 *(.fini1)
 *(.fini0)
 .fini0         0x000073aa        0x4 c:/program files (x86)/atmel/studio/7.0/toolchain/avr8/avr8-gnu-toolchain/bin/../lib/gcc/avr/4.9.2/avr51\libgcc.a(_exit.o)
 *(.fini0)
                0x000073ae                _etext = .

.data           0x00800100      0x22c load address 0x000073ae
                0x00800100                PROVIDE (__data_start, .)
 *(.data)
 *(.data*)
 *(.rodata)
 *(.rodata*)
 .rodata.str1.1
                0x00800100      0x22c FWCP_MK2.o
                                0x231 (size before relaxing)
 *(.gnu.linkonce.d*)
                0x0080032c                . = ALIGN (0x2)
                0x0080032c                _edata = .
                0x0080032c                PROVIDE (__data_end, .)

.bss            0x0080032c      0xd51
                0x0080032c                PROVIDE (__bss_start, .)
 *(.bss)
 *(.bss*)
 .bss.Fahrtzeit
                0x0080032c        0x4 FWCP_MK2.o
                0x0080032c                Fahrtzeit
 .bss.maxgeschw
                0x00800330        0x4 FWCP_MK2.o
                0x00800330                maxgeschw
 .bss.strecke   0x00800334        0x4 FWCP_MK2.o
                0x00800334                strecke
 .bss.geschw    0x00800338        0x4 FWCP_MK2.o
                0x00800338                geschw
 .bss.FPS       0x0080033c        0x1 FWCP_MK2.o
                0x0080033c                FPS
 .bss.pos       0x0080033d        0x1 FWCP_MK2.o
                0x0080033d                pos
 .bss.statusreg
                0x0080033e        0x1 FWCP_MK2.o
                0x0080033e                statusreg
 .bss.anzeige   0x0080033f        0x2 FWCP_MK2.o
                0x0080033f                anzeige
 .bss.batterie  0x00800341        0x4 FWCP_MK2.o
                0x00800341                batterie
 .bss.gol       0x00800345      0x800 FWCP_MK2.o
                0x00800345                gol
 .bss.Lautsprecher
                0x00800b45        0x2 FWCP_MK2.o
                0x00800b45                Lautsprecher
 .bss.Accelerometer
                0x00800b47       0xe9 FWCP_MK2.o
                0x00800b47                Accelerometer
 .bss.Sound     0x00800c30        0x2 FWCP_MK2.o
                0x00800c30                Sound
 .bss.IRLED     0x00800c32        0x2 FWCP_MK2.o
                0x00800c32                IRLED
 .bss.Vibrationsmotor
                0x00800c34        0x2 FWCP_MK2.o
                0x00800c34                Vibrationsmotor
 .bss.LED       0x00800c36        0x2 FWCP_MK2.o
                0x00800c36                LED
 .bss.Tastatur  0x00800c38        0xc FWCP_MK2.o
                0x00800c38                Tastatur
 .bss.oled      0x00800c44      0x401 FWCP_MK2.o
                0x00800c44                oled
 .bss.rtc       0x00801045       0x1f FWCP_MK2.o
                0x00801045                rtc
 .bss.kompass   0x00801064       0x19 FWCP_MK2.o
                0x00801064                kompass
 *(COMMON)
                0x0080107d                PROVIDE (__bss_end, .)
                0x000073ae                __data_load_start = LOADADDR (.data)
                0x000075da                __data_load_end = (__data_load_start + SIZEOF (.data))

.noinit         0x0080107d        0x0
                0x0080107d                PROVIDE (__noinit_start, .)
 *(.noinit*)
                0x0080107d                PROVIDE (__noinit_end, .)
                0x0080107d                _end = .
                0x0080107d                PROVIDE (__heap_start, .)

.eeprom         0x00810000        0x0
 *(.eeprom*)
                0x00810000                __eeprom_end = .

.fuse
 *(.fuse)
 *(.lfuse)
 *(.hfuse)
 *(.efuse)

.lock
 *(.lock*)

.signature
 *(.signature*)

.user_signatures
 *(.user_signatures*)

.stab
 *(.stab)

.stabstr
 *(.stabstr)

.stab.excl
 *(.stab.excl)

.stab.exclstr
 *(.stab.exclstr)

.stab.index
 *(.stab.index)

.stab.indexstr
 *(.stab.indexstr)

.comment        0x00000000       0x5c
 *(.comment)
 .comment       0x00000000       0x30 Display.o
                                 0x31 (size before relaxing)
 .comment       0x00000030       0x31 FWCP_MK2.o
 .comment       0x00000030       0x31 GOL.o
 .comment       0x00000030       0x31 I2C.o
 .comment       0x00000030       0x31 Interface.o
 .comment       0x00000030       0x31 Kompass.o
 .comment       0x00000030       0x31 LSM303D.o
 .comment       0x00000030       0x31 Output.o
 .comment       0x00000030       0x31 RTC.o
 .comment       0x00000030       0x31 SOUND.o
 .comment       0x00000030       0x2c c:/program files (x86)/atmel/studio/7.0/toolchain/avr8/avr8-gnu-toolchain/bin/../lib/gcc/avr/4.9.2/../../../../avr/lib/avr51\libprintf_flt.a(vfprintf_flt.o)
                                 0x2d (size before relaxing)
 .comment       0x0000005c       0x31 c:/program files (x86)/atmel/studio/7.0/toolchain/avr8/avr8-gnu-toolchain/bin/../lib/gcc/avr/4.9.2/../../../../avr/lib/avr51\libc.a(fputc.o)
 .comment       0x0000005c       0x31 c:/program files (x86)/atmel/studio/7.0/toolchain/avr8/avr8-gnu-toolchain/bin/../lib/gcc/avr/4.9.2/../../../../avr/lib/avr51\libc.a(sprintf.o)

.note.gnu.avr.deviceinfo
                0x00000000       0x40
 .note.gnu.avr.deviceinfo
                0x00000000       0x40 C:/Program Files (x86)/Atmel/Studio/7.0/Packs/atmel/ATmega_DFP/1.0.90/gcc/dev/atmega1284p/avr51/crtatmega1284p.o

.note.gnu.build-id
 *(.note.gnu.build-id)

.debug
 *(.debug)

.line
 *(.line)

.debug_srcinfo
 *(.debug_srcinfo)

.debug_sfnames
 *(.debug_sfnames)

.debug_aranges  0x00000000      0x4d8
 *(.debug_aranges)
 .debug_aranges
                0x00000000       0xb0 Display.o
 .debug_aranges
                0x000000b0      0x160 FWCP_MK2.o
 .debug_aranges
                0x00000210       0x68 GOL.o
 .debug_aranges
                0x00000278       0x58 I2C.o
 .debug_aranges
                0x000002d0       0x50 Interface.o
 .debug_aranges
                0x00000320       0x50 Kompass.o
 .debug_aranges
                0x00000370       0x70 LSM303D.o
 .debug_aranges
                0x000003e0       0x48 Output.o
 .debug_aranges
                0x00000428       0x70 RTC.o
 .debug_aranges
                0x00000498       0x40 SOUND.o

.debug_pubnames
 *(.debug_pubnames)

.debug_info     0x00000000     0xb4a5
 *(.debug_info .gnu.linkonce.wi.*)
 .debug_info    0x00000000     0x1c28 Display.o
 .debug_info    0x00001c28     0x5ada FWCP_MK2.o
 .debug_info    0x00007702      0x909 GOL.o
 .debug_info    0x0000800b      0x372 I2C.o
 .debug_info    0x0000837d      0xcc3 Interface.o
 .debug_info    0x00009040      0x989 Kompass.o
 .debug_info    0x000099c9      0xd77 LSM303D.o
 .debug_info    0x0000a740      0x3f7 Output.o
 .debug_info    0x0000ab37      0x62e RTC.o
 .debug_info    0x0000b165      0x340 SOUND.o

.debug_abbrev   0x00000000     0x1baf
 *(.debug_abbrev)
 .debug_abbrev  0x00000000      0x34e Display.o
 .debug_abbrev  0x0000034e      0x583 FWCP_MK2.o
 .debug_abbrev  0x000008d1      0x27c GOL.o
 .debug_abbrev  0x00000b4d      0x190 I2C.o
 .debug_abbrev  0x00000cdd      0x2b6 Interface.o
 .debug_abbrev  0x00000f93      0x2de Kompass.o
 .debug_abbrev  0x00001271      0x338 LSM303D.o
 .debug_abbrev  0x000015a9      0x1e0 Output.o
 .debug_abbrev  0x00001789      0x256 RTC.o
 .debug_abbrev  0x000019df      0x1d0 SOUND.o

.debug_line     0x00000000     0x40d8
 *(.debug_line .debug_line.* .debug_line_end)
 .debug_line    0x00000000      0x833 Display.o
 .debug_line    0x00000833     0x1e2e FWCP_MK2.o
 .debug_line    0x00002661      0x3ae GOL.o
 .debug_line    0x00002a0f      0x197 I2C.o
 .debug_line    0x00002ba6      0x4ec Interface.o
 .debug_line    0x00003092      0x338 Kompass.o
 .debug_line    0x000033ca      0x55b LSM303D.o
 .debug_line    0x00003925      0x217 Output.o
 .debug_line    0x00003b3c      0x447 RTC.o
 .debug_line    0x00003f83      0x155 SOUND.o

.debug_frame    0x00000000     0x12e0
 *(.debug_frame)
 .debug_frame   0x00000000      0x3a0 Display.o
 .debug_frame   0x000003a0      0x768 FWCP_MK2.o
 .debug_frame   0x00000b08      0x13c GOL.o
 .debug_frame   0x00000c44       0x94 I2C.o
 .debug_frame   0x00000cd8       0xa0 Interface.o
 .debug_frame   0x00000d78      0x144 Kompass.o
 .debug_frame   0x00000ebc      0x238 LSM303D.o
 .debug_frame   0x000010f4       0x74 Output.o
 .debug_frame   0x00001168       0xf4 RTC.o
 .debug_frame   0x0000125c       0x84 SOUND.o

.debug_str      0x00000000     0x1600
 *(.debug_str)
 .debug_str     0x00000000      0x646 Display.o
                                0x690 (size before relaxing)
 .debug_str     0x00000646      0xdbd FWCP_MK2.o
                               0x13ea (size before relaxing)
 .debug_str     0x00001403       0x39 GOL.o
                                0x336 (size before relaxing)
 .debug_str     0x0000143c       0x25 I2C.o
                                0x290 (size before relaxing)
 .debug_str     0x00001461       0x4f Interface.o
                                0x34d (size before relaxing)
 .debug_str     0x000014b0       0x46 Kompass.o
                                0x417 (size before relaxing)
 .debug_str     0x000014f6       0x5b LSM303D.o
                                0x4d7 (size before relaxing)
 .debug_str     0x00001551       0x51 Output.o
                                0x277 (size before relaxing)
 .debug_str     0x000015a2       0x25 RTC.o
                                0x37d (size before relaxing)
 .debug_str     0x000015c7       0x39 SOUND.o
                                0x26d (size before relaxing)

.debug_loc      0x00000000     0x8110
 *(.debug_loc)
 .debug_loc     0x00000000     0x1bcd Display.o
 .debug_loc     0x00001bcd     0x3491 FWCP_MK2.o
 .debug_loc     0x0000505e      0x61a GOL.o
 .debug_loc     0x00005678      0x128 I2C.o
 .debug_loc     0x000057a0      0xaa1 Interface.o
 .debug_loc     0x00006241      0x74c Kompass.o
 .debug_loc     0x0000698d      0xf76 LSM303D.o
 .debug_loc     0x00007903      0x397 Output.o
 .debug_loc     0x00007c9a      0x2d3 RTC.o
 .debug_loc     0x00007f6d      0x1a3 SOUND.o

.debug_macinfo
 *(.debug_macinfo)

.debug_weaknames
 *(.debug_weaknames)

.debug_funcnames
 *(.debug_funcnames)

.debug_typenames
 *(.debug_typenames)

.debug_varnames
 *(.debug_varnames)

.debug_pubtypes
 *(.debug_pubtypes)

.debug_ranges   0x00000000      0x4e8
 *(.debug_ranges)
 .debug_ranges  0x00000000      0x100 Display.o
 .debug_ranges  0x00000100      0x150 FWCP_MK2.o
 .debug_ranges  0x00000250       0x90 GOL.o
 .debug_ranges  0x000002e0       0x48 I2C.o
 .debug_ranges  0x00000328       0x40 Interface.o
 .debug_ranges  0x00000368       0x58 Kompass.o
 .debug_ranges  0x000003c0       0x60 LSM303D.o
 .debug_ranges  0x00000420       0x38 Output.o
 .debug_ranges  0x00000458       0x60 RTC.o
 .debug_ranges  0x000004b8       0x30 SOUND.o

.debug_macro
 *(.debug_macro)
OUTPUT(FWCP_MK2.elf elf32-avr)
LOAD linker stubs
