Archive member included because of file (symbol)

c:/program files/atmel/atmel toolchain/avr8 gcc/native/3.4.1061/avr8-gnu-toolchain/bin/../lib/gcc/avr/4.8.1/../../../../avr/lib/avr51\libm.a(addsf3.o)
                              Display.o (__subsf3)
c:/program files/atmel/atmel toolchain/avr8 gcc/native/3.4.1061/avr8-gnu-toolchain/bin/../lib/gcc/avr/4.8.1/../../../../avr/lib/avr51\libm.a(addsf3x.o)
                              c:/program files/atmel/atmel toolchain/avr8 gcc/native/3.4.1061/avr8-gnu-toolchain/bin/../lib/gcc/avr/4.8.1/../../../../avr/lib/avr51\libm.a(addsf3.o) (__addsf3x)
c:/program files/atmel/atmel toolchain/avr8 gcc/native/3.4.1061/avr8-gnu-toolchain/bin/../lib/gcc/avr/4.8.1/../../../../avr/lib/avr51\libm.a(atan2.o)
                              Kompass.o (atan2)
c:/program files/atmel/atmel toolchain/avr8 gcc/native/3.4.1061/avr8-gnu-toolchain/bin/../lib/gcc/avr/4.8.1/../../../../avr/lib/avr51\libm.a(atan.o)
                              c:/program files/atmel/atmel toolchain/avr8 gcc/native/3.4.1061/avr8-gnu-toolchain/bin/../lib/gcc/avr/4.8.1/../../../../avr/lib/avr51\libm.a(atan2.o) (atan)
c:/program files/atmel/atmel toolchain/avr8 gcc/native/3.4.1061/avr8-gnu-toolchain/bin/../lib/gcc/avr/4.8.1/../../../../avr/lib/avr51\libm.a(cmpsf2.o)
                              FWCP_MK2.o (__ltsf2)
c:/program files/atmel/atmel toolchain/avr8 gcc/native/3.4.1061/avr8-gnu-toolchain/bin/../lib/gcc/avr/4.8.1/../../../../avr/lib/avr51\libm.a(cos.o)
                              Display.o (cos)
c:/program files/atmel/atmel toolchain/avr8 gcc/native/3.4.1061/avr8-gnu-toolchain/bin/../lib/gcc/avr/4.8.1/../../../../avr/lib/avr51\libm.a(divsf3.o)
                              Display.o (__divsf3)
c:/program files/atmel/atmel toolchain/avr8 gcc/native/3.4.1061/avr8-gnu-toolchain/bin/../lib/gcc/avr/4.8.1/../../../../avr/lib/avr51\libm.a(divsf3x.o)
                              c:/program files/atmel/atmel toolchain/avr8 gcc/native/3.4.1061/avr8-gnu-toolchain/bin/../lib/gcc/avr/4.8.1/../../../../avr/lib/avr51\libm.a(divsf3.o) (__divsf3x)
c:/program files/atmel/atmel toolchain/avr8 gcc/native/3.4.1061/avr8-gnu-toolchain/bin/../lib/gcc/avr/4.8.1/../../../../avr/lib/avr51\libm.a(fixsfsi.o)
                              FWCP_MK2.o (__fixsfsi)
c:/program files/atmel/atmel toolchain/avr8 gcc/native/3.4.1061/avr8-gnu-toolchain/bin/../lib/gcc/avr/4.8.1/../../../../avr/lib/avr51\libm.a(fixunssfsi.o)
                              Display.o (__fixunssfsi)
c:/program files/atmel/atmel toolchain/avr8 gcc/native/3.4.1061/avr8-gnu-toolchain/bin/../lib/gcc/avr/4.8.1/../../../../avr/lib/avr51\libm.a(floatsisf.o)
                              FWCP_MK2.o (__floatunsisf)
c:/program files/atmel/atmel toolchain/avr8 gcc/native/3.4.1061/avr8-gnu-toolchain/bin/../lib/gcc/avr/4.8.1/../../../../avr/lib/avr51\libm.a(fp_cmp.o)
                              c:/program files/atmel/atmel toolchain/avr8 gcc/native/3.4.1061/avr8-gnu-toolchain/bin/../lib/gcc/avr/4.8.1/../../../../avr/lib/avr51\libm.a(cmpsf2.o) (__fp_cmp)
c:/program files/atmel/atmel toolchain/avr8 gcc/native/3.4.1061/avr8-gnu-toolchain/bin/../lib/gcc/avr/4.8.1/../../../../avr/lib/avr51\libm.a(fp_inf.o)
                              c:/program files/atmel/atmel toolchain/avr8 gcc/native/3.4.1061/avr8-gnu-toolchain/bin/../lib/gcc/avr/4.8.1/../../../../avr/lib/avr51\libm.a(addsf3x.o) (__fp_inf)
c:/program files/atmel/atmel toolchain/avr8 gcc/native/3.4.1061/avr8-gnu-toolchain/bin/../lib/gcc/avr/4.8.1/../../../../avr/lib/avr51\libm.a(fp_nan.o)
                              c:/program files/atmel/atmel toolchain/avr8 gcc/native/3.4.1061/avr8-gnu-toolchain/bin/../lib/gcc/avr/4.8.1/../../../../avr/lib/avr51\libm.a(addsf3x.o) (__fp_nan)
c:/program files/atmel/atmel toolchain/avr8 gcc/native/3.4.1061/avr8-gnu-toolchain/bin/../lib/gcc/avr/4.8.1/../../../../avr/lib/avr51\libm.a(fp_powser.o)
                              c:/program files/atmel/atmel toolchain/avr8 gcc/native/3.4.1061/avr8-gnu-toolchain/bin/../lib/gcc/avr/4.8.1/../../../../avr/lib/avr51\libm.a(atan.o) (__fp_powser)
c:/program files/atmel/atmel toolchain/avr8 gcc/native/3.4.1061/avr8-gnu-toolchain/bin/../lib/gcc/avr/4.8.1/../../../../avr/lib/avr51\libm.a(fp_pscA.o)
                              c:/program files/atmel/atmel toolchain/avr8 gcc/native/3.4.1061/avr8-gnu-toolchain/bin/../lib/gcc/avr/4.8.1/../../../../avr/lib/avr51\libm.a(addsf3x.o) (__fp_pscA)
c:/program files/atmel/atmel toolchain/avr8 gcc/native/3.4.1061/avr8-gnu-toolchain/bin/../lib/gcc/avr/4.8.1/../../../../avr/lib/avr51\libm.a(fp_pscB.o)
                              c:/program files/atmel/atmel toolchain/avr8 gcc/native/3.4.1061/avr8-gnu-toolchain/bin/../lib/gcc/avr/4.8.1/../../../../avr/lib/avr51\libm.a(addsf3x.o) (__fp_pscB)
c:/program files/atmel/atmel toolchain/avr8 gcc/native/3.4.1061/avr8-gnu-toolchain/bin/../lib/gcc/avr/4.8.1/../../../../avr/lib/avr51\libm.a(fp_rempio2.o)
[...]
Memory Configuration

Name             Origin             Length             Attributes
text             0x00000000         0x00020000         xr
data             0x00800100         0x0000ff00         rw !x
eeprom           0x00810000         0x00010000         rw !x
fuse             0x00820000         0x00000400         rw !x
lock             0x00830000         0x00000400         rw !x
signature        0x00840000         0x00000400         rw !x
user_signatures  0x00850000         0x00000400         rw !x
*default*        0x00000000         0xffffffff

Linker script and memory map

Address of section .data set to 0x800100
LOAD c:/program files/atmel/atmel toolchain/avr8 gcc/native/3.4.1061/avr8-gnu-toolchain/bin/../lib/gcc/avr/4.8.1/../../../../avr/lib/avr51/crtm1284p.o
LOAD Display.o
LOAD FWCP_MK2.o
LOAD I2C.o
LOAD Interface.o
LOAD Kompass.o
LOAD LSM303D.o
LOAD Output.o
LOAD Pressure.o
LOAD RTC.o
LOAD SOUND.o
START GROUP
LOAD c:/program files/atmel/atmel toolchain/avr8 gcc/native/3.4.1061/avr8-gnu-toolchain/bin/../lib/gcc/avr/4.8.1/../../../../avr/lib/avr51\libm.a
LOAD c:/program files/atmel/atmel toolchain/avr8 gcc/native/3.4.1061/avr8-gnu-toolchain/bin/../lib/gcc/avr/4.8.1/../../../../avr/lib/avr51\libprintf_flt.a
END GROUP
LOAD c:/program files/atmel/atmel toolchain/avr8 gcc/native/3.4.1061/avr8-gnu-toolchain/bin/../lib/gcc/avr/4.8.1/avr51\libgcc.a
LOAD c:/program files/atmel/atmel toolchain/avr8 gcc/native/3.4.1061/avr8-gnu-toolchain/bin/../lib/gcc/avr/4.8.1/../../../../avr/lib/avr51\libm.a
START GROUP
LOAD c:/program files/atmel/atmel toolchain/avr8 gcc/native/3.4.1061/avr8-gnu-toolchain/bin/../lib/gcc/avr/4.8.1/avr51\libgcc.a
LOAD c:/program files/atmel/atmel toolchain/avr8 gcc/native/3.4.1061/avr8-gnu-toolchain/bin/../lib/gcc/avr/4.8.1/../../../../avr/lib/avr51\libm.a
LOAD c:/program files/atmel/atmel toolchain/avr8 gcc/native/3.4.1061/avr8-gnu-toolchain/bin/../lib/gcc/avr/4.8.1/../../../../avr/lib/avr51\libc.a
END GROUP

.hash
 *(.hash)

.dynsym
 *(.dynsym)

.dynstr
 *(.dynstr)

.gnu.version
 *(.gnu.version)

.gnu.version_d
 *(.gnu.version_d)

.gnu.version_r
 *(.gnu.version_r)

.rel.init
 *(.rel.init)

.rela.init
 *(.rela.init)

.rel.text
 *(.rel.text)
 *(.rel.text.*)
 *(.rel.gnu.linkonce.t*)

.rela.text
 *(.rela.text)
 *(.rela.text.*)
 *(.rela.gnu.linkonce.t*)

.rel.fini
 *(.rel.fini)

.rela.fini
 *(.rela.fini)

.rel.rodata
 *(.rel.rodata)
 *(.rel.rodata.*)
 *(.rel.gnu.linkonce.r*)

.rela.rodata
 *(.rela.rodata)
 *(.rela.rodata.*)
 *(.rela.gnu.linkonce.r*)

.rel.data
 *(.rel.data)
 *(.rel.data.*)
 *(.rel.gnu.linkonce.d*)

.rela.data
 *(.rela.data)
 *(.rela.data.*)
 *(.rela.gnu.linkonce.d*)

.rel.ctors
 *(.rel.ctors)

.rela.ctors
 *(.rela.ctors)

.rel.dtors
 *(.rel.dtors)

.rela.dtors
 *(.rela.dtors)

.rel.got
 *(.rel.got)

.rela.got
 *(.rela.got)

.rel.bss
 *(.rel.bss)

.rela.bss
 *(.rela.bss)

.rel.plt
 *(.rel.plt)

.rela.plt
 *(.rela.plt)

.text           0x00000000     0x66ae
 *(.vectors)
 .vectors       0x00000000       0x8c c:/program files/atmel/atmel toolchain/avr8 gcc/native/3.4.1061/avr8-gnu-toolchain/bin/../lib/gcc/avr/4.8.1/../../../../avr/lib/avr51/crtm1284p.o
                0x00000000                __vector_default
                0x00000000                __vectors
 *(.vectors)
 *(.progmem.gcc*)
 .progmem.gcc_sw_table._Z13uhreinstellenv
                0x0000008c       0x14 FWCP_MK2.o
 .progmem.gcc_sw_table._Z14eingabehandlerh
                0x000000a0       0x1e FWCP_MK2.o
 .progmem.gcc_fplib
                0x000000be       0x2d c:/program files/atmel/atmel toolchain/avr8 gcc/native/3.4.1061/avr8-gnu-toolchain/bin/../lib/gcc/avr/4.8.1/../../../../avr/lib/avr51\libm.a(atan.o)
 .progmem.gcc_fplib
                0x000000eb       0x1e c:/program files/atmel/atmel toolchain/avr8 gcc/native/3.4.1061/avr8-gnu-toolchain/bin/../lib/gcc/avr/4.8.1/../../../../avr/lib/avr51\libm.a(fp_sinus.o)
 .progmem.gcc_fplib
                0x00000109       0x23 c:/program files/atmel/atmel toolchain/avr8 gcc/native/3.4.1061/avr8-gnu-toolchain/bin/../lib/gcc/avr/4.8.1/../../../../avr/lib/avr51\libm.a(tan.o)
                0x0000012c                . = ALIGN (0x2)
                0x0000012c                __trampolines_start = .
 *(.trampolines)
 .trampolines   0x0000012c        0x0 linker stubs
 *(.trampolines*)
                0x0000012c                __trampolines_end = .
 *(.progmem*)
 .progmem.data._ZL11digits16x16
                0x0000012c      0x140 Display.o
 .progmem.data._ZL7font5x8
                0x0000026c      0x1d6 Display.o
 .progmem.data  0x00000442        0x8 c:/program files/atmel/atmel toolchain/avr8 gcc/native/3.4.1061/avr8-gnu-toolchain/bin/../lib/gcc/avr/4.8.1/../../../../avr/lib/avr51\libprintf_flt.a(vfprintf_flt.o)
 .progmem.data  0x0000044a       0xfa c:/program files/atmel/atmel toolchain/avr8 gcc/native/3.4.1061/avr8-gnu-toolchain/bin/../lib/gcc/avr/4.8.1/../../../../avr/lib/avr51\libc.a(ftoa_engine.o)
                0x00000544                . = ALIGN (0x2)
 *(.jumptables)
 *(.jumptables*)
 *(.lowtext)
 *(.lowtext*)
                0x00000544                __ctors_start = .
 *(.ctors)
 .ctors         0x00000544        0x2 FWCP_MK2.o
                0x00000546                __ctors_end = .
                0x00000546                __dtors_start = .
 *(.dtors)
 .dtors         0x00000546        0x2 FWCP_MK2.o
                0x00000548                __dtors_end = .
 SORT(*)(.ctors)
 SORT(*)(.dtors)
 *(.init0)
 .init0         0x00000548        0x0 c:/program files/atmel/atmel toolchain/avr8 gcc/native/3.4.1061/avr8-gnu-toolchain/bin/../lib/gcc/avr/4.8.1/../../../../avr/lib/avr51/crtm1284p.o
                0x00000548                __init
 *(.init0)
 *(.init1)
 *(.init1)
 *(.init2)
 .init2         0x00000548        0xc c:/program files/atmel/atmel toolchain/avr8 gcc/native/3.4.1061/avr8-gnu-toolchain/bin/../lib/gcc/avr/4.8.1/../../../../avr/lib/avr51/crtm1284p.o
 *(.init2)
 *(.init3)
 *(.init3)
 *(.init4)
 .init4         0x00000554       0x1a c:/program files/atmel/atmel toolchain/avr8 gcc/native/3.4.1061/avr8-gnu-toolchain/bin/../lib/gcc/avr/4.8.1/avr51\libgcc.a(_copy_data.o)
                0x00000554                __do_copy_data
 .init4         0x0000056e       0x10 c:/program files/atmel/atmel toolchain/avr8 gcc/native/3.4.1061/avr8-gnu-toolchain/bin/../lib/gcc/avr/4.8.1/avr51\libgcc.a(_clear_bss.o)
                0x0000056e                __do_clear_bss
 *(.init4)
 *(.init5)
 *(.init5)
 *(.init6)
 .init6         0x0000057e       0x20 c:/program files/atmel/atmel toolchain/avr8 gcc/native/3.4.1061/avr8-gnu-toolchain/bin/../lib/gcc/avr/4.8.1/avr51\libgcc.a(_ctors.o)
                0x0000057e                __do_global_ctors
 *(.init6)
 *(.init7)
 *(.init7)
 *(.init8)
 *(.init8)
 *(.init9)
 .init9         0x0000059e        0x8 c:/program files/atmel/atmel toolchain/avr8 gcc/native/3.4.1061/avr8-gnu-toolchain/bin/../lib/gcc/avr/4.8.1/../../../../avr/lib/avr51/crtm1284p.o
 *(.init9)
 *(.text)
 .text          0x000005a6        0x2 c:/program files/atmel/atmel toolchain/avr8 gcc/native/3.4.1061/avr8-gnu-toolchain/bin/../lib/gcc/avr/4.8.1/../../../../avr/lib/avr51/crtm1284p.o
                0x000005a6                __vector_22
                0x000005a6                __vector_28
                0x000005a6                __vector_1
                0x000005a6                __vector_32
                0x000005a6                __vector_34
                0x000005a6                __vector_24
                0x000005a6                __vector_12
                0x000005a6                __bad_interrupt
                0x000005a6                __vector_6
                0x000005a6                __vector_31
                0x000005a6                __vector_3
                0x000005a6                __vector_23
                0x000005a6                __vector_30
                0x000005a6                __vector_25
                0x000005a6                __vector_17
                0x000005a6                __vector_19
                0x000005a6                __vector_7
                0x000005a6                __vector_27
                0x000005a6                __vector_5
                0x000005a6                __vector_33
                0x000005a6                __vector_4
                0x000005a6                __vector_9
                0x000005a6                __vector_2
                0x000005a6                __vector_21
                0x000005a6                __vector_15
                0x000005a6                __vector_29
                0x000005a6                __vector_8
                0x000005a6                __vector_26
                0x000005a6                __vector_14
                0x000005a6                __vector_10
                0x000005a6                __vector_16
                0x000005a6                __vector_18
                0x000005a6                __vector_20
                0x000005a8                . = ALIGN (0x2)
 *(.text.*)
 .text._ZN7DisplayD2Ev
                0x000005a8        0x8 Display.o
                0x000005a8                _ZN7DisplayD2Ev
                0x000005a8                _ZN7DisplayD1Ev
 .text._ZN7Display10clearFrameEv
                0x000005b0       0x16 Display.o
                0x000005b0                _ZN7Display10clearFrameEv
 .text._ZN7Display15ssd1306_commandEh
                0x000005c6       0x38 Display.o
                0x000005c6                _ZN7Display15ssd1306_commandEh
 .text._ZN7Display17InitializeDisplayEv
                0x000005fe       0xa0 Display.o
                0x000005fe                _ZN7Display17InitializeDisplayEv
 .text._ZN7DisplayC2Ev
                0x0000069e       0x16 Display.o
                0x0000069e                _ZN7DisplayC2Ev
                0x0000069e                _ZN7DisplayC1Ev
 .text._ZN7Display6invertEh
                0x000006b4       0x10 Display.o
                0x000006b4                _ZN7Display6invertEh
 .text._ZN7Display9sendFrameEv
                0x000006c4       0x7a Display.o
                0x000006c4                _ZN7Display9sendFrameEv
 .text._ZN7Display9drawPixelEhhh
                0x0000073e       0x74 Display.o
                0x0000073e                _ZN7Display9drawPixelEhhh
 .text._ZN7Display9drawVLineEhhh
                0x000007b2       0x34 Display.o
                0x000007b2                _ZN7Display9drawVLineEhhh
 .text._ZN7Display9drawHLineEhhh
                0x000007e6       0x34 Display.o
                0x000007e6                _ZN7Display9drawHLineEhhh
 .text._ZN7Display13drawRectangleEhhhhh
                0x0000081a       0xb8 Display.o
                0x0000081a                _ZN7Display13drawRectangleEhhhhh
 .text._ZN7Display9draw_lineEhhhf
                0x000008d2      0x144 Display.o
                0x000008d2                _ZN7Display9draw_lineEhhhf
 .text._ZN7Display13draw_triangleEhhhff
                0x00000a16      0x240 Display.o
                0x00000a16                _ZN7Display13draw_triangleEhhhff
 .text._ZN7Display9draw_ASCIEhhh
                0x00000c56       0x9c Display.o
                0x00000c56                _ZN7Display9draw_ASCIEhhh
 .text._ZN7Display16draw_number16x16Ehhh
                0x00000cf2       0xec Display.o
                0x00000cf2                _ZN7Display16draw_number16x16Ehhh
 .text._ZN7Display6analogEhhhh
                0x00000dde      0x4f2 Display.o
                0x00000dde                _ZN7Display6analogEhhhh
 .text._Z8ADC_Readh
                0x000012d0       0x28 FWCP_MK2.o
                0x000012d0                _Z8ADC_Readh
 .text._Z14Batteriestatusv
                0x000012f8       0xde FWCP_MK2.o
                0x000012f8                _Z14Batteriestatusv
 .text._Z12EEPROM_Writejh
                0x000013d6       0x14 FWCP_MK2.o
                0x000013d6                _Z12EEPROM_Writejh
 .text._Z11EEPROM_Readj
                0x000013ea       0x12 FWCP_MK2.o
                0x000013ea                _Z11EEPROM_Readj
 .text._Z14willkommenpagev
                0x000013fc      0x13e FWCP_MK2.o
                0x000013fc                _Z14willkommenpagev
 .text._Z6headerh
                0x0000153a      0x1c2 FWCP_MK2.o
                0x0000153a                _Z6headerh
 .text._Z6bottomh
                0x000016fc       0x4a FWCP_MK2.o
                0x000016fc                _Z6bottomh
 .text._Z16anzeige_richtungfhh
                0x00001746      0x1b0 FWCP_MK2.o
                0x00001746                _Z16anzeige_richtungfhh
 .text._Z13anzeige_nadelhhf
                0x000018f6       0x3a FWCP_MK2.o
                0x000018f6                _Z13anzeige_nadelhhf
 .text._Z19anzeige_kleinenadelhhf
                0x00001930       0x3a FWCP_MK2.o
                0x00001930                _Z19anzeige_kleinenadelhhf
 .text._Z11menue_hauptv
                0x0000196a      0x18e FWCP_MK2.o
                0x0000196a                _Z11menue_hauptv
 .text._Z11menue_einstv
                0x00001af8      0x104 FWCP_MK2.o
                0x00001af8                _Z11menue_einstv
 .text._Z9menue_uhrv
                0x00001bfc      0x13a FWCP_MK2.o
                0x00001bfc                _Z9menue_uhrv
 .text._Z11uhranzeigenv
                0x00001d36      0x12a FWCP_MK2.o
                0x00001d36                _Z11uhranzeigenv
 .text._Z14uhranzeigenminv
                0x00001e60       0xb0 FWCP_MK2.o
                0x00001e60                _Z14uhranzeigenminv
 .text._Z13Weckeranzeigev
                0x00001f10      0x124 FWCP_MK2.o
                0x00001f10                _Z13Weckeranzeigev
 .text._Z12fahradschirmddddm
                0x00002034      0x2dc FWCP_MK2.o
                0x00002034                _Z12fahradschirmddddm
 .text._Z14Gaineinstellenv
                0x00002310      0x1cc FWCP_MK2.o
                0x00002310                _Z14Gaineinstellenv
 .text._Z15anzeige_kompassd
                0x000024dc      0x128 FWCP_MK2.o
                0x000024dc                _Z15anzeige_kompassd
 .text._Z10timerseitev
                0x00002604      0x198 FWCP_MK2.o
                0x00002604                _Z10timerseitev
 .text._Z13Stoppuhrseitev
                0x0000279c      0x182 FWCP_MK2.o
                0x0000279c                _Z13Stoppuhrseitev
 .text._Z14Pressuresensorv
                0x0000291e       0x78 FWCP_MK2.o
                0x0000291e                _Z14Pressuresensorv
 .text._Z11Wanderseitev
                0x00002996      0x30a FWCP_MK2.o
                0x00002996                _Z11Wanderseitev
 .text._Z13uhreinstellenv
                0x00002ca0      0x7e0 FWCP_MK2.o
                0x00002ca0                _Z13uhreinstellenv
 .text.__vector_11
                0x00003480       0x3c FWCP_MK2.o
                0x00003480                __vector_11
 .text.__vector_13
                0x000034bc       0x22 FWCP_MK2.o
                0x000034bc                __vector_13
 .text._Z15geschwindigkeitf
                0x000034de       0xd2 FWCP_MK2.o
                0x000034de                _Z15geschwindigkeitf
 .text._Z13reed_debouncePVhh
                0x000035b0       0x4c FWCP_MK2.o
                0x000035b0                _Z13reed_debouncePVhh
 .text._Z9inittimerh
                0x000035fc       0x36 FWCP_MK2.o
                0x000035fc                _Z9inittimerh
 .text._Z15initialisierungv
                0x00003632      0x106 FWCP_MK2.o
                0x00003632                _Z15initialisierungv
 .text._Z19maininterupthandlerv
                0x00003738       0x6c FWCP_MK2.o
                0x00003738                _Z19maininterupthandlerv
 .text._Z14anzeigehandlerv
                0x000037a4      0x508 FWCP_MK2.o
                0x000037a4                _Z14anzeigehandlerv
 .text._Z14eingabehandlerh
                0x00003cac      0x906 FWCP_MK2.o
                0x00003cac                _Z14eingabehandlerh
 .text.main     0x000045b2       0x10 FWCP_MK2.o
                0x000045b2                main
 .text._GLOBAL__sub_I_kompass
                0x000045c2       0x50 FWCP_MK2.o
 .text._GLOBAL__sub_D_kompass
                0x00004612       0x40 FWCP_MK2.o
 .text._ZN3I2CC2Ev
                0x00004652        0x8 I2C.o
                0x00004652                _ZN3I2CC2Ev
                0x00004652                _ZN3I2CC1Ev
 .text._ZN3I2CD2Ev
                0x0000465a        0x2 I2C.o
                0x0000465a                _ZN3I2CD1Ev
                0x0000465a                _ZN3I2CD2Ev
 .text._ZN3I2C9twi_startEv
                0x0000465c        0x8 I2C.o
                0x0000465c                _ZN3I2C9twi_startEv
 .text._ZN3I2C8twi_stopEv
                0x00004664        0x8 I2C.o
                0x00004664                _ZN3I2C8twi_stopEv
 .text._ZN3I2C9twi_writeEh
                0x0000466c       0x20 I2C.o
                0x0000466c                _ZN3I2C9twi_writeEh
 .text._ZN3I2C8twi_readEh
                0x0000468c       0x22 I2C.o
                0x0000468c                _ZN3I2C8twi_readEh
 .text._ZN9InterfaceC2Ev
                0x000046ae       0x26 Interface.o
                0x000046ae                _ZN9InterfaceC1Ev
                0x000046ae                _ZN9InterfaceC2Ev
 .text._ZN9InterfaceD2Ev
                0x000046d4        0x2 Interface.o
                0x000046d4                _ZN9InterfaceD1Ev
                0x000046d4                _ZN9InterfaceD2Ev
 .text._ZN9Interface7paradebEPVhhPh
                0x000046d6       0x4e Interface.o
                0x000046d6                _ZN9Interface7paradebEPVhhPh
 .text._ZN9Interface6TasterEv
                0x00004724      0x160 Interface.o
                0x00004724                _ZN9Interface6TasterEv
 .text._ZN9Interface17ZahlenausTastaturEv
                0x00004884       0x16 Interface.o
                0x00004884                _ZN9Interface17ZahlenausTastaturEv
 .text._ZN7KompassD2Ev
                0x0000489a        0x6 Kompass.o
                0x0000489a                _ZN7KompassD1Ev
                0x0000489a                _ZN7KompassD2Ev
 .text._ZN7Kompass16HMC5883L_commandEhh
                0x000048a0       0x34 Kompass.o
                0x000048a0                _ZN7Kompass16HMC5883L_commandEhh
 .text._ZN7KompassC2Ev
                0x000048d4       0x40 Kompass.o
                0x000048d4                _ZN7KompassC1Ev
                0x000048d4                _ZN7KompassC2Ev
 .text._ZN7Kompass20HMC5883L_readHeadingEv
                0x00004914      0x170 Kompass.o
                0x00004914                _ZN7Kompass20HMC5883L_readHeadingEv
 .text._ZN7Kompass5angleEdd
                0x00004a84      0x248 Kompass.o
                0x00004a84                _ZN7Kompass5angleEdd
 .text._ZN7Kompass25kallibrierung_ruecksetzenEv
                0x00004ccc       0x28 Kompass.o
                0x00004ccc                _ZN7Kompass25kallibrierung_ruecksetzenEv
 .text._ZN7LSM303DD2Ev
                0x00004cf4        0x6 LSM303D.o
                0x00004cf4                _ZN7LSM303DD1Ev
                0x00004cf4                _ZN7LSM303DD2Ev
 .text._ZN7LSM303D7readaccEv
                0x00004cfa      0x13a LSM303D.o
                0x00004cfa                _ZN7LSM303D7readaccEv
 .text._ZN7LSM303D11readtemperaEv
                0x00004e34       0xa2 LSM303D.o
                0x00004e34                _ZN7LSM303D11readtemperaEv
 .text._ZN7LSM303D14LSM303_commandEhh
                0x00004ed6       0x34 LSM303D.o
                0x00004ed6                _ZN7LSM303D14LSM303_commandEhh
 .text._ZN7LSM303D13ACCBypassmodeEv
                0x00004f0a        0x8 LSM303D.o
                0x00004f0a                _ZN7LSM303D13ACCBypassmodeEv
 .text._ZN7LSM303D9acce_initEv
                0x00004f12       0x26 LSM303D.o
                0x00004f12                _ZN7LSM303D9acce_initEv
 .text._ZN7LSM303DC2Ev
                0x00004f38       0x34 LSM303D.o
                0x00004f38                _ZN7LSM303DC2Ev
                0x00004f38                _ZN7LSM303DC1Ev
 .text._ZN6OutputC2Ehh
                0x00004f6c       0x84 Output.o
                0x00004f6c                _ZN6OutputC2Ehh
                0x00004f6c                _ZN6OutputC1Ehh
 .text._ZN6OutputD2Ev
                0x00004ff0        0x2 Output.o
                0x00004ff0                _ZN6OutputD1Ev
                0x00004ff0                _ZN6OutputD2Ev
 .text._ZN6Output2onEv
                0x00004ff2       0x92 Output.o
                0x00004ff2                _ZN6Output2onEv
 .text._ZN6Output4isonEv
                0x00005084       0x86 Output.o
                0x00005084                _ZN6Output4isonEv
 .text._ZN6Output3offEv
                0x0000510a       0x9a Output.o
                0x0000510a                _ZN6Output3offEv
 .text._ZN6Output6toggleEv
                0x000051a4       0x92 Output.o
                0x000051a4                _ZN6Output6toggleEv
 .text._ZN3RTCD2Ev
                0x00005236        0x2 RTC.o
                0x00005236                _ZN3RTCD2Ev
                0x00005236                _ZN3RTCD1Ev
 .text._ZN3RTC6WeckerEv
                0x00005238       0x22 RTC.o
                0x00005238                _ZN3RTC6WeckerEv
 .text._ZN3RTC14ausgabezeitneuEv
                0x0000525a       0x72 RTC.o
                0x0000525a                _ZN3RTC14ausgabezeitneuEv
 .text._ZN3RTC15ausgabedatumneuEv
                0x000052cc       0x72 RTC.o
                0x000052cc                _ZN3RTC15ausgabedatumneuEv
 .text._ZN3RTCC2Ev
                0x0000533e       0x52 RTC.o
                0x0000533e                _ZN3RTCC2Ev
                0x0000533e                _ZN3RTCC1Ev
 .text._ZN3RTC8kalenderEv
                0x00005390       0x88 RTC.o
                0x00005390                _ZN3RTC8kalenderEv
 .text._ZN3RTC4zeitEv
                0x00005418       0x74 RTC.o
                0x00005418                _ZN3RTC4zeitEv
 .text._ZN3RTC8RTCstartEv
                0x0000548c       0x32 RTC.o
                0x0000548c                _ZN3RTC8RTCstartEv
 .text._ZN3RTC7RTCstopEv
                0x000054be        0xc RTC.o
                0x000054be                _ZN3RTC7RTCstopEv
 .text._ZN5SOUNDD2Ev
                0x000054ca        0x2 SOUND.o
                0x000054ca                _ZN5SOUNDD2Ev
                0x000054ca                _ZN5SOUNDD1Ev
 .text._ZN5SOUND2onEv
                0x000054cc       0x12 SOUND.o
                0x000054cc                _ZN5SOUND2onEv
 .text._ZN5SOUND3offEv
                0x000054de        0x8 SOUND.o
                0x000054de                _ZN5SOUND3offEv
 .text._ZN5SOUND12setfrequenciEj
                0x000054e6       0x38 SOUND.o
                0x000054e6                _ZN5SOUND12setfrequenciEj
 .text._ZN5SOUNDC2Ev
                0x0000551e       0x2e SOUND.o
                0x0000551e                _ZN5SOUNDC2Ev
                0x0000551e                _ZN5SOUNDC1Ev
 .text.avr-libc.fplib
                0x0000554c        0xa c:/program files/atmel/atmel toolchain/avr8 gcc/native/3.4.1061/avr8-gnu-toolchain/bin/../lib/gcc/avr/4.8.1/../../../../avr/lib/avr51\libm.a(addsf3.o)
                0x0000554c                __subsf3
                0x0000554e                __addsf3
 .text.avr-libc.fplib
                0x00005556       0xc0 c:/program files/atmel/atmel toolchain/avr8 gcc/native/3.4.1061/avr8-gnu-toolchain/bin/../lib/gcc/avr/4.8.1/../../../../avr/lib/avr51\libm.a(addsf3x.o)
                0x00005570                __addsf3x
 .text.avr-libc.fplib
                0x00005616       0x74 c:/program files/atmel/atmel toolchain/avr8 gcc/native/3.4.1061/avr8-gnu-toolchain/bin/../lib/gcc/avr/4.8.1/../../../../avr/lib/avr51\libm.a(atan2.o)
                0x00005634                atan2
 .text.avr-libc.fplib
                0x0000568a       0x50 c:/program files/atmel/atmel toolchain/avr8 gcc/native/3.4.1061/avr8-gnu-toolchain/bin/../lib/gcc/avr/4.8.1/../../../../avr/lib/avr51\libm.a(atan.o)
                0x0000568a                atan
 .text.avr-libc.fplib
                0x000056da        0x8 c:/program files/atmel/atmel toolchain/avr8 gcc/native/3.4.1061/avr8-gnu-toolchain/bin/../lib/gcc/avr/4.8.1/../../../../avr/lib/avr51\libm.a(cmpsf2.o)
                0x000056da                __nesf2
                0x000056da                __eqsf2
                0x000056da                __cmpsf2
                0x000056da                __ltsf2
                0x000056da                __lesf2
 .text.avr-libc.fplib
                0x000056e2        0x6 c:/program files/atmel/atmel toolchain/avr8 gcc/native/3.4.1061/avr8-gnu-toolchain/bin/../lib/gcc/avr/4.8.1/../../../../avr/lib/avr51\libm.a(cos.o)
                0x000056e2                cos
 .text.avr-libc.fplib
                0x000056e8        0x4 c:/program files/atmel/atmel toolchain/avr8 gcc/native/3.4.1061/avr8-gnu-toolchain/bin/../lib/gcc/avr/4.8.1/../../../../avr/lib/avr51\libm.a(divsf3.o)
                0x000056e8                __divsf3
 .text.avr-libc.fplib
                0x000056ec       0xcc c:/program files/atmel/atmel toolchain/avr8 gcc/native/3.4.1061/avr8-gnu-toolchain/bin/../lib/gcc/avr/4.8.1/../../../../avr/lib/avr51\libm.a(divsf3x.o)
                0x00005702                __divsf3x
                0x00005706                __divsf3_pse
 .text.avr-libc.fplib
                0x000057b8        0xa c:/program files/atmel/atmel toolchain/avr8 gcc/native/3.4.1061/avr8-gnu-toolchain/bin/../lib/gcc/avr/4.8.1/../../../../avr/lib/avr51\libm.a(fixsfsi.o)
                0x000057b8                __fixsfsi
 .text.avr-libc.fplib
                0x000057c2       0x58 c:/program files/atmel/atmel toolchain/avr8 gcc/native/3.4.1061/avr8-gnu-toolchain/bin/../lib/gcc/avr/4.8.1/../../../../avr/lib/avr51\libm.a(fixunssfsi.o)
                0x000057c2                __fixunssfsi
 .text.avr-libc.fplib
                0x0000581a       0x7a c:/program files/atmel/atmel toolchain/avr8 gcc/native/3.4.1061/avr8-gnu-toolchain/bin/../lib/gcc/avr/4.8.1/../../../../avr/lib/avr51\libm.a(floatsisf.o)
                0x0000581a                __floatunsisf
                0x0000581e                __floatsisf
 .text.avr-libc.fplib
                0x00005894       0x48 c:/program files/atmel/atmel toolchain/avr8 gcc/native/3.4.1061/avr8-gnu-toolchain/bin/../lib/gcc/avr/4.8.1/../../../../avr/lib/avr51\libm.a(fp_cmp.o)
                0x00005894                __fp_cmp
 .text.avr-libc.fplib
                0x000058dc        0xc c:/program files/atmel/atmel toolchain/avr8 gcc/native/3.4.1061/avr8-gnu-toolchain/bin/../lib/gcc/avr/4.8.1/../../../../avr/lib/avr51\libm.a(fp_inf.o)
                0x000058dc                __fp_inf
 .text.avr-libc.fplib
                0x000058e8        0x6 c:/program files/atmel/atmel toolchain/avr8 gcc/native/3.4.1061/avr8-gnu-toolchain/bin/../lib/gcc/avr/4.8.1/../../../../avr/lib/avr51\libm.a(fp_nan.o)
                0x000058e8                __fp_nan
 .text.avr-libc.fplib
                0x000058ee       0x4a c:/program files/atmel/atmel toolchain/avr8 gcc/native/3.4.1061/avr8-gnu-toolchain/bin/../lib/gcc/avr/4.8.1/../../../../avr/lib/avr51\libm.a(fp_powser.o)
                0x000058ee                __fp_powser
 .text.avr-libc.fplib
                0x00005938        0xe c:/program files/atmel/atmel toolchain/avr8 gcc/native/3.4.1061/avr8-gnu-toolchain/bin/../lib/gcc/avr/4.8.1/../../../../avr/lib/avr51\libm.a(fp_pscA.o)
                0x00005938                __fp_pscA
 .text.avr-libc.fplib
                0x00005946        0xe c:/program files/atmel/atmel toolchain/avr8 gcc/native/3.4.1061/avr8-gnu-toolchain/bin/../lib/gcc/avr/4.8.1/../../../../avr/lib/avr51\libm.a(fp_pscB.o)
                0x00005946                __fp_pscB
 .text.avr-libc.fplib
                0x00005954       0x50 c:/program files/atmel/atmel toolchain/avr8 gcc/native/3.4.1061/avr8-gnu-toolchain/bin/../lib/gcc/avr/4.8.1/../../../../avr/lib/avr51\libm.a(fp_rempio2.o)
                0x00005956                __fp_rempio2
 .text.avr-libc.fplib
                0x000059a4       0x22 c:/program files/atmel/atmel toolchain/avr8 gcc/native/3.4.1061/avr8-gnu-toolchain/bin/../lib/gcc/avr/4.8.1/../../../../avr/lib/avr51\libm.a(fp_round.o)
                0x000059a4                __fp_round
 .text.avr-libc.fplib
                0x000059c6       0x22 c:/program files/atmel/atmel toolchain/avr8 gcc/native/3.4.1061/avr8-gnu-toolchain/bin/../lib/gcc/avr/4.8.1/../../../../avr/lib/avr51\libm.a(fp_sinus.o)
                0x000059c6                __fp_sinus
 .text.avr-libc.fplib
                0x000059e8       0x44 c:/program files/atmel/atmel toolchain/avr8 gcc/native/3.4.1061/avr8-gnu-toolchain/bin/../lib/gcc/avr/4.8.1/../../../../avr/lib/avr51\libm.a(fp_split3.o)
                0x000059e8                __fp_split3
                0x000059f8                __fp_splitA
 .text.avr-libc.fplib
                0x00005a2c        0xe c:/program files/atmel/atmel toolchain/avr8 gcc/native/3.4.1061/avr8-gnu-toolchain/bin/../lib/gcc/avr/4.8.1/../../../../avr/lib/avr51\libm.a(fp_zero.o)
                0x00005a2c                __fp_zero
                0x00005a2e                __fp_szero
 .text.avr-libc.fplib
                0x00005a3a        0x8 c:/program files/atmel/atmel toolchain/avr8 gcc/native/3.4.1061/avr8-gnu-toolchain/bin/../lib/gcc/avr/4.8.1/../../../../avr/lib/avr51\libm.a(gesf2.o)
                0x00005a3a                __gesf2
                0x00005a3a                __gtsf2
 .text.avr-libc.fplib
                0x00005a42        0xe c:/program files/atmel/atmel toolchain/avr8 gcc/native/3.4.1061/avr8-gnu-toolchain/bin/../lib/gcc/avr/4.8.1/../../../../avr/lib/avr51\libm.a(inverse.o)
                0x00005a42                inverse
 .text.avr-libc.fplib
                0x00005a50        0x4 c:/program files/atmel/atmel toolchain/avr8 gcc/native/3.4.1061/avr8-gnu-toolchain/bin/../lib/gcc/avr/4.8.1/../../../../avr/lib/avr51\libm.a(mulsf3.o)
                0x00005a50                __mulsf3
 .text.avr-libc.fplib
                0x00005a54       0xc2 c:/program files/atmel/atmel toolchain/avr8 gcc/native/3.4.1061/avr8-gnu-toolchain/bin/../lib/gcc/avr/4.8.1/../../../../avr/lib/avr51\libm.a(mulsf3x.o)
                0x00005a68                __mulsf3x
                0x00005a6c                __mulsf3_pse
 .text.avr-libc.fplib
                0x00005b16        0xc c:/program files/atmel/atmel toolchain/avr8 gcc/native/3.4.1061/avr8-gnu-toolchain/bin/../lib/gcc/avr/4.8.1/../../../../avr/lib/avr51\libm.a(sin.o)
                0x00005b16                sin
 .text.avr-libc.fplib
                0x00005b22        0x6 c:/program files/atmel/atmel toolchain/avr8 gcc/native/3.4.1061/avr8-gnu-toolchain/bin/../lib/gcc/avr/4.8.1/../../../../avr/lib/avr51\libm.a(square.o)
                0x00005b22                square
 .text.avr-libc.fplib
                0x00005b28       0x40 c:/program files/atmel/atmel toolchain/avr8 gcc/native/3.4.1061/avr8-gnu-toolchain/bin/../lib/gcc/avr/4.8.1/../../../../avr/lib/avr51\libm.a(tan.o)
                0x00005b28                tan
 .text.avr-libc.fplib
                0x00005b68       0x1c c:/program files/atmel/atmel toolchain/avr8 gcc/native/3.4.1061/avr8-gnu-toolchain/bin/../lib/gcc/avr/4.8.1/../../../../avr/lib/avr51\libm.a(fp_mpack.o)
                0x00005b68                __fp_mpack
                0x00005b6c                __fp_mpack_finite
 .text.avr-libc.fplib
                0x00005b84       0x22 c:/program files/atmel/atmel toolchain/avr8 gcc/native/3.4.1061/avr8-gnu-toolchain/bin/../lib/gcc/avr/4.8.1/../../../../avr/lib/avr51\libm.a(fp_powsodd.o)
                0x00005b84                __fp_powsodd
 .text.avr-libc
                0x00005ba6      0x70e c:/program files/atmel/atmel toolchain/avr8 gcc/native/3.4.1061/avr8-gnu-toolchain/bin/../lib/gcc/avr/4.8.1/../../../../avr/lib/avr51\libprintf_flt.a(vfprintf_flt.o)
                0x00005ba6                vfprintf
 .text.libgcc.div
                0x000062b4       0x28 c:/program files/atmel/atmel toolchain/avr8 gcc/native/3.4.1061/avr8-gnu-toolchain/bin/../lib/gcc/avr/4.8.1/avr51\libgcc.a(_udivmodhi4.o)
                0x000062b4                __udivmodhi4
 .text.libgcc.div
                0x000062dc       0x26 c:/program files/atmel/atmel toolchain/avr8 gcc/native/3.4.1061/avr8-gnu-toolchain/bin/../lib/gcc/avr/4.8.1/avr51\libgcc.a(_divmodhi4.o)
                0x000062dc                _div
                0x000062dc                __divmodhi4
 .text.libgcc   0x00006302        0xc c:/program files/atmel/atmel toolchain/avr8 gcc/native/3.4.1061/avr8-gnu-toolchain/bin/../lib/gcc/avr/4.8.1/avr51\libgcc.a(_tablejump.o)
                0x00006302                __tablejump2__
                0x00006306                __tablejump__
 .text.libgcc.mul
                0x0000630e       0x1e c:/program files/atmel/atmel toolchain/avr8 gcc/native/3.4.1061/avr8-gnu-toolchain/bin/../lib/gcc/avr/4.8.1/avr51\libgcc.a(_umulhisi3.o)
                0x0000630e                __umulhisi3
 .text.libgcc   0x0000632c        0x8 c:/program files/atmel/atmel toolchain/avr8 gcc/native/3.4.1061/avr8-gnu-toolchain/bin/../lib/gcc/avr/4.8.1/avr51\libgcc.a(_tablejump_elpm.o)
                0x0000632c                __tablejump_elpm__
 .text.avr-libc
                0x00006334      0x1b0 c:/program files/atmel/atmel toolchain/avr8 gcc/native/3.4.1061/avr8-gnu-toolchain/bin/../lib/gcc/avr/4.8.1/../../../../avr/lib/avr51\libc.a(ftoa_engine.o)
                0x00006334                __ftoa_engine
 .text.avr-libc
                0x000064e4       0x16 c:/program files/atmel/atmel toolchain/avr8 gcc/native/3.4.1061/avr8-gnu-toolchain/bin/../lib/gcc/avr/4.8.1/../../../../avr/lib/avr51\libc.a(strnlen_P.o)
                0x000064e4                strnlen_P
 .text.avr-libc
                0x000064fa       0x16 c:/program files/atmel/atmel toolchain/avr8 gcc/native/3.4.1061/avr8-gnu-toolchain/bin/../lib/gcc/avr/4.8.1/../../../../avr/lib/avr51\libc.a(strnlen.o)
                0x000064fa                strnlen
 .text.avr-libc
                0x00006510       0x64 c:/program files/atmel/atmel toolchain/avr8 gcc/native/3.4.1061/avr8-gnu-toolchain/bin/../lib/gcc/avr/4.8.1/../../../../avr/lib/avr51\libc.a(fputc.o)
                0x00006510                fputc
 .text.avr-libc
                0x00006574       0x5c c:/program files/atmel/atmel toolchain/avr8 gcc/native/3.4.1061/avr8-gnu-toolchain/bin/../lib/gcc/avr/4.8.1/../../../../avr/lib/avr51\libc.a(sprintf.o)
                0x00006574                sprintf
 .text.avr-libc
                0x000065d0       0xbc c:/program files/atmel/atmel toolchain/avr8 gcc/native/3.4.1061/avr8-gnu-toolchain/bin/../lib/gcc/avr/4.8.1/../../../../avr/lib/avr51\libc.a(ultoa_invert.o)
                0x000065d0                __ultoa_invert
                0x0000668c                . = ALIGN (0x2)
 *(.fini9)
 .fini9         0x0000668c        0x0 c:/program files/atmel/atmel toolchain/avr8 gcc/native/3.4.1061/avr8-gnu-toolchain/bin/../lib/gcc/avr/4.8.1/avr51\libgcc.a(_exit.o)
                0x0000668c                _exit
                0x0000668c                exit
 *(.fini9)
 *(.fini8)
 *(.fini8)
 *(.fini7)
 *(.fini7)
 *(.fini6)
 .fini6         0x0000668c       0x1e c:/program files/atmel/atmel toolchain/avr8 gcc/native/3.4.1061/avr8-gnu-toolchain/bin/../lib/gcc/avr/4.8.1/avr51\libgcc.a(_dtors.o)
                0x0000668c                __do_global_dtors
 *(.fini6)
 *(.fini5)
 *(.fini5)
 *(.fini4)
 *(.fini4)
 *(.fini3)
 *(.fini3)
 *(.fini2)
 *(.fini2)
 *(.fini1)
 *(.fini1)
 *(.fini0)
 .fini0         0x000066aa        0x4 c:/program files/atmel/atmel toolchain/avr8 gcc/native/3.4.1061/avr8-gnu-toolchain/bin/../lib/gcc/avr/4.8.1/avr51\libgcc.a(_exit.o)
 *(.fini0)
                0x000066ae                _etext = .

.data           0x00800100      0x1fc load address 0x000066ae
                0x00800100                PROVIDE (__data_start, .)
 *(.data)
 *(.data*)
 *(.rodata)
 *(.rodata*)
 .rodata.str1.1
                0x00800100      0x1fb FWCP_MK2.o
                                0x200 (size before relaxing)
 *(.gnu.linkonce.d*)
                0x008002fc                . = ALIGN (0x2)
 *fill*         0x008002fb        0x1 
                0x008002fc                _edata = .
                0x008002fc                PROVIDE (__data_end, .)

.bss            0x008002fc      0x479
                0x008002fc                PROVIDE (__bss_start, .)
 *(.bss)
 *(.bss*)
 .bss.Fahrtzeit
                0x008002fc        0x4 FWCP_MK2.o
                0x008002fc                Fahrtzeit
 .bss.maxgeschw
                0x00800300        0x4 FWCP_MK2.o
                0x00800300                maxgeschw
 .bss.strecke   0x00800304        0x4 FWCP_MK2.o
                0x00800304                strecke
 .bss.geschw    0x00800308        0x4 FWCP_MK2.o
                0x00800308                geschw
 .bss.FPS       0x0080030c        0x1 FWCP_MK2.o
                0x0080030c                FPS
 .bss.pos       0x0080030d        0x1 FWCP_MK2.o
                0x0080030d                pos
 .bss.statusreg
                0x0080030e        0x1 FWCP_MK2.o
                0x0080030e                statusreg
 .bss.anzeige   0x0080030f        0x2 FWCP_MK2.o
                0x0080030f                anzeige
 .bss.batterie  0x00800311        0x4 FWCP_MK2.o
                0x00800311                batterie
 .bss.Lautsprecher
                0x00800315        0x2 FWCP_MK2.o
                0x00800315                Lautsprecher
 .bss.Accelerometer
                0x00800317       0x11 FWCP_MK2.o
                0x00800317                Accelerometer
 .bss.Sound     0x00800328        0x2 FWCP_MK2.o
                0x00800328                Sound
 .bss.IRLED     0x0080032a        0x2 FWCP_MK2.o
                0x0080032a                IRLED
 .bss.Vibrationsmotor
                0x0080032c        0x2 FWCP_MK2.o
                0x0080032c                Vibrationsmotor
 .bss.LED       0x0080032e        0x2 FWCP_MK2.o
                0x0080032e                LED
 .bss.Tastatur  0x00800330        0xc FWCP_MK2.o
                0x00800330                Tastatur
 .bss.oled      0x0080033c      0x401 FWCP_MK2.o
                0x0080033c                oled
 .bss.rtc       0x0080073d       0x1f FWCP_MK2.o
                0x0080073d                rtc
 .bss.kompass   0x0080075c       0x19 FWCP_MK2.o
                0x0080075c                kompass
 *(COMMON)
                0x00800775                PROVIDE (__bss_end, .)
                0x000066ae                __data_load_start = LOADADDR (.data)
                0x000068aa                __data_load_end = (__data_load_start + SIZEOF (.data))

.noinit         0x00800775        0x0
                0x00800775                PROVIDE (__noinit_start, .)
 *(.noinit*)
                0x00800775                PROVIDE (__noinit_end, .)
                0x00800775                _end = .
                0x00800775                PROVIDE (__heap_start, .)

.eeprom         0x00810000        0x0
 *(.eeprom*)
                0x00810000                __eeprom_end = .

.fuse
 *(.fuse)
 *(.lfuse)
 *(.hfuse)
 *(.efuse)

.lock
 *(.lock*)

.signature
 *(.signature*)

.user_signatures
 *(.user_signatures*)

.stab
 *(.stab)

.stabstr
 *(.stabstr)

.stab.excl
 *(.stab.excl)

.stab.exclstr
 *(.stab.exclstr)

.stab.index
 *(.stab.index)

.stab.indexstr
 *(.stab.indexstr)

.comment        0x00000000       0x5c
 *(.comment)
 .comment       0x00000000       0x30 Display.o
                                 0x31 (size before relaxing)
 .comment       0x00000000       0x31 FWCP_MK2.o
 .comment       0x00000000       0x31 I2C.o
 .comment       0x00000000       0x31 Interface.o
 .comment       0x00000000       0x31 Kompass.o
 .comment       0x00000000       0x31 LSM303D.o
 .comment       0x00000000       0x31 Output.o
 .comment       0x00000000       0x31 RTC.o
 .comment       0x00000000       0x31 SOUND.o
 .comment       0x00000030       0x2c c:/program files/atmel/atmel toolchain/avr8 gcc/native/3.4.1061/avr8-gnu-toolchain/bin/../lib/gcc/avr/4.8.1/../../../../avr/lib/avr51\libprintf_flt.a(vfprintf_flt.o)
                                 0x2d (size before relaxing)
 .comment       0x00000000       0x31 c:/program files/atmel/atmel toolchain/avr8 gcc/native/3.4.1061/avr8-gnu-toolchain/bin/../lib/gcc/avr/4.8.1/../../../../avr/lib/avr51\libc.a(fputc.o)
 .comment       0x00000000       0x31 c:/program files/atmel/atmel toolchain/avr8 gcc/native/3.4.1061/avr8-gnu-toolchain/bin/../lib/gcc/avr/4.8.1/../../../../avr/lib/avr51\libc.a(sprintf.o)

.note.gnu.build-id
 *(.note.gnu.build-id)

.debug
 *(.debug)

.line
 *(.line)

.debug_srcinfo
 *(.debug_srcinfo)

.debug_sfnames
 *(.debug_sfnames)

.debug_aranges  0x00000000      0x438
 *(.debug_aranges)
 .debug_aranges
                0x00000000       0xa8 Display.o
 .debug_aranges
                0x000000a8      0x148 FWCP_MK2.o
 .debug_aranges
                0x000001f0       0x58 I2C.o
 .debug_aranges
                0x00000248       0x50 Interface.o
 .debug_aranges
                0x00000298       0x50 Kompass.o
 .debug_aranges
                0x000002e8       0x58 LSM303D.o
 .debug_aranges
                0x00000340       0x48 Output.o
 .debug_aranges
                0x00000388       0x70 RTC.o
 .debug_aranges
                0x000003f8       0x40 SOUND.o

.debug_pubnames
 *(.debug_pubnames)

.debug_info     0x00000000     0x930f
 *(.debug_info .gnu.linkonce.wi.*)
 .debug_info    0x00000000     0x1b1a Display.o
 .debug_info    0x00001b1a     0x4785 FWCP_MK2.o
 .debug_info    0x0000629f      0x372 I2C.o
 .debug_info    0x00006611      0xcc3 Interface.o
 .debug_info    0x000072d4      0x991 Kompass.o
 .debug_info    0x00007c65      0x981 LSM303D.o
 .debug_info    0x000085e6      0x3bb Output.o
 .debug_info    0x000089a1      0x62e RTC.o
 .debug_info    0x00008fcf      0x340 SOUND.o

.debug_abbrev   0x00000000     0x1858
 *(.debug_abbrev)
 .debug_abbrev  0x00000000      0x334 Display.o
 .debug_abbrev  0x00000334      0x53e FWCP_MK2.o
 .debug_abbrev  0x00000872      0x190 I2C.o
 .debug_abbrev  0x00000a02      0x2b6 Interface.o
 .debug_abbrev  0x00000cb8      0x2d5 Kompass.o
 .debug_abbrev  0x00000f8d      0x2c5 LSM303D.o
 .debug_abbrev  0x00001252      0x1e0 Output.o
 .debug_abbrev  0x00001432      0x256 RTC.o
 .debug_abbrev  0x00001688      0x1d0 SOUND.o

.debug_line     0x00000000     0x3872
 *(.debug_line .debug_line.* .debug_line_end)
 .debug_line    0x00000000      0x793 Display.o
 .debug_line    0x00000793     0x1cb5 FWCP_MK2.o
 .debug_line    0x00002448      0x1a0 I2C.o
 .debug_line    0x000025e8      0x504 Interface.o
 .debug_line    0x00002aec      0x32f Kompass.o
 .debug_line    0x00002e1b      0x285 LSM303D.o
 .debug_line    0x000030a0      0x21a Output.o
 .debug_line    0x000032ba      0x45a RTC.o
 .debug_line    0x00003714      0x15e SOUND.o

.debug_frame    0x00000000     0x1010
 *(.debug_frame)
 .debug_frame   0x00000000      0x364 Display.o
 .debug_frame   0x00000364      0x710 FWCP_MK2.o
 .debug_frame   0x00000a74       0x94 I2C.o
 .debug_frame   0x00000b08       0xa0 Interface.o
 .debug_frame   0x00000ba8      0x144 Kompass.o
 .debug_frame   0x00000cec      0x138 LSM303D.o
 .debug_frame   0x00000e24       0x74 Output.o
 .debug_frame   0x00000e98       0xf4 RTC.o
 .debug_frame   0x00000f8c       0x84 SOUND.o

.debug_str      0x00000000     0x1333
 *(.debug_str)
 .debug_str     0x00000000      0x5e4 Display.o
                                0x62e (size before relaxing)
 .debug_str     0x000005e4      0xbaa FWCP_MK2.o
                               0x1167 (size before relaxing)
 .debug_str     0x0000118e       0x25 I2C.o
                                0x270 (size before relaxing)
 .debug_str     0x000011b3       0x4f Interface.o
                                0x32d (size before relaxing)
 .debug_str     0x00001202       0x46 Kompass.o
                                0x3f7 (size before relaxing)
 .debug_str     0x00001248       0x3c LSM303D.o
                                0x3d1 (size before relaxing)
 .debug_str     0x00001284       0x51 Output.o
                                0x257 (size before relaxing)
 .debug_str     0x000012d5       0x25 RTC.o
                                0x35d (size before relaxing)
 .debug_str     0x000012fa       0x39 SOUND.o
                                0x24d (size before relaxing)

.debug_loc      0x00000000     0x6cc6
 *(.debug_loc)
 .debug_loc     0x00000000     0x18b0 Display.o
 .debug_loc     0x000018b0     0x3391 FWCP_MK2.o
 .debug_loc     0x00004c41      0x128 I2C.o
 .debug_loc     0x00004d69      0xa9b Interface.o
 .debug_loc     0x00005804      0x757 Kompass.o
 .debug_loc     0x00005f5b      0x4a9 LSM303D.o
 .debug_loc     0x00006404      0x472 Output.o
 .debug_loc     0x00006876      0x2ad RTC.o
 .debug_loc     0x00006b23      0x1a3 SOUND.o

.debug_macinfo
 *(.debug_macinfo)

.debug_weaknames
 *(.debug_weaknames)

.debug_funcnames
 *(.debug_funcnames)

.debug_typenames
 *(.debug_typenames)

.debug_varnames
 *(.debug_varnames)

.debug_pubtypes
 *(.debug_pubtypes)

.debug_ranges   0x00000000      0x410
 *(.debug_ranges)
 .debug_ranges  0x00000000       0xe8 Display.o
 .debug_ranges  0x000000e8      0x150 FWCP_MK2.o
 .debug_ranges  0x00000238       0x48 I2C.o
 .debug_ranges  0x00000280       0x40 Interface.o
 .debug_ranges  0x000002c0       0x40 Kompass.o
 .debug_ranges  0x00000300       0x48 LSM303D.o
 .debug_ranges  0x00000348       0x38 Output.o
 .debug_ranges  0x00000380       0x60 RTC.o
 .debug_ranges  0x000003e0       0x30 SOUND.o

.debug_macro
 *(.debug_macro)
OUTPUT(FWCP_MK2.elf elf32-avr)
LOAD linker stubs
