Archive member included because of file (symbol)

c:/program files/atmel/atmel toolchain/avr8 gcc/native/3.4.1061/avr8-gnu-toolchain/bin/../lib/gcc/avr/4.8.1/../../../../avr/lib/avr51\libm.a(addsf3.o)
                              Display.o (__subsf3)
c:/program files/atmel/atmel toolchain/avr8 gcc/native/3.4.1061/avr8-gnu-toolchain/bin/../lib/gcc/avr/4.8.1/../../../../avr/lib/avr51\libm.a(addsf3x.o)
                              c:/program files/atmel/atmel toolchain/avr8 gcc/native/3.4.1061/avr8-gnu-toolchain/bin/../lib/gcc/avr/4.8.1/../../../../avr/lib/avr51\libm.a(addsf3.o) (__addsf3x)
c:/program files/atmel/atmel toolchain/avr8 gcc/native/3.4.1061/avr8-gnu-toolchain/bin/../lib/gcc/avr/4.8.1/../../../../avr/lib/avr51\libm.a(atan2.o)
                              Kompass.o (atan2)
c:/program files/atmel/atmel toolchain/avr8 gcc/native/3.4.1061/avr8-gnu-toolchain/bin/../lib/gcc/avr/4.8.1/../../../../avr/lib/avr51\libm.a(atan.o)
                              c:/program files/atmel/atmel toolchain/avr8 gcc/native/3.4.1061/avr8-gnu-toolchain/bin/../lib/gcc/avr/4.8.1/../../../../avr/lib/avr51\libm.a(atan2.o) (atan)
c:/program files/atmel/atmel toolchain/avr8 gcc/native/3.4.1061/avr8-gnu-toolchain/bin/../lib/gcc/avr/4.8.1/../../../../avr/lib/avr51\libm.a(cmpsf2.o)
                              FWCP_MK2.o (__nesf2)
c:/program files/atmel/atmel toolchain/avr8 gcc/native/3.4.1061/avr8-gnu-toolchain/bin/../lib/gcc/avr/4.8.1/../../../../avr/lib/avr51\libm.a(cos.o)
                              Display.o (cos)
c:/program files/atmel/atmel toolchain/avr8 gcc/native/3.4.1061/avr8-gnu-toolchain/bin/../lib/gcc/avr/4.8.1/../../../../avr/lib/avr51\libm.a(divsf3.o)
                              Display.o (__divsf3)
c:/program files/atmel/atmel toolchain/avr8 gcc/native/3.4.1061/avr8-gnu-toolchain/bin/../lib/gcc/avr/4.8.1/../../../../avr/lib/avr51\libm.a(divsf3x.o)
                              c:/program files/atmel/atmel toolchain/avr8 gcc/native/3.4.1061/avr8-gnu-toolchain/bin/../lib/gcc/avr/4.8.1/../../../../avr/lib/avr51\libm.a(divsf3.o) (__divsf3x)
c:/program files/atmel/atmel toolchain/avr8 gcc/native/3.4.1061/avr8-gnu-toolchain/bin/../lib/gcc/avr/4.8.1/../../../../avr/lib/avr51\libm.a(fixsfsi.o)
                              FWCP_MK2.o (__fixsfsi)
c:/program files/atmel/atmel toolchain/avr8 gcc/native/3.4.1061/avr8-gnu-toolchain/bin/../lib/gcc/avr/4.8.1/../../../../avr/lib/avr51\libm.a(fixunssfsi.o)
                              Display.o (__fixunssfsi)
c:/program files/atmel/atmel toolchain/avr8 gcc/native/3.4.1061/avr8-gnu-toolchain/bin/../lib/gcc/avr/4.8.1/../../../../avr/lib/avr51\libm.a(floatsisf.o)
                              FWCP_MK2.o (__floatunsisf)
c:/program files/atmel/atmel toolchain/avr8 gcc/native/3.4.1061/avr8-gnu-toolchain/bin/../lib/gcc/avr/4.8.1/../../../../avr/lib/avr51\libm.a(fp_cmp.o)
                              c:/program files/atmel/atmel toolchain/avr8 gcc/native/3.4.1061/avr8-gnu-toolchain/bin/../lib/gcc/avr/4.8.1/../../../../avr/lib/avr51\libm.a(cmpsf2.o) (__fp_cmp)
c:/program files/atmel/atmel toolchain/avr8 gcc/native/3.4.1061/avr8-gnu-toolchain/bin/../lib/gcc/avr/4.8.1/../../../../avr/lib/avr51\libm.a(fp_inf.o)
                              c:/program files/atmel/atmel toolchain/avr8 gcc/native/3.4.1061/avr8-gnu-toolchain/bin/../lib/gcc/avr/4.8.1/../../../../avr/lib/avr51\libm.a(addsf3x.o) (__fp_inf)
c:/program files/atmel/atmel toolchain/avr8 gcc/native/3.4.1061/avr8-gnu-toolchain/bin/../lib/gcc/avr/4.8.1/../../../../avr/lib/avr51\libm.a(fp_nan.o)
                              c:/program files/atmel/atmel toolchain/avr8 gcc/native/3.4.1061/avr8-gnu-toolchain/bin/../lib/gcc/avr/4.8.1/../../../../avr/lib/avr51\libm.a(addsf3x.o) (__fp_nan)
c:/program files/atmel/atmel toolchain/avr8 gcc/native/3.4.1061/avr8-gnu-toolchain/bin/../lib/gcc/avr/4.8.1/../../../../avr/lib/avr51\libm.a(fp_powser.o)
                              c:/program files/atmel/atmel toolchain/avr8 gcc/native/3.4.1061/avr8-gnu-toolchain/bin/../lib/gcc/avr/4.8.1/../../../../avr/lib/avr51\libm.a(atan.o) (__fp_powser)
c:/program files/atmel/atmel toolchain/avr8 gcc/native/3.4.1061/avr8-gnu-toolchain/bin/../lib/gcc/avr/4.8.1/../../../../avr/lib/avr51\libm.a(fp_pscA.o)
                              c:/program files/atmel/atmel toolchain/avr8 gcc/native/3.4.1061/avr8-gnu-toolchain/bin/../lib/gcc/avr/4.8.1/../../../../avr/lib/avr51\libm.a(addsf3x.o) (__fp_pscA)
c:/program files/atmel/atmel toolchain/avr8 gcc/native/3.4.1061/avr8-gnu-toolchain/bin/../lib/gcc/avr/4.8.1/../../../../avr/lib/avr51\libm.a(fp_pscB.o)
                              c:/program files/atmel/atmel toolchain/avr8 gcc/native/3.4.1061/avr8-gnu-toolchain/bin/../lib/gcc/avr/4.8.1/../../../../avr/lib/avr51\libm.a(addsf3x.o) (__fp_pscB)
c:/program files/atmel/atmel toolchain/avr8 gcc/native/3.4.1061/avr8-gnu-toolchain/bin/../lib/gcc/avr/4.8.1/../../../../avr/lib/avr51\libm.a(fp_rempio2.o)
[...]
Memory Configuration

Name             Origin             Length             Attributes
text             0x00000000         0x00020000         xr
data             0x00800100         0x0000ff00         rw !x
eeprom           0x00810000         0x00010000         rw !x
fuse             0x00820000         0x00000400         rw !x
lock             0x00830000         0x00000400         rw !x
signature        0x00840000         0x00000400         rw !x
user_signatures  0x00850000         0x00000400         rw !x
*default*        0x00000000         0xffffffff

Linker script and memory map

Address of section .data set to 0x800100
LOAD c:/program files/atmel/atmel toolchain/avr8 gcc/native/3.4.1061/avr8-gnu-toolchain/bin/../lib/gcc/avr/4.8.1/../../../../avr/lib/avr51/crtm1284p.o
LOAD Display.o
LOAD FWCP_MK2.o
LOAD I2C.o
LOAD Interface.o
LOAD Kompass.o
LOAD LSM303D.o
LOAD Output.o
LOAD Pressure.o
LOAD RTC.o
START GROUP
LOAD c:/program files/atmel/atmel toolchain/avr8 gcc/native/3.4.1061/avr8-gnu-toolchain/bin/../lib/gcc/avr/4.8.1/../../../../avr/lib/avr51\libm.a
LOAD c:/program files/atmel/atmel toolchain/avr8 gcc/native/3.4.1061/avr8-gnu-toolchain/bin/../lib/gcc/avr/4.8.1/../../../../avr/lib/avr51\libprintf_flt.a
END GROUP
LOAD c:/program files/atmel/atmel toolchain/avr8 gcc/native/3.4.1061/avr8-gnu-toolchain/bin/../lib/gcc/avr/4.8.1/avr51\libgcc.a
LOAD c:/program files/atmel/atmel toolchain/avr8 gcc/native/3.4.1061/avr8-gnu-toolchain/bin/../lib/gcc/avr/4.8.1/../../../../avr/lib/avr51\libm.a
START GROUP
LOAD c:/program files/atmel/atmel toolchain/avr8 gcc/native/3.4.1061/avr8-gnu-toolchain/bin/../lib/gcc/avr/4.8.1/avr51\libgcc.a
LOAD c:/program files/atmel/atmel toolchain/avr8 gcc/native/3.4.1061/avr8-gnu-toolchain/bin/../lib/gcc/avr/4.8.1/../../../../avr/lib/avr51\libm.a
LOAD c:/program files/atmel/atmel toolchain/avr8 gcc/native/3.4.1061/avr8-gnu-toolchain/bin/../lib/gcc/avr/4.8.1/../../../../avr/lib/avr51\libc.a
END GROUP

.hash
 *(.hash)

.dynsym
 *(.dynsym)

.dynstr
 *(.dynstr)

.gnu.version
 *(.gnu.version)

.gnu.version_d
 *(.gnu.version_d)

.gnu.version_r
 *(.gnu.version_r)

.rel.init
 *(.rel.init)

.rela.init
 *(.rela.init)

.rel.text
 *(.rel.text)
 *(.rel.text.*)
 *(.rel.gnu.linkonce.t*)

.rela.text
 *(.rela.text)
 *(.rela.text.*)
 *(.rela.gnu.linkonce.t*)

.rel.fini
 *(.rel.fini)

.rela.fini
 *(.rela.fini)

.rel.rodata
 *(.rel.rodata)
 *(.rel.rodata.*)
 *(.rel.gnu.linkonce.r*)

.rela.rodata
 *(.rela.rodata)
 *(.rela.rodata.*)
 *(.rela.gnu.linkonce.r*)

.rel.data
 *(.rel.data)
 *(.rel.data.*)
 *(.rel.gnu.linkonce.d*)

.rela.data
 *(.rela.data)
 *(.rela.data.*)
 *(.rela.gnu.linkonce.d*)

.rel.ctors
 *(.rel.ctors)

.rela.ctors
 *(.rela.ctors)

.rel.dtors
 *(.rel.dtors)

.rela.dtors
 *(.rela.dtors)

.rel.got
 *(.rel.got)

.rela.got
 *(.rela.got)

.rel.bss
 *(.rel.bss)

.rela.bss
 *(.rela.bss)

.rel.plt
 *(.rel.plt)

.rela.plt
 *(.rela.plt)

.text           0x00000000     0x6870
 *(.vectors)
 .vectors       0x00000000       0x8c c:/program files/atmel/atmel toolchain/avr8 gcc/native/3.4.1061/avr8-gnu-toolchain/bin/../lib/gcc/avr/4.8.1/../../../../avr/lib/avr51/crtm1284p.o
                0x00000000                __vector_default
                0x00000000                __vectors
 *(.vectors)
 *(.progmem.gcc*)
 .progmem.gcc_sw_table._Z13uhreinstellenv
                0x0000008c       0x14 FWCP_MK2.o
 .progmem.gcc_sw_table._Z14eingabehandlerh
                0x000000a0       0x1e FWCP_MK2.o
 .progmem.gcc_fplib
                0x000000be       0x2d c:/program files/atmel/atmel toolchain/avr8 gcc/native/3.4.1061/avr8-gnu-toolchain/bin/../lib/gcc/avr/4.8.1/../../../../avr/lib/avr51\libm.a(atan.o)
 .progmem.gcc_fplib
                0x000000eb       0x1e c:/program files/atmel/atmel toolchain/avr8 gcc/native/3.4.1061/avr8-gnu-toolchain/bin/../lib/gcc/avr/4.8.1/../../../../avr/lib/avr51\libm.a(fp_sinus.o)
 .progmem.gcc_fplib
                0x00000109       0x5a c:/program files/atmel/atmel toolchain/avr8 gcc/native/3.4.1061/avr8-gnu-toolchain/bin/../lib/gcc/avr/4.8.1/../../../../avr/lib/avr51\libm.a(log.o)
 .progmem.gcc_fplib
                0x00000163       0x23 c:/program files/atmel/atmel toolchain/avr8 gcc/native/3.4.1061/avr8-gnu-toolchain/bin/../lib/gcc/avr/4.8.1/../../../../avr/lib/avr51\libm.a(tan.o)
                0x00000186                . = ALIGN (0x2)
                0x00000186                __trampolines_start = .
 *(.trampolines)
 .trampolines   0x00000186        0x0 linker stubs
 *(.trampolines*)
                0x00000186                __trampolines_end = .
 *(.progmem*)
 .progmem.data._ZL11digits16x16
                0x00000186      0x140 Display.o
 .progmem.data._ZL7font5x8
                0x000002c6      0x1d6 Display.o
 .progmem.data  0x0000049c        0x8 c:/program files/atmel/atmel toolchain/avr8 gcc/native/3.4.1061/avr8-gnu-toolchain/bin/../lib/gcc/avr/4.8.1/../../../../avr/lib/avr51\libprintf_flt.a(vfprintf_flt.o)
 .progmem.data  0x000004a4       0xfa c:/program files/atmel/atmel toolchain/avr8 gcc/native/3.4.1061/avr8-gnu-toolchain/bin/../lib/gcc/avr/4.8.1/../../../../avr/lib/avr51\libc.a(ftoa_engine.o)
                0x0000059e                . = ALIGN (0x2)
 *(.jumptables)
 *(.jumptables*)
 *(.lowtext)
 *(.lowtext*)
                0x0000059e                __ctors_start = .
 *(.ctors)
 .ctors         0x0000059e        0x2 FWCP_MK2.o
                0x000005a0                __ctors_end = .
                0x000005a0                __dtors_start = .
 *(.dtors)
 .dtors         0x000005a0        0x2 FWCP_MK2.o
                0x000005a2                __dtors_end = .
 SORT(*)(.ctors)
 SORT(*)(.dtors)
 *(.init0)
 .init0         0x000005a2        0x0 c:/program files/atmel/atmel toolchain/avr8 gcc/native/3.4.1061/avr8-gnu-toolchain/bin/../lib/gcc/avr/4.8.1/../../../../avr/lib/avr51/crtm1284p.o
                0x000005a2                __init
 *(.init0)
 *(.init1)
 *(.init1)
 *(.init2)
 .init2         0x000005a2        0xc c:/program files/atmel/atmel toolchain/avr8 gcc/native/3.4.1061/avr8-gnu-toolchain/bin/../lib/gcc/avr/4.8.1/../../../../avr/lib/avr51/crtm1284p.o
 *(.init2)
 *(.init3)
 *(.init3)
 *(.init4)
 .init4         0x000005ae       0x1a c:/program files/atmel/atmel toolchain/avr8 gcc/native/3.4.1061/avr8-gnu-toolchain/bin/../lib/gcc/avr/4.8.1/avr51\libgcc.a(_copy_data.o)
                0x000005ae                __do_copy_data
 .init4         0x000005c8       0x10 c:/program files/atmel/atmel toolchain/avr8 gcc/native/3.4.1061/avr8-gnu-toolchain/bin/../lib/gcc/avr/4.8.1/avr51\libgcc.a(_clear_bss.o)
                0x000005c8                __do_clear_bss
 *(.init4)
 *(.init5)
 *(.init5)
 *(.init6)
 .init6         0x000005d8       0x20 c:/program files/atmel/atmel toolchain/avr8 gcc/native/3.4.1061/avr8-gnu-toolchain/bin/../lib/gcc/avr/4.8.1/avr51\libgcc.a(_ctors.o)
                0x000005d8                __do_global_ctors
 *(.init6)
 *(.init7)
 *(.init7)
 *(.init8)
 *(.init8)
 *(.init9)
 .init9         0x000005f8        0x8 c:/program files/atmel/atmel toolchain/avr8 gcc/native/3.4.1061/avr8-gnu-toolchain/bin/../lib/gcc/avr/4.8.1/../../../../avr/lib/avr51/crtm1284p.o
 *(.init9)
 *(.text)
 .text          0x00000600        0x2 c:/program files/atmel/atmel toolchain/avr8 gcc/native/3.4.1061/avr8-gnu-toolchain/bin/../lib/gcc/avr/4.8.1/../../../../avr/lib/avr51/crtm1284p.o
                0x00000600                __vector_22
                0x00000600                __vector_28
                0x00000600                __vector_1
                0x00000600                __vector_32
                0x00000600                __vector_34
                0x00000600                __vector_24
                0x00000600                __vector_12
                0x00000600                __bad_interrupt
                0x00000600                __vector_6
                0x00000600                __vector_31
                0x00000600                __vector_3
                0x00000600                __vector_23
                0x00000600                __vector_30
                0x00000600                __vector_25
                0x00000600                __vector_13
                0x00000600                __vector_17
                0x00000600                __vector_19
                0x00000600                __vector_7
                0x00000600                __vector_27
                0x00000600                __vector_5
                0x00000600                __vector_33
                0x00000600                __vector_4
                0x00000600                __vector_9
                0x00000600                __vector_2
                0x00000600                __vector_21
                0x00000600                __vector_15
                0x00000600                __vector_29
                0x00000600                __vector_8
                0x00000600                __vector_26
                0x00000600                __vector_14
                0x00000600                __vector_10
                0x00000600                __vector_16
                0x00000600                __vector_18
                0x00000600                __vector_20
                0x00000602                . = ALIGN (0x2)
 *(.text.*)
 .text._ZN7DisplayD2Ev
                0x00000602        0x8 Display.o
                0x00000602                _ZN7DisplayD2Ev
                0x00000602                _ZN7DisplayD1Ev
 .text._ZN7Display10clearFrameEv
                0x0000060a       0x16 Display.o
                0x0000060a                _ZN7Display10clearFrameEv
 .text._ZN7Display15ssd1306_commandEh
                0x00000620       0x38 Display.o
                0x00000620                _ZN7Display15ssd1306_commandEh
 .text._ZN7Display17InitializeDisplayEv
                0x00000658       0xa0 Display.o
                0x00000658                _ZN7Display17InitializeDisplayEv
 .text._ZN7DisplayC2Ev
                0x000006f8       0x16 Display.o
                0x000006f8                _ZN7DisplayC2Ev
                0x000006f8                _ZN7DisplayC1Ev
 .text._ZN7Display6invertEh
                0x0000070e       0x10 Display.o
                0x0000070e                _ZN7Display6invertEh
 .text._ZN7Display9sendFrameEv
                0x0000071e       0x7a Display.o
                0x0000071e                _ZN7Display9sendFrameEv
 .text._ZN7Display9drawPixelEhhh
                0x00000798       0x74 Display.o
                0x00000798                _ZN7Display9drawPixelEhhh
 .text._ZN7Display9draw_lineEhhhf
                0x0000080c      0x144 Display.o
                0x0000080c                _ZN7Display9draw_lineEhhhf
 .text._ZN7Display13draw_triangleEhhhff
                0x00000950      0x240 Display.o
                0x00000950                _ZN7Display13draw_triangleEhhhff
 .text._ZN7Display9draw_ASCIEhhh
                0x00000b90       0x9c Display.o
                0x00000b90                _ZN7Display9draw_ASCIEhhh
 .text._ZN7Display16draw_number16x16Ehhh
                0x00000c2c       0xec Display.o
                0x00000c2c                _ZN7Display16draw_number16x16Ehhh
 .text._ZN7Display6analogEhhhh
                0x00000d18      0x4f2 Display.o
                0x00000d18                _ZN7Display6analogEhhhh
 .text._Z8ADC_Readh
                0x0000120a       0x28 FWCP_MK2.o
                0x0000120a                _Z8ADC_Readh
 .text._Z14Batteriestatusv
                0x00001232       0xde FWCP_MK2.o
                0x00001232                _Z14Batteriestatusv
 .text._Z14willkommenpagev
                0x00001310      0x13a FWCP_MK2.o
                0x00001310                _Z14willkommenpagev
 .text._Z6headerh
                0x0000144a      0x1c2 FWCP_MK2.o
                0x0000144a                _Z6headerh
 .text._Z6bottomh
                0x0000160c       0x4a FWCP_MK2.o
                0x0000160c                _Z6bottomh
 .text._Z16anzeige_richtungf
                0x00001656      0x164 FWCP_MK2.o
                0x00001656                _Z16anzeige_richtungf
 .text._Z13anzeige_nadelhhf
                0x000017ba       0x3a FWCP_MK2.o
                0x000017ba                _Z13anzeige_nadelhhf
 .text._Z19anzeige_kleinenadelhhf
                0x000017f4       0x3a FWCP_MK2.o
                0x000017f4                _Z19anzeige_kleinenadelhhf
 .text._Z11menue_hauptv
                0x0000182e      0x18e FWCP_MK2.o
                0x0000182e                _Z11menue_hauptv
 .text._Z11menue_einstv
                0x000019bc      0x104 FWCP_MK2.o
                0x000019bc                _Z11menue_einstv
 .text._Z9menue_uhrv
                0x00001ac0      0x166 FWCP_MK2.o
                0x00001ac0                _Z9menue_uhrv
 .text._Z11uhranzeigenv
                0x00001c26      0x1a4 FWCP_MK2.o
                0x00001c26                _Z11uhranzeigenv
 .text._Z14uhranzeigenminv
                0x00001dca       0xb0 FWCP_MK2.o
                0x00001dca                _Z14uhranzeigenminv
 .text._Z13Weckeranzeigev
                0x00001e7a      0x124 FWCP_MK2.o
                0x00001e7a                _Z13Weckeranzeigev
 .text._Z12fahradschirmddddm
                0x00001f9e      0x2a4 FWCP_MK2.o
                0x00001f9e                _Z12fahradschirmddddm
 .text._Z14Gaineinstellenv
                0x00002242      0x1cc FWCP_MK2.o
                0x00002242                _Z14Gaineinstellenv
 .text._Z15anzeige_kompassd
                0x0000240e      0x224 FWCP_MK2.o
                0x0000240e                _Z15anzeige_kompassd
 .text._Z10timerseitev
                0x00002632      0x198 FWCP_MK2.o
                0x00002632                _Z10timerseitev
 .text._Z13Stoppuhrseitev
                0x000027ca      0x182 FWCP_MK2.o
                0x000027ca                _Z13Stoppuhrseitev
 .text._Z14Pressuresensorv
                0x0000294c      0x1e6 FWCP_MK2.o
                0x0000294c                _Z14Pressuresensorv
 .text._Z11Wanderseitev
                0x00002b32      0x270 FWCP_MK2.o
                0x00002b32                _Z11Wanderseitev
 .text._Z13uhreinstellenv
                0x00002da2      0x7a4 FWCP_MK2.o
                0x00002da2                _Z13uhreinstellenv
 .text.__vector_11
                0x00003546       0x40 FWCP_MK2.o
                0x00003546                __vector_11
 .text._Z15geschwindigkeitf
                0x00003586       0xb2 FWCP_MK2.o
                0x00003586                _Z15geschwindigkeitf
 .text._Z13reed_debouncePVhh
                0x00003638       0x4c FWCP_MK2.o
                0x00003638                _Z13reed_debouncePVhh
 .text._Z15initialisierungv
                0x00003684       0xbe FWCP_MK2.o
                0x00003684                _Z15initialisierungv
 .text._Z19maininterupthandlerv
                0x00003742       0x44 FWCP_MK2.o
                0x00003742                _Z19maininterupthandlerv
 .text._Z14anzeigehandlerv
                0x00003786      0x3ec FWCP_MK2.o
                0x00003786                _Z14anzeigehandlerv
 .text._Z14eingabehandlerh
                0x00003b72      0x93c FWCP_MK2.o
                0x00003b72                _Z14eingabehandlerh
 .text.main     0x000044ae       0x10 FWCP_MK2.o
                0x000044ae                main
 .text._GLOBAL__sub_I_kompass
                0x000044be       0x52 FWCP_MK2.o
 .text._GLOBAL__sub_D_kompass
                0x00004510       0x40 FWCP_MK2.o
 .text._ZN3I2CC2Ev
                0x00004550        0x8 I2C.o
                0x00004550                _ZN3I2CC2Ev
                0x00004550                _ZN3I2CC1Ev
 .text._ZN3I2CD2Ev
                0x00004558        0x2 I2C.o
                0x00004558                _ZN3I2CD1Ev
                0x00004558                _ZN3I2CD2Ev
 .text._ZN3I2C9twi_startEv
                0x0000455a        0x8 I2C.o
                0x0000455a                _ZN3I2C9twi_startEv
 .text._ZN3I2C8twi_stopEv
                0x00004562        0x8 I2C.o
                0x00004562                _ZN3I2C8twi_stopEv
 .text._ZN3I2C9twi_writeEh
                0x0000456a       0x20 I2C.o
                0x0000456a                _ZN3I2C9twi_writeEh
 .text._ZN3I2C8twi_readEh
                0x0000458a       0x22 I2C.o
                0x0000458a                _ZN3I2C8twi_readEh
 .text._ZN9InterfaceC2Ev
                0x000045ac       0x1a Interface.o
                0x000045ac                _ZN9InterfaceC1Ev
                0x000045ac                _ZN9InterfaceC2Ev
 .text._ZN9InterfaceD2Ev
                0x000045c6        0x2 Interface.o
                0x000045c6                _ZN9InterfaceD1Ev
                0x000045c6                _ZN9InterfaceD2Ev
 .text._ZN9Interface8debounceEPVhh
                0x000045c8       0x4c Interface.o
                0x000045c8                _ZN9Interface8debounceEPVhh
 .text._ZN9Interface6TasterEv
                0x00004614      0x11c Interface.o
                0x00004614                _ZN9Interface6TasterEv
 .text._ZN9Interface17ZahlenausTastaturEv
                0x00004730       0x16 Interface.o
                0x00004730                _ZN9Interface17ZahlenausTastaturEv
 .text._ZN7KompassD2Ev
                0x00004746        0x6 Kompass.o
                0x00004746                _ZN7KompassD1Ev
                0x00004746                _ZN7KompassD2Ev
 .text._ZN7Kompass16HMC5883L_commandEhh
                0x0000474c       0x34 Kompass.o
                0x0000474c                _ZN7Kompass16HMC5883L_commandEhh
 .text._ZN7KompassC2Ev
                0x00004780       0x40 Kompass.o
                0x00004780                _ZN7KompassC1Ev
                0x00004780                _ZN7KompassC2Ev
 .text._ZN7Kompass20HMC5883L_readHeadingEv
                0x000047c0      0x170 Kompass.o
                0x000047c0                _ZN7Kompass20HMC5883L_readHeadingEv
 .text._ZN7Kompass5angleEdd
                0x00004930      0x25c Kompass.o
                0x00004930                _ZN7Kompass5angleEdd
 .text._ZN7Kompass25kallibrierung_ruecksetzenEv
                0x00004b8c       0x28 Kompass.o
                0x00004b8c                _ZN7Kompass25kallibrierung_ruecksetzenEv
 .text._ZN7LSM303DD2Ev
                0x00004bb4        0x6 LSM303D.o
                0x00004bb4                _ZN7LSM303DD1Ev
                0x00004bb4                _ZN7LSM303DD2Ev
 .text._ZN7LSM303D7readaccEv
                0x00004bba      0x13a LSM303D.o
                0x00004bba                _ZN7LSM303D7readaccEv
 .text._ZN7LSM303D11readtemperaEv
                0x00004cf4       0xa2 LSM303D.o
                0x00004cf4                _ZN7LSM303D11readtemperaEv
 .text._ZN7LSM303D14LSM303_commandEhh
                0x00004d96       0x34 LSM303D.o
                0x00004d96                _ZN7LSM303D14LSM303_commandEhh
 .text._ZN7LSM303D13ACCBypassmodeEv
                0x00004dca        0x8 LSM303D.o
                0x00004dca                _ZN7LSM303D13ACCBypassmodeEv
 .text._ZN7LSM303D9acce_initEv
                0x00004dd2       0x26 LSM303D.o
                0x00004dd2                _ZN7LSM303D9acce_initEv
 .text._ZN7LSM303DC2Ev
                0x00004df8       0x34 LSM303D.o
                0x00004df8                _ZN7LSM303DC2Ev
                0x00004df8                _ZN7LSM303DC1Ev
 .text._ZN6OutputC2Ehh
                0x00004e2c       0x84 Output.o
                0x00004e2c                _ZN6OutputC2Ehh
                0x00004e2c                _ZN6OutputC1Ehh
 .text._ZN6OutputD2Ev
                0x00004eb0        0x2 Output.o
                0x00004eb0                _ZN6OutputD1Ev
                0x00004eb0                _ZN6OutputD2Ev
 .text._ZN6Output2onEv
                0x00004eb2       0x92 Output.o
                0x00004eb2                _ZN6Output2onEv
 .text._ZN6Output4isonEv
                0x00004f44       0x86 Output.o
                0x00004f44                _ZN6Output4isonEv
 .text._ZN6Output3offEv
                0x00004fca       0x9a Output.o
                0x00004fca                _ZN6Output3offEv
 .text._ZN6Output6toggleEv
                0x00005064       0x92 Output.o
                0x00005064                _ZN6Output6toggleEv
 .text._ZN8PressureD2Ev
                0x000050f6        0x6 Pressure.o
                0x000050f6                _ZN8PressureD1Ev
                0x000050f6                _ZN8PressureD2Ev
 .text._ZN8Pressure14LPS25H_commandEhh
                0x000050fc       0x34 Pressure.o
                0x000050fc                _ZN8Pressure14LPS25H_commandEhh
 .text._ZN8Pressure17LPS25H_initializeEv
                0x00005130       0x2a Pressure.o
                0x00005130                _ZN8Pressure17LPS25H_initializeEv
 .text._ZN8PressureC2Ev
                0x0000515a       0x38 Pressure.o
                0x0000515a                _ZN8PressureC1Ev
                0x0000515a                _ZN8PressureC2Ev
 .text._ZN8Pressure18READ_Pressure_onceEv
                0x00005192       0xf0 Pressure.o
                0x00005192                _ZN8Pressure18READ_Pressure_onceEv
 .text._ZN8Pressure16READ_TemperatureEv
                0x00005282       0xe0 Pressure.o
                0x00005282                _ZN8Pressure16READ_TemperatureEv
 .text._ZN8Pressure8altitudeEd
                0x00005362       0x5a Pressure.o
                0x00005362                _ZN8Pressure8altitudeEd
 .text._ZN8Pressure13set_Pressure0Ed
                0x000053bc        0xc Pressure.o
                0x000053bc                _ZN8Pressure13set_Pressure0Ed
 .text._ZN3RTCD2Ev
                0x000053c8        0x2 RTC.o
                0x000053c8                _ZN3RTCD2Ev
                0x000053c8                _ZN3RTCD1Ev
 .text._ZN3RTC6WeckerEv
                0x000053ca       0x22 RTC.o
                0x000053ca                _ZN3RTC6WeckerEv
 .text._ZN3RTC14ausgabezeitneuEv
                0x000053ec       0x72 RTC.o
                0x000053ec                _ZN3RTC14ausgabezeitneuEv
 .text._ZN3RTC15ausgabedatumneuEv
                0x0000545e       0x72 RTC.o
                0x0000545e                _ZN3RTC15ausgabedatumneuEv
 .text._ZN3RTCC2Ev
                0x000054d0       0x52 RTC.o
                0x000054d0                _ZN3RTCC2Ev
                0x000054d0                _ZN3RTCC1Ev
 .text._ZN3RTC8kalenderEv
                0x00005522       0x88 RTC.o
                0x00005522                _ZN3RTC8kalenderEv
 .text._ZN3RTC4zeitEv
                0x000055aa       0x74 RTC.o
                0x000055aa                _ZN3RTC4zeitEv
 .text._ZN3RTC10dummyeinstEv
                0x0000561e       0x28 RTC.o
                0x0000561e                _ZN3RTC10dummyeinstEv
 .text._ZN3RTC8RTCstartEv
                0x00005646       0x32 RTC.o
                0x00005646                _ZN3RTC8RTCstartEv
 .text._ZN3RTC7RTCstopEv
                0x00005678        0xc RTC.o
                0x00005678                _ZN3RTC7RTCstopEv
 .text.avr-libc.fplib
                0x00005684        0xa c:/program files/atmel/atmel toolchain/avr8 gcc/native/3.4.1061/avr8-gnu-toolchain/bin/../lib/gcc/avr/4.8.1/../../../../avr/lib/avr51\libm.a(addsf3.o)
                0x00005684                __subsf3
                0x00005686                __addsf3
 .text.avr-libc.fplib
                0x0000568e       0xc0 c:/program files/atmel/atmel toolchain/avr8 gcc/native/3.4.1061/avr8-gnu-toolchain/bin/../lib/gcc/avr/4.8.1/../../../../avr/lib/avr51\libm.a(addsf3x.o)
                0x000056a8                __addsf3x
 .text.avr-libc.fplib
                0x0000574e       0x74 c:/program files/atmel/atmel toolchain/avr8 gcc/native/3.4.1061/avr8-gnu-toolchain/bin/../lib/gcc/avr/4.8.1/../../../../avr/lib/avr51\libm.a(atan2.o)
                0x0000576c                atan2
 .text.avr-libc.fplib
                0x000057c2       0x50 c:/program files/atmel/atmel toolchain/avr8 gcc/native/3.4.1061/avr8-gnu-toolchain/bin/../lib/gcc/avr/4.8.1/../../../../avr/lib/avr51\libm.a(atan.o)
                0x000057c2                atan
 .text.avr-libc.fplib
                0x00005812        0x8 c:/program files/atmel/atmel toolchain/avr8 gcc/native/3.4.1061/avr8-gnu-toolchain/bin/../lib/gcc/avr/4.8.1/../../../../avr/lib/avr51\libm.a(cmpsf2.o)
                0x00005812                __nesf2
                0x00005812                __eqsf2
                0x00005812                __cmpsf2
                0x00005812                __ltsf2
                0x00005812                __lesf2
 .text.avr-libc.fplib
                0x0000581a        0x6 c:/program files/atmel/atmel toolchain/avr8 gcc/native/3.4.1061/avr8-gnu-toolchain/bin/../lib/gcc/avr/4.8.1/../../../../avr/lib/avr51\libm.a(cos.o)
                0x0000581a                cos
 .text.avr-libc.fplib
                0x00005820        0x4 c:/program files/atmel/atmel toolchain/avr8 gcc/native/3.4.1061/avr8-gnu-toolchain/bin/../lib/gcc/avr/4.8.1/../../../../avr/lib/avr51\libm.a(divsf3.o)
                0x00005820                __divsf3
 .text.avr-libc.fplib
                0x00005824       0xcc c:/program files/atmel/atmel toolchain/avr8 gcc/native/3.4.1061/avr8-gnu-toolchain/bin/../lib/gcc/avr/4.8.1/../../../../avr/lib/avr51\libm.a(divsf3x.o)
                0x0000583a                __divsf3x
                0x0000583e                __divsf3_pse
 .text.avr-libc.fplib
                0x000058f0        0xa c:/program files/atmel/atmel toolchain/avr8 gcc/native/3.4.1061/avr8-gnu-toolchain/bin/../lib/gcc/avr/4.8.1/../../../../avr/lib/avr51\libm.a(fixsfsi.o)
                0x000058f0                __fixsfsi
 .text.avr-libc.fplib
                0x000058fa       0x58 c:/program files/atmel/atmel toolchain/avr8 gcc/native/3.4.1061/avr8-gnu-toolchain/bin/../lib/gcc/avr/4.8.1/../../../../avr/lib/avr51\libm.a(fixunssfsi.o)
                0x000058fa                __fixunssfsi
 .text.avr-libc.fplib
                0x00005952       0x7a c:/program files/atmel/atmel toolchain/avr8 gcc/native/3.4.1061/avr8-gnu-toolchain/bin/../lib/gcc/avr/4.8.1/../../../../avr/lib/avr51\libm.a(floatsisf.o)
                0x00005952                __floatunsisf
                0x00005956                __floatsisf
 .text.avr-libc.fplib
                0x000059cc       0x48 c:/program files/atmel/atmel toolchain/avr8 gcc/native/3.4.1061/avr8-gnu-toolchain/bin/../lib/gcc/avr/4.8.1/../../../../avr/lib/avr51\libm.a(fp_cmp.o)
                0x000059cc                __fp_cmp
 .text.avr-libc.fplib
                0x00005a14        0xc c:/program files/atmel/atmel toolchain/avr8 gcc/native/3.4.1061/avr8-gnu-toolchain/bin/../lib/gcc/avr/4.8.1/../../../../avr/lib/avr51\libm.a(fp_inf.o)
                0x00005a14                __fp_inf
 .text.avr-libc.fplib
                0x00005a20        0x6 c:/program files/atmel/atmel toolchain/avr8 gcc/native/3.4.1061/avr8-gnu-toolchain/bin/../lib/gcc/avr/4.8.1/../../../../avr/lib/avr51\libm.a(fp_nan.o)
                0x00005a20                __fp_nan
 .text.avr-libc.fplib
                0x00005a26       0x4a c:/program files/atmel/atmel toolchain/avr8 gcc/native/3.4.1061/avr8-gnu-toolchain/bin/../lib/gcc/avr/4.8.1/../../../../avr/lib/avr51\libm.a(fp_powser.o)
                0x00005a26                __fp_powser
 .text.avr-libc.fplib
                0x00005a70        0xe c:/program files/atmel/atmel toolchain/avr8 gcc/native/3.4.1061/avr8-gnu-toolchain/bin/../lib/gcc/avr/4.8.1/../../../../avr/lib/avr51\libm.a(fp_pscA.o)
                0x00005a70                __fp_pscA
 .text.avr-libc.fplib
                0x00005a7e        0xe c:/program files/atmel/atmel toolchain/avr8 gcc/native/3.4.1061/avr8-gnu-toolchain/bin/../lib/gcc/avr/4.8.1/../../../../avr/lib/avr51\libm.a(fp_pscB.o)
                0x00005a7e                __fp_pscB
 .text.avr-libc.fplib
                0x00005a8c       0x50 c:/program files/atmel/atmel toolchain/avr8 gcc/native/3.4.1061/avr8-gnu-toolchain/bin/../lib/gcc/avr/4.8.1/../../../../avr/lib/avr51\libm.a(fp_rempio2.o)
                0x00005a8e                __fp_rempio2
 .text.avr-libc.fplib
                0x00005adc       0x22 c:/program files/atmel/atmel toolchain/avr8 gcc/native/3.4.1061/avr8-gnu-toolchain/bin/../lib/gcc/avr/4.8.1/../../../../avr/lib/avr51\libm.a(fp_round.o)
                0x00005adc                __fp_round
 .text.avr-libc.fplib
                0x00005afe       0x22 c:/program files/atmel/atmel toolchain/avr8 gcc/native/3.4.1061/avr8-gnu-toolchain/bin/../lib/gcc/avr/4.8.1/../../../../avr/lib/avr51\libm.a(fp_sinus.o)
                0x00005afe                __fp_sinus
 .text.avr-libc.fplib
                0x00005b20       0x44 c:/program files/atmel/atmel toolchain/avr8 gcc/native/3.4.1061/avr8-gnu-toolchain/bin/../lib/gcc/avr/4.8.1/../../../../avr/lib/avr51\libm.a(fp_split3.o)
                0x00005b20                __fp_split3
                0x00005b30                __fp_splitA
 .text.avr-libc.fplib
                0x00005b64        0xe c:/program files/atmel/atmel toolchain/avr8 gcc/native/3.4.1061/avr8-gnu-toolchain/bin/../lib/gcc/avr/4.8.1/../../../../avr/lib/avr51\libm.a(fp_zero.o)
                0x00005b64                __fp_zero
                0x00005b66                __fp_szero
 .text.avr-libc.fplib
                0x00005b72        0x8 c:/program files/atmel/atmel toolchain/avr8 gcc/native/3.4.1061/avr8-gnu-toolchain/bin/../lib/gcc/avr/4.8.1/../../../../avr/lib/avr51\libm.a(gesf2.o)
                0x00005b72                __gesf2
                0x00005b72                __gtsf2
 .text.avr-libc.fplib
                0x00005b7a        0xe c:/program files/atmel/atmel toolchain/avr8 gcc/native/3.4.1061/avr8-gnu-toolchain/bin/../lib/gcc/avr/4.8.1/../../../../avr/lib/avr51\libm.a(inverse.o)
                0x00005b7a                inverse
 .text.avr-libc.fplib
                0x00005b88       0x8a c:/program files/atmel/atmel toolchain/avr8 gcc/native/3.4.1061/avr8-gnu-toolchain/bin/../lib/gcc/avr/4.8.1/../../../../avr/lib/avr51\libm.a(log.o)
                0x00005b92                log
 .text.avr-libc.fplib
                0x00005c12        0x4 c:/program files/atmel/atmel toolchain/avr8 gcc/native/3.4.1061/avr8-gnu-toolchain/bin/../lib/gcc/avr/4.8.1/../../../../avr/lib/avr51\libm.a(mulsf3.o)
                0x00005c12                __mulsf3
 .text.avr-libc.fplib
                0x00005c16       0xc2 c:/program files/atmel/atmel toolchain/avr8 gcc/native/3.4.1061/avr8-gnu-toolchain/bin/../lib/gcc/avr/4.8.1/../../../../avr/lib/avr51\libm.a(mulsf3x.o)
                0x00005c2a                __mulsf3x
                0x00005c2e                __mulsf3_pse
 .text.avr-libc.fplib
                0x00005cd8        0xc c:/program files/atmel/atmel toolchain/avr8 gcc/native/3.4.1061/avr8-gnu-toolchain/bin/../lib/gcc/avr/4.8.1/../../../../avr/lib/avr51\libm.a(sin.o)
                0x00005cd8                sin
 .text.avr-libc.fplib
                0x00005ce4        0x6 c:/program files/atmel/atmel toolchain/avr8 gcc/native/3.4.1061/avr8-gnu-toolchain/bin/../lib/gcc/avr/4.8.1/../../../../avr/lib/avr51\libm.a(square.o)
                0x00005ce4                square
 .text.avr-libc.fplib
                0x00005cea       0x40 c:/program files/atmel/atmel toolchain/avr8 gcc/native/3.4.1061/avr8-gnu-toolchain/bin/../lib/gcc/avr/4.8.1/../../../../avr/lib/avr51\libm.a(tan.o)
                0x00005cea                tan
 .text.avr-libc.fplib
                0x00005d2a       0x1c c:/program files/atmel/atmel toolchain/avr8 gcc/native/3.4.1061/avr8-gnu-toolchain/bin/../lib/gcc/avr/4.8.1/../../../../avr/lib/avr51\libm.a(fp_mpack.o)
                0x00005d2a                __fp_mpack
                0x00005d2e                __fp_mpack_finite
 .text.avr-libc.fplib
                0x00005d46       0x22 c:/program files/atmel/atmel toolchain/avr8 gcc/native/3.4.1061/avr8-gnu-toolchain/bin/../lib/gcc/avr/4.8.1/../../../../avr/lib/avr51\libm.a(fp_powsodd.o)
                0x00005d46                __fp_powsodd
 .text.avr-libc
                0x00005d68      0x70e c:/program files/atmel/atmel toolchain/avr8 gcc/native/3.4.1061/avr8-gnu-toolchain/bin/../lib/gcc/avr/4.8.1/../../../../avr/lib/avr51\libprintf_flt.a(vfprintf_flt.o)
                0x00005d68                vfprintf
 .text.libgcc.div
                0x00006476       0x28 c:/program files/atmel/atmel toolchain/avr8 gcc/native/3.4.1061/avr8-gnu-toolchain/bin/../lib/gcc/avr/4.8.1/avr51\libgcc.a(_udivmodhi4.o)
                0x00006476                __udivmodhi4
 .text.libgcc.div
                0x0000649e       0x26 c:/program files/atmel/atmel toolchain/avr8 gcc/native/3.4.1061/avr8-gnu-toolchain/bin/../lib/gcc/avr/4.8.1/avr51\libgcc.a(_divmodhi4.o)
                0x0000649e                _div
                0x0000649e                __divmodhi4
 .text.libgcc   0x000064c4        0xc c:/program files/atmel/atmel toolchain/avr8 gcc/native/3.4.1061/avr8-gnu-toolchain/bin/../lib/gcc/avr/4.8.1/avr51\libgcc.a(_tablejump.o)
                0x000064c4                __tablejump2__
                0x000064c8                __tablejump__
 .text.libgcc.mul
                0x000064d0       0x1e c:/program files/atmel/atmel toolchain/avr8 gcc/native/3.4.1061/avr8-gnu-toolchain/bin/../lib/gcc/avr/4.8.1/avr51\libgcc.a(_umulhisi3.o)
                0x000064d0                __umulhisi3
 .text.libgcc   0x000064ee        0x8 c:/program files/atmel/atmel toolchain/avr8 gcc/native/3.4.1061/avr8-gnu-toolchain/bin/../lib/gcc/avr/4.8.1/avr51\libgcc.a(_tablejump_elpm.o)
                0x000064ee                __tablejump_elpm__
 .text.avr-libc
                0x000064f6      0x1b0 c:/program files/atmel/atmel toolchain/avr8 gcc/native/3.4.1061/avr8-gnu-toolchain/bin/../lib/gcc/avr/4.8.1/../../../../avr/lib/avr51\libc.a(ftoa_engine.o)
                0x000064f6                __ftoa_engine
 .text.avr-libc
                0x000066a6       0x16 c:/program files/atmel/atmel toolchain/avr8 gcc/native/3.4.1061/avr8-gnu-toolchain/bin/../lib/gcc/avr/4.8.1/../../../../avr/lib/avr51\libc.a(strnlen_P.o)
                0x000066a6                strnlen_P
 .text.avr-libc
                0x000066bc       0x16 c:/program files/atmel/atmel toolchain/avr8 gcc/native/3.4.1061/avr8-gnu-toolchain/bin/../lib/gcc/avr/4.8.1/../../../../avr/lib/avr51\libc.a(strnlen.o)
                0x000066bc                strnlen
 .text.avr-libc
                0x000066d2       0x64 c:/program files/atmel/atmel toolchain/avr8 gcc/native/3.4.1061/avr8-gnu-toolchain/bin/../lib/gcc/avr/4.8.1/../../../../avr/lib/avr51\libc.a(fputc.o)
                0x000066d2                fputc
 .text.avr-libc
                0x00006736       0x5c c:/program files/atmel/atmel toolchain/avr8 gcc/native/3.4.1061/avr8-gnu-toolchain/bin/../lib/gcc/avr/4.8.1/../../../../avr/lib/avr51\libc.a(sprintf.o)
                0x00006736                sprintf
 .text.avr-libc
                0x00006792       0xbc c:/program files/atmel/atmel toolchain/avr8 gcc/native/3.4.1061/avr8-gnu-toolchain/bin/../lib/gcc/avr/4.8.1/../../../../avr/lib/avr51\libc.a(ultoa_invert.o)
                0x00006792                __ultoa_invert
                0x0000684e                . = ALIGN (0x2)
 *(.fini9)
 .fini9         0x0000684e        0x0 c:/program files/atmel/atmel toolchain/avr8 gcc/native/3.4.1061/avr8-gnu-toolchain/bin/../lib/gcc/avr/4.8.1/avr51\libgcc.a(_exit.o)
                0x0000684e                _exit
                0x0000684e                exit
 *(.fini9)
 *(.fini8)
 *(.fini8)
 *(.fini7)
 *(.fini7)
 *(.fini6)
 .fini6         0x0000684e       0x1e c:/program files/atmel/atmel toolchain/avr8 gcc/native/3.4.1061/avr8-gnu-toolchain/bin/../lib/gcc/avr/4.8.1/avr51\libgcc.a(_dtors.o)
                0x0000684e                __do_global_dtors
 *(.fini6)
 *(.fini5)
 *(.fini5)
 *(.fini4)
 *(.fini4)
 *(.fini3)
 *(.fini3)
 *(.fini2)
 *(.fini2)
 *(.fini1)
 *(.fini1)
 *(.fini0)
 .fini0         0x0000686c        0x4 c:/program files/atmel/atmel toolchain/avr8 gcc/native/3.4.1061/avr8-gnu-toolchain/bin/../lib/gcc/avr/4.8.1/avr51\libgcc.a(_exit.o)
 *(.fini0)
                0x00006870                _etext = .

.data           0x00800100      0x244 load address 0x00006870
                0x00800100                PROVIDE (__data_start, .)
 *(.data)
 *(.data*)
 *(.rodata)
 *(.rodata*)
 .rodata.str1.1
                0x00800100      0x244 FWCP_MK2.o
                                0x249 (size before relaxing)
 *(.gnu.linkonce.d*)
                0x00800344                . = ALIGN (0x2)
                0x00800344                _edata = .
                0x00800344                PROVIDE (__data_end, .)

.bss            0x00800344      0x478
                0x00800344                PROVIDE (__bss_start, .)
 *(.bss)
 *(.bss*)
 .bss.Fahrtzeit
                0x00800344        0x4 FWCP_MK2.o
                0x00800344                Fahrtzeit
 .bss.maxgeschw
                0x00800348        0x4 FWCP_MK2.o
                0x00800348                maxgeschw
 .bss.strecke   0x0080034c        0x4 FWCP_MK2.o
                0x0080034c                strecke
 .bss.geschw    0x00800350        0x4 FWCP_MK2.o
                0x00800350                geschw
 .bss.pos       0x00800354        0x1 FWCP_MK2.o
                0x00800354                pos
 .bss.anzeige   0x00800355        0x2 FWCP_MK2.o
                0x00800355                anzeige
 .bss.batterie  0x00800357        0x4 FWCP_MK2.o
                0x00800357                batterie
 .bss.Accelerometer
                0x0080035b       0x11 FWCP_MK2.o
                0x0080035b                Accelerometer
 .bss.Baro      0x0080036c        0xe FWCP_MK2.o
                0x0080036c                Baro
 .bss.Sound     0x0080037a        0x2 FWCP_MK2.o
                0x0080037a                Sound
 .bss.IRLED     0x0080037c        0x2 FWCP_MK2.o
                0x0080037c                IRLED
 .bss.Vibrationsmotor
                0x0080037e        0x2 FWCP_MK2.o
                0x0080037e                Vibrationsmotor
 .bss.LED       0x00800380        0x2 FWCP_MK2.o
                0x00800380                LED
 .bss.Tastatur  0x00800382        0x1 FWCP_MK2.o
                0x00800382                Tastatur
 .bss.oled      0x00800383      0x401 FWCP_MK2.o
                0x00800383                oled
 .bss.rtc       0x00800784       0x1f FWCP_MK2.o
                0x00800784                rtc
 .bss.kompass   0x008007a3       0x19 FWCP_MK2.o
                0x008007a3                kompass
 *(COMMON)
                0x008007bc                PROVIDE (__bss_end, .)
                0x00006870                __data_load_start = LOADADDR (.data)
                0x00006ab4                __data_load_end = (__data_load_start + SIZEOF (.data))

.noinit         0x008007bc        0x0
                0x008007bc                PROVIDE (__noinit_start, .)
 *(.noinit*)
                0x008007bc                PROVIDE (__noinit_end, .)
                0x008007bc                _end = .
                0x008007bc                PROVIDE (__heap_start, .)

.eeprom         0x00810000        0x0
 *(.eeprom*)
                0x00810000                __eeprom_end = .

.fuse
 *(.fuse)
 *(.lfuse)
 *(.hfuse)
 *(.efuse)

.lock
 *(.lock*)

.signature
 *(.signature*)

.user_signatures
 *(.user_signatures*)

.stab
 *(.stab)

.stabstr
 *(.stabstr)

.stab.excl
 *(.stab.excl)

.stab.exclstr
 *(.stab.exclstr)

.stab.index
 *(.stab.index)

.stab.indexstr
 *(.stab.indexstr)

.comment        0x00000000       0x5c
 *(.comment)
 .comment       0x00000000       0x30 Display.o
                                 0x31 (size before relaxing)
 .comment       0x00000000       0x31 FWCP_MK2.o
 .comment       0x00000000       0x31 I2C.o
 .comment       0x00000000       0x31 Interface.o
 .comment       0x00000000       0x31 Kompass.o
 .comment       0x00000000       0x31 LSM303D.o
 .comment       0x00000000       0x31 Output.o
 .comment       0x00000000       0x31 Pressure.o
 .comment       0x00000000       0x31 RTC.o
 .comment       0x00000030       0x2c c:/program files/atmel/atmel toolchain/avr8 gcc/native/3.4.1061/avr8-gnu-toolchain/bin/../lib/gcc/avr/4.8.1/../../../../avr/lib/avr51\libprintf_flt.a(vfprintf_flt.o)
                                 0x2d (size before relaxing)
 .comment       0x00000000       0x31 c:/program files/atmel/atmel toolchain/avr8 gcc/native/3.4.1061/avr8-gnu-toolchain/bin/../lib/gcc/avr/4.8.1/../../../../avr/lib/avr51\libc.a(fputc.o)
 .comment       0x00000000       0x31 c:/program files/atmel/atmel toolchain/avr8 gcc/native/3.4.1061/avr8-gnu-toolchain/bin/../lib/gcc/avr/4.8.1/../../../../avr/lib/avr51\libc.a(sprintf.o)

.note.gnu.build-id
 *(.note.gnu.build-id)

.debug
 *(.debug)

.line
 *(.line)

.debug_srcinfo
 *(.debug_srcinfo)

.debug_sfnames
 *(.debug_sfnames)

.debug_aranges  0x00000000      0x428
 *(.debug_aranges)
 .debug_aranges
                0x00000000       0xa8 Display.o
 .debug_aranges
                0x000000a8      0x128 FWCP_MK2.o
 .debug_aranges
                0x000001d0       0x58 I2C.o
 .debug_aranges
                0x00000228       0x48 Interface.o
 .debug_aranges
                0x00000270       0x50 Kompass.o
 .debug_aranges
                0x000002c0       0x58 LSM303D.o
 .debug_aranges
                0x00000318       0x48 Output.o
 .debug_aranges
                0x00000360       0x58 Pressure.o
 .debug_aranges
                0x000003b8       0x70 RTC.o

.debug_pubnames
 *(.debug_pubnames)

.debug_info     0x00000000     0x966f
 *(.debug_info .gnu.linkonce.wi.*)
 .debug_info    0x00000000     0x1b1a Display.o
 .debug_info    0x00001b1a     0x463b FWCP_MK2.o
 .debug_info    0x00006155      0x372 I2C.o
 .debug_info    0x000064c7      0xb6b Interface.o
 .debug_info    0x00007032      0x991 Kompass.o
 .debug_info    0x000079c3      0x981 LSM303D.o
 .debug_info    0x00008344      0x3bb Output.o
 .debug_info    0x000086ff      0x942 Pressure.o
 .debug_info    0x00009041      0x62e RTC.o

.debug_abbrev   0x00000000     0x193a
 *(.debug_abbrev)
 .debug_abbrev  0x00000000      0x334 Display.o
 .debug_abbrev  0x00000334      0x52f FWCP_MK2.o
 .debug_abbrev  0x00000863      0x190 I2C.o
 .debug_abbrev  0x000009f3      0x277 Interface.o
 .debug_abbrev  0x00000c6a      0x2d5 Kompass.o
 .debug_abbrev  0x00000f3f      0x2c5 LSM303D.o
 .debug_abbrev  0x00001204      0x1e0 Output.o
 .debug_abbrev  0x000013e4      0x300 Pressure.o
 .debug_abbrev  0x000016e4      0x256 RTC.o

.debug_line     0x00000000     0x380e
 *(.debug_line .debug_line.* .debug_line_end)
 .debug_line    0x00000000      0x793 Display.o
 .debug_line    0x00000793     0x1b98 FWCP_MK2.o
 .debug_line    0x0000232b      0x1a0 I2C.o
 .debug_line    0x000024cb      0x493 Interface.o
 .debug_line    0x0000295e      0x32f Kompass.o
 .debug_line    0x00002c8d      0x285 LSM303D.o
 .debug_line    0x00002f12      0x21a Output.o
 .debug_line    0x0000312c      0x288 Pressure.o
 .debug_line    0x000033b4      0x45a RTC.o

.debug_frame    0x00000000     0x1060
 *(.debug_frame)
 .debug_frame   0x00000000      0x364 Display.o
 .debug_frame   0x00000364      0x6a8 FWCP_MK2.o
 .debug_frame   0x00000a0c       0x94 I2C.o
 .debug_frame   0x00000aa0       0x90 Interface.o
 .debug_frame   0x00000b30      0x144 Kompass.o
 .debug_frame   0x00000c74      0x138 LSM303D.o
 .debug_frame   0x00000dac       0x74 Output.o
 .debug_frame   0x00000e20      0x14c Pressure.o
 .debug_frame   0x00000f6c       0xf4 RTC.o

.debug_str      0x00000000     0x136e
 *(.debug_str)
 .debug_str     0x00000000      0x5e4 Display.o
                                0x62e (size before relaxing)
 .debug_str     0x000005e4      0xbcf FWCP_MK2.o
                               0x119b (size before relaxing)
 .debug_str     0x000011b3       0x2a I2C.o
                                0x270 (size before relaxing)
 .debug_str     0x000011dd       0x44 Interface.o
                                0x2ef (size before relaxing)
 .debug_str     0x00001221       0x4e Kompass.o
                                0x3f7 (size before relaxing)
 .debug_str     0x0000126f       0x3c LSM303D.o
                                0x3d1 (size before relaxing)
 .debug_str     0x000012ab       0x51 Output.o
                                0x257 (size before relaxing)
 .debug_str     0x000012fc       0x4d Pressure.o
                                0x431 (size before relaxing)
 .debug_str     0x00001349       0x25 RTC.o
                                0x35d (size before relaxing)

.debug_loc      0x00000000     0x70fc
 *(.debug_loc)
 .debug_loc     0x00000000     0x18b0 Display.o
 .debug_loc     0x000018b0     0x34e8 FWCP_MK2.o
 .debug_loc     0x00004d98      0x128 I2C.o
 .debug_loc     0x00004ec0      0xa20 Interface.o
 .debug_loc     0x000058e0      0x757 Kompass.o
 .debug_loc     0x00006037      0x4a9 LSM303D.o
 .debug_loc     0x000064e0      0x472 Output.o
 .debug_loc     0x00006952      0x4fd Pressure.o
 .debug_loc     0x00006e4f      0x2ad RTC.o

.debug_macinfo
 *(.debug_macinfo)

.debug_weaknames
 *(.debug_weaknames)

.debug_funcnames
 *(.debug_funcnames)

.debug_typenames
 *(.debug_typenames)

.debug_varnames
 *(.debug_varnames)

.debug_pubtypes
 *(.debug_pubtypes)

.debug_ranges   0x00000000      0x400
 *(.debug_ranges)
 .debug_ranges  0x00000000       0xe8 Display.o
 .debug_ranges  0x000000e8      0x130 FWCP_MK2.o
 .debug_ranges  0x00000218       0x48 I2C.o
 .debug_ranges  0x00000260       0x38 Interface.o
 .debug_ranges  0x00000298       0x40 Kompass.o
 .debug_ranges  0x000002d8       0x48 LSM303D.o
 .debug_ranges  0x00000320       0x38 Output.o
 .debug_ranges  0x00000358       0x48 Pressure.o
 .debug_ranges  0x000003a0       0x60 RTC.o

.debug_macro
 *(.debug_macro)
OUTPUT(FWCP_MK2.elf elf32-avr)
LOAD linker stubs
