Archive member included because of file (symbol)

c:/program files/atmel/atmel toolchain/avr8 gcc/native/3.4.1061/avr8-gnu-toolchain/bin/../lib/gcc/avr/4.8.1/../../../../avr/lib/avr51\libm.a(addsf3.o)
                              Display.o (__subsf3)
c:/program files/atmel/atmel toolchain/avr8 gcc/native/3.4.1061/avr8-gnu-toolchain/bin/../lib/gcc/avr/4.8.1/../../../../avr/lib/avr51\libm.a(addsf3x.o)
                              c:/program files/atmel/atmel toolchain/avr8 gcc/native/3.4.1061/avr8-gnu-toolchain/bin/../lib/gcc/avr/4.8.1/../../../../avr/lib/avr51\libm.a(addsf3.o) (__addsf3x)
c:/program files/atmel/atmel toolchain/avr8 gcc/native/3.4.1061/avr8-gnu-toolchain/bin/../lib/gcc/avr/4.8.1/../../../../avr/lib/avr51\libm.a(atan2.o)
                              Kompass.o (atan2)
c:/program files/atmel/atmel toolchain/avr8 gcc/native/3.4.1061/avr8-gnu-toolchain/bin/../lib/gcc/avr/4.8.1/../../../../avr/lib/avr51\libm.a(atan.o)
                              c:/program files/atmel/atmel toolchain/avr8 gcc/native/3.4.1061/avr8-gnu-toolchain/bin/../lib/gcc/avr/4.8.1/../../../../avr/lib/avr51\libm.a(atan2.o) (atan)
c:/program files/atmel/atmel toolchain/avr8 gcc/native/3.4.1061/avr8-gnu-toolchain/bin/../lib/gcc/avr/4.8.1/../../../../avr/lib/avr51\libm.a(cmpsf2.o)
                              FWCP_MK2.o (__ltsf2)
c:/program files/atmel/atmel toolchain/avr8 gcc/native/3.4.1061/avr8-gnu-toolchain/bin/../lib/gcc/avr/4.8.1/../../../../avr/lib/avr51\libm.a(cos.o)
                              Display.o (cos)
c:/program files/atmel/atmel toolchain/avr8 gcc/native/3.4.1061/avr8-gnu-toolchain/bin/../lib/gcc/avr/4.8.1/../../../../avr/lib/avr51\libm.a(divsf3.o)
                              Display.o (__divsf3)
c:/program files/atmel/atmel toolchain/avr8 gcc/native/3.4.1061/avr8-gnu-toolchain/bin/../lib/gcc/avr/4.8.1/../../../../avr/lib/avr51\libm.a(divsf3x.o)
                              c:/program files/atmel/atmel toolchain/avr8 gcc/native/3.4.1061/avr8-gnu-toolchain/bin/../lib/gcc/avr/4.8.1/../../../../avr/lib/avr51\libm.a(divsf3.o) (__divsf3x)
c:/program files/atmel/atmel toolchain/avr8 gcc/native/3.4.1061/avr8-gnu-toolchain/bin/../lib/gcc/avr/4.8.1/../../../../avr/lib/avr51\libm.a(fixsfsi.o)
                              FWCP_MK2.o (__fixsfsi)
c:/program files/atmel/atmel toolchain/avr8 gcc/native/3.4.1061/avr8-gnu-toolchain/bin/../lib/gcc/avr/4.8.1/../../../../avr/lib/avr51\libm.a(fixunssfsi.o)
                              Display.o (__fixunssfsi)
c:/program files/atmel/atmel toolchain/avr8 gcc/native/3.4.1061/avr8-gnu-toolchain/bin/../lib/gcc/avr/4.8.1/../../../../avr/lib/avr51\libm.a(floatsisf.o)
                              FWCP_MK2.o (__floatunsisf)
c:/program files/atmel/atmel toolchain/avr8 gcc/native/3.4.1061/avr8-gnu-toolchain/bin/../lib/gcc/avr/4.8.1/../../../../avr/lib/avr51\libm.a(fp_cmp.o)
                              c:/program files/atmel/atmel toolchain/avr8 gcc/native/3.4.1061/avr8-gnu-toolchain/bin/../lib/gcc/avr/4.8.1/../../../../avr/lib/avr51\libm.a(cmpsf2.o) (__fp_cmp)
c:/program files/atmel/atmel toolchain/avr8 gcc/native/3.4.1061/avr8-gnu-toolchain/bin/../lib/gcc/avr/4.8.1/../../../../avr/lib/avr51\libm.a(fp_inf.o)
                              c:/program files/atmel/atmel toolchain/avr8 gcc/native/3.4.1061/avr8-gnu-toolchain/bin/../lib/gcc/avr/4.8.1/../../../../avr/lib/avr51\libm.a(addsf3x.o) (__fp_inf)
c:/program files/atmel/atmel toolchain/avr8 gcc/native/3.4.1061/avr8-gnu-toolchain/bin/../lib/gcc/avr/4.8.1/../../../../avr/lib/avr51\libm.a(fp_nan.o)
                              c:/program files/atmel/atmel toolchain/avr8 gcc/native/3.4.1061/avr8-gnu-toolchain/bin/../lib/gcc/avr/4.8.1/../../../../avr/lib/avr51\libm.a(addsf3x.o) (__fp_nan)
c:/program files/atmel/atmel toolchain/avr8 gcc/native/3.4.1061/avr8-gnu-toolchain/bin/../lib/gcc/avr/4.8.1/../../../../avr/lib/avr51\libm.a(fp_powser.o)
                              c:/program files/atmel/atmel toolchain/avr8 gcc/native/3.4.1061/avr8-gnu-toolchain/bin/../lib/gcc/avr/4.8.1/../../../../avr/lib/avr51\libm.a(atan.o) (__fp_powser)
c:/program files/atmel/atmel toolchain/avr8 gcc/native/3.4.1061/avr8-gnu-toolchain/bin/../lib/gcc/avr/4.8.1/../../../../avr/lib/avr51\libm.a(fp_pscA.o)
                              c:/program files/atmel/atmel toolchain/avr8 gcc/native/3.4.1061/avr8-gnu-toolchain/bin/../lib/gcc/avr/4.8.1/../../../../avr/lib/avr51\libm.a(addsf3x.o) (__fp_pscA)
c:/program files/atmel/atmel toolchain/avr8 gcc/native/3.4.1061/avr8-gnu-toolchain/bin/../lib/gcc/avr/4.8.1/../../../../avr/lib/avr51\libm.a(fp_pscB.o)
                              c:/program files/atmel/atmel toolchain/avr8 gcc/native/3.4.1061/avr8-gnu-toolchain/bin/../lib/gcc/avr/4.8.1/../../../../avr/lib/avr51\libm.a(addsf3x.o) (__fp_pscB)
c:/program files/atmel/atmel toolchain/avr8 gcc/native/3.4.1061/avr8-gnu-toolchain/bin/../lib/gcc/avr/4.8.1/../../../../avr/lib/avr51\libm.a(fp_rempio2.o)
[...]
Memory Configuration

Name             Origin             Length             Attributes
text             0x00000000         0x00020000         xr
data             0x00800100         0x0000ff00         rw !x
eeprom           0x00810000         0x00010000         rw !x
fuse             0x00820000         0x00000400         rw !x
lock             0x00830000         0x00000400         rw !x
signature        0x00840000         0x00000400         rw !x
user_signatures  0x00850000         0x00000400         rw !x
*default*        0x00000000         0xffffffff

Linker script and memory map

Address of section .data set to 0x800100
LOAD c:/program files/atmel/atmel toolchain/avr8 gcc/native/3.4.1061/avr8-gnu-toolchain/bin/../lib/gcc/avr/4.8.1/../../../../avr/lib/avr51/crtm1284p.o
LOAD Display.o
LOAD FWCP_MK2.o
LOAD I2C.o
LOAD Interface.o
LOAD Kompass.o
LOAD LSM303D.o
LOAD Output.o
LOAD Pressure.o
LOAD RTC.o
LOAD SOUND.o
START GROUP
LOAD c:/program files/atmel/atmel toolchain/avr8 gcc/native/3.4.1061/avr8-gnu-toolchain/bin/../lib/gcc/avr/4.8.1/../../../../avr/lib/avr51\libm.a
LOAD c:/program files/atmel/atmel toolchain/avr8 gcc/native/3.4.1061/avr8-gnu-toolchain/bin/../lib/gcc/avr/4.8.1/../../../../avr/lib/avr51\libprintf_flt.a
END GROUP
LOAD c:/program files/atmel/atmel toolchain/avr8 gcc/native/3.4.1061/avr8-gnu-toolchain/bin/../lib/gcc/avr/4.8.1/avr51\libgcc.a
LOAD c:/program files/atmel/atmel toolchain/avr8 gcc/native/3.4.1061/avr8-gnu-toolchain/bin/../lib/gcc/avr/4.8.1/../../../../avr/lib/avr51\libm.a
START GROUP
LOAD c:/program files/atmel/atmel toolchain/avr8 gcc/native/3.4.1061/avr8-gnu-toolchain/bin/../lib/gcc/avr/4.8.1/avr51\libgcc.a
LOAD c:/program files/atmel/atmel toolchain/avr8 gcc/native/3.4.1061/avr8-gnu-toolchain/bin/../lib/gcc/avr/4.8.1/../../../../avr/lib/avr51\libm.a
LOAD c:/program files/atmel/atmel toolchain/avr8 gcc/native/3.4.1061/avr8-gnu-toolchain/bin/../lib/gcc/avr/4.8.1/../../../../avr/lib/avr51\libc.a
END GROUP

.hash
 *(.hash)

.dynsym
 *(.dynsym)

.dynstr
 *(.dynstr)

.gnu.version
 *(.gnu.version)

.gnu.version_d
 *(.gnu.version_d)

.gnu.version_r
 *(.gnu.version_r)

.rel.init
 *(.rel.init)

.rela.init
 *(.rela.init)

.rel.text
 *(.rel.text)
 *(.rel.text.*)
 *(.rel.gnu.linkonce.t*)

.rela.text
 *(.rela.text)
 *(.rela.text.*)
 *(.rela.gnu.linkonce.t*)

.rel.fini
 *(.rel.fini)

.rela.fini
 *(.rela.fini)

.rel.rodata
 *(.rel.rodata)
 *(.rel.rodata.*)
 *(.rel.gnu.linkonce.r*)

.rela.rodata
 *(.rela.rodata)
 *(.rela.rodata.*)
 *(.rela.gnu.linkonce.r*)

.rel.data
 *(.rel.data)
 *(.rel.data.*)
 *(.rel.gnu.linkonce.d*)

.rela.data
 *(.rela.data)
 *(.rela.data.*)
 *(.rela.gnu.linkonce.d*)

.rel.ctors
 *(.rel.ctors)

.rela.ctors
 *(.rela.ctors)

.rel.dtors
 *(.rel.dtors)

.rela.dtors
 *(.rela.dtors)

.rel.got
 *(.rel.got)

.rela.got
 *(.rela.got)

.rel.bss
 *(.rel.bss)

.rela.bss
 *(.rela.bss)

.rel.plt
 *(.rel.plt)

.rela.plt
 *(.rela.plt)

.text           0x00000000     0x6a60
 *(.vectors)
 .vectors       0x00000000       0x8c c:/program files/atmel/atmel toolchain/avr8 gcc/native/3.4.1061/avr8-gnu-toolchain/bin/../lib/gcc/avr/4.8.1/../../../../avr/lib/avr51/crtm1284p.o
                0x00000000                __vector_default
                0x00000000                __vectors
 *(.vectors)
 *(.progmem.gcc*)
 .progmem.gcc_sw_table._Z13uhreinstellenv
                0x0000008c       0x14 FWCP_MK2.o
 .progmem.gcc_sw_table._Z14eingabehandlerh
                0x000000a0       0x1e FWCP_MK2.o
 .progmem.gcc_fplib
                0x000000be       0x2d c:/program files/atmel/atmel toolchain/avr8 gcc/native/3.4.1061/avr8-gnu-toolchain/bin/../lib/gcc/avr/4.8.1/../../../../avr/lib/avr51\libm.a(atan.o)
 .progmem.gcc_fplib
                0x000000eb       0x1e c:/program files/atmel/atmel toolchain/avr8 gcc/native/3.4.1061/avr8-gnu-toolchain/bin/../lib/gcc/avr/4.8.1/../../../../avr/lib/avr51\libm.a(fp_sinus.o)
 .progmem.gcc_fplib
                0x00000109       0x5a c:/program files/atmel/atmel toolchain/avr8 gcc/native/3.4.1061/avr8-gnu-toolchain/bin/../lib/gcc/avr/4.8.1/../../../../avr/lib/avr51\libm.a(log.o)
 .progmem.gcc_fplib
                0x00000163       0x23 c:/program files/atmel/atmel toolchain/avr8 gcc/native/3.4.1061/avr8-gnu-toolchain/bin/../lib/gcc/avr/4.8.1/../../../../avr/lib/avr51\libm.a(tan.o)
                0x00000186                . = ALIGN (0x2)
                0x00000186                __trampolines_start = .
 *(.trampolines)
 .trampolines   0x00000186        0x0 linker stubs
 *(.trampolines*)
                0x00000186                __trampolines_end = .
 *(.progmem*)
 .progmem.data._ZL11digits16x16
                0x00000186      0x140 Display.o
 .progmem.data._ZL7font5x8
                0x000002c6      0x1d6 Display.o
 .progmem.data  0x0000049c        0x8 c:/program files/atmel/atmel toolchain/avr8 gcc/native/3.4.1061/avr8-gnu-toolchain/bin/../lib/gcc/avr/4.8.1/../../../../avr/lib/avr51\libprintf_flt.a(vfprintf_flt.o)
 .progmem.data  0x000004a4       0xfa c:/program files/atmel/atmel toolchain/avr8 gcc/native/3.4.1061/avr8-gnu-toolchain/bin/../lib/gcc/avr/4.8.1/../../../../avr/lib/avr51\libc.a(ftoa_engine.o)
                0x0000059e                . = ALIGN (0x2)
 *(.jumptables)
 *(.jumptables*)
 *(.lowtext)
 *(.lowtext*)
                0x0000059e                __ctors_start = .
 *(.ctors)
 .ctors         0x0000059e        0x2 FWCP_MK2.o
                0x000005a0                __ctors_end = .
                0x000005a0                __dtors_start = .
 *(.dtors)
 .dtors         0x000005a0        0x2 FWCP_MK2.o
                0x000005a2                __dtors_end = .
 SORT(*)(.ctors)
 SORT(*)(.dtors)
 *(.init0)
 .init0         0x000005a2        0x0 c:/program files/atmel/atmel toolchain/avr8 gcc/native/3.4.1061/avr8-gnu-toolchain/bin/../lib/gcc/avr/4.8.1/../../../../avr/lib/avr51/crtm1284p.o
                0x000005a2                __init
 *(.init0)
 *(.init1)
 *(.init1)
 *(.init2)
 .init2         0x000005a2        0xc c:/program files/atmel/atmel toolchain/avr8 gcc/native/3.4.1061/avr8-gnu-toolchain/bin/../lib/gcc/avr/4.8.1/../../../../avr/lib/avr51/crtm1284p.o
 *(.init2)
 *(.init3)
 *(.init3)
 *(.init4)
 .init4         0x000005ae       0x1a c:/program files/atmel/atmel toolchain/avr8 gcc/native/3.4.1061/avr8-gnu-toolchain/bin/../lib/gcc/avr/4.8.1/avr51\libgcc.a(_copy_data.o)
                0x000005ae                __do_copy_data
 .init4         0x000005c8       0x10 c:/program files/atmel/atmel toolchain/avr8 gcc/native/3.4.1061/avr8-gnu-toolchain/bin/../lib/gcc/avr/4.8.1/avr51\libgcc.a(_clear_bss.o)
                0x000005c8                __do_clear_bss
 *(.init4)
 *(.init5)
 *(.init5)
 *(.init6)
 .init6         0x000005d8       0x20 c:/program files/atmel/atmel toolchain/avr8 gcc/native/3.4.1061/avr8-gnu-toolchain/bin/../lib/gcc/avr/4.8.1/avr51\libgcc.a(_ctors.o)
                0x000005d8                __do_global_ctors
 *(.init6)
 *(.init7)
 *(.init7)
 *(.init8)
 *(.init8)
 *(.init9)
 .init9         0x000005f8        0x8 c:/program files/atmel/atmel toolchain/avr8 gcc/native/3.4.1061/avr8-gnu-toolchain/bin/../lib/gcc/avr/4.8.1/../../../../avr/lib/avr51/crtm1284p.o
 *(.init9)
 *(.text)
 .text          0x00000600        0x2 c:/program files/atmel/atmel toolchain/avr8 gcc/native/3.4.1061/avr8-gnu-toolchain/bin/../lib/gcc/avr/4.8.1/../../../../avr/lib/avr51/crtm1284p.o
                0x00000600                __vector_22
                0x00000600                __vector_28
                0x00000600                __vector_1
                0x00000600                __vector_32
                0x00000600                __vector_34
                0x00000600                __vector_24
                0x00000600                __vector_12
                0x00000600                __bad_interrupt
                0x00000600                __vector_6
                0x00000600                __vector_31
                0x00000600                __vector_3
                0x00000600                __vector_23
                0x00000600                __vector_30
                0x00000600                __vector_25
                0x00000600                __vector_13
                0x00000600                __vector_17
                0x00000600                __vector_19
                0x00000600                __vector_7
                0x00000600                __vector_27
                0x00000600                __vector_5
                0x00000600                __vector_33
                0x00000600                __vector_4
                0x00000600                __vector_9
                0x00000600                __vector_2
                0x00000600                __vector_21
                0x00000600                __vector_15
                0x00000600                __vector_29
                0x00000600                __vector_8
                0x00000600                __vector_26
                0x00000600                __vector_14
                0x00000600                __vector_10
                0x00000600                __vector_16
                0x00000600                __vector_18
                0x00000600                __vector_20
                0x00000602                . = ALIGN (0x2)
 *(.text.*)
 .text._ZN7DisplayD2Ev
                0x00000602        0x8 Display.o
                0x00000602                _ZN7DisplayD2Ev
                0x00000602                _ZN7DisplayD1Ev
 .text._ZN7Display10clearFrameEv
                0x0000060a       0x16 Display.o
                0x0000060a                _ZN7Display10clearFrameEv
 .text._ZN7Display15ssd1306_commandEh
                0x00000620       0x38 Display.o
                0x00000620                _ZN7Display15ssd1306_commandEh
 .text._ZN7Display17InitializeDisplayEv
                0x00000658       0xa0 Display.o
                0x00000658                _ZN7Display17InitializeDisplayEv
 .text._ZN7DisplayC2Ev
                0x000006f8       0x16 Display.o
                0x000006f8                _ZN7DisplayC2Ev
                0x000006f8                _ZN7DisplayC1Ev
 .text._ZN7Display6invertEh
                0x0000070e       0x10 Display.o
                0x0000070e                _ZN7Display6invertEh
 .text._ZN7Display9sendFrameEv
                0x0000071e       0x7a Display.o
                0x0000071e                _ZN7Display9sendFrameEv
 .text._ZN7Display9drawPixelEhhh
                0x00000798       0x74 Display.o
                0x00000798                _ZN7Display9drawPixelEhhh
 .text._ZN7Display9drawVLineEhhh
                0x0000080c       0x34 Display.o
                0x0000080c                _ZN7Display9drawVLineEhhh
 .text._ZN7Display9drawHLineEhhh
                0x00000840       0x34 Display.o
                0x00000840                _ZN7Display9drawHLineEhhh
 .text._ZN7Display9draw_lineEhhhf
                0x00000874      0x144 Display.o
                0x00000874                _ZN7Display9draw_lineEhhhf
 .text._ZN7Display13draw_triangleEhhhff
                0x000009b8      0x240 Display.o
                0x000009b8                _ZN7Display13draw_triangleEhhhff
 .text._ZN7Display9draw_ASCIEhhh
                0x00000bf8       0x9c Display.o
                0x00000bf8                _ZN7Display9draw_ASCIEhhh
 .text._ZN7Display16draw_number16x16Ehhh
                0x00000c94       0xec Display.o
                0x00000c94                _ZN7Display16draw_number16x16Ehhh
 .text._ZN7Display6analogEhhhh
                0x00000d80      0x4f2 Display.o
                0x00000d80                _ZN7Display6analogEhhhh
 .text._Z8ADC_Readh
                0x00001272       0x28 FWCP_MK2.o
                0x00001272                _Z8ADC_Readh
 .text._Z14Batteriestatusv
                0x0000129a       0xde FWCP_MK2.o
                0x0000129a                _Z14Batteriestatusv
 .text._Z12EEPROM_Writejh
                0x00001378       0x14 FWCP_MK2.o
                0x00001378                _Z12EEPROM_Writejh
 .text._Z11EEPROM_Readj
                0x0000138c       0x12 FWCP_MK2.o
                0x0000138c                _Z11EEPROM_Readj
 .text._Z14willkommenpagev
                0x0000139e      0x13e FWCP_MK2.o
                0x0000139e                _Z14willkommenpagev
 .text._Z6headerh
                0x000014dc      0x1c2 FWCP_MK2.o
                0x000014dc                _Z6headerh
 .text._Z6bottomh
                0x0000169e       0x4a FWCP_MK2.o
                0x0000169e                _Z6bottomh
 .text._Z16anzeige_richtungfhh
                0x000016e8      0x1b0 FWCP_MK2.o
                0x000016e8                _Z16anzeige_richtungfhh
 .text._Z13anzeige_nadelhhf
                0x00001898       0x3a FWCP_MK2.o
                0x00001898                _Z13anzeige_nadelhhf
 .text._Z19anzeige_kleinenadelhhf
                0x000018d2       0x3a FWCP_MK2.o
                0x000018d2                _Z19anzeige_kleinenadelhhf
 .text._Z11menue_hauptv
                0x0000190c      0x18e FWCP_MK2.o
                0x0000190c                _Z11menue_hauptv
 .text._Z11menue_einstv
                0x00001a9a      0x104 FWCP_MK2.o
                0x00001a9a                _Z11menue_einstv
 .text._Z9menue_uhrv
                0x00001b9e      0x13a FWCP_MK2.o
                0x00001b9e                _Z9menue_uhrv
 .text._Z11uhranzeigenv
                0x00001cd8      0x1a4 FWCP_MK2.o
                0x00001cd8                _Z11uhranzeigenv
 .text._Z14uhranzeigenminv
                0x00001e7c       0xb0 FWCP_MK2.o
                0x00001e7c                _Z14uhranzeigenminv
 .text._Z13Weckeranzeigev
                0x00001f2c      0x124 FWCP_MK2.o
                0x00001f2c                _Z13Weckeranzeigev
 .text._Z12fahradschirmddddm
                0x00002050      0x2dc FWCP_MK2.o
                0x00002050                _Z12fahradschirmddddm
 .text._Z14Gaineinstellenv
                0x0000232c      0x1cc FWCP_MK2.o
                0x0000232c                _Z14Gaineinstellenv
 .text._Z15anzeige_kompassd
                0x000024f8      0x22a FWCP_MK2.o
                0x000024f8                _Z15anzeige_kompassd
 .text._Z10timerseitev
                0x00002722      0x198 FWCP_MK2.o
                0x00002722                _Z10timerseitev
 .text._Z13Stoppuhrseitev
                0x000028ba      0x182 FWCP_MK2.o
                0x000028ba                _Z13Stoppuhrseitev
 .text._Z14Pressuresensorv
                0x00002a3c      0x1e6 FWCP_MK2.o
                0x00002a3c                _Z14Pressuresensorv
 .text._Z11Wanderseitev
                0x00002c22      0x270 FWCP_MK2.o
                0x00002c22                _Z11Wanderseitev
 .text._Z13uhreinstellenv
                0x00002e92      0x7e0 FWCP_MK2.o
                0x00002e92                _Z13uhreinstellenv
 .text.__vector_11
                0x00003672       0x3c FWCP_MK2.o
                0x00003672                __vector_11
 .text._Z15geschwindigkeitf
                0x000036ae       0xd2 FWCP_MK2.o
                0x000036ae                _Z15geschwindigkeitf
 .text._Z13reed_debouncePVhh
                0x00003780       0x4c FWCP_MK2.o
                0x00003780                _Z13reed_debouncePVhh
 .text._Z15initialisierungv
                0x000037cc      0x100 FWCP_MK2.o
                0x000037cc                _Z15initialisierungv
 .text._Z19maininterupthandlerv
                0x000038cc       0x6c FWCP_MK2.o
                0x000038cc                _Z19maininterupthandlerv
 .text._Z14anzeigehandlerv
                0x00003938      0x3d6 FWCP_MK2.o
                0x00003938                _Z14anzeigehandlerv
 .text._Z14eingabehandlerh
                0x00003d0e      0x924 FWCP_MK2.o
                0x00003d0e                _Z14eingabehandlerh
 .text.main     0x00004632       0x10 FWCP_MK2.o
                0x00004632                main
 .text._GLOBAL__sub_I_kompass
                0x00004642       0x5a FWCP_MK2.o
 .text._GLOBAL__sub_D_kompass
                0x0000469c       0x48 FWCP_MK2.o
 .text._ZN3I2CC2Ev
                0x000046e4        0x8 I2C.o
                0x000046e4                _ZN3I2CC2Ev
                0x000046e4                _ZN3I2CC1Ev
 .text._ZN3I2CD2Ev
                0x000046ec        0x2 I2C.o
                0x000046ec                _ZN3I2CD1Ev
                0x000046ec                _ZN3I2CD2Ev
 .text._ZN3I2C9twi_startEv
                0x000046ee        0x8 I2C.o
                0x000046ee                _ZN3I2C9twi_startEv
 .text._ZN3I2C8twi_stopEv
                0x000046f6        0x8 I2C.o
                0x000046f6                _ZN3I2C8twi_stopEv
 .text._ZN3I2C9twi_writeEh
                0x000046fe       0x20 I2C.o
                0x000046fe                _ZN3I2C9twi_writeEh
 .text._ZN3I2C8twi_readEh
                0x0000471e       0x22 I2C.o
                0x0000471e                _ZN3I2C8twi_readEh
 .text._ZN9InterfaceC2Ev
                0x00004740       0x1a Interface.o
                0x00004740                _ZN9InterfaceC1Ev
                0x00004740                _ZN9InterfaceC2Ev
 .text._ZN9InterfaceD2Ev
                0x0000475a        0x2 Interface.o
                0x0000475a                _ZN9InterfaceD1Ev
                0x0000475a                _ZN9InterfaceD2Ev
 .text._ZN9Interface8debounceEPVhh
                0x0000475c       0x4c Interface.o
                0x0000475c                _ZN9Interface8debounceEPVhh
 .text._ZN9Interface6TasterEv
                0x000047a8      0x11c Interface.o
                0x000047a8                _ZN9Interface6TasterEv
 .text._ZN9Interface17ZahlenausTastaturEv
                0x000048c4       0x16 Interface.o
                0x000048c4                _ZN9Interface17ZahlenausTastaturEv
 .text._ZN7KompassD2Ev
                0x000048da        0x6 Kompass.o
                0x000048da                _ZN7KompassD1Ev
                0x000048da                _ZN7KompassD2Ev
 .text._ZN7Kompass16HMC5883L_commandEhh
                0x000048e0       0x34 Kompass.o
                0x000048e0                _ZN7Kompass16HMC5883L_commandEhh
 .text._ZN7KompassC2Ev
                0x00004914       0x40 Kompass.o
                0x00004914                _ZN7KompassC1Ev
                0x00004914                _ZN7KompassC2Ev
 .text._ZN7Kompass20HMC5883L_readHeadingEv
                0x00004954      0x170 Kompass.o
                0x00004954                _ZN7Kompass20HMC5883L_readHeadingEv
 .text._ZN7Kompass5angleEdd
                0x00004ac4      0x25e Kompass.o
                0x00004ac4                _ZN7Kompass5angleEdd
 .text._ZN7Kompass25kallibrierung_ruecksetzenEv
                0x00004d22       0x28 Kompass.o
                0x00004d22                _ZN7Kompass25kallibrierung_ruecksetzenEv
 .text._ZN7LSM303DD2Ev
                0x00004d4a        0x6 LSM303D.o
                0x00004d4a                _ZN7LSM303DD1Ev
                0x00004d4a                _ZN7LSM303DD2Ev
 .text._ZN7LSM303D7readaccEv
                0x00004d50      0x13a LSM303D.o
                0x00004d50                _ZN7LSM303D7readaccEv
 .text._ZN7LSM303D11readtemperaEv
                0x00004e8a       0xa2 LSM303D.o
                0x00004e8a                _ZN7LSM303D11readtemperaEv
 .text._ZN7LSM303D14LSM303_commandEhh
                0x00004f2c       0x34 LSM303D.o
                0x00004f2c                _ZN7LSM303D14LSM303_commandEhh
 .text._ZN7LSM303D13ACCBypassmodeEv
                0x00004f60        0x8 LSM303D.o
                0x00004f60                _ZN7LSM303D13ACCBypassmodeEv
 .text._ZN7LSM303D9acce_initEv
                0x00004f68       0x26 LSM303D.o
                0x00004f68                _ZN7LSM303D9acce_initEv
 .text._ZN7LSM303DC2Ev
                0x00004f8e       0x34 LSM303D.o
                0x00004f8e                _ZN7LSM303DC2Ev
                0x00004f8e                _ZN7LSM303DC1Ev
 .text._ZN6OutputC2Ehh
                0x00004fc2       0x84 Output.o
                0x00004fc2                _ZN6OutputC2Ehh
                0x00004fc2                _ZN6OutputC1Ehh
 .text._ZN6OutputD2Ev
                0x00005046        0x2 Output.o
                0x00005046                _ZN6OutputD1Ev
                0x00005046                _ZN6OutputD2Ev
 .text._ZN6Output2onEv
                0x00005048       0x92 Output.o
                0x00005048                _ZN6Output2onEv
 .text._ZN6Output4isonEv
                0x000050da       0x86 Output.o
                0x000050da                _ZN6Output4isonEv
 .text._ZN6Output3offEv
                0x00005160       0x9a Output.o
                0x00005160                _ZN6Output3offEv
 .text._ZN6Output6toggleEv
                0x000051fa       0x92 Output.o
                0x000051fa                _ZN6Output6toggleEv
 .text._ZN8PressureD2Ev
                0x0000528c        0x6 Pressure.o
                0x0000528c                _ZN8PressureD1Ev
                0x0000528c                _ZN8PressureD2Ev
 .text._ZN8Pressure14LPS25H_commandEhh
                0x00005292       0x34 Pressure.o
                0x00005292                _ZN8Pressure14LPS25H_commandEhh
 .text._ZN8Pressure17LPS25H_initializeEv
                0x000052c6       0x2a Pressure.o
                0x000052c6                _ZN8Pressure17LPS25H_initializeEv
 .text._ZN8PressureC2Ev
                0x000052f0       0x38 Pressure.o
                0x000052f0                _ZN8PressureC1Ev
                0x000052f0                _ZN8PressureC2Ev
 .text._ZN8Pressure18READ_Pressure_onceEv
                0x00005328       0xf0 Pressure.o
                0x00005328                _ZN8Pressure18READ_Pressure_onceEv
 .text._ZN8Pressure16READ_TemperatureEv
                0x00005418       0xe0 Pressure.o
                0x00005418                _ZN8Pressure16READ_TemperatureEv
 .text._ZN8Pressure8altitudeEd
                0x000054f8       0x5a Pressure.o
                0x000054f8                _ZN8Pressure8altitudeEd
 .text._ZN8Pressure13set_Pressure0Ed
                0x00005552        0xc Pressure.o
                0x00005552                _ZN8Pressure13set_Pressure0Ed
 .text._ZN3RTCD2Ev
                0x0000555e        0x2 RTC.o
                0x0000555e                _ZN3RTCD2Ev
                0x0000555e                _ZN3RTCD1Ev
 .text._ZN3RTC6WeckerEv
                0x00005560       0x22 RTC.o
                0x00005560                _ZN3RTC6WeckerEv
 .text._ZN3RTC14ausgabezeitneuEv
                0x00005582       0x72 RTC.o
                0x00005582                _ZN3RTC14ausgabezeitneuEv
 .text._ZN3RTC15ausgabedatumneuEv
                0x000055f4       0x72 RTC.o
                0x000055f4                _ZN3RTC15ausgabedatumneuEv
 .text._ZN3RTCC2Ev
                0x00005666       0x52 RTC.o
                0x00005666                _ZN3RTCC2Ev
                0x00005666                _ZN3RTCC1Ev
 .text._ZN3RTC8kalenderEv
                0x000056b8       0x88 RTC.o
                0x000056b8                _ZN3RTC8kalenderEv
 .text._ZN3RTC4zeitEv
                0x00005740       0x74 RTC.o
                0x00005740                _ZN3RTC4zeitEv
 .text._ZN3RTC8RTCstartEv
                0x000057b4       0x32 RTC.o
                0x000057b4                _ZN3RTC8RTCstartEv
 .text._ZN3RTC7RTCstopEv
                0x000057e6        0xc RTC.o
                0x000057e6                _ZN3RTC7RTCstopEv
 .text._ZN5SOUNDD2Ev
                0x000057f2        0x2 SOUND.o
                0x000057f2                _ZN5SOUNDD2Ev
                0x000057f2                _ZN5SOUNDD1Ev
 .text._ZN5SOUND2onEv
                0x000057f4       0x12 SOUND.o
                0x000057f4                _ZN5SOUND2onEv
 .text._ZN5SOUND3offEv
                0x00005806        0x8 SOUND.o
                0x00005806                _ZN5SOUND3offEv
 .text._ZN5SOUND12setfrequenciEj
                0x0000580e       0x38 SOUND.o
                0x0000580e                _ZN5SOUND12setfrequenciEj
 .text._ZN5SOUNDC2Ev
                0x00005846       0x2e SOUND.o
                0x00005846                _ZN5SOUNDC2Ev
                0x00005846                _ZN5SOUNDC1Ev
 .text.avr-libc.fplib
                0x00005874        0xa c:/program files/atmel/atmel toolchain/avr8 gcc/native/3.4.1061/avr8-gnu-toolchain/bin/../lib/gcc/avr/4.8.1/../../../../avr/lib/avr51\libm.a(addsf3.o)
                0x00005874                __subsf3
                0x00005876                __addsf3
 .text.avr-libc.fplib
                0x0000587e       0xc0 c:/program files/atmel/atmel toolchain/avr8 gcc/native/3.4.1061/avr8-gnu-toolchain/bin/../lib/gcc/avr/4.8.1/../../../../avr/lib/avr51\libm.a(addsf3x.o)
                0x00005898                __addsf3x
 .text.avr-libc.fplib
                0x0000593e       0x74 c:/program files/atmel/atmel toolchain/avr8 gcc/native/3.4.1061/avr8-gnu-toolchain/bin/../lib/gcc/avr/4.8.1/../../../../avr/lib/avr51\libm.a(atan2.o)
                0x0000595c                atan2
 .text.avr-libc.fplib
                0x000059b2       0x50 c:/program files/atmel/atmel toolchain/avr8 gcc/native/3.4.1061/avr8-gnu-toolchain/bin/../lib/gcc/avr/4.8.1/../../../../avr/lib/avr51\libm.a(atan.o)
                0x000059b2                atan
 .text.avr-libc.fplib
                0x00005a02        0x8 c:/program files/atmel/atmel toolchain/avr8 gcc/native/3.4.1061/avr8-gnu-toolchain/bin/../lib/gcc/avr/4.8.1/../../../../avr/lib/avr51\libm.a(cmpsf2.o)
                0x00005a02                __nesf2
                0x00005a02                __eqsf2
                0x00005a02                __cmpsf2
                0x00005a02                __ltsf2
                0x00005a02                __lesf2
 .text.avr-libc.fplib
                0x00005a0a        0x6 c:/program files/atmel/atmel toolchain/avr8 gcc/native/3.4.1061/avr8-gnu-toolchain/bin/../lib/gcc/avr/4.8.1/../../../../avr/lib/avr51\libm.a(cos.o)
                0x00005a0a                cos
 .text.avr-libc.fplib
                0x00005a10        0x4 c:/program files/atmel/atmel toolchain/avr8 gcc/native/3.4.1061/avr8-gnu-toolchain/bin/../lib/gcc/avr/4.8.1/../../../../avr/lib/avr51\libm.a(divsf3.o)
                0x00005a10                __divsf3
 .text.avr-libc.fplib
                0x00005a14       0xcc c:/program files/atmel/atmel toolchain/avr8 gcc/native/3.4.1061/avr8-gnu-toolchain/bin/../lib/gcc/avr/4.8.1/../../../../avr/lib/avr51\libm.a(divsf3x.o)
                0x00005a2a                __divsf3x
                0x00005a2e                __divsf3_pse
 .text.avr-libc.fplib
                0x00005ae0        0xa c:/program files/atmel/atmel toolchain/avr8 gcc/native/3.4.1061/avr8-gnu-toolchain/bin/../lib/gcc/avr/4.8.1/../../../../avr/lib/avr51\libm.a(fixsfsi.o)
                0x00005ae0                __fixsfsi
 .text.avr-libc.fplib
                0x00005aea       0x58 c:/program files/atmel/atmel toolchain/avr8 gcc/native/3.4.1061/avr8-gnu-toolchain/bin/../lib/gcc/avr/4.8.1/../../../../avr/lib/avr51\libm.a(fixunssfsi.o)
                0x00005aea                __fixunssfsi
 .text.avr-libc.fplib
                0x00005b42       0x7a c:/program files/atmel/atmel toolchain/avr8 gcc/native/3.4.1061/avr8-gnu-toolchain/bin/../lib/gcc/avr/4.8.1/../../../../avr/lib/avr51\libm.a(floatsisf.o)
                0x00005b42                __floatunsisf
                0x00005b46                __floatsisf
 .text.avr-libc.fplib
                0x00005bbc       0x48 c:/program files/atmel/atmel toolchain/avr8 gcc/native/3.4.1061/avr8-gnu-toolchain/bin/../lib/gcc/avr/4.8.1/../../../../avr/lib/avr51\libm.a(fp_cmp.o)
                0x00005bbc                __fp_cmp
 .text.avr-libc.fplib
                0x00005c04        0xc c:/program files/atmel/atmel toolchain/avr8 gcc/native/3.4.1061/avr8-gnu-toolchain/bin/../lib/gcc/avr/4.8.1/../../../../avr/lib/avr51\libm.a(fp_inf.o)
                0x00005c04                __fp_inf
 .text.avr-libc.fplib
                0x00005c10        0x6 c:/program files/atmel/atmel toolchain/avr8 gcc/native/3.4.1061/avr8-gnu-toolchain/bin/../lib/gcc/avr/4.8.1/../../../../avr/lib/avr51\libm.a(fp_nan.o)
                0x00005c10                __fp_nan
 .text.avr-libc.fplib
                0x00005c16       0x4a c:/program files/atmel/atmel toolchain/avr8 gcc/native/3.4.1061/avr8-gnu-toolchain/bin/../lib/gcc/avr/4.8.1/../../../../avr/lib/avr51\libm.a(fp_powser.o)
                0x00005c16                __fp_powser
 .text.avr-libc.fplib
                0x00005c60        0xe c:/program files/atmel/atmel toolchain/avr8 gcc/native/3.4.1061/avr8-gnu-toolchain/bin/../lib/gcc/avr/4.8.1/../../../../avr/lib/avr51\libm.a(fp_pscA.o)
                0x00005c60                __fp_pscA
 .text.avr-libc.fplib
                0x00005c6e        0xe c:/program files/atmel/atmel toolchain/avr8 gcc/native/3.4.1061/avr8-gnu-toolchain/bin/../lib/gcc/avr/4.8.1/../../../../avr/lib/avr51\libm.a(fp_pscB.o)
                0x00005c6e                __fp_pscB
 .text.avr-libc.fplib
                0x00005c7c       0x50 c:/program files/atmel/atmel toolchain/avr8 gcc/native/3.4.1061/avr8-gnu-toolchain/bin/../lib/gcc/avr/4.8.1/../../../../avr/lib/avr51\libm.a(fp_rempio2.o)
                0x00005c7e                __fp_rempio2
 .text.avr-libc.fplib
                0x00005ccc       0x22 c:/program files/atmel/atmel toolchain/avr8 gcc/native/3.4.1061/avr8-gnu-toolchain/bin/../lib/gcc/avr/4.8.1/../../../../avr/lib/avr51\libm.a(fp_round.o)
                0x00005ccc                __fp_round
 .text.avr-libc.fplib
                0x00005cee       0x22 c:/program files/atmel/atmel toolchain/avr8 gcc/native/3.4.1061/avr8-gnu-toolchain/bin/../lib/gcc/avr/4.8.1/../../../../avr/lib/avr51\libm.a(fp_sinus.o)
                0x00005cee                __fp_sinus
 .text.avr-libc.fplib
                0x00005d10       0x44 c:/program files/atmel/atmel toolchain/avr8 gcc/native/3.4.1061/avr8-gnu-toolchain/bin/../lib/gcc/avr/4.8.1/../../../../avr/lib/avr51\libm.a(fp_split3.o)
                0x00005d10                __fp_split3
                0x00005d20                __fp_splitA
 .text.avr-libc.fplib
                0x00005d54        0xe c:/program files/atmel/atmel toolchain/avr8 gcc/native/3.4.1061/avr8-gnu-toolchain/bin/../lib/gcc/avr/4.8.1/../../../../avr/lib/avr51\libm.a(fp_zero.o)
                0x00005d54                __fp_zero
                0x00005d56                __fp_szero
 .text.avr-libc.fplib
                0x00005d62        0x8 c:/program files/atmel/atmel toolchain/avr8 gcc/native/3.4.1061/avr8-gnu-toolchain/bin/../lib/gcc/avr/4.8.1/../../../../avr/lib/avr51\libm.a(gesf2.o)
                0x00005d62                __gesf2
                0x00005d62                __gtsf2
 .text.avr-libc.fplib
                0x00005d6a        0xe c:/program files/atmel/atmel toolchain/avr8 gcc/native/3.4.1061/avr8-gnu-toolchain/bin/../lib/gcc/avr/4.8.1/../../../../avr/lib/avr51\libm.a(inverse.o)
                0x00005d6a                inverse
 .text.avr-libc.fplib
                0x00005d78       0x8a c:/program files/atmel/atmel toolchain/avr8 gcc/native/3.4.1061/avr8-gnu-toolchain/bin/../lib/gcc/avr/4.8.1/../../../../avr/lib/avr51\libm.a(log.o)
                0x00005d82                log
 .text.avr-libc.fplib
                0x00005e02        0x4 c:/program files/atmel/atmel toolchain/avr8 gcc/native/3.4.1061/avr8-gnu-toolchain/bin/../lib/gcc/avr/4.8.1/../../../../avr/lib/avr51\libm.a(mulsf3.o)
                0x00005e02                __mulsf3
 .text.avr-libc.fplib
                0x00005e06       0xc2 c:/program files/atmel/atmel toolchain/avr8 gcc/native/3.4.1061/avr8-gnu-toolchain/bin/../lib/gcc/avr/4.8.1/../../../../avr/lib/avr51\libm.a(mulsf3x.o)
                0x00005e1a                __mulsf3x
                0x00005e1e                __mulsf3_pse
 .text.avr-libc.fplib
                0x00005ec8        0xc c:/program files/atmel/atmel toolchain/avr8 gcc/native/3.4.1061/avr8-gnu-toolchain/bin/../lib/gcc/avr/4.8.1/../../../../avr/lib/avr51\libm.a(sin.o)
                0x00005ec8                sin
 .text.avr-libc.fplib
                0x00005ed4        0x6 c:/program files/atmel/atmel toolchain/avr8 gcc/native/3.4.1061/avr8-gnu-toolchain/bin/../lib/gcc/avr/4.8.1/../../../../avr/lib/avr51\libm.a(square.o)
                0x00005ed4                square
 .text.avr-libc.fplib
                0x00005eda       0x40 c:/program files/atmel/atmel toolchain/avr8 gcc/native/3.4.1061/avr8-gnu-toolchain/bin/../lib/gcc/avr/4.8.1/../../../../avr/lib/avr51\libm.a(tan.o)
                0x00005eda                tan
 .text.avr-libc.fplib
                0x00005f1a       0x1c c:/program files/atmel/atmel toolchain/avr8 gcc/native/3.4.1061/avr8-gnu-toolchain/bin/../lib/gcc/avr/4.8.1/../../../../avr/lib/avr51\libm.a(fp_mpack.o)
                0x00005f1a                __fp_mpack
                0x00005f1e                __fp_mpack_finite
 .text.avr-libc.fplib
                0x00005f36       0x22 c:/program files/atmel/atmel toolchain/avr8 gcc/native/3.4.1061/avr8-gnu-toolchain/bin/../lib/gcc/avr/4.8.1/../../../../avr/lib/avr51\libm.a(fp_powsodd.o)
                0x00005f36                __fp_powsodd
 .text.avr-libc
                0x00005f58      0x70e c:/program files/atmel/atmel toolchain/avr8 gcc/native/3.4.1061/avr8-gnu-toolchain/bin/../lib/gcc/avr/4.8.1/../../../../avr/lib/avr51\libprintf_flt.a(vfprintf_flt.o)
                0x00005f58                vfprintf
 .text.libgcc.div
                0x00006666       0x28 c:/program files/atmel/atmel toolchain/avr8 gcc/native/3.4.1061/avr8-gnu-toolchain/bin/../lib/gcc/avr/4.8.1/avr51\libgcc.a(_udivmodhi4.o)
                0x00006666                __udivmodhi4
 .text.libgcc.div
                0x0000668e       0x26 c:/program files/atmel/atmel toolchain/avr8 gcc/native/3.4.1061/avr8-gnu-toolchain/bin/../lib/gcc/avr/4.8.1/avr51\libgcc.a(_divmodhi4.o)
                0x0000668e                _div
                0x0000668e                __divmodhi4
 .text.libgcc   0x000066b4        0xc c:/program files/atmel/atmel toolchain/avr8 gcc/native/3.4.1061/avr8-gnu-toolchain/bin/../lib/gcc/avr/4.8.1/avr51\libgcc.a(_tablejump.o)
                0x000066b4                __tablejump2__
                0x000066b8                __tablejump__
 .text.libgcc.mul
                0x000066c0       0x1e c:/program files/atmel/atmel toolchain/avr8 gcc/native/3.4.1061/avr8-gnu-toolchain/bin/../lib/gcc/avr/4.8.1/avr51\libgcc.a(_umulhisi3.o)
                0x000066c0                __umulhisi3
 .text.libgcc   0x000066de        0x8 c:/program files/atmel/atmel toolchain/avr8 gcc/native/3.4.1061/avr8-gnu-toolchain/bin/../lib/gcc/avr/4.8.1/avr51\libgcc.a(_tablejump_elpm.o)
                0x000066de                __tablejump_elpm__
 .text.avr-libc
                0x000066e6      0x1b0 c:/program files/atmel/atmel toolchain/avr8 gcc/native/3.4.1061/avr8-gnu-toolchain/bin/../lib/gcc/avr/4.8.1/../../../../avr/lib/avr51\libc.a(ftoa_engine.o)
                0x000066e6                __ftoa_engine
 .text.avr-libc
                0x00006896       0x16 c:/program files/atmel/atmel toolchain/avr8 gcc/native/3.4.1061/avr8-gnu-toolchain/bin/../lib/gcc/avr/4.8.1/../../../../avr/lib/avr51\libc.a(strnlen_P.o)
                0x00006896                strnlen_P
 .text.avr-libc
                0x000068ac       0x16 c:/program files/atmel/atmel toolchain/avr8 gcc/native/3.4.1061/avr8-gnu-toolchain/bin/../lib/gcc/avr/4.8.1/../../../../avr/lib/avr51\libc.a(strnlen.o)
                0x000068ac                strnlen
 .text.avr-libc
                0x000068c2       0x64 c:/program files/atmel/atmel toolchain/avr8 gcc/native/3.4.1061/avr8-gnu-toolchain/bin/../lib/gcc/avr/4.8.1/../../../../avr/lib/avr51\libc.a(fputc.o)
                0x000068c2                fputc
 .text.avr-libc
                0x00006926       0x5c c:/program files/atmel/atmel toolchain/avr8 gcc/native/3.4.1061/avr8-gnu-toolchain/bin/../lib/gcc/avr/4.8.1/../../../../avr/lib/avr51\libc.a(sprintf.o)
                0x00006926                sprintf
 .text.avr-libc
                0x00006982       0xbc c:/program files/atmel/atmel toolchain/avr8 gcc/native/3.4.1061/avr8-gnu-toolchain/bin/../lib/gcc/avr/4.8.1/../../../../avr/lib/avr51\libc.a(ultoa_invert.o)
                0x00006982                __ultoa_invert
                0x00006a3e                . = ALIGN (0x2)
 *(.fini9)
 .fini9         0x00006a3e        0x0 c:/program files/atmel/atmel toolchain/avr8 gcc/native/3.4.1061/avr8-gnu-toolchain/bin/../lib/gcc/avr/4.8.1/avr51\libgcc.a(_exit.o)
                0x00006a3e                _exit
                0x00006a3e                exit
 *(.fini9)
 *(.fini8)
 *(.fini8)
 *(.fini7)
 *(.fini7)
 *(.fini6)
 .fini6         0x00006a3e       0x1e c:/program files/atmel/atmel toolchain/avr8 gcc/native/3.4.1061/avr8-gnu-toolchain/bin/../lib/gcc/avr/4.8.1/avr51\libgcc.a(_dtors.o)
                0x00006a3e                __do_global_dtors
 *(.fini6)
 *(.fini5)
 *(.fini5)
 *(.fini4)
 *(.fini4)
 *(.fini3)
 *(.fini3)
 *(.fini2)
 *(.fini2)
 *(.fini1)
 *(.fini1)
 *(.fini0)
 .fini0         0x00006a5c        0x4 c:/program files/atmel/atmel toolchain/avr8 gcc/native/3.4.1061/avr8-gnu-toolchain/bin/../lib/gcc/avr/4.8.1/avr51\libgcc.a(_exit.o)
 *(.fini0)
                0x00006a60                _etext = .

.data           0x00800100      0x23c load address 0x00006a60
                0x00800100                PROVIDE (__data_start, .)
 *(.data)
 *(.data*)
 *(.rodata)
 *(.rodata*)
 .rodata.str1.1
                0x00800100      0x23c FWCP_MK2.o
                                0x241 (size before relaxing)
 *(.gnu.linkonce.d*)
                0x0080033c                . = ALIGN (0x2)
                0x0080033c                _edata = .
                0x0080033c                PROVIDE (__data_end, .)

.bss            0x0080033c      0x47a
                0x0080033c                PROVIDE (__bss_start, .)
 *(.bss)
 *(.bss*)
 .bss.Fahrtzeit
                0x0080033c        0x4 FWCP_MK2.o
                0x0080033c                Fahrtzeit
 .bss.maxgeschw
                0x00800340        0x4 FWCP_MK2.o
                0x00800340                maxgeschw
 .bss.strecke   0x00800344        0x4 FWCP_MK2.o
                0x00800344                strecke
 .bss.geschw    0x00800348        0x4 FWCP_MK2.o
                0x00800348                geschw
 .bss.pos       0x0080034c        0x1 FWCP_MK2.o
                0x0080034c                pos
 .bss.anzeige   0x0080034d        0x2 FWCP_MK2.o
                0x0080034d                anzeige
 .bss.batterie  0x0080034f        0x4 FWCP_MK2.o
                0x0080034f                batterie
 .bss.Lautsprecher
                0x00800353        0x2 FWCP_MK2.o
                0x00800353                Lautsprecher
 .bss.Accelerometer
                0x00800355       0x11 FWCP_MK2.o
                0x00800355                Accelerometer
 .bss.Baro      0x00800366        0xe FWCP_MK2.o
                0x00800366                Baro
 .bss.Sound     0x00800374        0x2 FWCP_MK2.o
                0x00800374                Sound
 .bss.IRLED     0x00800376        0x2 FWCP_MK2.o
                0x00800376                IRLED
 .bss.Vibrationsmotor
                0x00800378        0x2 FWCP_MK2.o
                0x00800378                Vibrationsmotor
 .bss.LED       0x0080037a        0x2 FWCP_MK2.o
                0x0080037a                LED
 .bss.Tastatur  0x0080037c        0x1 FWCP_MK2.o
                0x0080037c                Tastatur
 .bss.oled      0x0080037d      0x401 FWCP_MK2.o
                0x0080037d                oled
 .bss.rtc       0x0080077e       0x1f FWCP_MK2.o
                0x0080077e                rtc
 .bss.kompass   0x0080079d       0x19 FWCP_MK2.o
                0x0080079d                kompass
 *(COMMON)
                0x008007b6                PROVIDE (__bss_end, .)
                0x00006a60                __data_load_start = LOADADDR (.data)
                0x00006c9c                __data_load_end = (__data_load_start + SIZEOF (.data))

.noinit         0x008007b6        0x0
                0x008007b6                PROVIDE (__noinit_start, .)
 *(.noinit*)
                0x008007b6                PROVIDE (__noinit_end, .)
                0x008007b6                _end = .
                0x008007b6                PROVIDE (__heap_start, .)

.eeprom         0x00810000        0x0
 *(.eeprom*)
                0x00810000                __eeprom_end = .

.fuse
 *(.fuse)
 *(.lfuse)
 *(.hfuse)
 *(.efuse)

.lock
 *(.lock*)

.signature
 *(.signature*)

.user_signatures
 *(.user_signatures*)

.stab
 *(.stab)

.stabstr
 *(.stabstr)

.stab.excl
 *(.stab.excl)

.stab.exclstr
 *(.stab.exclstr)

.stab.index
 *(.stab.index)

.stab.indexstr
 *(.stab.indexstr)

.comment        0x00000000       0x5c
 *(.comment)
 .comment       0x00000000       0x30 Display.o
                                 0x31 (size before relaxing)
 .comment       0x00000000       0x31 FWCP_MK2.o
 .comment       0x00000000       0x31 I2C.o
 .comment       0x00000000       0x31 Interface.o
 .comment       0x00000000       0x31 Kompass.o
 .comment       0x00000000       0x31 LSM303D.o
 .comment       0x00000000       0x31 Output.o
 .comment       0x00000000       0x31 Pressure.o
 .comment       0x00000000       0x31 RTC.o
 .comment       0x00000000       0x31 SOUND.o
 .comment       0x00000030       0x2c c:/program files/atmel/atmel toolchain/avr8 gcc/native/3.4.1061/avr8-gnu-toolchain/bin/../lib/gcc/avr/4.8.1/../../../../avr/lib/avr51\libprintf_flt.a(vfprintf_flt.o)
                                 0x2d (size before relaxing)
 .comment       0x00000000       0x31 c:/program files/atmel/atmel toolchain/avr8 gcc/native/3.4.1061/avr8-gnu-toolchain/bin/../lib/gcc/avr/4.8.1/../../../../avr/lib/avr51\libc.a(fputc.o)
 .comment       0x00000000       0x31 c:/program files/atmel/atmel toolchain/avr8 gcc/native/3.4.1061/avr8-gnu-toolchain/bin/../lib/gcc/avr/4.8.1/../../../../avr/lib/avr51\libc.a(sprintf.o)

.note.gnu.build-id
 *(.note.gnu.build-id)

.debug
 *(.debug)

.line
 *(.line)

.debug_srcinfo
 *(.debug_srcinfo)

.debug_sfnames
 *(.debug_sfnames)

.debug_aranges  0x00000000      0x478
 *(.debug_aranges)
 .debug_aranges
                0x00000000       0xa8 Display.o
 .debug_aranges
                0x000000a8      0x138 FWCP_MK2.o
 .debug_aranges
                0x000001e0       0x58 I2C.o
 .debug_aranges
                0x00000238       0x48 Interface.o
 .debug_aranges
                0x00000280       0x50 Kompass.o
 .debug_aranges
                0x000002d0       0x58 LSM303D.o
 .debug_aranges
                0x00000328       0x48 Output.o
 .debug_aranges
                0x00000370       0x58 Pressure.o
 .debug_aranges
                0x000003c8       0x70 RTC.o
 .debug_aranges
                0x00000438       0x40 SOUND.o

.debug_pubnames
 *(.debug_pubnames)

.debug_info     0x00000000     0x9d1b
 *(.debug_info .gnu.linkonce.wi.*)
 .debug_info    0x00000000     0x1b1a Display.o
 .debug_info    0x00001b1a     0x49a7 FWCP_MK2.o
 .debug_info    0x000064c1      0x372 I2C.o
 .debug_info    0x00006833      0xb6b Interface.o
 .debug_info    0x0000739e      0x991 Kompass.o
 .debug_info    0x00007d2f      0x981 LSM303D.o
 .debug_info    0x000086b0      0x3bb Output.o
 .debug_info    0x00008a6b      0x942 Pressure.o
 .debug_info    0x000093ad      0x62e RTC.o
 .debug_info    0x000099db      0x340 SOUND.o

.debug_abbrev   0x00000000     0x1b19
 *(.debug_abbrev)
 .debug_abbrev  0x00000000      0x334 Display.o
 .debug_abbrev  0x00000334      0x53e FWCP_MK2.o
 .debug_abbrev  0x00000872      0x190 I2C.o
 .debug_abbrev  0x00000a02      0x277 Interface.o
 .debug_abbrev  0x00000c79      0x2d5 Kompass.o
 .debug_abbrev  0x00000f4e      0x2c5 LSM303D.o
 .debug_abbrev  0x00001213      0x1e0 Output.o
 .debug_abbrev  0x000013f3      0x300 Pressure.o
 .debug_abbrev  0x000016f3      0x256 RTC.o
 .debug_abbrev  0x00001949      0x1d0 SOUND.o

.debug_line     0x00000000     0x3a6b
 *(.debug_line .debug_line.* .debug_line_end)
 .debug_line    0x00000000      0x793 Display.o
 .debug_line    0x00000793     0x1c97 FWCP_MK2.o
 .debug_line    0x0000242a      0x1a0 I2C.o
 .debug_line    0x000025ca      0x493 Interface.o
 .debug_line    0x00002a5d      0x32f Kompass.o
 .debug_line    0x00002d8c      0x285 LSM303D.o
 .debug_line    0x00003011      0x21a Output.o
 .debug_line    0x0000322b      0x288 Pressure.o
 .debug_line    0x000034b3      0x45a RTC.o
 .debug_line    0x0000390d      0x15e SOUND.o

.debug_frame    0x00000000     0x1110
 *(.debug_frame)
 .debug_frame   0x00000000      0x364 Display.o
 .debug_frame   0x00000364      0x6d4 FWCP_MK2.o
 .debug_frame   0x00000a38       0x94 I2C.o
 .debug_frame   0x00000acc       0x90 Interface.o
 .debug_frame   0x00000b5c      0x144 Kompass.o
 .debug_frame   0x00000ca0      0x138 LSM303D.o
 .debug_frame   0x00000dd8       0x74 Output.o
 .debug_frame   0x00000e4c      0x14c Pressure.o
 .debug_frame   0x00000f98       0xf4 RTC.o
 .debug_frame   0x0000108c       0x84 SOUND.o

.debug_str      0x00000000     0x145b
 *(.debug_str)
 .debug_str     0x00000000      0x5e4 Display.o
                                0x62e (size before relaxing)
 .debug_str     0x000005e4      0xc90 FWCP_MK2.o
                               0x1262 (size before relaxing)
 .debug_str     0x00001274       0x25 I2C.o
                                0x270 (size before relaxing)
 .debug_str     0x00001299       0x44 Interface.o
                                0x2ef (size before relaxing)
 .debug_str     0x000012dd       0x46 Kompass.o
                                0x3f7 (size before relaxing)
 .debug_str     0x00001323       0x3c LSM303D.o
                                0x3d1 (size before relaxing)
 .debug_str     0x0000135f       0x51 Output.o
                                0x257 (size before relaxing)
 .debug_str     0x000013b0       0x4d Pressure.o
                                0x431 (size before relaxing)
 .debug_str     0x000013fd       0x25 RTC.o
                                0x35d (size before relaxing)
 .debug_str     0x00001422       0x39 SOUND.o
                                0x24d (size before relaxing)

.debug_loc      0x00000000     0x734a
 *(.debug_loc)
 .debug_loc     0x00000000     0x18b0 Display.o
 .debug_loc     0x000018b0     0x3593 FWCP_MK2.o
 .debug_loc     0x00004e43      0x128 I2C.o
 .debug_loc     0x00004f6b      0xa20 Interface.o
 .debug_loc     0x0000598b      0x757 Kompass.o
 .debug_loc     0x000060e2      0x4a9 LSM303D.o
 .debug_loc     0x0000658b      0x472 Output.o
 .debug_loc     0x000069fd      0x4fd Pressure.o
 .debug_loc     0x00006efa      0x2ad RTC.o
 .debug_loc     0x000071a7      0x1a3 SOUND.o

.debug_macinfo
 *(.debug_macinfo)

.debug_weaknames
 *(.debug_weaknames)

.debug_funcnames
 *(.debug_funcnames)

.debug_typenames
 *(.debug_typenames)

.debug_varnames
 *(.debug_varnames)

.debug_pubtypes
 *(.debug_pubtypes)

.debug_ranges   0x00000000      0x440
 *(.debug_ranges)
 .debug_ranges  0x00000000       0xe8 Display.o
 .debug_ranges  0x000000e8      0x140 FWCP_MK2.o
 .debug_ranges  0x00000228       0x48 I2C.o
 .debug_ranges  0x00000270       0x38 Interface.o
 .debug_ranges  0x000002a8       0x40 Kompass.o
 .debug_ranges  0x000002e8       0x48 LSM303D.o
 .debug_ranges  0x00000330       0x38 Output.o
 .debug_ranges  0x00000368       0x48 Pressure.o
 .debug_ranges  0x000003b0       0x60 RTC.o
 .debug_ranges  0x00000410       0x30 SOUND.o

.debug_macro
 *(.debug_macro)
OUTPUT(FWCP_MK2.elf elf32-avr)
LOAD linker stubs
