Archive member included because of file (symbol)

c:/program files/atmel/atmel toolchain/avr8 gcc/native/3.4.1061/avr8-gnu-toolchain/bin/../lib/gcc/avr/4.8.1/../../../../avr/lib/avr51\libm.a(addsf3.o)
                              Display.o (__subsf3)
c:/program files/atmel/atmel toolchain/avr8 gcc/native/3.4.1061/avr8-gnu-toolchain/bin/../lib/gcc/avr/4.8.1/../../../../avr/lib/avr51\libm.a(addsf3x.o)
                              c:/program files/atmel/atmel toolchain/avr8 gcc/native/3.4.1061/avr8-gnu-toolchain/bin/../lib/gcc/avr/4.8.1/../../../../avr/lib/avr51\libm.a(addsf3.o) (__addsf3x)
c:/program files/atmel/atmel toolchain/avr8 gcc/native/3.4.1061/avr8-gnu-toolchain/bin/../lib/gcc/avr/4.8.1/../../../../avr/lib/avr51\libm.a(atan2.o)
                              Kompass.o (atan2)
c:/program files/atmel/atmel toolchain/avr8 gcc/native/3.4.1061/avr8-gnu-toolchain/bin/../lib/gcc/avr/4.8.1/../../../../avr/lib/avr51\libm.a(atan.o)
                              c:/program files/atmel/atmel toolchain/avr8 gcc/native/3.4.1061/avr8-gnu-toolchain/bin/../lib/gcc/avr/4.8.1/../../../../avr/lib/avr51\libm.a(atan2.o) (atan)
c:/program files/atmel/atmel toolchain/avr8 gcc/native/3.4.1061/avr8-gnu-toolchain/bin/../lib/gcc/avr/4.8.1/../../../../avr/lib/avr51\libm.a(cmpsf2.o)
                              FWCP_MK2.o (__ltsf2)
c:/program files/atmel/atmel toolchain/avr8 gcc/native/3.4.1061/avr8-gnu-toolchain/bin/../lib/gcc/avr/4.8.1/../../../../avr/lib/avr51\libm.a(cos.o)
                              Display.o (cos)
c:/program files/atmel/atmel toolchain/avr8 gcc/native/3.4.1061/avr8-gnu-toolchain/bin/../lib/gcc/avr/4.8.1/../../../../avr/lib/avr51\libm.a(divsf3.o)
                              Display.o (__divsf3)
c:/program files/atmel/atmel toolchain/avr8 gcc/native/3.4.1061/avr8-gnu-toolchain/bin/../lib/gcc/avr/4.8.1/../../../../avr/lib/avr51\libm.a(divsf3x.o)
                              c:/program files/atmel/atmel toolchain/avr8 gcc/native/3.4.1061/avr8-gnu-toolchain/bin/../lib/gcc/avr/4.8.1/../../../../avr/lib/avr51\libm.a(divsf3.o) (__divsf3x)
c:/program files/atmel/atmel toolchain/avr8 gcc/native/3.4.1061/avr8-gnu-toolchain/bin/../lib/gcc/avr/4.8.1/../../../../avr/lib/avr51\libm.a(fixsfsi.o)
                              FWCP_MK2.o (__fixsfsi)
c:/program files/atmel/atmel toolchain/avr8 gcc/native/3.4.1061/avr8-gnu-toolchain/bin/../lib/gcc/avr/4.8.1/../../../../avr/lib/avr51\libm.a(fixunssfsi.o)
                              Display.o (__fixunssfsi)
c:/program files/atmel/atmel toolchain/avr8 gcc/native/3.4.1061/avr8-gnu-toolchain/bin/../lib/gcc/avr/4.8.1/../../../../avr/lib/avr51\libm.a(floatsisf.o)
                              FWCP_MK2.o (__floatunsisf)
c:/program files/atmel/atmel toolchain/avr8 gcc/native/3.4.1061/avr8-gnu-toolchain/bin/../lib/gcc/avr/4.8.1/../../../../avr/lib/avr51\libm.a(fp_cmp.o)
                              c:/program files/atmel/atmel toolchain/avr8 gcc/native/3.4.1061/avr8-gnu-toolchain/bin/../lib/gcc/avr/4.8.1/../../../../avr/lib/avr51\libm.a(cmpsf2.o) (__fp_cmp)
c:/program files/atmel/atmel toolchain/avr8 gcc/native/3.4.1061/avr8-gnu-toolchain/bin/../lib/gcc/avr/4.8.1/../../../../avr/lib/avr51\libm.a(fp_inf.o)
                              c:/program files/atmel/atmel toolchain/avr8 gcc/native/3.4.1061/avr8-gnu-toolchain/bin/../lib/gcc/avr/4.8.1/../../../../avr/lib/avr51\libm.a(addsf3x.o) (__fp_inf)
c:/program files/atmel/atmel toolchain/avr8 gcc/native/3.4.1061/avr8-gnu-toolchain/bin/../lib/gcc/avr/4.8.1/../../../../avr/lib/avr51\libm.a(fp_nan.o)
                              c:/program files/atmel/atmel toolchain/avr8 gcc/native/3.4.1061/avr8-gnu-toolchain/bin/../lib/gcc/avr/4.8.1/../../../../avr/lib/avr51\libm.a(addsf3x.o) (__fp_nan)
c:/program files/atmel/atmel toolchain/avr8 gcc/native/3.4.1061/avr8-gnu-toolchain/bin/../lib/gcc/avr/4.8.1/../../../../avr/lib/avr51\libm.a(fp_powser.o)
                              c:/program files/atmel/atmel toolchain/avr8 gcc/native/3.4.1061/avr8-gnu-toolchain/bin/../lib/gcc/avr/4.8.1/../../../../avr/lib/avr51\libm.a(atan.o) (__fp_powser)
c:/program files/atmel/atmel toolchain/avr8 gcc/native/3.4.1061/avr8-gnu-toolchain/bin/../lib/gcc/avr/4.8.1/../../../../avr/lib/avr51\libm.a(fp_pscA.o)
                              c:/program files/atmel/atmel toolchain/avr8 gcc/native/3.4.1061/avr8-gnu-toolchain/bin/../lib/gcc/avr/4.8.1/../../../../avr/lib/avr51\libm.a(addsf3x.o) (__fp_pscA)
c:/program files/atmel/atmel toolchain/avr8 gcc/native/3.4.1061/avr8-gnu-toolchain/bin/../lib/gcc/avr/4.8.1/../../../../avr/lib/avr51\libm.a(fp_pscB.o)
                              c:/program files/atmel/atmel toolchain/avr8 gcc/native/3.4.1061/avr8-gnu-toolchain/bin/../lib/gcc/avr/4.8.1/../../../../avr/lib/avr51\libm.a(addsf3x.o) (__fp_pscB)
c:/program files/atmel/atmel toolchain/avr8 gcc/native/3.4.1061/avr8-gnu-toolchain/bin/../lib/gcc/avr/4.8.1/../../../../avr/lib/avr51\libm.a(fp_rempio2.o)
[...]
Memory Configuration

Name             Origin             Length             Attributes
text             0x00000000         0x00020000         xr
data             0x00800100         0x0000ff00         rw !x
eeprom           0x00810000         0x00010000         rw !x
fuse             0x00820000         0x00000400         rw !x
lock             0x00830000         0x00000400         rw !x
signature        0x00840000         0x00000400         rw !x
user_signatures  0x00850000         0x00000400         rw !x
*default*        0x00000000         0xffffffff

Linker script and memory map

Address of section .data set to 0x800100
LOAD c:/program files/atmel/atmel toolchain/avr8 gcc/native/3.4.1061/avr8-gnu-toolchain/bin/../lib/gcc/avr/4.8.1/../../../../avr/lib/avr51/crtm1284p.o
LOAD Display.o
LOAD FWCP_MK2.o
LOAD I2C.o
LOAD Interface.o
LOAD Kompass.o
LOAD LSM303D.o
LOAD Output.o
LOAD Pressure.o
LOAD RTC.o
LOAD SOUND.o
START GROUP
LOAD c:/program files/atmel/atmel toolchain/avr8 gcc/native/3.4.1061/avr8-gnu-toolchain/bin/../lib/gcc/avr/4.8.1/../../../../avr/lib/avr51\libm.a
LOAD c:/program files/atmel/atmel toolchain/avr8 gcc/native/3.4.1061/avr8-gnu-toolchain/bin/../lib/gcc/avr/4.8.1/../../../../avr/lib/avr51\libprintf_flt.a
END GROUP
LOAD c:/program files/atmel/atmel toolchain/avr8 gcc/native/3.4.1061/avr8-gnu-toolchain/bin/../lib/gcc/avr/4.8.1/avr51\libgcc.a
LOAD c:/program files/atmel/atmel toolchain/avr8 gcc/native/3.4.1061/avr8-gnu-toolchain/bin/../lib/gcc/avr/4.8.1/../../../../avr/lib/avr51\libm.a
START GROUP
LOAD c:/program files/atmel/atmel toolchain/avr8 gcc/native/3.4.1061/avr8-gnu-toolchain/bin/../lib/gcc/avr/4.8.1/avr51\libgcc.a
LOAD c:/program files/atmel/atmel toolchain/avr8 gcc/native/3.4.1061/avr8-gnu-toolchain/bin/../lib/gcc/avr/4.8.1/../../../../avr/lib/avr51\libm.a
LOAD c:/program files/atmel/atmel toolchain/avr8 gcc/native/3.4.1061/avr8-gnu-toolchain/bin/../lib/gcc/avr/4.8.1/../../../../avr/lib/avr51\libc.a
END GROUP

.hash
 *(.hash)

.dynsym
 *(.dynsym)

.dynstr
 *(.dynstr)

.gnu.version
 *(.gnu.version)

.gnu.version_d
 *(.gnu.version_d)

.gnu.version_r
 *(.gnu.version_r)

.rel.init
 *(.rel.init)

.rela.init
 *(.rela.init)

.rel.text
 *(.rel.text)
 *(.rel.text.*)
 *(.rel.gnu.linkonce.t*)

.rela.text
 *(.rela.text)
 *(.rela.text.*)
 *(.rela.gnu.linkonce.t*)

.rel.fini
 *(.rel.fini)

.rela.fini
 *(.rela.fini)

.rel.rodata
 *(.rel.rodata)
 *(.rel.rodata.*)
 *(.rel.gnu.linkonce.r*)

.rela.rodata
 *(.rela.rodata)
 *(.rela.rodata.*)
 *(.rela.gnu.linkonce.r*)

.rel.data
 *(.rel.data)
 *(.rel.data.*)
 *(.rel.gnu.linkonce.d*)

.rela.data
 *(.rela.data)
 *(.rela.data.*)
 *(.rela.gnu.linkonce.d*)

.rel.ctors
 *(.rel.ctors)

.rela.ctors
 *(.rela.ctors)

.rel.dtors
 *(.rel.dtors)

.rela.dtors
 *(.rela.dtors)

.rel.got
 *(.rel.got)

.rela.got
 *(.rela.got)

.rel.bss
 *(.rel.bss)

.rela.bss
 *(.rela.bss)

.rel.plt
 *(.rel.plt)

.rela.plt
 *(.rela.plt)

.text           0x00000000     0x6bbc
 *(.vectors)
 .vectors       0x00000000       0x8c c:/program files/atmel/atmel toolchain/avr8 gcc/native/3.4.1061/avr8-gnu-toolchain/bin/../lib/gcc/avr/4.8.1/../../../../avr/lib/avr51/crtm1284p.o
                0x00000000                __vector_default
                0x00000000                __vectors
 *(.vectors)
 *(.progmem.gcc*)
 .progmem.gcc_sw_table._Z13uhreinstellenv
                0x0000008c       0x14 FWCP_MK2.o
 .progmem.gcc_sw_table._Z14eingabehandlerh
                0x000000a0       0x1e FWCP_MK2.o
 .progmem.gcc_fplib
                0x000000be       0x2d c:/program files/atmel/atmel toolchain/avr8 gcc/native/3.4.1061/avr8-gnu-toolchain/bin/../lib/gcc/avr/4.8.1/../../../../avr/lib/avr51\libm.a(atan.o)
 .progmem.gcc_fplib
                0x000000eb       0x1e c:/program files/atmel/atmel toolchain/avr8 gcc/native/3.4.1061/avr8-gnu-toolchain/bin/../lib/gcc/avr/4.8.1/../../../../avr/lib/avr51\libm.a(fp_sinus.o)
 .progmem.gcc_fplib
                0x00000109       0x5a c:/program files/atmel/atmel toolchain/avr8 gcc/native/3.4.1061/avr8-gnu-toolchain/bin/../lib/gcc/avr/4.8.1/../../../../avr/lib/avr51\libm.a(log.o)
 .progmem.gcc_fplib
                0x00000163       0x23 c:/program files/atmel/atmel toolchain/avr8 gcc/native/3.4.1061/avr8-gnu-toolchain/bin/../lib/gcc/avr/4.8.1/../../../../avr/lib/avr51\libm.a(tan.o)
                0x00000186                . = ALIGN (0x2)
                0x00000186                __trampolines_start = .
 *(.trampolines)
 .trampolines   0x00000186        0x0 linker stubs
 *(.trampolines*)
                0x00000186                __trampolines_end = .
 *(.progmem*)
 .progmem.data._ZL11digits16x16
                0x00000186      0x140 Display.o
 .progmem.data._ZL7font5x8
                0x000002c6      0x1d6 Display.o
 .progmem.data  0x0000049c        0x8 c:/program files/atmel/atmel toolchain/avr8 gcc/native/3.4.1061/avr8-gnu-toolchain/bin/../lib/gcc/avr/4.8.1/../../../../avr/lib/avr51\libprintf_flt.a(vfprintf_flt.o)
 .progmem.data  0x000004a4       0xfa c:/program files/atmel/atmel toolchain/avr8 gcc/native/3.4.1061/avr8-gnu-toolchain/bin/../lib/gcc/avr/4.8.1/../../../../avr/lib/avr51\libc.a(ftoa_engine.o)
                0x0000059e                . = ALIGN (0x2)
 *(.jumptables)
 *(.jumptables*)
 *(.lowtext)
 *(.lowtext*)
                0x0000059e                __ctors_start = .
 *(.ctors)
 .ctors         0x0000059e        0x2 FWCP_MK2.o
                0x000005a0                __ctors_end = .
                0x000005a0                __dtors_start = .
 *(.dtors)
 .dtors         0x000005a0        0x2 FWCP_MK2.o
                0x000005a2                __dtors_end = .
 SORT(*)(.ctors)
 SORT(*)(.dtors)
 *(.init0)
 .init0         0x000005a2        0x0 c:/program files/atmel/atmel toolchain/avr8 gcc/native/3.4.1061/avr8-gnu-toolchain/bin/../lib/gcc/avr/4.8.1/../../../../avr/lib/avr51/crtm1284p.o
                0x000005a2                __init
 *(.init0)
 *(.init1)
 *(.init1)
 *(.init2)
 .init2         0x000005a2        0xc c:/program files/atmel/atmel toolchain/avr8 gcc/native/3.4.1061/avr8-gnu-toolchain/bin/../lib/gcc/avr/4.8.1/../../../../avr/lib/avr51/crtm1284p.o
 *(.init2)
 *(.init3)
 *(.init3)
 *(.init4)
 .init4         0x000005ae       0x1a c:/program files/atmel/atmel toolchain/avr8 gcc/native/3.4.1061/avr8-gnu-toolchain/bin/../lib/gcc/avr/4.8.1/avr51\libgcc.a(_copy_data.o)
                0x000005ae                __do_copy_data
 .init4         0x000005c8       0x10 c:/program files/atmel/atmel toolchain/avr8 gcc/native/3.4.1061/avr8-gnu-toolchain/bin/../lib/gcc/avr/4.8.1/avr51\libgcc.a(_clear_bss.o)
                0x000005c8                __do_clear_bss
 *(.init4)
 *(.init5)
 *(.init5)
 *(.init6)
 .init6         0x000005d8       0x20 c:/program files/atmel/atmel toolchain/avr8 gcc/native/3.4.1061/avr8-gnu-toolchain/bin/../lib/gcc/avr/4.8.1/avr51\libgcc.a(_ctors.o)
                0x000005d8                __do_global_ctors
 *(.init6)
 *(.init7)
 *(.init7)
 *(.init8)
 *(.init8)
 *(.init9)
 .init9         0x000005f8        0x8 c:/program files/atmel/atmel toolchain/avr8 gcc/native/3.4.1061/avr8-gnu-toolchain/bin/../lib/gcc/avr/4.8.1/../../../../avr/lib/avr51/crtm1284p.o
 *(.init9)
 *(.text)
 .text          0x00000600        0x2 c:/program files/atmel/atmel toolchain/avr8 gcc/native/3.4.1061/avr8-gnu-toolchain/bin/../lib/gcc/avr/4.8.1/../../../../avr/lib/avr51/crtm1284p.o
                0x00000600                __vector_22
                0x00000600                __vector_28
                0x00000600                __vector_1
                0x00000600                __vector_32
                0x00000600                __vector_34
                0x00000600                __vector_24
                0x00000600                __vector_12
                0x00000600                __bad_interrupt
                0x00000600                __vector_6
                0x00000600                __vector_31
                0x00000600                __vector_3
                0x00000600                __vector_23
                0x00000600                __vector_30
                0x00000600                __vector_25
                0x00000600                __vector_13
                0x00000600                __vector_17
                0x00000600                __vector_19
                0x00000600                __vector_7
                0x00000600                __vector_27
                0x00000600                __vector_5
                0x00000600                __vector_33
                0x00000600                __vector_4
                0x00000600                __vector_9
                0x00000600                __vector_2
                0x00000600                __vector_21
                0x00000600                __vector_15
                0x00000600                __vector_29
                0x00000600                __vector_8
                0x00000600                __vector_26
                0x00000600                __vector_14
                0x00000600                __vector_10
                0x00000600                __vector_16
                0x00000600                __vector_18
                0x00000600                __vector_20
                0x00000602                . = ALIGN (0x2)
 *(.text.*)
 .text._ZN7DisplayD2Ev
                0x00000602        0x8 Display.o
                0x00000602                _ZN7DisplayD2Ev
                0x00000602                _ZN7DisplayD1Ev
 .text._ZN7Display10clearFrameEv
                0x0000060a       0x16 Display.o
                0x0000060a                _ZN7Display10clearFrameEv
 .text._ZN7Display15ssd1306_commandEh
                0x00000620       0x38 Display.o
                0x00000620                _ZN7Display15ssd1306_commandEh
 .text._ZN7Display17InitializeDisplayEv
                0x00000658       0xa0 Display.o
                0x00000658                _ZN7Display17InitializeDisplayEv
 .text._ZN7DisplayC2Ev
                0x000006f8       0x16 Display.o
                0x000006f8                _ZN7DisplayC2Ev
                0x000006f8                _ZN7DisplayC1Ev
 .text._ZN7Display6invertEh
                0x0000070e       0x10 Display.o
                0x0000070e                _ZN7Display6invertEh
 .text._ZN7Display9sendFrameEv
                0x0000071e       0x7a Display.o
                0x0000071e                _ZN7Display9sendFrameEv
 .text._ZN7Display9drawPixelEhhh
                0x00000798       0x74 Display.o
                0x00000798                _ZN7Display9drawPixelEhhh
 .text._ZN7Display9drawVLineEhhh
                0x0000080c       0x34 Display.o
                0x0000080c                _ZN7Display9drawVLineEhhh
 .text._ZN7Display9drawHLineEhhh
                0x00000840       0x34 Display.o
                0x00000840                _ZN7Display9drawHLineEhhh
 .text._ZN7Display13drawRectangleEhhhhh
                0x00000874       0xb8 Display.o
                0x00000874                _ZN7Display13drawRectangleEhhhhh
 .text._ZN7Display9draw_lineEhhhf
                0x0000092c      0x144 Display.o
                0x0000092c                _ZN7Display9draw_lineEhhhf
 .text._ZN7Display13draw_triangleEhhhff
                0x00000a70      0x240 Display.o
                0x00000a70                _ZN7Display13draw_triangleEhhhff
 .text._ZN7Display9draw_ASCIEhhh
                0x00000cb0       0x9c Display.o
                0x00000cb0                _ZN7Display9draw_ASCIEhhh
 .text._ZN7Display16draw_number16x16Ehhh
                0x00000d4c       0xec Display.o
                0x00000d4c                _ZN7Display16draw_number16x16Ehhh
 .text._ZN7Display6analogEhhhh
                0x00000e38      0x4f2 Display.o
                0x00000e38                _ZN7Display6analogEhhhh
 .text._Z8ADC_Readh
                0x0000132a       0x28 FWCP_MK2.o
                0x0000132a                _Z8ADC_Readh
 .text._Z14Batteriestatusv
                0x00001352       0xde FWCP_MK2.o
                0x00001352                _Z14Batteriestatusv
 .text._Z12EEPROM_Writejh
                0x00001430       0x14 FWCP_MK2.o
                0x00001430                _Z12EEPROM_Writejh
 .text._Z11EEPROM_Readj
                0x00001444       0x12 FWCP_MK2.o
                0x00001444                _Z11EEPROM_Readj
 .text._Z14willkommenpagev
                0x00001456      0x13e FWCP_MK2.o
                0x00001456                _Z14willkommenpagev
 .text._Z6headerh
                0x00001594      0x1c2 FWCP_MK2.o
                0x00001594                _Z6headerh
 .text._Z6bottomh
                0x00001756       0x4a FWCP_MK2.o
                0x00001756                _Z6bottomh
 .text._Z16anzeige_richtungfhh
                0x000017a0      0x1b0 FWCP_MK2.o
                0x000017a0                _Z16anzeige_richtungfhh
 .text._Z13anzeige_nadelhhf
                0x00001950       0x3a FWCP_MK2.o
                0x00001950                _Z13anzeige_nadelhhf
 .text._Z19anzeige_kleinenadelhhf
                0x0000198a       0x3a FWCP_MK2.o
                0x0000198a                _Z19anzeige_kleinenadelhhf
 .text._Z11menue_hauptv
                0x000019c4      0x18e FWCP_MK2.o
                0x000019c4                _Z11menue_hauptv
 .text._Z11menue_einstv
                0x00001b52      0x104 FWCP_MK2.o
                0x00001b52                _Z11menue_einstv
 .text._Z9menue_uhrv
                0x00001c56      0x13a FWCP_MK2.o
                0x00001c56                _Z9menue_uhrv
 .text._Z11uhranzeigenv
                0x00001d90      0x1a4 FWCP_MK2.o
                0x00001d90                _Z11uhranzeigenv
 .text._Z14uhranzeigenminv
                0x00001f34       0xb0 FWCP_MK2.o
                0x00001f34                _Z14uhranzeigenminv
 .text._Z13Weckeranzeigev
                0x00001fe4      0x124 FWCP_MK2.o
                0x00001fe4                _Z13Weckeranzeigev
 .text._Z12fahradschirmddddm
                0x00002108      0x2dc FWCP_MK2.o
                0x00002108                _Z12fahradschirmddddm
 .text._Z14Gaineinstellenv
                0x000023e4      0x1cc FWCP_MK2.o
                0x000023e4                _Z14Gaineinstellenv
 .text._Z15anzeige_kompassd
                0x000025b0      0x22a FWCP_MK2.o
                0x000025b0                _Z15anzeige_kompassd
 .text._Z10timerseitev
                0x000027da      0x198 FWCP_MK2.o
                0x000027da                _Z10timerseitev
 .text._Z13Stoppuhrseitev
                0x00002972      0x182 FWCP_MK2.o
                0x00002972                _Z13Stoppuhrseitev
 .text._Z14Pressuresensorv
                0x00002af4      0x1e6 FWCP_MK2.o
                0x00002af4                _Z14Pressuresensorv
 .text._Z11Wanderseitev
                0x00002cda      0x30a FWCP_MK2.o
                0x00002cda                _Z11Wanderseitev
 .text._Z13uhreinstellenv
                0x00002fe4      0x7e0 FWCP_MK2.o
                0x00002fe4                _Z13uhreinstellenv
 .text.__vector_11
                0x000037c4       0x3c FWCP_MK2.o
                0x000037c4                __vector_11
 .text._Z15geschwindigkeitf
                0x00003800       0xd2 FWCP_MK2.o
                0x00003800                _Z15geschwindigkeitf
 .text._Z13reed_debouncePVhh
                0x000038d2       0x4c FWCP_MK2.o
                0x000038d2                _Z13reed_debouncePVhh
 .text._Z15initialisierungv
                0x0000391e      0x108 FWCP_MK2.o
                0x0000391e                _Z15initialisierungv
 .text._Z19maininterupthandlerv
                0x00003a26       0x6c FWCP_MK2.o
                0x00003a26                _Z19maininterupthandlerv
 .text._Z14anzeigehandlerv
                0x00003a92      0x3d8 FWCP_MK2.o
                0x00003a92                _Z14anzeigehandlerv
 .text._Z14eingabehandlerh
                0x00003e6a      0x924 FWCP_MK2.o
                0x00003e6a                _Z14eingabehandlerh
 .text.main     0x0000478e       0x10 FWCP_MK2.o
                0x0000478e                main
 .text._GLOBAL__sub_I_kompass
                0x0000479e       0x5a FWCP_MK2.o
 .text._GLOBAL__sub_D_kompass
                0x000047f8       0x48 FWCP_MK2.o
 .text._ZN3I2CC2Ev
                0x00004840        0x8 I2C.o
                0x00004840                _ZN3I2CC2Ev
                0x00004840                _ZN3I2CC1Ev
 .text._ZN3I2CD2Ev
                0x00004848        0x2 I2C.o
                0x00004848                _ZN3I2CD1Ev
                0x00004848                _ZN3I2CD2Ev
 .text._ZN3I2C9twi_startEv
                0x0000484a        0x8 I2C.o
                0x0000484a                _ZN3I2C9twi_startEv
 .text._ZN3I2C8twi_stopEv
                0x00004852        0x8 I2C.o
                0x00004852                _ZN3I2C8twi_stopEv
 .text._ZN3I2C9twi_writeEh
                0x0000485a       0x20 I2C.o
                0x0000485a                _ZN3I2C9twi_writeEh
 .text._ZN3I2C8twi_readEh
                0x0000487a       0x22 I2C.o
                0x0000487a                _ZN3I2C8twi_readEh
 .text._ZN9InterfaceC2Ev
                0x0000489c       0x1a Interface.o
                0x0000489c                _ZN9InterfaceC1Ev
                0x0000489c                _ZN9InterfaceC2Ev
 .text._ZN9InterfaceD2Ev
                0x000048b6        0x2 Interface.o
                0x000048b6                _ZN9InterfaceD1Ev
                0x000048b6                _ZN9InterfaceD2Ev
 .text._ZN9Interface8debounceEPVhh
                0x000048b8       0x4c Interface.o
                0x000048b8                _ZN9Interface8debounceEPVhh
 .text._ZN9Interface6TasterEv
                0x00004904      0x11c Interface.o
                0x00004904                _ZN9Interface6TasterEv
 .text._ZN9Interface17ZahlenausTastaturEv
                0x00004a20       0x16 Interface.o
                0x00004a20                _ZN9Interface17ZahlenausTastaturEv
 .text._ZN7KompassD2Ev
                0x00004a36        0x6 Kompass.o
                0x00004a36                _ZN7KompassD1Ev
                0x00004a36                _ZN7KompassD2Ev
 .text._ZN7Kompass16HMC5883L_commandEhh
                0x00004a3c       0x34 Kompass.o
                0x00004a3c                _ZN7Kompass16HMC5883L_commandEhh
 .text._ZN7KompassC2Ev
                0x00004a70       0x40 Kompass.o
                0x00004a70                _ZN7KompassC1Ev
                0x00004a70                _ZN7KompassC2Ev
 .text._ZN7Kompass20HMC5883L_readHeadingEv
                0x00004ab0      0x170 Kompass.o
                0x00004ab0                _ZN7Kompass20HMC5883L_readHeadingEv
 .text._ZN7Kompass5angleEdd
                0x00004c20      0x25e Kompass.o
                0x00004c20                _ZN7Kompass5angleEdd
 .text._ZN7Kompass25kallibrierung_ruecksetzenEv
                0x00004e7e       0x28 Kompass.o
                0x00004e7e                _ZN7Kompass25kallibrierung_ruecksetzenEv
 .text._ZN7LSM303DD2Ev
                0x00004ea6        0x6 LSM303D.o
                0x00004ea6                _ZN7LSM303DD1Ev
                0x00004ea6                _ZN7LSM303DD2Ev
 .text._ZN7LSM303D7readaccEv
                0x00004eac      0x13a LSM303D.o
                0x00004eac                _ZN7LSM303D7readaccEv
 .text._ZN7LSM303D11readtemperaEv
                0x00004fe6       0xa2 LSM303D.o
                0x00004fe6                _ZN7LSM303D11readtemperaEv
 .text._ZN7LSM303D14LSM303_commandEhh
                0x00005088       0x34 LSM303D.o
                0x00005088                _ZN7LSM303D14LSM303_commandEhh
 .text._ZN7LSM303D13ACCBypassmodeEv
                0x000050bc        0x8 LSM303D.o
                0x000050bc                _ZN7LSM303D13ACCBypassmodeEv
 .text._ZN7LSM303D9acce_initEv
                0x000050c4       0x26 LSM303D.o
                0x000050c4                _ZN7LSM303D9acce_initEv
 .text._ZN7LSM303DC2Ev
                0x000050ea       0x34 LSM303D.o
                0x000050ea                _ZN7LSM303DC2Ev
                0x000050ea                _ZN7LSM303DC1Ev
 .text._ZN6OutputC2Ehh
                0x0000511e       0x84 Output.o
                0x0000511e                _ZN6OutputC2Ehh
                0x0000511e                _ZN6OutputC1Ehh
 .text._ZN6OutputD2Ev
                0x000051a2        0x2 Output.o
                0x000051a2                _ZN6OutputD1Ev
                0x000051a2                _ZN6OutputD2Ev
 .text._ZN6Output2onEv
                0x000051a4       0x92 Output.o
                0x000051a4                _ZN6Output2onEv
 .text._ZN6Output4isonEv
                0x00005236       0x86 Output.o
                0x00005236                _ZN6Output4isonEv
 .text._ZN6Output3offEv
                0x000052bc       0x9a Output.o
                0x000052bc                _ZN6Output3offEv
 .text._ZN6Output6toggleEv
                0x00005356       0x92 Output.o
                0x00005356                _ZN6Output6toggleEv
 .text._ZN8PressureD2Ev
                0x000053e8        0x6 Pressure.o
                0x000053e8                _ZN8PressureD1Ev
                0x000053e8                _ZN8PressureD2Ev
 .text._ZN8Pressure14LPS25H_commandEhh
                0x000053ee       0x34 Pressure.o
                0x000053ee                _ZN8Pressure14LPS25H_commandEhh
 .text._ZN8Pressure17LPS25H_initializeEv
                0x00005422       0x2a Pressure.o
                0x00005422                _ZN8Pressure17LPS25H_initializeEv
 .text._ZN8PressureC2Ev
                0x0000544c       0x38 Pressure.o
                0x0000544c                _ZN8PressureC1Ev
                0x0000544c                _ZN8PressureC2Ev
 .text._ZN8Pressure18READ_Pressure_onceEv
                0x00005484       0xf0 Pressure.o
                0x00005484                _ZN8Pressure18READ_Pressure_onceEv
 .text._ZN8Pressure16READ_TemperatureEv
                0x00005574       0xe0 Pressure.o
                0x00005574                _ZN8Pressure16READ_TemperatureEv
 .text._ZN8Pressure8altitudeEd
                0x00005654       0x5a Pressure.o
                0x00005654                _ZN8Pressure8altitudeEd
 .text._ZN8Pressure13set_Pressure0Ed
                0x000056ae        0xc Pressure.o
                0x000056ae                _ZN8Pressure13set_Pressure0Ed
 .text._ZN3RTCD2Ev
                0x000056ba        0x2 RTC.o
                0x000056ba                _ZN3RTCD2Ev
                0x000056ba                _ZN3RTCD1Ev
 .text._ZN3RTC6WeckerEv
                0x000056bc       0x22 RTC.o
                0x000056bc                _ZN3RTC6WeckerEv
 .text._ZN3RTC14ausgabezeitneuEv
                0x000056de       0x72 RTC.o
                0x000056de                _ZN3RTC14ausgabezeitneuEv
 .text._ZN3RTC15ausgabedatumneuEv
                0x00005750       0x72 RTC.o
                0x00005750                _ZN3RTC15ausgabedatumneuEv
 .text._ZN3RTCC2Ev
                0x000057c2       0x52 RTC.o
                0x000057c2                _ZN3RTCC2Ev
                0x000057c2                _ZN3RTCC1Ev
 .text._ZN3RTC8kalenderEv
                0x00005814       0x88 RTC.o
                0x00005814                _ZN3RTC8kalenderEv
 .text._ZN3RTC4zeitEv
                0x0000589c       0x74 RTC.o
                0x0000589c                _ZN3RTC4zeitEv
 .text._ZN3RTC8RTCstartEv
                0x00005910       0x32 RTC.o
                0x00005910                _ZN3RTC8RTCstartEv
 .text._ZN3RTC7RTCstopEv
                0x00005942        0xc RTC.o
                0x00005942                _ZN3RTC7RTCstopEv
 .text._ZN5SOUNDD2Ev
                0x0000594e        0x2 SOUND.o
                0x0000594e                _ZN5SOUNDD2Ev
                0x0000594e                _ZN5SOUNDD1Ev
 .text._ZN5SOUND2onEv
                0x00005950       0x12 SOUND.o
                0x00005950                _ZN5SOUND2onEv
 .text._ZN5SOUND3offEv
                0x00005962        0x8 SOUND.o
                0x00005962                _ZN5SOUND3offEv
 .text._ZN5SOUND12setfrequenciEj
                0x0000596a       0x38 SOUND.o
                0x0000596a                _ZN5SOUND12setfrequenciEj
 .text._ZN5SOUNDC2Ev
                0x000059a2       0x2e SOUND.o
                0x000059a2                _ZN5SOUNDC2Ev
                0x000059a2                _ZN5SOUNDC1Ev
 .text.avr-libc.fplib
                0x000059d0        0xa c:/program files/atmel/atmel toolchain/avr8 gcc/native/3.4.1061/avr8-gnu-toolchain/bin/../lib/gcc/avr/4.8.1/../../../../avr/lib/avr51\libm.a(addsf3.o)
                0x000059d0                __subsf3
                0x000059d2                __addsf3
 .text.avr-libc.fplib
                0x000059da       0xc0 c:/program files/atmel/atmel toolchain/avr8 gcc/native/3.4.1061/avr8-gnu-toolchain/bin/../lib/gcc/avr/4.8.1/../../../../avr/lib/avr51\libm.a(addsf3x.o)
                0x000059f4                __addsf3x
 .text.avr-libc.fplib
                0x00005a9a       0x74 c:/program files/atmel/atmel toolchain/avr8 gcc/native/3.4.1061/avr8-gnu-toolchain/bin/../lib/gcc/avr/4.8.1/../../../../avr/lib/avr51\libm.a(atan2.o)
                0x00005ab8                atan2
 .text.avr-libc.fplib
                0x00005b0e       0x50 c:/program files/atmel/atmel toolchain/avr8 gcc/native/3.4.1061/avr8-gnu-toolchain/bin/../lib/gcc/avr/4.8.1/../../../../avr/lib/avr51\libm.a(atan.o)
                0x00005b0e                atan
 .text.avr-libc.fplib
                0x00005b5e        0x8 c:/program files/atmel/atmel toolchain/avr8 gcc/native/3.4.1061/avr8-gnu-toolchain/bin/../lib/gcc/avr/4.8.1/../../../../avr/lib/avr51\libm.a(cmpsf2.o)
                0x00005b5e                __nesf2
                0x00005b5e                __eqsf2
                0x00005b5e                __cmpsf2
                0x00005b5e                __ltsf2
                0x00005b5e                __lesf2
 .text.avr-libc.fplib
                0x00005b66        0x6 c:/program files/atmel/atmel toolchain/avr8 gcc/native/3.4.1061/avr8-gnu-toolchain/bin/../lib/gcc/avr/4.8.1/../../../../avr/lib/avr51\libm.a(cos.o)
                0x00005b66                cos
 .text.avr-libc.fplib
                0x00005b6c        0x4 c:/program files/atmel/atmel toolchain/avr8 gcc/native/3.4.1061/avr8-gnu-toolchain/bin/../lib/gcc/avr/4.8.1/../../../../avr/lib/avr51\libm.a(divsf3.o)
                0x00005b6c                __divsf3
 .text.avr-libc.fplib
                0x00005b70       0xcc c:/program files/atmel/atmel toolchain/avr8 gcc/native/3.4.1061/avr8-gnu-toolchain/bin/../lib/gcc/avr/4.8.1/../../../../avr/lib/avr51\libm.a(divsf3x.o)
                0x00005b86                __divsf3x
                0x00005b8a                __divsf3_pse
 .text.avr-libc.fplib
                0x00005c3c        0xa c:/program files/atmel/atmel toolchain/avr8 gcc/native/3.4.1061/avr8-gnu-toolchain/bin/../lib/gcc/avr/4.8.1/../../../../avr/lib/avr51\libm.a(fixsfsi.o)
                0x00005c3c                __fixsfsi
 .text.avr-libc.fplib
                0x00005c46       0x58 c:/program files/atmel/atmel toolchain/avr8 gcc/native/3.4.1061/avr8-gnu-toolchain/bin/../lib/gcc/avr/4.8.1/../../../../avr/lib/avr51\libm.a(fixunssfsi.o)
                0x00005c46                __fixunssfsi
 .text.avr-libc.fplib
                0x00005c9e       0x7a c:/program files/atmel/atmel toolchain/avr8 gcc/native/3.4.1061/avr8-gnu-toolchain/bin/../lib/gcc/avr/4.8.1/../../../../avr/lib/avr51\libm.a(floatsisf.o)
                0x00005c9e                __floatunsisf
                0x00005ca2                __floatsisf
 .text.avr-libc.fplib
                0x00005d18       0x48 c:/program files/atmel/atmel toolchain/avr8 gcc/native/3.4.1061/avr8-gnu-toolchain/bin/../lib/gcc/avr/4.8.1/../../../../avr/lib/avr51\libm.a(fp_cmp.o)
                0x00005d18                __fp_cmp
 .text.avr-libc.fplib
                0x00005d60        0xc c:/program files/atmel/atmel toolchain/avr8 gcc/native/3.4.1061/avr8-gnu-toolchain/bin/../lib/gcc/avr/4.8.1/../../../../avr/lib/avr51\libm.a(fp_inf.o)
                0x00005d60                __fp_inf
 .text.avr-libc.fplib
                0x00005d6c        0x6 c:/program files/atmel/atmel toolchain/avr8 gcc/native/3.4.1061/avr8-gnu-toolchain/bin/../lib/gcc/avr/4.8.1/../../../../avr/lib/avr51\libm.a(fp_nan.o)
                0x00005d6c                __fp_nan
 .text.avr-libc.fplib
                0x00005d72       0x4a c:/program files/atmel/atmel toolchain/avr8 gcc/native/3.4.1061/avr8-gnu-toolchain/bin/../lib/gcc/avr/4.8.1/../../../../avr/lib/avr51\libm.a(fp_powser.o)
                0x00005d72                __fp_powser
 .text.avr-libc.fplib
                0x00005dbc        0xe c:/program files/atmel/atmel toolchain/avr8 gcc/native/3.4.1061/avr8-gnu-toolchain/bin/../lib/gcc/avr/4.8.1/../../../../avr/lib/avr51\libm.a(fp_pscA.o)
                0x00005dbc                __fp_pscA
 .text.avr-libc.fplib
                0x00005dca        0xe c:/program files/atmel/atmel toolchain/avr8 gcc/native/3.4.1061/avr8-gnu-toolchain/bin/../lib/gcc/avr/4.8.1/../../../../avr/lib/avr51\libm.a(fp_pscB.o)
                0x00005dca                __fp_pscB
 .text.avr-libc.fplib
                0x00005dd8       0x50 c:/program files/atmel/atmel toolchain/avr8 gcc/native/3.4.1061/avr8-gnu-toolchain/bin/../lib/gcc/avr/4.8.1/../../../../avr/lib/avr51\libm.a(fp_rempio2.o)
                0x00005dda                __fp_rempio2
 .text.avr-libc.fplib
                0x00005e28       0x22 c:/program files/atmel/atmel toolchain/avr8 gcc/native/3.4.1061/avr8-gnu-toolchain/bin/../lib/gcc/avr/4.8.1/../../../../avr/lib/avr51\libm.a(fp_round.o)
                0x00005e28                __fp_round
 .text.avr-libc.fplib
                0x00005e4a       0x22 c:/program files/atmel/atmel toolchain/avr8 gcc/native/3.4.1061/avr8-gnu-toolchain/bin/../lib/gcc/avr/4.8.1/../../../../avr/lib/avr51\libm.a(fp_sinus.o)
                0x00005e4a                __fp_sinus
 .text.avr-libc.fplib
                0x00005e6c       0x44 c:/program files/atmel/atmel toolchain/avr8 gcc/native/3.4.1061/avr8-gnu-toolchain/bin/../lib/gcc/avr/4.8.1/../../../../avr/lib/avr51\libm.a(fp_split3.o)
                0x00005e6c                __fp_split3
                0x00005e7c                __fp_splitA
 .text.avr-libc.fplib
                0x00005eb0        0xe c:/program files/atmel/atmel toolchain/avr8 gcc/native/3.4.1061/avr8-gnu-toolchain/bin/../lib/gcc/avr/4.8.1/../../../../avr/lib/avr51\libm.a(fp_zero.o)
                0x00005eb0                __fp_zero
                0x00005eb2                __fp_szero
 .text.avr-libc.fplib
                0x00005ebe        0x8 c:/program files/atmel/atmel toolchain/avr8 gcc/native/3.4.1061/avr8-gnu-toolchain/bin/../lib/gcc/avr/4.8.1/../../../../avr/lib/avr51\libm.a(gesf2.o)
                0x00005ebe                __gesf2
                0x00005ebe                __gtsf2
 .text.avr-libc.fplib
                0x00005ec6        0xe c:/program files/atmel/atmel toolchain/avr8 gcc/native/3.4.1061/avr8-gnu-toolchain/bin/../lib/gcc/avr/4.8.1/../../../../avr/lib/avr51\libm.a(inverse.o)
                0x00005ec6                inverse
 .text.avr-libc.fplib
                0x00005ed4       0x8a c:/program files/atmel/atmel toolchain/avr8 gcc/native/3.4.1061/avr8-gnu-toolchain/bin/../lib/gcc/avr/4.8.1/../../../../avr/lib/avr51\libm.a(log.o)
                0x00005ede                log
 .text.avr-libc.fplib
                0x00005f5e        0x4 c:/program files/atmel/atmel toolchain/avr8 gcc/native/3.4.1061/avr8-gnu-toolchain/bin/../lib/gcc/avr/4.8.1/../../../../avr/lib/avr51\libm.a(mulsf3.o)
                0x00005f5e                __mulsf3
 .text.avr-libc.fplib
                0x00005f62       0xc2 c:/program files/atmel/atmel toolchain/avr8 gcc/native/3.4.1061/avr8-gnu-toolchain/bin/../lib/gcc/avr/4.8.1/../../../../avr/lib/avr51\libm.a(mulsf3x.o)
                0x00005f76                __mulsf3x
                0x00005f7a                __mulsf3_pse
 .text.avr-libc.fplib
                0x00006024        0xc c:/program files/atmel/atmel toolchain/avr8 gcc/native/3.4.1061/avr8-gnu-toolchain/bin/../lib/gcc/avr/4.8.1/../../../../avr/lib/avr51\libm.a(sin.o)
                0x00006024                sin
 .text.avr-libc.fplib
                0x00006030        0x6 c:/program files/atmel/atmel toolchain/avr8 gcc/native/3.4.1061/avr8-gnu-toolchain/bin/../lib/gcc/avr/4.8.1/../../../../avr/lib/avr51\libm.a(square.o)
                0x00006030                square
 .text.avr-libc.fplib
                0x00006036       0x40 c:/program files/atmel/atmel toolchain/avr8 gcc/native/3.4.1061/avr8-gnu-toolchain/bin/../lib/gcc/avr/4.8.1/../../../../avr/lib/avr51\libm.a(tan.o)
                0x00006036                tan
 .text.avr-libc.fplib
                0x00006076       0x1c c:/program files/atmel/atmel toolchain/avr8 gcc/native/3.4.1061/avr8-gnu-toolchain/bin/../lib/gcc/avr/4.8.1/../../../../avr/lib/avr51\libm.a(fp_mpack.o)
                0x00006076                __fp_mpack
                0x0000607a                __fp_mpack_finite
 .text.avr-libc.fplib
                0x00006092       0x22 c:/program files/atmel/atmel toolchain/avr8 gcc/native/3.4.1061/avr8-gnu-toolchain/bin/../lib/gcc/avr/4.8.1/../../../../avr/lib/avr51\libm.a(fp_powsodd.o)
                0x00006092                __fp_powsodd
 .text.avr-libc
                0x000060b4      0x70e c:/program files/atmel/atmel toolchain/avr8 gcc/native/3.4.1061/avr8-gnu-toolchain/bin/../lib/gcc/avr/4.8.1/../../../../avr/lib/avr51\libprintf_flt.a(vfprintf_flt.o)
                0x000060b4                vfprintf
 .text.libgcc.div
                0x000067c2       0x28 c:/program files/atmel/atmel toolchain/avr8 gcc/native/3.4.1061/avr8-gnu-toolchain/bin/../lib/gcc/avr/4.8.1/avr51\libgcc.a(_udivmodhi4.o)
                0x000067c2                __udivmodhi4
 .text.libgcc.div
                0x000067ea       0x26 c:/program files/atmel/atmel toolchain/avr8 gcc/native/3.4.1061/avr8-gnu-toolchain/bin/../lib/gcc/avr/4.8.1/avr51\libgcc.a(_divmodhi4.o)
                0x000067ea                _div
                0x000067ea                __divmodhi4
 .text.libgcc   0x00006810        0xc c:/program files/atmel/atmel toolchain/avr8 gcc/native/3.4.1061/avr8-gnu-toolchain/bin/../lib/gcc/avr/4.8.1/avr51\libgcc.a(_tablejump.o)
                0x00006810                __tablejump2__
                0x00006814                __tablejump__
 .text.libgcc.mul
                0x0000681c       0x1e c:/program files/atmel/atmel toolchain/avr8 gcc/native/3.4.1061/avr8-gnu-toolchain/bin/../lib/gcc/avr/4.8.1/avr51\libgcc.a(_umulhisi3.o)
                0x0000681c                __umulhisi3
 .text.libgcc   0x0000683a        0x8 c:/program files/atmel/atmel toolchain/avr8 gcc/native/3.4.1061/avr8-gnu-toolchain/bin/../lib/gcc/avr/4.8.1/avr51\libgcc.a(_tablejump_elpm.o)
                0x0000683a                __tablejump_elpm__
 .text.avr-libc
                0x00006842      0x1b0 c:/program files/atmel/atmel toolchain/avr8 gcc/native/3.4.1061/avr8-gnu-toolchain/bin/../lib/gcc/avr/4.8.1/../../../../avr/lib/avr51\libc.a(ftoa_engine.o)
                0x00006842                __ftoa_engine
 .text.avr-libc
                0x000069f2       0x16 c:/program files/atmel/atmel toolchain/avr8 gcc/native/3.4.1061/avr8-gnu-toolchain/bin/../lib/gcc/avr/4.8.1/../../../../avr/lib/avr51\libc.a(strnlen_P.o)
                0x000069f2                strnlen_P
 .text.avr-libc
                0x00006a08       0x16 c:/program files/atmel/atmel toolchain/avr8 gcc/native/3.4.1061/avr8-gnu-toolchain/bin/../lib/gcc/avr/4.8.1/../../../../avr/lib/avr51\libc.a(strnlen.o)
                0x00006a08                strnlen
 .text.avr-libc
                0x00006a1e       0x64 c:/program files/atmel/atmel toolchain/avr8 gcc/native/3.4.1061/avr8-gnu-toolchain/bin/../lib/gcc/avr/4.8.1/../../../../avr/lib/avr51\libc.a(fputc.o)
                0x00006a1e                fputc
 .text.avr-libc
                0x00006a82       0x5c c:/program files/atmel/atmel toolchain/avr8 gcc/native/3.4.1061/avr8-gnu-toolchain/bin/../lib/gcc/avr/4.8.1/../../../../avr/lib/avr51\libc.a(sprintf.o)
                0x00006a82                sprintf
 .text.avr-libc
                0x00006ade       0xbc c:/program files/atmel/atmel toolchain/avr8 gcc/native/3.4.1061/avr8-gnu-toolchain/bin/../lib/gcc/avr/4.8.1/../../../../avr/lib/avr51\libc.a(ultoa_invert.o)
                0x00006ade                __ultoa_invert
                0x00006b9a                . = ALIGN (0x2)
 *(.fini9)
 .fini9         0x00006b9a        0x0 c:/program files/atmel/atmel toolchain/avr8 gcc/native/3.4.1061/avr8-gnu-toolchain/bin/../lib/gcc/avr/4.8.1/avr51\libgcc.a(_exit.o)
                0x00006b9a                _exit
                0x00006b9a                exit
 *(.fini9)
 *(.fini8)
 *(.fini8)
 *(.fini7)
 *(.fini7)
 *(.fini6)
 .fini6         0x00006b9a       0x1e c:/program files/atmel/atmel toolchain/avr8 gcc/native/3.4.1061/avr8-gnu-toolchain/bin/../lib/gcc/avr/4.8.1/avr51\libgcc.a(_dtors.o)
                0x00006b9a                __do_global_dtors
 *(.fini6)
 *(.fini5)
 *(.fini5)
 *(.fini4)
 *(.fini4)
 *(.fini3)
 *(.fini3)
 *(.fini2)
 *(.fini2)
 *(.fini1)
 *(.fini1)
 *(.fini0)
 .fini0         0x00006bb8        0x4 c:/program files/atmel/atmel toolchain/avr8 gcc/native/3.4.1061/avr8-gnu-toolchain/bin/../lib/gcc/avr/4.8.1/avr51\libgcc.a(_exit.o)
 *(.fini0)
                0x00006bbc                _etext = .

.data           0x00800100      0x224 load address 0x00006bbc
                0x00800100                PROVIDE (__data_start, .)
 *(.data)
 *(.data*)
 *(.rodata)
 *(.rodata*)
 .rodata.str1.1
                0x00800100      0x223 FWCP_MK2.o
                                0x228 (size before relaxing)
 *(.gnu.linkonce.d*)
                0x00800324                . = ALIGN (0x2)
 *fill*         0x00800323        0x1 
                0x00800324                _edata = .
                0x00800324                PROVIDE (__data_end, .)

.bss            0x00800324      0x47a
                0x00800324                PROVIDE (__bss_start, .)
 *(.bss)
 *(.bss*)
 .bss.Fahrtzeit
                0x00800324        0x4 FWCP_MK2.o
                0x00800324                Fahrtzeit
 .bss.maxgeschw
                0x00800328        0x4 FWCP_MK2.o
                0x00800328                maxgeschw
 .bss.strecke   0x0080032c        0x4 FWCP_MK2.o
                0x0080032c                strecke
 .bss.geschw    0x00800330        0x4 FWCP_MK2.o
                0x00800330                geschw
 .bss.pos       0x00800334        0x1 FWCP_MK2.o
                0x00800334                pos
 .bss.anzeige   0x00800335        0x2 FWCP_MK2.o
                0x00800335                anzeige
 .bss.batterie  0x00800337        0x4 FWCP_MK2.o
                0x00800337                batterie
 .bss.Lautsprecher
                0x0080033b        0x2 FWCP_MK2.o
                0x0080033b                Lautsprecher
 .bss.Accelerometer
                0x0080033d       0x11 FWCP_MK2.o
                0x0080033d                Accelerometer
 .bss.Baro      0x0080034e        0xe FWCP_MK2.o
                0x0080034e                Baro
 .bss.Sound     0x0080035c        0x2 FWCP_MK2.o
                0x0080035c                Sound
 .bss.IRLED     0x0080035e        0x2 FWCP_MK2.o
                0x0080035e                IRLED
 .bss.Vibrationsmotor
                0x00800360        0x2 FWCP_MK2.o
                0x00800360                Vibrationsmotor
 .bss.LED       0x00800362        0x2 FWCP_MK2.o
                0x00800362                LED
 .bss.Tastatur  0x00800364        0x1 FWCP_MK2.o
                0x00800364                Tastatur
 .bss.oled      0x00800365      0x401 FWCP_MK2.o
                0x00800365                oled
 .bss.rtc       0x00800766       0x1f FWCP_MK2.o
                0x00800766                rtc
 .bss.kompass   0x00800785       0x19 FWCP_MK2.o
                0x00800785                kompass
 *(COMMON)
                0x0080079e                PROVIDE (__bss_end, .)
                0x00006bbc                __data_load_start = LOADADDR (.data)
                0x00006de0                __data_load_end = (__data_load_start + SIZEOF (.data))

.noinit         0x0080079e        0x0
                0x0080079e                PROVIDE (__noinit_start, .)
 *(.noinit*)
                0x0080079e                PROVIDE (__noinit_end, .)
                0x0080079e                _end = .
                0x0080079e                PROVIDE (__heap_start, .)

.eeprom         0x00810000        0x0
 *(.eeprom*)
                0x00810000                __eeprom_end = .

.fuse
 *(.fuse)
 *(.lfuse)
 *(.hfuse)
 *(.efuse)

.lock
 *(.lock*)

.signature
 *(.signature*)

.user_signatures
 *(.user_signatures*)

.stab
 *(.stab)

.stabstr
 *(.stabstr)

.stab.excl
 *(.stab.excl)

.stab.exclstr
 *(.stab.exclstr)

.stab.index
 *(.stab.index)

.stab.indexstr
 *(.stab.indexstr)

.comment        0x00000000       0x5c
 *(.comment)
 .comment       0x00000000       0x30 Display.o
                                 0x31 (size before relaxing)
 .comment       0x00000000       0x31 FWCP_MK2.o
 .comment       0x00000000       0x31 I2C.o
 .comment       0x00000000       0x31 Interface.o
 .comment       0x00000000       0x31 Kompass.o
 .comment       0x00000000       0x31 LSM303D.o
 .comment       0x00000000       0x31 Output.o
 .comment       0x00000000       0x31 Pressure.o
 .comment       0x00000000       0x31 RTC.o
 .comment       0x00000000       0x31 SOUND.o
 .comment       0x00000030       0x2c c:/program files/atmel/atmel toolchain/avr8 gcc/native/3.4.1061/avr8-gnu-toolchain/bin/../lib/gcc/avr/4.8.1/../../../../avr/lib/avr51\libprintf_flt.a(vfprintf_flt.o)
                                 0x2d (size before relaxing)
 .comment       0x00000000       0x31 c:/program files/atmel/atmel toolchain/avr8 gcc/native/3.4.1061/avr8-gnu-toolchain/bin/../lib/gcc/avr/4.8.1/../../../../avr/lib/avr51\libc.a(fputc.o)
 .comment       0x00000000       0x31 c:/program files/atmel/atmel toolchain/avr8 gcc/native/3.4.1061/avr8-gnu-toolchain/bin/../lib/gcc/avr/4.8.1/../../../../avr/lib/avr51\libc.a(sprintf.o)

.note.gnu.build-id
 *(.note.gnu.build-id)

.debug
 *(.debug)

.line
 *(.line)

.debug_srcinfo
 *(.debug_srcinfo)

.debug_sfnames
 *(.debug_sfnames)

.debug_aranges  0x00000000      0x478
 *(.debug_aranges)
 .debug_aranges
                0x00000000       0xa8 Display.o
 .debug_aranges
                0x000000a8      0x138 FWCP_MK2.o
 .debug_aranges
                0x000001e0       0x58 I2C.o
 .debug_aranges
                0x00000238       0x48 Interface.o
 .debug_aranges
                0x00000280       0x50 Kompass.o
 .debug_aranges
                0x000002d0       0x58 LSM303D.o
 .debug_aranges
                0x00000328       0x48 Output.o
 .debug_aranges
                0x00000370       0x58 Pressure.o
 .debug_aranges
                0x000003c8       0x70 RTC.o
 .debug_aranges
                0x00000438       0x40 SOUND.o

.debug_pubnames
 *(.debug_pubnames)

.debug_info     0x00000000     0x9d96
 *(.debug_info .gnu.linkonce.wi.*)
 .debug_info    0x00000000     0x1b1a Display.o
 .debug_info    0x00001b1a     0x4a22 FWCP_MK2.o
 .debug_info    0x0000653c      0x372 I2C.o
 .debug_info    0x000068ae      0xb6b Interface.o
 .debug_info    0x00007419      0x991 Kompass.o
 .debug_info    0x00007daa      0x981 LSM303D.o
 .debug_info    0x0000872b      0x3bb Output.o
 .debug_info    0x00008ae6      0x942 Pressure.o
 .debug_info    0x00009428      0x62e RTC.o
 .debug_info    0x00009a56      0x340 SOUND.o

.debug_abbrev   0x00000000     0x1b19
 *(.debug_abbrev)
 .debug_abbrev  0x00000000      0x334 Display.o
 .debug_abbrev  0x00000334      0x53e FWCP_MK2.o
 .debug_abbrev  0x00000872      0x190 I2C.o
 .debug_abbrev  0x00000a02      0x277 Interface.o
 .debug_abbrev  0x00000c79      0x2d5 Kompass.o
 .debug_abbrev  0x00000f4e      0x2c5 LSM303D.o
 .debug_abbrev  0x00001213      0x1e0 Output.o
 .debug_abbrev  0x000013f3      0x300 Pressure.o
 .debug_abbrev  0x000016f3      0x256 RTC.o
 .debug_abbrev  0x00001949      0x1d0 SOUND.o

.debug_line     0x00000000     0x3a87
 *(.debug_line .debug_line.* .debug_line_end)
 .debug_line    0x00000000      0x793 Display.o
 .debug_line    0x00000793     0x1cb3 FWCP_MK2.o
 .debug_line    0x00002446      0x1a0 I2C.o
 .debug_line    0x000025e6      0x493 Interface.o
 .debug_line    0x00002a79      0x32f Kompass.o
 .debug_line    0x00002da8      0x285 LSM303D.o
 .debug_line    0x0000302d      0x21a Output.o
 .debug_line    0x00003247      0x288 Pressure.o
 .debug_line    0x000034cf      0x45a RTC.o
 .debug_line    0x00003929      0x15e SOUND.o

.debug_frame    0x00000000     0x1120
 *(.debug_frame)
 .debug_frame   0x00000000      0x364 Display.o
 .debug_frame   0x00000364      0x6e4 FWCP_MK2.o
 .debug_frame   0x00000a48       0x94 I2C.o
 .debug_frame   0x00000adc       0x90 Interface.o
 .debug_frame   0x00000b6c      0x144 Kompass.o
 .debug_frame   0x00000cb0      0x138 LSM303D.o
 .debug_frame   0x00000de8       0x74 Output.o
 .debug_frame   0x00000e5c      0x14c Pressure.o
 .debug_frame   0x00000fa8       0xf4 RTC.o
 .debug_frame   0x0000109c       0x84 SOUND.o

.debug_str      0x00000000     0x146c
 *(.debug_str)
 .debug_str     0x00000000      0x5e4 Display.o
                                0x62e (size before relaxing)
 .debug_str     0x000005e4      0xca1 FWCP_MK2.o
                               0x1273 (size before relaxing)
 .debug_str     0x00001285       0x25 I2C.o
                                0x270 (size before relaxing)
 .debug_str     0x000012aa       0x44 Interface.o
                                0x2ef (size before relaxing)
 .debug_str     0x000012ee       0x46 Kompass.o
                                0x3f7 (size before relaxing)
 .debug_str     0x00001334       0x3c LSM303D.o
                                0x3d1 (size before relaxing)
 .debug_str     0x00001370       0x51 Output.o
                                0x257 (size before relaxing)
 .debug_str     0x000013c1       0x4d Pressure.o
                                0x431 (size before relaxing)
 .debug_str     0x0000140e       0x25 RTC.o
                                0x35d (size before relaxing)
 .debug_str     0x00001433       0x39 SOUND.o
                                0x24d (size before relaxing)

.debug_loc      0x00000000     0x7311
 *(.debug_loc)
 .debug_loc     0x00000000     0x18b0 Display.o
 .debug_loc     0x000018b0     0x355a FWCP_MK2.o
 .debug_loc     0x00004e0a      0x128 I2C.o
 .debug_loc     0x00004f32      0xa20 Interface.o
 .debug_loc     0x00005952      0x757 Kompass.o
 .debug_loc     0x000060a9      0x4a9 LSM303D.o
 .debug_loc     0x00006552      0x472 Output.o
 .debug_loc     0x000069c4      0x4fd Pressure.o
 .debug_loc     0x00006ec1      0x2ad RTC.o
 .debug_loc     0x0000716e      0x1a3 SOUND.o

.debug_macinfo
 *(.debug_macinfo)

.debug_weaknames
 *(.debug_weaknames)

.debug_funcnames
 *(.debug_funcnames)

.debug_typenames
 *(.debug_typenames)

.debug_varnames
 *(.debug_varnames)

.debug_pubtypes
 *(.debug_pubtypes)

.debug_ranges   0x00000000      0x440
 *(.debug_ranges)
 .debug_ranges  0x00000000       0xe8 Display.o
 .debug_ranges  0x000000e8      0x140 FWCP_MK2.o
 .debug_ranges  0x00000228       0x48 I2C.o
 .debug_ranges  0x00000270       0x38 Interface.o
 .debug_ranges  0x000002a8       0x40 Kompass.o
 .debug_ranges  0x000002e8       0x48 LSM303D.o
 .debug_ranges  0x00000330       0x38 Output.o
 .debug_ranges  0x00000368       0x48 Pressure.o
 .debug_ranges  0x000003b0       0x60 RTC.o
 .debug_ranges  0x00000410       0x30 SOUND.o

.debug_macro
 *(.debug_macro)
OUTPUT(FWCP_MK2.elf elf32-avr)
LOAD linker stubs
